AdroitHandRelocateDense-v1, AdroitHandHammerDense-v1, AdroitHandDoorDense-v1 environment's reward functions were updated in v1.2.1 without an environment version update. Therefore, use gymnasium-robotics==1.2.0 for v1 reproducibility or use v2 in gymnasium-robotics>=1.4.3. See https://github.com/Farama-Foundation/Gymnasium-Robotics/pull/220 for more details
Using cpu device
Wrapping the env with a `Monitor` wrapper
Wrapping the env in a DummyVecEnv.
---------------------------------
| rollout/           |          |
|    ep_len_mean     | 50       |
|    ep_rew_mean     | -49.8    |
|    success_rate    | 0        |
| time/              |          |
|    episodes        | 4        |
|    fps             | 136      |
|    time_elapsed    | 1        |
|    total_timesteps | 200      |
| train/             |          |
|    actor_loss      | -4.57    |
|    critic_loss     | 0.207    |
|    ent_coef        | 0.907    |
|    ent_coef_loss   | -0.662   |
|    learning_rate   | 0.001    |
|    n_updates       | 99       |
---------------------------------
---------------------------------
| rollout/           |          |
|    ep_len_mean     | 50       |
|    ep_rew_mean     | -48.2    |
|    success_rate    | 0        |
| time/              |          |
|    episodes        | 8        |
|    fps             | 86       |
|    time_elapsed    | 4        |
|    total_timesteps | 400      |
| train/             |          |
|    actor_loss      | -4.58    |
|    critic_loss     | 0.204    |
|    ent_coef        | 0.742    |
|    ent_coef_loss   | -2.01    |
|    learning_rate   | 0.001    |
|    n_updates       | 299      |
---------------------------------
---------------------------------
| rollout/           |          |
|    ep_len_mean     | 50       |
|    ep_rew_mean     | -48.8    |
|    success_rate    | 0        |
| time/              |          |
|    episodes        | 12       |
|    fps             | 78       |
|    time_elapsed    | 7        |
|    total_timesteps | 600      |
| train/             |          |
|    actor_loss      | -4.59    |
|    critic_loss     | 0.18     |
|    ent_coef        | 0.608    |
|    ent_coef_loss   | -3.36    |
|    learning_rate   | 0.001    |
|    n_updates       | 499      |
---------------------------------
---------------------------------
| rollout/           |          |
|    ep_len_mean     | 50       |
|    ep_rew_mean     | -49.1    |
|    success_rate    | 0        |
| time/              |          |
|    episodes        | 16       |
|    fps             | 74       |
|    time_elapsed    | 10       |
|    total_timesteps | 800      |
| train/             |          |
|    actor_loss      | -4.52    |
|    critic_loss     | 0.171    |
|    ent_coef        | 0.498    |
|    ent_coef_loss   | -4.7     |
|    learning_rate   | 0.001    |
|    n_updates       | 699      |
---------------------------------
---------------------------------
| rollout/           |          |
|    ep_len_mean     | 50       |
|    ep_rew_mean     | -49.3    |
|    success_rate    | 0        |
| time/              |          |
|    episodes        | 20       |
|    fps             | 73       |
|    time_elapsed    | 13       |
|    total_timesteps | 1000     |
| train/             |          |
|    actor_loss      | -4.43    |
|    critic_loss     | 0.176    |
|    ent_coef        | 0.407    |
|    ent_coef_loss   | -6.02    |
|    learning_rate   | 0.001    |
|    n_updates       | 899      |
---------------------------------
---------------------------------
| rollout/           |          |
|    ep_len_mean     | 50       |
|    ep_rew_mean     | -49.1    |
|    success_rate    | 0        |
| time/              |          |
|    episodes        | 24       |
|    fps             | 72       |
|    time_elapsed    | 16       |
|    total_timesteps | 1200     |
| train/             |          |
|    actor_loss      | -3.88    |
|    critic_loss     | 0.179    |
|    ent_coef        | 0.334    |
|    ent_coef_loss   | -7.35    |
|    learning_rate   | 0.001    |
|    n_updates       | 1099     |
---------------------------------
---------------------------------
| rollout/           |          |
|    ep_len_mean     | 50       |
|    ep_rew_mean     | -49.1    |
|    success_rate    | 0        |
| time/              |          |
|    episodes        | 28       |
|    fps             | 71       |
|    time_elapsed    | 19       |
|    total_timesteps | 1400     |
| train/             |          |
|    actor_loss      | -3.45    |
|    critic_loss     | 0.162    |
|    ent_coef        | 0.274    |
|    ent_coef_loss   | -8.61    |
|    learning_rate   | 0.001    |
|    n_updates       | 1299     |
---------------------------------
---------------------------------
| rollout/           |          |
|    ep_len_mean     | 50       |
|    ep_rew_mean     | -49.2    |
|    success_rate    | 0        |
| time/              |          |
|    episodes        | 32       |
|    fps             | 70       |
|    time_elapsed    | 22       |
|    total_timesteps | 1600     |
| train/             |          |
|    actor_loss      | -3.07    |
|    critic_loss     | 0.159    |
|    ent_coef        | 0.224    |
|    ent_coef_loss   | -9.85    |
|    learning_rate   | 0.001    |
|    n_updates       | 1499     |
---------------------------------
---------------------------------
| rollout/           |          |
|    ep_len_mean     | 50       |
|    ep_rew_mean     | -49.1    |
|    success_rate    | 0        |
| time/              |          |
|    episodes        | 36       |
|    fps             | 70       |
|    time_elapsed    | 25       |
|    total_timesteps | 1800     |
| train/             |          |
|    actor_loss      | -2.6     |
|    critic_loss     | 0.143    |
|    ent_coef        | 0.185    |
|    ent_coef_loss   | -10.8    |
|    learning_rate   | 0.001    |
|    n_updates       | 1699     |
---------------------------------
---------------------------------
| rollout/           |          |
|    ep_len_mean     | 50       |
|    ep_rew_mean     | -49.2    |
|    success_rate    | 0        |
| time/              |          |
|    episodes        | 40       |
|    fps             | 69       |
|    time_elapsed    | 28       |
|    total_timesteps | 2000     |
| train/             |          |
|    actor_loss      | -2.18    |
|    critic_loss     | 0.135    |
|    ent_coef        | 0.153    |
|    ent_coef_loss   | -11.6    |
|    learning_rate   | 0.001    |
|    n_updates       | 1899     |
---------------------------------
---------------------------------
| rollout/           |          |
|    ep_len_mean     | 50       |
|    ep_rew_mean     | -49.3    |
|    success_rate    | 0        |
| time/              |          |
|    episodes        | 44       |
|    fps             | 69       |
|    time_elapsed    | 31       |
|    total_timesteps | 2200     |
| train/             |          |
|    actor_loss      | -1.89    |
|    critic_loss     | 0.138    |
|    ent_coef        | 0.127    |
|    ent_coef_loss   | -11.1    |
|    learning_rate   | 0.001    |
|    n_updates       | 2099     |
---------------------------------
---------------------------------
| rollout/           |          |
|    ep_len_mean     | 50       |
|    ep_rew_mean     | -49.4    |
|    success_rate    | 0        |
| time/              |          |
|    episodes        | 48       |
|    fps             | 68       |
|    time_elapsed    | 34       |
|    total_timesteps | 2400     |
| train/             |          |
|    actor_loss      | -1.87    |
|    critic_loss     | 0.189    |
|    ent_coef        | 0.107    |
|    ent_coef_loss   | -11.6    |
|    learning_rate   | 0.001    |
|    n_updates       | 2299     |
---------------------------------
---------------------------------
| rollout/           |          |
|    ep_len_mean     | 50       |
|    ep_rew_mean     | -49.2    |
|    success_rate    | 0        |
| time/              |          |
|    episodes        | 52       |
|    fps             | 68       |
|    time_elapsed    | 37       |
|    total_timesteps | 2600     |
| train/             |          |
|    actor_loss      | -1.56    |
|    critic_loss     | 0.161    |
|    ent_coef        | 0.0902   |
|    ent_coef_loss   | -11.6    |
|    learning_rate   | 0.001    |
|    n_updates       | 2499     |
---------------------------------
---------------------------------
| rollout/           |          |
|    ep_len_mean     | 50       |
|    ep_rew_mean     | -49.1    |
|    success_rate    | 0        |
| time/              |          |
|    episodes        | 56       |
|    fps             | 68       |
|    time_elapsed    | 41       |
|    total_timesteps | 2800     |
| train/             |          |
|    actor_loss      | -1.48    |
|    critic_loss     | 0.19     |
|    ent_coef        | 0.0768   |
|    ent_coef_loss   | -12.1    |
|    learning_rate   | 0.001    |
|    n_updates       | 2699     |
---------------------------------
---------------------------------
| rollout/           |          |
|    ep_len_mean     | 50       |
|    ep_rew_mean     | -49.2    |
|    success_rate    | 0        |
| time/              |          |
|    episodes        | 60       |
|    fps             | 67       |
|    time_elapsed    | 44       |
|    total_timesteps | 3000     |
| train/             |          |
|    actor_loss      | -1.23    |
|    critic_loss     | 0.18     |
|    ent_coef        | 0.066    |
|    ent_coef_loss   | -11.9    |
|    learning_rate   | 0.001    |
|    n_updates       | 2899     |
---------------------------------
---------------------------------
| rollout/           |          |
|    ep_len_mean     | 50       |
|    ep_rew_mean     | -49.2    |
|    success_rate    | 0        |
| time/              |          |
|    episodes        | 64       |
|    fps             | 67       |
|    time_elapsed    | 47       |
|    total_timesteps | 3200     |
| train/             |          |
|    actor_loss      | -1.4     |
|    critic_loss     | 0.202    |
|    ent_coef        | 0.0568   |
|    ent_coef_loss   | -12.5    |
|    learning_rate   | 0.001    |
|    n_updates       | 3099     |
---------------------------------
---------------------------------
| rollout/           |          |
|    ep_len_mean     | 50       |
|    ep_rew_mean     | -49.2    |
|    success_rate    | 0        |
| time/              |          |
|    episodes        | 68       |
|    fps             | 67       |
|    time_elapsed    | 50       |
|    total_timesteps | 3400     |
| train/             |          |
|    actor_loss      | -0.578   |
|    critic_loss     | 0.222    |
|    ent_coef        | 0.0491   |
|    ent_coef_loss   | -10.3    |
|    learning_rate   | 0.001    |
|    n_updates       | 3299     |
---------------------------------
---------------------------------
| rollout/           |          |
|    ep_len_mean     | 50       |
|    ep_rew_mean     | -49.3    |
|    success_rate    | 0        |
| time/              |          |
|    episodes        | 72       |
|    fps             | 67       |
|    time_elapsed    | 53       |
|    total_timesteps | 3600     |
| train/             |          |
|    actor_loss      | -0.91    |
|    critic_loss     | 0.144    |
|    ent_coef        | 0.0425   |
|    ent_coef_loss   | -10.4    |
|    learning_rate   | 0.001    |
|    n_updates       | 3499     |
---------------------------------
---------------------------------
| rollout/           |          |
|    ep_len_mean     | 50       |
|    ep_rew_mean     | -49.2    |
|    success_rate    | 0        |
| time/              |          |
|    episodes        | 76       |
|    fps             | 67       |
|    time_elapsed    | 56       |
|    total_timesteps | 3800     |
| train/             |          |
|    actor_loss      | -0.835   |
|    critic_loss     | 0.179    |
|    ent_coef        | 0.0369   |
|    ent_coef_loss   | -12.7    |
|    learning_rate   | 0.001    |
|    n_updates       | 3699     |
---------------------------------
---------------------------------
| rollout/           |          |
|    ep_len_mean     | 50       |
|    ep_rew_mean     | -49.1    |
|    success_rate    | 0        |
| time/              |          |
|    episodes        | 80       |
|    fps             | 67       |
|    time_elapsed    | 59       |
|    total_timesteps | 4000     |
| train/             |          |
|    actor_loss      | -0.575   |
|    critic_loss     | 0.199    |
|    ent_coef        | 0.0323   |
|    ent_coef_loss   | -10.5    |
|    learning_rate   | 0.001    |
|    n_updates       | 3899     |
---------------------------------
---------------------------------
| rollout/           |          |
|    ep_len_mean     | 50       |
|    ep_rew_mean     | -49.1    |
|    success_rate    | 0        |
| time/              |          |
|    episodes        | 84       |
|    fps             | 67       |
|    time_elapsed    | 62       |
|    total_timesteps | 4200     |
| train/             |          |
|    actor_loss      | 0.0709   |
|    critic_loss     | 0.193    |
|    ent_coef        | 0.0286   |
|    ent_coef_loss   | -8.46    |
|    learning_rate   | 0.001    |
|    n_updates       | 4099     |
---------------------------------
---------------------------------
| rollout/           |          |
|    ep_len_mean     | 50       |
|    ep_rew_mean     | -49      |
|    success_rate    | 0        |
| time/              |          |
|    episodes        | 88       |
|    fps             | 67       |
|    time_elapsed    | 65       |
|    total_timesteps | 4400     |
| train/             |          |
|    actor_loss      | 0.593    |
|    critic_loss     | 0.155    |
|    ent_coef        | 0.0253   |
|    ent_coef_loss   | -7.41    |
|    learning_rate   | 0.001    |
|    n_updates       | 4299     |
---------------------------------
---------------------------------
| rollout/           |          |
|    ep_len_mean     | 50       |
|    ep_rew_mean     | -48.8    |
|    success_rate    | 0        |
| time/              |          |
|    episodes        | 92       |
|    fps             | 67       |
|    time_elapsed    | 68       |
|    total_timesteps | 4600     |
| train/             |          |
|    actor_loss      | 0.434    |
|    critic_loss     | 0.213    |
|    ent_coef        | 0.0227   |
|    ent_coef_loss   | -7.75    |
|    learning_rate   | 0.001    |
|    n_updates       | 4499     |
---------------------------------
---------------------------------
| rollout/           |          |
|    ep_len_mean     | 50       |
|    ep_rew_mean     | -48.5    |
|    success_rate    | 0.0104   |
| time/              |          |
|    episodes        | 96       |
|    fps             | 66       |
|    time_elapsed    | 71       |
|    total_timesteps | 4800     |
| train/             |          |
|    actor_loss      | 0.848    |
|    critic_loss     | 0.204    |
|    ent_coef        | 0.0205   |
|    ent_coef_loss   | -8.32    |
|    learning_rate   | 0.001    |
|    n_updates       | 4699     |
---------------------------------
---------------------------------
| rollout/           |          |
|    ep_len_mean     | 50       |
|    ep_rew_mean     | -48      |
|    success_rate    | 0.03     |
| time/              |          |
|    episodes        | 100      |
|    fps             | 66       |
|    time_elapsed    | 74       |
|    total_timesteps | 5000     |
| train/             |          |
|    actor_loss      | 1.12     |
|    critic_loss     | 0.189    |
|    ent_coef        | 0.0186   |
|    ent_coef_loss   | -6.53    |
|    learning_rate   | 0.001    |
|    n_updates       | 4899     |
---------------------------------
---------------------------------
| rollout/           |          |
|    ep_len_mean     | 50       |
|    ep_rew_mean     | -47.6    |
|    success_rate    | 0.04     |
| time/              |          |
|    episodes        | 104      |
|    fps             | 66       |
|    time_elapsed    | 77       |
|    total_timesteps | 5200     |
| train/             |          |
|    actor_loss      | 1.55     |
|    critic_loss     | 0.233    |
|    ent_coef        | 0.017    |
|    ent_coef_loss   | -6.12    |
|    learning_rate   | 0.001    |
|    n_updates       | 5099     |
---------------------------------
---------------------------------
| rollout/           |          |
|    ep_len_mean     | 50       |
|    ep_rew_mean     | -47.2    |
|    success_rate    | 0.06     |
| time/              |          |
|    episodes        | 108      |
|    fps             | 66       |
|    time_elapsed    | 80       |
|    total_timesteps | 5400     |
| train/             |          |
|    actor_loss      | 1.48     |
|    critic_loss     | 0.161    |
|    ent_coef        | 0.0157   |
|    ent_coef_loss   | -2.59    |
|    learning_rate   | 0.001    |
|    n_updates       | 5299     |
---------------------------------
---------------------------------
| rollout/           |          |
|    ep_len_mean     | 50       |
|    ep_rew_mean     | -47      |
|    success_rate    | 0.07     |
| time/              |          |
|    episodes        | 112      |
|    fps             | 66       |
|    time_elapsed    | 83       |
|    total_timesteps | 5600     |
| train/             |          |
|    actor_loss      | 1.71     |
|    critic_loss     | 0.22     |
|    ent_coef        | 0.0148   |
|    ent_coef_loss   | -3.08    |
|    learning_rate   | 0.001    |
|    n_updates       | 5499     |
---------------------------------
---------------------------------
| rollout/           |          |
|    ep_len_mean     | 50       |
|    ep_rew_mean     | -46      |
|    success_rate    | 0.09     |
| time/              |          |
|    episodes        | 116      |
|    fps             | 66       |
|    time_elapsed    | 87       |
|    total_timesteps | 5800     |
| train/             |          |
|    actor_loss      | 1.82     |
|    critic_loss     | 0.209    |
|    ent_coef        | 0.0141   |
|    ent_coef_loss   | -1.12    |
|    learning_rate   | 0.001    |
|    n_updates       | 5699     |
---------------------------------
---------------------------------
| rollout/           |          |
|    ep_len_mean     | 50       |
|    ep_rew_mean     | -45      |
|    success_rate    | 0.12     |
| time/              |          |
|    episodes        | 120      |
|    fps             | 66       |
|    time_elapsed    | 90       |
|    total_timesteps | 6000     |
| train/             |          |
|    actor_loss      | 1.48     |
|    critic_loss     | 0.179    |
|    ent_coef        | 0.0135   |
|    ent_coef_loss   | -2.46    |
|    learning_rate   | 0.001    |
|    n_updates       | 5899     |
---------------------------------
---------------------------------
| rollout/           |          |
|    ep_len_mean     | 50       |
|    ep_rew_mean     | -43.8    |
|    success_rate    | 0.14     |
| time/              |          |
|    episodes        | 124      |
|    fps             | 66       |
|    time_elapsed    | 93       |
|    total_timesteps | 6200     |
| train/             |          |
|    actor_loss      | 2.27     |
|    critic_loss     | 0.155    |
|    ent_coef        | 0.0128   |
|    ent_coef_loss   | -1.14    |
|    learning_rate   | 0.001    |
|    n_updates       | 6099     |
---------------------------------
---------------------------------
| rollout/           |          |
|    ep_len_mean     | 50       |
|    ep_rew_mean     | -42.2    |
|    success_rate    | 0.18     |
| time/              |          |
|    episodes        | 128      |
|    fps             | 66       |
|    time_elapsed    | 96       |
|    total_timesteps | 6400     |
| train/             |          |
|    actor_loss      | 2.26     |
|    critic_loss     | 0.187    |
|    ent_coef        | 0.0124   |
|    ent_coef_loss   | -0.758   |
|    learning_rate   | 0.001    |
|    n_updates       | 6299     |
---------------------------------
---------------------------------
| rollout/           |          |
|    ep_len_mean     | 50       |
|    ep_rew_mean     | -41.7    |
|    success_rate    | 0.19     |
| time/              |          |
|    episodes        | 132      |
|    fps             | 66       |
|    time_elapsed    | 99       |
|    total_timesteps | 6600     |
| train/             |          |
|    actor_loss      | 1.78     |
|    critic_loss     | 0.166    |
|    ent_coef        | 0.0125   |
|    ent_coef_loss   | 0.681    |
|    learning_rate   | 0.001    |
|    n_updates       | 6499     |
---------------------------------
---------------------------------
| rollout/           |          |
|    ep_len_mean     | 50       |
|    ep_rew_mean     | -40.5    |
|    success_rate    | 0.22     |
| time/              |          |
|    episodes        | 136      |
|    fps             | 66       |
|    time_elapsed    | 102      |
|    total_timesteps | 6800     |
| train/             |          |
|    actor_loss      | 1.75     |
|    critic_loss     | 0.167    |
|    ent_coef        | 0.0127   |
|    ent_coef_loss   | 0.609    |
|    learning_rate   | 0.001    |
|    n_updates       | 6699     |
---------------------------------
---------------------------------
| rollout/           |          |
|    ep_len_mean     | 50       |
|    ep_rew_mean     | -39.5    |
|    success_rate    | 0.24     |
| time/              |          |
|    episodes        | 140      |
|    fps             | 66       |
|    time_elapsed    | 105      |
|    total_timesteps | 7000     |
| train/             |          |
|    actor_loss      | 2.03     |
|    critic_loss     | 0.142    |
|    ent_coef        | 0.0128   |
|    ent_coef_loss   | -2.59    |
|    learning_rate   | 0.001    |
|    n_updates       | 6899     |
---------------------------------
---------------------------------
| rollout/           |          |
|    ep_len_mean     | 50       |
|    ep_rew_mean     | -37.7    |
|    success_rate    | 0.27     |
| time/              |          |
|    episodes        | 144      |
|    fps             | 66       |
|    time_elapsed    | 108      |
|    total_timesteps | 7200     |
| train/             |          |
|    actor_loss      | 1.89     |
|    critic_loss     | 0.162    |
|    ent_coef        | 0.0128   |
|    ent_coef_loss   | -0.626   |
|    learning_rate   | 0.001    |
|    n_updates       | 7099     |
---------------------------------
---------------------------------
| rollout/           |          |
|    ep_len_mean     | 50       |
|    ep_rew_mean     | -36.8    |
|    success_rate    | 0.29     |
| time/              |          |
|    episodes        | 148      |
|    fps             | 66       |
|    time_elapsed    | 111      |
|    total_timesteps | 7400     |
| train/             |          |
|    actor_loss      | 1.98     |
|    critic_loss     | 0.206    |
|    ent_coef        | 0.0129   |
|    ent_coef_loss   | -0.133   |
|    learning_rate   | 0.001    |
|    n_updates       | 7299     |
---------------------------------
---------------------------------
| rollout/           |          |
|    ep_len_mean     | 50       |
|    ep_rew_mean     | -36      |
|    success_rate    | 0.31     |
| time/              |          |
|    episodes        | 152      |
|    fps             | 66       |
|    time_elapsed    | 114      |
|    total_timesteps | 7600     |
| train/             |          |
|    actor_loss      | 2        |
|    critic_loss     | 0.187    |
|    ent_coef        | 0.0129   |
|    ent_coef_loss   | -0.959   |
|    learning_rate   | 0.001    |
|    n_updates       | 7499     |
---------------------------------
---------------------------------
| rollout/           |          |
|    ep_len_mean     | 50       |
|    ep_rew_mean     | -34.6    |
|    success_rate    | 0.35     |
| time/              |          |
|    episodes        | 156      |
|    fps             | 66       |
|    time_elapsed    | 117      |
|    total_timesteps | 7800     |
| train/             |          |
|    actor_loss      | 2.18     |
|    critic_loss     | 0.154    |
|    ent_coef        | 0.0125   |
|    ent_coef_loss   | 2.42     |
|    learning_rate   | 0.001    |
|    n_updates       | 7699     |
---------------------------------
---------------------------------
| rollout/           |          |
|    ep_len_mean     | 50       |
|    ep_rew_mean     | -33      |
|    success_rate    | 0.38     |
| time/              |          |
|    episodes        | 160      |
|    fps             | 66       |
|    time_elapsed    | 120      |
|    total_timesteps | 8000     |
| train/             |          |
|    actor_loss      | 2.23     |
|    critic_loss     | 0.129    |
|    ent_coef        | 0.0118   |
|    ent_coef_loss   | 2.34     |
|    learning_rate   | 0.001    |
|    n_updates       | 7899     |
---------------------------------
---------------------------------
| rollout/           |          |
|    ep_len_mean     | 50       |
|    ep_rew_mean     | -31.1    |
|    success_rate    | 0.42     |
| time/              |          |
|    episodes        | 164      |
|    fps             | 66       |
|    time_elapsed    | 123      |
|    total_timesteps | 8200     |
| train/             |          |
|    actor_loss      | 2.26     |
|    critic_loss     | 0.141    |
|    ent_coef        | 0.0117   |
|    ent_coef_loss   | -1.92    |
|    learning_rate   | 0.001    |
|    n_updates       | 8099     |
---------------------------------
---------------------------------
| rollout/           |          |
|    ep_len_mean     | 50       |
|    ep_rew_mean     | -29.2    |
|    success_rate    | 0.46     |
| time/              |          |
|    episodes        | 168      |
|    fps             | 66       |
|    time_elapsed    | 126      |
|    total_timesteps | 8400     |
| train/             |          |
|    actor_loss      | 2.07     |
|    critic_loss     | 0.132    |
|    ent_coef        | 0.0114   |
|    ent_coef_loss   | -1.37    |
|    learning_rate   | 0.001    |
|    n_updates       | 8299     |
---------------------------------
---------------------------------
| rollout/           |          |
|    ep_len_mean     | 50       |
|    ep_rew_mean     | -27.3    |
|    success_rate    | 0.5      |
| time/              |          |
|    episodes        | 172      |
|    fps             | 66       |
|    time_elapsed    | 129      |
|    total_timesteps | 8600     |
| train/             |          |
|    actor_loss      | 1.96     |
|    critic_loss     | 0.149    |
|    ent_coef        | 0.0108   |
|    ent_coef_loss   | -2.51    |
|    learning_rate   | 0.001    |
|    n_updates       | 8499     |
---------------------------------
---------------------------------
| rollout/           |          |
|    ep_len_mean     | 50       |
|    ep_rew_mean     | -25.6    |
|    success_rate    | 0.54     |
| time/              |          |
|    episodes        | 176      |
|    fps             | 66       |
|    time_elapsed    | 133      |
|    total_timesteps | 8800     |
| train/             |          |
|    actor_loss      | 1.83     |
|    critic_loss     | 0.11     |
|    ent_coef        | 0.0104   |
|    ent_coef_loss   | 1.71     |
|    learning_rate   | 0.001    |
|    n_updates       | 8699     |
---------------------------------
---------------------------------
| rollout/           |          |
|    ep_len_mean     | 50       |
|    ep_rew_mean     | -23.8    |
|    success_rate    | 0.58     |
| time/              |          |
|    episodes        | 180      |
|    fps             | 66       |
|    time_elapsed    | 136      |
|    total_timesteps | 9000     |
| train/             |          |
|    actor_loss      | 2.09     |
|    critic_loss     | 0.113    |
|    ent_coef        | 0.0101   |
|    ent_coef_loss   | 1.29     |
|    learning_rate   | 0.001    |
|    n_updates       | 8899     |
---------------------------------
---------------------------------
| rollout/           |          |
|    ep_len_mean     | 50       |
|    ep_rew_mean     | -22.4    |
|    success_rate    | 0.61     |
| time/              |          |
|    episodes        | 184      |
|    fps             | 66       |
|    time_elapsed    | 139      |
|    total_timesteps | 9200     |
| train/             |          |
|    actor_loss      | 1.81     |
|    critic_loss     | 0.108    |
|    ent_coef        | 0.00981  |
|    ent_coef_loss   | 0.05     |
|    learning_rate   | 0.001    |
|    n_updates       | 9099     |
---------------------------------
---------------------------------
| rollout/           |          |
|    ep_len_mean     | 50       |
|    ep_rew_mean     | -20.7    |
|    success_rate    | 0.64     |
| time/              |          |
|    episodes        | 188      |
|    fps             | 66       |
|    time_elapsed    | 142      |
|    total_timesteps | 9400     |
| train/             |          |
|    actor_loss      | 2.26     |
|    critic_loss     | 0.0873   |
|    ent_coef        | 0.0096   |
|    ent_coef_loss   | 0.613    |
|    learning_rate   | 0.001    |
|    n_updates       | 9299     |
---------------------------------
---------------------------------
| rollout/           |          |
|    ep_len_mean     | 50       |
|    ep_rew_mean     | -19      |
|    success_rate    | 0.68     |
| time/              |          |
|    episodes        | 192      |
|    fps             | 65       |
|    time_elapsed    | 145      |
|    total_timesteps | 9600     |
| train/             |          |
|    actor_loss      | 2.17     |
|    critic_loss     | 0.105    |
|    ent_coef        | 0.00891  |
|    ent_coef_loss   | 1.39     |
|    learning_rate   | 0.001    |
|    n_updates       | 9499     |
---------------------------------
---------------------------------
| rollout/           |          |
|    ep_len_mean     | 50       |
|    ep_rew_mean     | -17.6    |
|    success_rate    | 0.71     |
| time/              |          |
|    episodes        | 196      |
|    fps             | 65       |
|    time_elapsed    | 148      |
|    total_timesteps | 9800     |
| train/             |          |
|    actor_loss      | 1.59     |
|    critic_loss     | 0.0952   |
|    ent_coef        | 0.00874  |
|    ent_coef_loss   | -1.38    |
|    learning_rate   | 0.001    |
|    n_updates       | 9699     |
---------------------------------
---------------------------------
| rollout/           |          |
|    ep_len_mean     | 50       |
|    ep_rew_mean     | -16.2    |
|    success_rate    | 0.73     |
| time/              |          |
|    episodes        | 200      |
|    fps             | 65       |
|    time_elapsed    | 151      |
|    total_timesteps | 10000    |
| train/             |          |
|    actor_loss      | 1.69     |
|    critic_loss     | 0.106    |
|    ent_coef        | 0.00848  |
|    ent_coef_loss   | 0.844    |
|    learning_rate   | 0.001    |
|    n_updates       | 9899     |
---------------------------------
---------------------------------
| rollout/           |          |
|    ep_len_mean     | 50       |
|    ep_rew_mean     | -14.7    |
|    success_rate    | 0.76     |
| time/              |          |
|    episodes        | 204      |
|    fps             | 65       |
|    time_elapsed    | 154      |
|    total_timesteps | 10200    |
| train/             |          |
|    actor_loss      | 2.07     |
|    critic_loss     | 0.0819   |
|    ent_coef        | 0.00861  |
|    ent_coef_loss   | 0.565    |
|    learning_rate   | 0.001    |
|    n_updates       | 10099    |
---------------------------------
---------------------------------
| rollout/           |          |
|    ep_len_mean     | 50       |
|    ep_rew_mean     | -13.3    |
|    success_rate    | 0.78     |
| time/              |          |
|    episodes        | 208      |
|    fps             | 65       |
|    time_elapsed    | 157      |
|    total_timesteps | 10400    |
| train/             |          |
|    actor_loss      | 1.22     |
|    critic_loss     | 0.103    |
|    ent_coef        | 0.00869  |
|    ent_coef_loss   | -0.874   |
|    learning_rate   | 0.001    |
|    n_updates       | 10299    |
---------------------------------
---------------------------------
| rollout/           |          |
|    ep_len_mean     | 50       |
|    ep_rew_mean     | -11.6    |
|    success_rate    | 0.81     |
| time/              |          |
|    episodes        | 212      |
|    fps             | 65       |
|    time_elapsed    | 161      |
|    total_timesteps | 10600    |
| train/             |          |
|    actor_loss      | 1.54     |
|    critic_loss     | 0.101    |
|    ent_coef        | 0.009    |
|    ent_coef_loss   | -0.996   |
|    learning_rate   | 0.001    |
|    n_updates       | 10499    |
---------------------------------
---------------------------------
| rollout/           |          |
|    ep_len_mean     | 50       |
|    ep_rew_mean     | -10.5    |
|    success_rate    | 0.83     |
| time/              |          |
|    episodes        | 216      |
|    fps             | 65       |
|    time_elapsed    | 164      |
|    total_timesteps | 10800    |
| train/             |          |
|    actor_loss      | 1.3      |
|    critic_loss     | 0.0813   |
|    ent_coef        | 0.00833  |
|    ent_coef_loss   | 1.62     |
|    learning_rate   | 0.001    |
|    n_updates       | 10699    |
---------------------------------
---------------------------------
| rollout/           |          |
|    ep_len_mean     | 50       |
|    ep_rew_mean     | -9.63    |
|    success_rate    | 0.84     |
| time/              |          |
|    episodes        | 220      |
|    fps             | 65       |
|    time_elapsed    | 167      |
|    total_timesteps | 11000    |
| train/             |          |
|    actor_loss      | 1.23     |
|    critic_loss     | 0.075    |
|    ent_coef        | 0.00804  |
|    ent_coef_loss   | -0.684   |
|    learning_rate   | 0.001    |
|    n_updates       | 10899    |
---------------------------------
---------------------------------
| rollout/           |          |
|    ep_len_mean     | 50       |
|    ep_rew_mean     | -8.95    |
|    success_rate    | 0.86     |
| time/              |          |
|    episodes        | 224      |
|    fps             | 65       |
|    time_elapsed    | 170      |
|    total_timesteps | 11200    |
| train/             |          |
|    actor_loss      | 1.41     |
|    critic_loss     | 0.0812   |
|    ent_coef        | 0.00768  |
|    ent_coef_loss   | -0.151   |
|    learning_rate   | 0.001    |
|    n_updates       | 11099    |
---------------------------------
---------------------------------
| rollout/           |          |
|    ep_len_mean     | 50       |
|    ep_rew_mean     | -8.7     |
|    success_rate    | 0.86     |
| time/              |          |
|    episodes        | 228      |
|    fps             | 65       |
|    time_elapsed    | 173      |
|    total_timesteps | 11400    |
| train/             |          |
|    actor_loss      | 1.48     |
|    critic_loss     | 0.0724   |
|    ent_coef        | 0.00763  |
|    ent_coef_loss   | -0.983   |
|    learning_rate   | 0.001    |
|    n_updates       | 11299    |
---------------------------------
---------------------------------
| rollout/           |          |
|    ep_len_mean     | 50       |
|    ep_rew_mean     | -7.23    |
|    success_rate    | 0.89     |
| time/              |          |
|    episodes        | 232      |
|    fps             | 65       |
|    time_elapsed    | 176      |
|    total_timesteps | 11600    |
| train/             |          |
|    actor_loss      | 1.5      |
|    critic_loss     | 0.0707   |
|    ent_coef        | 0.00741  |
|    ent_coef_loss   | 2.04     |
|    learning_rate   | 0.001    |
|    n_updates       | 11499    |
---------------------------------
---------------------------------
| rollout/           |          |
|    ep_len_mean     | 50       |
|    ep_rew_mean     | -6.53    |
|    success_rate    | 0.9      |
| time/              |          |
|    episodes        | 236      |
|    fps             | 65       |
|    time_elapsed    | 179      |
|    total_timesteps | 11800    |
| train/             |          |
|    actor_loss      | 1.3      |
|    critic_loss     | 0.0809   |
|    ent_coef        | 0.00726  |
|    ent_coef_loss   | -0.163   |
|    learning_rate   | 0.001    |
|    n_updates       | 11699    |
---------------------------------
---------------------------------
| rollout/           |          |
|    ep_len_mean     | 50       |
|    ep_rew_mean     | -5.69    |
|    success_rate    | 0.91     |
| time/              |          |
|    episodes        | 240      |
|    fps             | 65       |
|    time_elapsed    | 183      |
|    total_timesteps | 12000    |
| train/             |          |
|    actor_loss      | 1.1      |
|    critic_loss     | 0.0602   |
|    ent_coef        | 0.0071   |
|    ent_coef_loss   | -0.898   |
|    learning_rate   | 0.001    |
|    n_updates       | 11899    |
---------------------------------
---------------------------------
| rollout/           |          |
|    ep_len_mean     | 50       |
|    ep_rew_mean     | -5.53    |
|    success_rate    | 0.92     |
| time/              |          |
|    episodes        | 244      |
|    fps             | 65       |
|    time_elapsed    | 186      |
|    total_timesteps | 12200    |
| train/             |          |
|    actor_loss      | 1.15     |
|    critic_loss     | 0.0649   |
|    ent_coef        | 0.00703  |
|    ent_coef_loss   | 0.425    |
|    learning_rate   | 0.001    |
|    n_updates       | 12099    |
---------------------------------
---------------------------------
| rollout/           |          |
|    ep_len_mean     | 50       |
|    ep_rew_mean     | -4.45    |
|    success_rate    | 0.94     |
| time/              |          |
|    episodes        | 248      |
|    fps             | 65       |
|    time_elapsed    | 189      |
|    total_timesteps | 12400    |
| train/             |          |
|    actor_loss      | 0.989    |
|    critic_loss     | 0.0472   |
|    ent_coef        | 0.00678  |
|    ent_coef_loss   | -1.09    |
|    learning_rate   | 0.001    |
|    n_updates       | 12299    |
---------------------------------
---------------------------------
| rollout/           |          |
|    ep_len_mean     | 50       |
|    ep_rew_mean     | -3.45    |
|    success_rate    | 0.96     |
| time/              |          |
|    episodes        | 252      |
|    fps             | 65       |
|    time_elapsed    | 192      |
|    total_timesteps | 12600    |
| train/             |          |
|    actor_loss      | 1.26     |
|    critic_loss     | 0.0646   |
|    ent_coef        | 0.00634  |
|    ent_coef_loss   | 1.4      |
|    learning_rate   | 0.001    |
|    n_updates       | 12499    |
---------------------------------
---------------------------------
| rollout/           |          |
|    ep_len_mean     | 50       |
|    ep_rew_mean     | -2.96    |
|    success_rate    | 0.96     |
| time/              |          |
|    episodes        | 256      |
|    fps             | 65       |
|    time_elapsed    | 195      |
|    total_timesteps | 12800    |
| train/             |          |
|    actor_loss      | 1.18     |
|    critic_loss     | 0.0569   |
|    ent_coef        | 0.00616  |
|    ent_coef_loss   | -0.211   |
|    learning_rate   | 0.001    |
|    n_updates       | 12699    |
---------------------------------
---------------------------------
| rollout/           |          |
|    ep_len_mean     | 50       |
|    ep_rew_mean     | -2.67    |
|    success_rate    | 0.97     |
| time/              |          |
|    episodes        | 260      |
|    fps             | 65       |
|    time_elapsed    | 198      |
|    total_timesteps | 13000    |
| train/             |          |
|    actor_loss      | 0.987    |
|    critic_loss     | 0.0741   |
|    ent_coef        | 0.00589  |
|    ent_coef_loss   | 0.9      |
|    learning_rate   | 0.001    |
|    n_updates       | 12899    |
---------------------------------
---------------------------------
| rollout/           |          |
|    ep_len_mean     | 50       |
|    ep_rew_mean     | -2.67    |
|    success_rate    | 0.97     |
| time/              |          |
|    episodes        | 264      |
|    fps             | 65       |
|    time_elapsed    | 201      |
|    total_timesteps | 13200    |
| train/             |          |
|    actor_loss      | 0.894    |
|    critic_loss     | 0.0479   |
|    ent_coef        | 0.00576  |
|    ent_coef_loss   | -2.06    |
|    learning_rate   | 0.001    |
|    n_updates       | 13099    |
---------------------------------
---------------------------------
| rollout/           |          |
|    ep_len_mean     | 50       |
|    ep_rew_mean     | -2.65    |
|    success_rate    | 0.97     |
| time/              |          |
|    episodes        | 268      |
|    fps             | 65       |
|    time_elapsed    | 204      |
|    total_timesteps | 13400    |
| train/             |          |
|    actor_loss      | 0.815    |
|    critic_loss     | 0.0541   |
|    ent_coef        | 0.00547  |
|    ent_coef_loss   | -3.47    |
|    learning_rate   | 0.001    |
|    n_updates       | 13299    |
---------------------------------
---------------------------------
| rollout/           |          |
|    ep_len_mean     | 50       |
|    ep_rew_mean     | -2.63    |
|    success_rate    | 0.97     |
| time/              |          |
|    episodes        | 272      |
|    fps             | 65       |
|    time_elapsed    | 207      |
|    total_timesteps | 13600    |
| train/             |          |
|    actor_loss      | 1.09     |
|    critic_loss     | 0.0639   |
|    ent_coef        | 0.00523  |
|    ent_coef_loss   | 0.199    |
|    learning_rate   | 0.001    |
|    n_updates       | 13499    |
---------------------------------
---------------------------------
| rollout/           |          |
|    ep_len_mean     | 50       |
|    ep_rew_mean     | -2.5     |
|    success_rate    | 0.97     |
| time/              |          |
|    episodes        | 276      |
|    fps             | 65       |
|    time_elapsed    | 211      |
|    total_timesteps | 13800    |
| train/             |          |
|    actor_loss      | 1.22     |
|    critic_loss     | 0.0654   |
|    ent_coef        | 0.00523  |
|    ent_coef_loss   | -0.226   |
|    learning_rate   | 0.001    |
|    n_updates       | 13699    |
---------------------------------
---------------------------------
| rollout/           |          |
|    ep_len_mean     | 50       |
|    ep_rew_mean     | -2.44    |
|    success_rate    | 0.97     |
| time/              |          |
|    episodes        | 280      |
|    fps             | 65       |
|    time_elapsed    | 214      |
|    total_timesteps | 14000    |
| train/             |          |
|    actor_loss      | 0.769    |
|    critic_loss     | 0.0621   |
|    ent_coef        | 0.00482  |
|    ent_coef_loss   | -0.271   |
|    learning_rate   | 0.001    |
|    n_updates       | 13899    |
---------------------------------
---------------------------------
| rollout/           |          |
|    ep_len_mean     | 50       |
|    ep_rew_mean     | -1.95    |
|    success_rate    | 0.98     |
| time/              |          |
|    episodes        | 284      |
|    fps             | 65       |
|    time_elapsed    | 217      |
|    total_timesteps | 14200    |
| train/             |          |
|    actor_loss      | 0.753    |
|    critic_loss     | 0.054    |
|    ent_coef        | 0.00451  |
|    ent_coef_loss   | -0.769   |
|    learning_rate   | 0.001    |
|    n_updates       | 14099    |
---------------------------------
---------------------------------
| rollout/           |          |
|    ep_len_mean     | 50       |
|    ep_rew_mean     | -1.86    |
|    success_rate    | 0.99     |
| time/              |          |
|    episodes        | 288      |
|    fps             | 65       |
|    time_elapsed    | 220      |
|    total_timesteps | 14400    |
| train/             |          |
|    actor_loss      | 0.651    |
|    critic_loss     | 0.0359   |
|    ent_coef        | 0.00457  |
|    ent_coef_loss   | 0.764    |
|    learning_rate   | 0.001    |
|    n_updates       | 14299    |
---------------------------------
---------------------------------
| rollout/           |          |
|    ep_len_mean     | 50       |
|    ep_rew_mean     | -1.87    |
|    success_rate    | 0.99     |
| time/              |          |
|    episodes        | 292      |
|    fps             | 65       |
|    time_elapsed    | 223      |
|    total_timesteps | 14600    |
| train/             |          |
|    actor_loss      | 0.753    |
|    critic_loss     | 0.0419   |
|    ent_coef        | 0.00458  |
|    ent_coef_loss   | 2.1      |
|    learning_rate   | 0.001    |
|    n_updates       | 14499    |
---------------------------------
---------------------------------
| rollout/           |          |
|    ep_len_mean     | 50       |
|    ep_rew_mean     | -1.76    |
|    success_rate    | 0.99     |
| time/              |          |
|    episodes        | 296      |
|    fps             | 65       |
|    time_elapsed    | 226      |
|    total_timesteps | 14800    |
| train/             |          |
|    actor_loss      | 0.732    |
|    critic_loss     | 0.0347   |
|    ent_coef        | 0.00436  |
|    ent_coef_loss   | -2.33    |
|    learning_rate   | 0.001    |
|    n_updates       | 14699    |
---------------------------------
---------------------------------
| rollout/           |          |
|    ep_len_mean     | 50       |
|    ep_rew_mean     | -1.79    |
|    success_rate    | 0.99     |
| time/              |          |
|    episodes        | 300      |
|    fps             | 65       |
|    time_elapsed    | 229      |
|    total_timesteps | 15000    |
| train/             |          |
|    actor_loss      | 0.652    |
|    critic_loss     | 0.0417   |
|    ent_coef        | 0.00414  |
|    ent_coef_loss   | -4.76    |
|    learning_rate   | 0.001    |
|    n_updates       | 14899    |
---------------------------------
---------------------------------
| rollout/           |          |
|    ep_len_mean     | 50       |
|    ep_rew_mean     | -1.8     |
|    success_rate    | 0.99     |
| time/              |          |
|    episodes        | 304      |
|    fps             | 65       |
|    time_elapsed    | 233      |
|    total_timesteps | 15200    |
| train/             |          |
|    actor_loss      | 0.769    |
|    critic_loss     | 0.0471   |
|    ent_coef        | 0.00382  |
|    ent_coef_loss   | 1.03     |
|    learning_rate   | 0.001    |
|    n_updates       | 15099    |
---------------------------------
---------------------------------
| rollout/           |          |
|    ep_len_mean     | 50       |
|    ep_rew_mean     | -1.83    |
|    success_rate    | 0.99     |
| time/              |          |
|    episodes        | 308      |
|    fps             | 65       |
|    time_elapsed    | 236      |
|    total_timesteps | 15400    |
| train/             |          |
|    actor_loss      | 0.646    |
|    critic_loss     | 0.0451   |
|    ent_coef        | 0.0037   |
|    ent_coef_loss   | 1.27     |
|    learning_rate   | 0.001    |
|    n_updates       | 15299    |
---------------------------------
---------------------------------
| rollout/           |          |
|    ep_len_mean     | 50       |
|    ep_rew_mean     | -1.82    |
|    success_rate    | 0.99     |
| time/              |          |
|    episodes        | 312      |
|    fps             | 65       |
|    time_elapsed    | 239      |
|    total_timesteps | 15600    |
| train/             |          |
|    actor_loss      | 0.733    |
|    critic_loss     | 0.047    |
|    ent_coef        | 0.00373  |
|    ent_coef_loss   | 0.15     |
|    learning_rate   | 0.001    |
|    n_updates       | 15499    |
---------------------------------
---------------------------------
| rollout/           |          |
|    ep_len_mean     | 50       |
|    ep_rew_mean     | -1.89    |
|    success_rate    | 0.99     |
| time/              |          |
|    episodes        | 316      |
|    fps             | 65       |
|    time_elapsed    | 242      |
|    total_timesteps | 15800    |
| train/             |          |
|    actor_loss      | 0.702    |
|    critic_loss     | 0.0387   |
|    ent_coef        | 0.00345  |
|    ent_coef_loss   | 3.01     |
|    learning_rate   | 0.001    |
|    n_updates       | 15699    |
---------------------------------
---------------------------------
| rollout/           |          |
|    ep_len_mean     | 50       |
|    ep_rew_mean     | -1.88    |
|    success_rate    | 0.99     |
| time/              |          |
|    episodes        | 320      |
|    fps             | 65       |
|    time_elapsed    | 245      |
|    total_timesteps | 16000    |
| train/             |          |
|    actor_loss      | 0.559    |
|    critic_loss     | 0.0285   |
|    ent_coef        | 0.00333  |
|    ent_coef_loss   | -1.43    |
|    learning_rate   | 0.001    |
|    n_updates       | 15899    |
---------------------------------
---------------------------------
| rollout/           |          |
|    ep_len_mean     | 50       |
|    ep_rew_mean     | -1.87    |
|    success_rate    | 0.99     |
| time/              |          |
|    episodes        | 324      |
|    fps             | 65       |
|    time_elapsed    | 248      |
|    total_timesteps | 16200    |
| train/             |          |
|    actor_loss      | 0.8      |
|    critic_loss     | 0.0347   |
|    ent_coef        | 0.00328  |
|    ent_coef_loss   | 1.07     |
|    learning_rate   | 0.001    |
|    n_updates       | 16099    |
---------------------------------
---------------------------------
| rollout/           |          |
|    ep_len_mean     | 50       |
|    ep_rew_mean     | -1.85    |
|    success_rate    | 0.99     |
| time/              |          |
|    episodes        | 328      |
|    fps             | 65       |
|    time_elapsed    | 251      |
|    total_timesteps | 16400    |
| train/             |          |
|    actor_loss      | 0.661    |
|    critic_loss     | 0.0375   |
|    ent_coef        | 0.00311  |
|    ent_coef_loss   | 0.76     |
|    learning_rate   | 0.001    |
|    n_updates       | 16299    |
---------------------------------
---------------------------------
| rollout/           |          |
|    ep_len_mean     | 50       |
|    ep_rew_mean     | -1.85    |
|    success_rate    | 0.99     |
| time/              |          |
|    episodes        | 332      |
|    fps             | 65       |
|    time_elapsed    | 255      |
|    total_timesteps | 16600    |
| train/             |          |
|    actor_loss      | 0.644    |
|    critic_loss     | 0.0404   |
|    ent_coef        | 0.00293  |
|    ent_coef_loss   | -1.27    |
|    learning_rate   | 0.001    |
|    n_updates       | 16499    |
---------------------------------
---------------------------------
| rollout/           |          |
|    ep_len_mean     | 50       |
|    ep_rew_mean     | -1.87    |
|    success_rate    | 0.99     |
| time/              |          |
|    episodes        | 336      |
|    fps             | 65       |
|    time_elapsed    | 258      |
|    total_timesteps | 16800    |
| train/             |          |
|    actor_loss      | 0.742    |
|    critic_loss     | 0.0361   |
|    ent_coef        | 0.00296  |
|    ent_coef_loss   | 2.04     |
|    learning_rate   | 0.001    |
|    n_updates       | 16699    |
---------------------------------
---------------------------------
| rollout/           |          |
|    ep_len_mean     | 50       |
|    ep_rew_mean     | -1.88    |
|    success_rate    | 1        |
| time/              |          |
|    episodes        | 340      |
|    fps             | 65       |
|    time_elapsed    | 261      |
|    total_timesteps | 17000    |
| train/             |          |
|    actor_loss      | 0.596    |
|    critic_loss     | 0.0246   |
|    ent_coef        | 0.00293  |
|    ent_coef_loss   | -0.663   |
|    learning_rate   | 0.001    |
|    n_updates       | 16899    |
---------------------------------
---------------------------------
| rollout/           |          |
|    ep_len_mean     | 50       |
|    ep_rew_mean     | -1.85    |
|    success_rate    | 1        |
| time/              |          |
|    episodes        | 344      |
|    fps             | 65       |
|    time_elapsed    | 264      |
|    total_timesteps | 17200    |
| train/             |          |
|    actor_loss      | 0.675    |
|    critic_loss     | 0.0458   |
|    ent_coef        | 0.00295  |
|    ent_coef_loss   | 1.76     |
|    learning_rate   | 0.001    |
|    n_updates       | 17099    |
---------------------------------
---------------------------------
| rollout/           |          |
|    ep_len_mean     | 50       |
|    ep_rew_mean     | -1.89    |
|    success_rate    | 1        |
| time/              |          |
|    episodes        | 348      |
|    fps             | 65       |
|    time_elapsed    | 267      |
|    total_timesteps | 17400    |
| train/             |          |
|    actor_loss      | 0.751    |
|    critic_loss     | 0.0408   |
|    ent_coef        | 0.00283  |
|    ent_coef_loss   | 1.28     |
|    learning_rate   | 0.001    |
|    n_updates       | 17299    |
---------------------------------
---------------------------------
| rollout/           |          |
|    ep_len_mean     | 50       |
|    ep_rew_mean     | -1.88    |
|    success_rate    | 1        |
| time/              |          |
|    episodes        | 352      |
|    fps             | 65       |
|    time_elapsed    | 270      |
|    total_timesteps | 17600    |
| train/             |          |
|    actor_loss      | 0.498    |
|    critic_loss     | 0.026    |
|    ent_coef        | 0.00279  |
|    ent_coef_loss   | -1.57    |
|    learning_rate   | 0.001    |
|    n_updates       | 17499    |
---------------------------------
---------------------------------
| rollout/           |          |
|    ep_len_mean     | 50       |
|    ep_rew_mean     | -1.9     |
|    success_rate    | 1        |
| time/              |          |
|    episodes        | 356      |
|    fps             | 65       |
|    time_elapsed    | 273      |
|    total_timesteps | 17800    |
| train/             |          |
|    actor_loss      | 0.636    |
|    critic_loss     | 0.026    |
|    ent_coef        | 0.00273  |
|    ent_coef_loss   | 0.795    |
|    learning_rate   | 0.001    |
|    n_updates       | 17699    |
---------------------------------
---------------------------------
| rollout/           |          |
|    ep_len_mean     | 50       |
|    ep_rew_mean     | -1.89    |
|    success_rate    | 1        |
| time/              |          |
|    episodes        | 360      |
|    fps             | 65       |
|    time_elapsed    | 276      |
|    total_timesteps | 18000    |
| train/             |          |
|    actor_loss      | 0.609    |
|    critic_loss     | 0.028    |
|    ent_coef        | 0.00267  |
|    ent_coef_loss   | -3.48    |
|    learning_rate   | 0.001    |
|    n_updates       | 17899    |
---------------------------------
---------------------------------
| rollout/           |          |
|    ep_len_mean     | 50       |
|    ep_rew_mean     | -1.86    |
|    success_rate    | 1        |
| time/              |          |
|    episodes        | 364      |
|    fps             | 65       |
|    time_elapsed    | 279      |
|    total_timesteps | 18200    |
| train/             |          |
|    actor_loss      | 0.428    |
|    critic_loss     | 0.0376   |
|    ent_coef        | 0.00258  |
|    ent_coef_loss   | -0.83    |
|    learning_rate   | 0.001    |
|    n_updates       | 18099    |
---------------------------------
---------------------------------
| rollout/           |          |
|    ep_len_mean     | 50       |
|    ep_rew_mean     | -1.87    |
|    success_rate    | 1        |
| time/              |          |
|    episodes        | 368      |
|    fps             | 65       |
|    time_elapsed    | 283      |
|    total_timesteps | 18400    |
| train/             |          |
|    actor_loss      | 0.51     |
|    critic_loss     | 0.0327   |
|    ent_coef        | 0.00239  |
|    ent_coef_loss   | -1.79    |
|    learning_rate   | 0.001    |
|    n_updates       | 18299    |
---------------------------------
---------------------------------
| rollout/           |          |
|    ep_len_mean     | 50       |
|    ep_rew_mean     | -1.85    |
|    success_rate    | 1        |
| time/              |          |
|    episodes        | 372      |
|    fps             | 64       |
|    time_elapsed    | 286      |
|    total_timesteps | 18600    |
| train/             |          |
|    actor_loss      | 0.594    |
|    critic_loss     | 0.0378   |
|    ent_coef        | 0.00235  |
|    ent_coef_loss   | 2.22     |
|    learning_rate   | 0.001    |
|    n_updates       | 18499    |
---------------------------------
---------------------------------
| rollout/           |          |
|    ep_len_mean     | 50       |
|    ep_rew_mean     | -1.9     |
|    success_rate    | 1        |
| time/              |          |
|    episodes        | 376      |
|    fps             | 64       |
|    time_elapsed    | 289      |
|    total_timesteps | 18800    |
| train/             |          |
|    actor_loss      | 0.545    |
|    critic_loss     | 0.0341   |
|    ent_coef        | 0.00224  |
|    ent_coef_loss   | -4.15    |
|    learning_rate   | 0.001    |
|    n_updates       | 18699    |
---------------------------------
---------------------------------
| rollout/           |          |
|    ep_len_mean     | 50       |
|    ep_rew_mean     | -1.89    |
|    success_rate    | 1        |
| time/              |          |
|    episodes        | 380      |
|    fps             | 64       |
|    time_elapsed    | 292      |
|    total_timesteps | 19000    |
| train/             |          |
|    actor_loss      | 0.568    |
|    critic_loss     | 0.0228   |
|    ent_coef        | 0.0021   |
|    ent_coef_loss   | -4.24    |
|    learning_rate   | 0.001    |
|    n_updates       | 18899    |
---------------------------------
---------------------------------
| rollout/           |          |
|    ep_len_mean     | 50       |
|    ep_rew_mean     | -1.9     |
|    success_rate    | 1        |
| time/              |          |
|    episodes        | 384      |
|    fps             | 64       |
|    time_elapsed    | 295      |
|    total_timesteps | 19200    |
| train/             |          |
|    actor_loss      | 0.506    |
|    critic_loss     | 0.0245   |
|    ent_coef        | 0.00203  |
|    ent_coef_loss   | 0.873    |
|    learning_rate   | 0.001    |
|    n_updates       | 19099    |
---------------------------------
---------------------------------
| rollout/           |          |
|    ep_len_mean     | 50       |
|    ep_rew_mean     | -1.88    |
|    success_rate    | 1        |
| time/              |          |
|    episodes        | 388      |
|    fps             | 64       |
|    time_elapsed    | 298      |
|    total_timesteps | 19400    |
| train/             |          |
|    actor_loss      | 0.539    |
|    critic_loss     | 0.0305   |
|    ent_coef        | 0.00201  |
|    ent_coef_loss   | -0.432   |
|    learning_rate   | 0.001    |
|    n_updates       | 19299    |
---------------------------------
---------------------------------
| rollout/           |          |
|    ep_len_mean     | 50       |
|    ep_rew_mean     | -1.85    |
|    success_rate    | 1        |
| time/              |          |
|    episodes        | 392      |
|    fps             | 64       |
|    time_elapsed    | 301      |
|    total_timesteps | 19600    |
| train/             |          |
|    actor_loss      | 0.37     |
|    critic_loss     | 0.0274   |
|    ent_coef        | 0.00196  |
|    ent_coef_loss   | -6.39    |
|    learning_rate   | 0.001    |
|    n_updates       | 19499    |
---------------------------------
---------------------------------
| rollout/           |          |
|    ep_len_mean     | 50       |
|    ep_rew_mean     | -1.81    |
|    success_rate    | 1        |
| time/              |          |
|    episodes        | 396      |
|    fps             | 64       |
|    time_elapsed    | 304      |
|    total_timesteps | 19800    |
| train/             |          |
|    actor_loss      | 0.549    |
|    critic_loss     | 0.0313   |
|    ent_coef        | 0.00181  |
|    ent_coef_loss   | -5.2     |
|    learning_rate   | 0.001    |
|    n_updates       | 19699    |
---------------------------------
---------------------------------
| rollout/           |          |
|    ep_len_mean     | 50       |
|    ep_rew_mean     | -1.8     |
|    success_rate    | 1        |
| time/              |          |
|    episodes        | 400      |
|    fps             | 64       |
|    time_elapsed    | 307      |
|    total_timesteps | 20000    |
| train/             |          |
|    actor_loss      | 0.689    |
|    critic_loss     | 0.0304   |
|    ent_coef        | 0.00179  |
|    ent_coef_loss   | 1        |
|    learning_rate   | 0.001    |
|    n_updates       | 19899    |
---------------------------------
success_rate=1.000 over 50 episodes
