AdroitHandRelocateDense-v1, AdroitHandHammerDense-v1, AdroitHandDoorDense-v1 environment's reward functions were updated in v1.2.1 without an environment version update. Therefore, use gymnasium-robotics==1.2.0 for v1 reproducibility or use v2 in gymnasium-robotics>=1.4.3. See https://github.com/Farama-Foundation/Gymnasium-Robotics/pull/220 for more details
Using cpu device
Wrapping the env with a `Monitor` wrapper
Wrapping the env in a DummyVecEnv.
---------------------------------
| rollout/           |          |
|    ep_len_mean     | 50       |
|    ep_rew_mean     | -50      |
|    success_rate    | 0        |
| time/              |          |
|    episodes        | 4        |
|    fps             | 140      |
|    time_elapsed    | 1        |
|    total_timesteps | 200      |
| train/             |          |
|    actor_loss      | -4.54    |
|    critic_loss     | 0.209    |
|    ent_coef        | 0.907    |
|    ent_coef_loss   | -0.66    |
|    learning_rate   | 0.001    |
|    n_updates       | 99       |
---------------------------------
---------------------------------
| rollout/           |          |
|    ep_len_mean     | 50       |
|    ep_rew_mean     | -48.9    |
|    success_rate    | 0        |
| time/              |          |
|    episodes        | 8        |
|    fps             | 98       |
|    time_elapsed    | 4        |
|    total_timesteps | 400      |
| train/             |          |
|    actor_loss      | -4.49    |
|    critic_loss     | 0.215    |
|    ent_coef        | 0.742    |
|    ent_coef_loss   | -2.01    |
|    learning_rate   | 0.001    |
|    n_updates       | 299      |
---------------------------------
---------------------------------
| rollout/           |          |
|    ep_len_mean     | 50       |
|    ep_rew_mean     | -49.2    |
|    success_rate    | 0        |
| time/              |          |
|    episodes        | 12       |
|    fps             | 88       |
|    time_elapsed    | 6        |
|    total_timesteps | 600      |
| train/             |          |
|    actor_loss      | -4.58    |
|    critic_loss     | 0.185    |
|    ent_coef        | 0.608    |
|    ent_coef_loss   | -3.35    |
|    learning_rate   | 0.001    |
|    n_updates       | 499      |
---------------------------------
---------------------------------
| rollout/           |          |
|    ep_len_mean     | 50       |
|    ep_rew_mean     | -48.9    |
|    success_rate    | 0        |
| time/              |          |
|    episodes        | 16       |
|    fps             | 86       |
|    time_elapsed    | 9        |
|    total_timesteps | 800      |
| train/             |          |
|    actor_loss      | -4.47    |
|    critic_loss     | 0.192    |
|    ent_coef        | 0.498    |
|    ent_coef_loss   | -4.69    |
|    learning_rate   | 0.001    |
|    n_updates       | 699      |
---------------------------------
---------------------------------
| rollout/           |          |
|    ep_len_mean     | 50       |
|    ep_rew_mean     | -48.6    |
|    success_rate    | 0        |
| time/              |          |
|    episodes        | 20       |
|    fps             | 83       |
|    time_elapsed    | 12       |
|    total_timesteps | 1000     |
| train/             |          |
|    actor_loss      | -4.19    |
|    critic_loss     | 0.154    |
|    ent_coef        | 0.407    |
|    ent_coef_loss   | -6.04    |
|    learning_rate   | 0.001    |
|    n_updates       | 899      |
---------------------------------
---------------------------------
| rollout/           |          |
|    ep_len_mean     | 50       |
|    ep_rew_mean     | -48.9    |
|    success_rate    | 0        |
| time/              |          |
|    episodes        | 24       |
|    fps             | 82       |
|    time_elapsed    | 14       |
|    total_timesteps | 1200     |
| train/             |          |
|    actor_loss      | -3.84    |
|    critic_loss     | 0.19     |
|    ent_coef        | 0.334    |
|    ent_coef_loss   | -7.38    |
|    learning_rate   | 0.001    |
|    n_updates       | 1099     |
---------------------------------
---------------------------------
| rollout/           |          |
|    ep_len_mean     | 50       |
|    ep_rew_mean     | -48.7    |
|    success_rate    | 0        |
| time/              |          |
|    episodes        | 28       |
|    fps             | 81       |
|    time_elapsed    | 17       |
|    total_timesteps | 1400     |
| train/             |          |
|    actor_loss      | -3.36    |
|    critic_loss     | 0.175    |
|    ent_coef        | 0.273    |
|    ent_coef_loss   | -8.78    |
|    learning_rate   | 0.001    |
|    n_updates       | 1299     |
---------------------------------
---------------------------------
| rollout/           |          |
|    ep_len_mean     | 50       |
|    ep_rew_mean     | -48.8    |
|    success_rate    | 0        |
| time/              |          |
|    episodes        | 32       |
|    fps             | 80       |
|    time_elapsed    | 19       |
|    total_timesteps | 1600     |
| train/             |          |
|    actor_loss      | -2.85    |
|    critic_loss     | 0.19     |
|    ent_coef        | 0.224    |
|    ent_coef_loss   | -10.1    |
|    learning_rate   | 0.001    |
|    n_updates       | 1499     |
---------------------------------
---------------------------------
| rollout/           |          |
|    ep_len_mean     | 50       |
|    ep_rew_mean     | -48.8    |
|    success_rate    | 0        |
| time/              |          |
|    episodes        | 36       |
|    fps             | 80       |
|    time_elapsed    | 22       |
|    total_timesteps | 1800     |
| train/             |          |
|    actor_loss      | -2.46    |
|    critic_loss     | 0.146    |
|    ent_coef        | 0.183    |
|    ent_coef_loss   | -11.4    |
|    learning_rate   | 0.001    |
|    n_updates       | 1699     |
---------------------------------
---------------------------------
| rollout/           |          |
|    ep_len_mean     | 50       |
|    ep_rew_mean     | -48.9    |
|    success_rate    | 0        |
| time/              |          |
|    episodes        | 40       |
|    fps             | 79       |
|    time_elapsed    | 25       |
|    total_timesteps | 2000     |
| train/             |          |
|    actor_loss      | -1.9     |
|    critic_loss     | 0.144    |
|    ent_coef        | 0.15     |
|    ent_coef_loss   | -12.6    |
|    learning_rate   | 0.001    |
|    n_updates       | 1899     |
---------------------------------
---------------------------------
| rollout/           |          |
|    ep_len_mean     | 50       |
|    ep_rew_mean     | -48.9    |
|    success_rate    | 0        |
| time/              |          |
|    episodes        | 44       |
|    fps             | 79       |
|    time_elapsed    | 27       |
|    total_timesteps | 2200     |
| train/             |          |
|    actor_loss      | -1.18    |
|    critic_loss     | 0.13     |
|    ent_coef        | 0.124    |
|    ent_coef_loss   | -13.6    |
|    learning_rate   | 0.001    |
|    n_updates       | 2099     |
---------------------------------
---------------------------------
| rollout/           |          |
|    ep_len_mean     | 50       |
|    ep_rew_mean     | -49      |
|    success_rate    | 0        |
| time/              |          |
|    episodes        | 48       |
|    fps             | 78       |
|    time_elapsed    | 30       |
|    total_timesteps | 2400     |
| train/             |          |
|    actor_loss      | -0.663   |
|    critic_loss     | 0.126    |
|    ent_coef        | 0.102    |
|    ent_coef_loss   | -14.6    |
|    learning_rate   | 0.001    |
|    n_updates       | 2299     |
---------------------------------
---------------------------------
| rollout/           |          |
|    ep_len_mean     | 50       |
|    ep_rew_mean     | -48.9    |
|    success_rate    | 0        |
| time/              |          |
|    episodes        | 52       |
|    fps             | 77       |
|    time_elapsed    | 33       |
|    total_timesteps | 2600     |
| train/             |          |
|    actor_loss      | -0.101   |
|    critic_loss     | 0.119    |
|    ent_coef        | 0.0847   |
|    ent_coef_loss   | -14.6    |
|    learning_rate   | 0.001    |
|    n_updates       | 2499     |
---------------------------------
---------------------------------
| rollout/           |          |
|    ep_len_mean     | 50       |
|    ep_rew_mean     | -48.9    |
|    success_rate    | 0        |
| time/              |          |
|    episodes        | 56       |
|    fps             | 77       |
|    time_elapsed    | 35       |
|    total_timesteps | 2800     |
| train/             |          |
|    actor_loss      | 0.481    |
|    critic_loss     | 0.106    |
|    ent_coef        | 0.0706   |
|    ent_coef_loss   | -14.1    |
|    learning_rate   | 0.001    |
|    n_updates       | 2699     |
---------------------------------
---------------------------------
| rollout/           |          |
|    ep_len_mean     | 50       |
|    ep_rew_mean     | -49      |
|    success_rate    | 0        |
| time/              |          |
|    episodes        | 60       |
|    fps             | 77       |
|    time_elapsed    | 38       |
|    total_timesteps | 3000     |
| train/             |          |
|    actor_loss      | 1.38     |
|    critic_loss     | 0.196    |
|    ent_coef        | 0.0593   |
|    ent_coef_loss   | -16      |
|    learning_rate   | 0.001    |
|    n_updates       | 2899     |
---------------------------------
---------------------------------
| rollout/           |          |
|    ep_len_mean     | 50       |
|    ep_rew_mean     | -49      |
|    success_rate    | 0        |
| time/              |          |
|    episodes        | 64       |
|    fps             | 77       |
|    time_elapsed    | 41       |
|    total_timesteps | 3200     |
| train/             |          |
|    actor_loss      | 1.67     |
|    critic_loss     | 0.32     |
|    ent_coef        | 0.05     |
|    ent_coef_loss   | -15.3    |
|    learning_rate   | 0.001    |
|    n_updates       | 3099     |
---------------------------------
---------------------------------
| rollout/           |          |
|    ep_len_mean     | 50       |
|    ep_rew_mean     | -49.1    |
|    success_rate    | 0        |
| time/              |          |
|    episodes        | 68       |
|    fps             | 77       |
|    time_elapsed    | 43       |
|    total_timesteps | 3400     |
| train/             |          |
|    actor_loss      | 1.91     |
|    critic_loss     | 0.264    |
|    ent_coef        | 0.0421   |
|    ent_coef_loss   | -17.4    |
|    learning_rate   | 0.001    |
|    n_updates       | 3299     |
---------------------------------
---------------------------------
| rollout/           |          |
|    ep_len_mean     | 50       |
|    ep_rew_mean     | -49      |
|    success_rate    | 0        |
| time/              |          |
|    episodes        | 72       |
|    fps             | 77       |
|    time_elapsed    | 46       |
|    total_timesteps | 3600     |
| train/             |          |
|    actor_loss      | 2.42     |
|    critic_loss     | 0.275    |
|    ent_coef        | 0.0358   |
|    ent_coef_loss   | -13.6    |
|    learning_rate   | 0.001    |
|    n_updates       | 3499     |
---------------------------------
---------------------------------
| rollout/           |          |
|    ep_len_mean     | 50       |
|    ep_rew_mean     | -49      |
|    success_rate    | 0        |
| time/              |          |
|    episodes        | 76       |
|    fps             | 78       |
|    time_elapsed    | 48       |
|    total_timesteps | 3800     |
| train/             |          |
|    actor_loss      | 2.84     |
|    critic_loss     | 0.201    |
|    ent_coef        | 0.0307   |
|    ent_coef_loss   | -13.8    |
|    learning_rate   | 0.001    |
|    n_updates       | 3699     |
---------------------------------
---------------------------------
| rollout/           |          |
|    ep_len_mean     | 50       |
|    ep_rew_mean     | -48.8    |
|    success_rate    | 0        |
| time/              |          |
|    episodes        | 80       |
|    fps             | 78       |
|    time_elapsed    | 51       |
|    total_timesteps | 4000     |
| train/             |          |
|    actor_loss      | 2.91     |
|    critic_loss     | 0.21     |
|    ent_coef        | 0.0266   |
|    ent_coef_loss   | -12.6    |
|    learning_rate   | 0.001    |
|    n_updates       | 3899     |
---------------------------------
---------------------------------
| rollout/           |          |
|    ep_len_mean     | 50       |
|    ep_rew_mean     | -48.1    |
|    success_rate    | 0.0238   |
| time/              |          |
|    episodes        | 84       |
|    fps             | 78       |
|    time_elapsed    | 53       |
|    total_timesteps | 4200     |
| train/             |          |
|    actor_loss      | 3.08     |
|    critic_loss     | 0.517    |
|    ent_coef        | 0.0234   |
|    ent_coef_loss   | -11.5    |
|    learning_rate   | 0.001    |
|    n_updates       | 4099     |
---------------------------------
---------------------------------
| rollout/           |          |
|    ep_len_mean     | 50       |
|    ep_rew_mean     | -47.3    |
|    success_rate    | 0.0455   |
| time/              |          |
|    episodes        | 88       |
|    fps             | 78       |
|    time_elapsed    | 56       |
|    total_timesteps | 4400     |
| train/             |          |
|    actor_loss      | 2.92     |
|    critic_loss     | 0.22     |
|    ent_coef        | 0.0207   |
|    ent_coef_loss   | -9.29    |
|    learning_rate   | 0.001    |
|    n_updates       | 4299     |
---------------------------------
---------------------------------
| rollout/           |          |
|    ep_len_mean     | 50       |
|    ep_rew_mean     | -46.4    |
|    success_rate    | 0.0652   |
| time/              |          |
|    episodes        | 92       |
|    fps             | 78       |
|    time_elapsed    | 58       |
|    total_timesteps | 4600     |
| train/             |          |
|    actor_loss      | 3.64     |
|    critic_loss     | 0.227    |
|    ent_coef        | 0.0185   |
|    ent_coef_loss   | -10.6    |
|    learning_rate   | 0.001    |
|    n_updates       | 4499     |
---------------------------------
---------------------------------
| rollout/           |          |
|    ep_len_mean     | 50       |
|    ep_rew_mean     | -45.2    |
|    success_rate    | 0.0833   |
| time/              |          |
|    episodes        | 96       |
|    fps             | 78       |
|    time_elapsed    | 61       |
|    total_timesteps | 4800     |
| train/             |          |
|    actor_loss      | 3.71     |
|    critic_loss     | 0.217    |
|    ent_coef        | 0.0166   |
|    ent_coef_loss   | -5.56    |
|    learning_rate   | 0.001    |
|    n_updates       | 4699     |
---------------------------------
---------------------------------
| rollout/           |          |
|    ep_len_mean     | 50       |
|    ep_rew_mean     | -44.2    |
|    success_rate    | 0.12     |
| time/              |          |
|    episodes        | 100      |
|    fps             | 78       |
|    time_elapsed    | 64       |
|    total_timesteps | 5000     |
| train/             |          |
|    actor_loss      | 2.95     |
|    critic_loss     | 0.139    |
|    ent_coef        | 0.015    |
|    ent_coef_loss   | -7.96    |
|    learning_rate   | 0.001    |
|    n_updates       | 4899     |
---------------------------------
---------------------------------
| rollout/           |          |
|    ep_len_mean     | 50       |
|    ep_rew_mean     | -42.8    |
|    success_rate    | 0.16     |
| time/              |          |
|    episodes        | 104      |
|    fps             | 78       |
|    time_elapsed    | 66       |
|    total_timesteps | 5200     |
| train/             |          |
|    actor_loss      | 3.08     |
|    critic_loss     | 0.104    |
|    ent_coef        | 0.0138   |
|    ent_coef_loss   | -5.61    |
|    learning_rate   | 0.001    |
|    n_updates       | 5099     |
---------------------------------
---------------------------------
| rollout/           |          |
|    ep_len_mean     | 50       |
|    ep_rew_mean     | -41.2    |
|    success_rate    | 0.2      |
| time/              |          |
|    episodes        | 108      |
|    fps             | 78       |
|    time_elapsed    | 69       |
|    total_timesteps | 5400     |
| train/             |          |
|    actor_loss      | 2.98     |
|    critic_loss     | 0.105    |
|    ent_coef        | 0.0129   |
|    ent_coef_loss   | -5.15    |
|    learning_rate   | 0.001    |
|    n_updates       | 5299     |
---------------------------------
---------------------------------
| rollout/           |          |
|    ep_len_mean     | 50       |
|    ep_rew_mean     | -39.3    |
|    success_rate    | 0.24     |
| time/              |          |
|    episodes        | 112      |
|    fps             | 78       |
|    time_elapsed    | 71       |
|    total_timesteps | 5600     |
| train/             |          |
|    actor_loss      | 3        |
|    critic_loss     | 0.0849   |
|    ent_coef        | 0.0124   |
|    ent_coef_loss   | -1.07    |
|    learning_rate   | 0.001    |
|    n_updates       | 5499     |
---------------------------------
---------------------------------
| rollout/           |          |
|    ep_len_mean     | 50       |
|    ep_rew_mean     | -37.5    |
|    success_rate    | 0.28     |
| time/              |          |
|    episodes        | 116      |
|    fps             | 77       |
|    time_elapsed    | 74       |
|    total_timesteps | 5800     |
| train/             |          |
|    actor_loss      | 2.59     |
|    critic_loss     | 0.0566   |
|    ent_coef        | 0.0121   |
|    ent_coef_loss   | 0.515    |
|    learning_rate   | 0.001    |
|    n_updates       | 5699     |
---------------------------------
---------------------------------
| rollout/           |          |
|    ep_len_mean     | 50       |
|    ep_rew_mean     | -35.7    |
|    success_rate    | 0.32     |
| time/              |          |
|    episodes        | 120      |
|    fps             | 77       |
|    time_elapsed    | 77       |
|    total_timesteps | 6000     |
| train/             |          |
|    actor_loss      | 2.3      |
|    critic_loss     | 0.0673   |
|    ent_coef        | 0.0121   |
|    ent_coef_loss   | 0.245    |
|    learning_rate   | 0.001    |
|    n_updates       | 5899     |
---------------------------------
---------------------------------
| rollout/           |          |
|    ep_len_mean     | 50       |
|    ep_rew_mean     | -33.8    |
|    success_rate    | 0.36     |
| time/              |          |
|    episodes        | 124      |
|    fps             | 77       |
|    time_elapsed    | 79       |
|    total_timesteps | 6200     |
| train/             |          |
|    actor_loss      | 2.13     |
|    critic_loss     | 0.0595   |
|    ent_coef        | 0.0121   |
|    ent_coef_loss   | -1.38    |
|    learning_rate   | 0.001    |
|    n_updates       | 6099     |
---------------------------------
---------------------------------
| rollout/           |          |
|    ep_len_mean     | 50       |
|    ep_rew_mean     | -31.9    |
|    success_rate    | 0.4      |
| time/              |          |
|    episodes        | 128      |
|    fps             | 77       |
|    time_elapsed    | 82       |
|    total_timesteps | 6400     |
| train/             |          |
|    actor_loss      | 2.34     |
|    critic_loss     | 0.0459   |
|    ent_coef        | 0.012    |
|    ent_coef_loss   | 0.0721   |
|    learning_rate   | 0.001    |
|    n_updates       | 6299     |
---------------------------------
---------------------------------
| rollout/           |          |
|    ep_len_mean     | 50       |
|    ep_rew_mean     | -30      |
|    success_rate    | 0.44     |
| time/              |          |
|    episodes        | 132      |
|    fps             | 77       |
|    time_elapsed    | 84       |
|    total_timesteps | 6600     |
| train/             |          |
|    actor_loss      | 1.96     |
|    critic_loss     | 0.0499   |
|    ent_coef        | 0.0118   |
|    ent_coef_loss   | -0.33    |
|    learning_rate   | 0.001    |
|    n_updates       | 6499     |
---------------------------------
---------------------------------
| rollout/           |          |
|    ep_len_mean     | 50       |
|    ep_rew_mean     | -28.1    |
|    success_rate    | 0.48     |
| time/              |          |
|    episodes        | 136      |
|    fps             | 77       |
|    time_elapsed    | 87       |
|    total_timesteps | 6800     |
| train/             |          |
|    actor_loss      | 1.95     |
|    critic_loss     | 0.0404   |
|    ent_coef        | 0.0114   |
|    ent_coef_loss   | -1.1     |
|    learning_rate   | 0.001    |
|    n_updates       | 6699     |
---------------------------------
---------------------------------
| rollout/           |          |
|    ep_len_mean     | 50       |
|    ep_rew_mean     | -26.2    |
|    success_rate    | 0.52     |
| time/              |          |
|    episodes        | 140      |
|    fps             | 77       |
|    time_elapsed    | 90       |
|    total_timesteps | 7000     |
| train/             |          |
|    actor_loss      | 1.6      |
|    critic_loss     | 0.0383   |
|    ent_coef        | 0.0108   |
|    ent_coef_loss   | -2.36    |
|    learning_rate   | 0.001    |
|    n_updates       | 6899     |
---------------------------------
---------------------------------
| rollout/           |          |
|    ep_len_mean     | 50       |
|    ep_rew_mean     | -24.3    |
|    success_rate    | 0.56     |
| time/              |          |
|    episodes        | 144      |
|    fps             | 77       |
|    time_elapsed    | 92       |
|    total_timesteps | 7200     |
| train/             |          |
|    actor_loss      | 1.61     |
|    critic_loss     | 0.0365   |
|    ent_coef        | 0.0101   |
|    ent_coef_loss   | -2.78    |
|    learning_rate   | 0.001    |
|    n_updates       | 7099     |
---------------------------------
---------------------------------
| rollout/           |          |
|    ep_len_mean     | 50       |
|    ep_rew_mean     | -22.4    |
|    success_rate    | 0.6      |
| time/              |          |
|    episodes        | 148      |
|    fps             | 77       |
|    time_elapsed    | 95       |
|    total_timesteps | 7400     |
| train/             |          |
|    actor_loss      | 1.74     |
|    critic_loss     | 0.0383   |
|    ent_coef        | 0.00936  |
|    ent_coef_loss   | -0.172   |
|    learning_rate   | 0.001    |
|    n_updates       | 7299     |
---------------------------------
---------------------------------
| rollout/           |          |
|    ep_len_mean     | 50       |
|    ep_rew_mean     | -20.5    |
|    success_rate    | 0.64     |
| time/              |          |
|    episodes        | 152      |
|    fps             | 77       |
|    time_elapsed    | 98       |
|    total_timesteps | 7600     |
| train/             |          |
|    actor_loss      | 1.52     |
|    critic_loss     | 0.0334   |
|    ent_coef        | 0.00862  |
|    ent_coef_loss   | -3.6     |
|    learning_rate   | 0.001    |
|    n_updates       | 7499     |
---------------------------------
---------------------------------
| rollout/           |          |
|    ep_len_mean     | 50       |
|    ep_rew_mean     | -18.6    |
|    success_rate    | 0.68     |
| time/              |          |
|    episodes        | 156      |
|    fps             | 77       |
|    time_elapsed    | 100      |
|    total_timesteps | 7800     |
| train/             |          |
|    actor_loss      | 1.53     |
|    critic_loss     | 0.0364   |
|    ent_coef        | 0.00794  |
|    ent_coef_loss   | -1.6     |
|    learning_rate   | 0.001    |
|    n_updates       | 7699     |
---------------------------------
---------------------------------
| rollout/           |          |
|    ep_len_mean     | 50       |
|    ep_rew_mean     | -16.7    |
|    success_rate    | 0.72     |
| time/              |          |
|    episodes        | 160      |
|    fps             | 77       |
|    time_elapsed    | 103      |
|    total_timesteps | 8000     |
| train/             |          |
|    actor_loss      | 1.52     |
|    critic_loss     | 0.033    |
|    ent_coef        | 0.00724  |
|    ent_coef_loss   | -2       |
|    learning_rate   | 0.001    |
|    n_updates       | 7899     |
---------------------------------
---------------------------------
| rollout/           |          |
|    ep_len_mean     | 50       |
|    ep_rew_mean     | -14.8    |
|    success_rate    | 0.76     |
| time/              |          |
|    episodes        | 164      |
|    fps             | 77       |
|    time_elapsed    | 106      |
|    total_timesteps | 8200     |
| train/             |          |
|    actor_loss      | 1.56     |
|    critic_loss     | 0.0459   |
|    ent_coef        | 0.00674  |
|    ent_coef_loss   | -0.539   |
|    learning_rate   | 0.001    |
|    n_updates       | 8099     |
---------------------------------
---------------------------------
| rollout/           |          |
|    ep_len_mean     | 50       |
|    ep_rew_mean     | -12.8    |
|    success_rate    | 0.8      |
| time/              |          |
|    episodes        | 168      |
|    fps             | 77       |
|    time_elapsed    | 108      |
|    total_timesteps | 8400     |
| train/             |          |
|    actor_loss      | 1.18     |
|    critic_loss     | 0.0396   |
|    ent_coef        | 0.0062   |
|    ent_coef_loss   | -4.56    |
|    learning_rate   | 0.001    |
|    n_updates       | 8299     |
---------------------------------
---------------------------------
| rollout/           |          |
|    ep_len_mean     | 50       |
|    ep_rew_mean     | -11      |
|    success_rate    | 0.84     |
| time/              |          |
|    episodes        | 172      |
|    fps             | 77       |
|    time_elapsed    | 111      |
|    total_timesteps | 8600     |
| train/             |          |
|    actor_loss      | 1.33     |
|    critic_loss     | 0.0249   |
|    ent_coef        | 0.00553  |
|    ent_coef_loss   | -2.57    |
|    learning_rate   | 0.001    |
|    n_updates       | 8499     |
---------------------------------
---------------------------------
| rollout/           |          |
|    ep_len_mean     | 50       |
|    ep_rew_mean     | -9.12    |
|    success_rate    | 0.88     |
| time/              |          |
|    episodes        | 176      |
|    fps             | 77       |
|    time_elapsed    | 114      |
|    total_timesteps | 8800     |
| train/             |          |
|    actor_loss      | 1.27     |
|    critic_loss     | 0.0369   |
|    ent_coef        | 0.00518  |
|    ent_coef_loss   | -2.31    |
|    learning_rate   | 0.001    |
|    n_updates       | 8699     |
---------------------------------
---------------------------------
| rollout/           |          |
|    ep_len_mean     | 50       |
|    ep_rew_mean     | -7.34    |
|    success_rate    | 0.92     |
| time/              |          |
|    episodes        | 180      |
|    fps             | 77       |
|    time_elapsed    | 116      |
|    total_timesteps | 9000     |
| train/             |          |
|    actor_loss      | 1.1      |
|    critic_loss     | 0.029    |
|    ent_coef        | 0.00474  |
|    ent_coef_loss   | -2.16    |
|    learning_rate   | 0.001    |
|    n_updates       | 8899     |
---------------------------------
---------------------------------
| rollout/           |          |
|    ep_len_mean     | 50       |
|    ep_rew_mean     | -6.04    |
|    success_rate    | 0.94     |
| time/              |          |
|    episodes        | 184      |
|    fps             | 77       |
|    time_elapsed    | 119      |
|    total_timesteps | 9200     |
| train/             |          |
|    actor_loss      | 1.06     |
|    critic_loss     | 0.0356   |
|    ent_coef        | 0.00437  |
|    ent_coef_loss   | -3.31    |
|    learning_rate   | 0.001    |
|    n_updates       | 9099     |
---------------------------------
---------------------------------
| rollout/           |          |
|    ep_len_mean     | 50       |
|    ep_rew_mean     | -4.92    |
|    success_rate    | 0.96     |
| time/              |          |
|    episodes        | 188      |
|    fps             | 77       |
|    time_elapsed    | 121      |
|    total_timesteps | 9400     |
| train/             |          |
|    actor_loss      | 1.1      |
|    critic_loss     | 0.0309   |
|    ent_coef        | 0.00401  |
|    ent_coef_loss   | -0.0422  |
|    learning_rate   | 0.001    |
|    n_updates       | 9299     |
---------------------------------
---------------------------------
| rollout/           |          |
|    ep_len_mean     | 50       |
|    ep_rew_mean     | -3.93    |
|    success_rate    | 0.98     |
| time/              |          |
|    episodes        | 192      |
|    fps             | 77       |
|    time_elapsed    | 124      |
|    total_timesteps | 9600     |
| train/             |          |
|    actor_loss      | 0.966    |
|    critic_loss     | 0.0202   |
|    ent_coef        | 0.00364  |
|    ent_coef_loss   | -2.38    |
|    learning_rate   | 0.001    |
|    n_updates       | 9499     |
---------------------------------
---------------------------------
| rollout/           |          |
|    ep_len_mean     | 50       |
|    ep_rew_mean     | -3.27    |
|    success_rate    | 1        |
| time/              |          |
|    episodes        | 196      |
|    fps             | 77       |
|    time_elapsed    | 127      |
|    total_timesteps | 9800     |
| train/             |          |
|    actor_loss      | 0.984    |
|    critic_loss     | 0.0198   |
|    ent_coef        | 0.00337  |
|    ent_coef_loss   | -0.038   |
|    learning_rate   | 0.001    |
|    n_updates       | 9699     |
---------------------------------
---------------------------------
| rollout/           |          |
|    ep_len_mean     | 50       |
|    ep_rew_mean     | -2.56    |
|    success_rate    | 1        |
| time/              |          |
|    episodes        | 200      |
|    fps             | 77       |
|    time_elapsed    | 129      |
|    total_timesteps | 10000    |
| train/             |          |
|    actor_loss      | 1.06     |
|    critic_loss     | 0.015    |
|    ent_coef        | 0.00325  |
|    ent_coef_loss   | -2.65    |
|    learning_rate   | 0.001    |
|    n_updates       | 9899     |
---------------------------------
---------------------------------
| rollout/           |          |
|    ep_len_mean     | 50       |
|    ep_rew_mean     | -2.04    |
|    success_rate    | 1        |
| time/              |          |
|    episodes        | 204      |
|    fps             | 77       |
|    time_elapsed    | 132      |
|    total_timesteps | 10200    |
| train/             |          |
|    actor_loss      | 1        |
|    critic_loss     | 0.0238   |
|    ent_coef        | 0.00295  |
|    ent_coef_loss   | 0.816    |
|    learning_rate   | 0.001    |
|    n_updates       | 10099    |
---------------------------------
---------------------------------
| rollout/           |          |
|    ep_len_mean     | 50       |
|    ep_rew_mean     | -1.72    |
|    success_rate    | 1        |
| time/              |          |
|    episodes        | 208      |
|    fps             | 76       |
|    time_elapsed    | 135      |
|    total_timesteps | 10400    |
| train/             |          |
|    actor_loss      | 0.823    |
|    critic_loss     | 0.0255   |
|    ent_coef        | 0.00294  |
|    ent_coef_loss   | -2.54    |
|    learning_rate   | 0.001    |
|    n_updates       | 10299    |
---------------------------------
---------------------------------
| rollout/           |          |
|    ep_len_mean     | 50       |
|    ep_rew_mean     | -1.69    |
|    success_rate    | 1        |
| time/              |          |
|    episodes        | 212      |
|    fps             | 76       |
|    time_elapsed    | 137      |
|    total_timesteps | 10600    |
| train/             |          |
|    actor_loss      | 0.969    |
|    critic_loss     | 0.0195   |
|    ent_coef        | 0.00272  |
|    ent_coef_loss   | 0.563    |
|    learning_rate   | 0.001    |
|    n_updates       | 10499    |
---------------------------------
---------------------------------
| rollout/           |          |
|    ep_len_mean     | 50       |
|    ep_rew_mean     | -1.71    |
|    success_rate    | 1        |
| time/              |          |
|    episodes        | 216      |
|    fps             | 76       |
|    time_elapsed    | 140      |
|    total_timesteps | 10800    |
| train/             |          |
|    actor_loss      | 0.838    |
|    critic_loss     | 0.0163   |
|    ent_coef        | 0.00227  |
|    ent_coef_loss   | -2.61    |
|    learning_rate   | 0.001    |
|    n_updates       | 10699    |
---------------------------------
---------------------------------
| rollout/           |          |
|    ep_len_mean     | 50       |
|    ep_rew_mean     | -2.12    |
|    success_rate    | 0.99     |
| time/              |          |
|    episodes        | 220      |
|    fps             | 76       |
|    time_elapsed    | 142      |
|    total_timesteps | 11000    |
| train/             |          |
|    actor_loss      | 1.12     |
|    critic_loss     | 0.0463   |
|    ent_coef        | 0.00274  |
|    ent_coef_loss   | 4.39     |
|    learning_rate   | 0.001    |
|    n_updates       | 10899    |
---------------------------------
---------------------------------
| rollout/           |          |
|    ep_len_mean     | 50       |
|    ep_rew_mean     | -2.1     |
|    success_rate    | 0.99     |
| time/              |          |
|    episodes        | 224      |
|    fps             | 76       |
|    time_elapsed    | 145      |
|    total_timesteps | 11200    |
| train/             |          |
|    actor_loss      | 0.861    |
|    critic_loss     | 0.0199   |
|    ent_coef        | 0.0027   |
|    ent_coef_loss   | -2.35    |
|    learning_rate   | 0.001    |
|    n_updates       | 11099    |
---------------------------------
---------------------------------
| rollout/           |          |
|    ep_len_mean     | 50       |
|    ep_rew_mean     | -2.09    |
|    success_rate    | 0.99     |
| time/              |          |
|    episodes        | 228      |
|    fps             | 76       |
|    time_elapsed    | 148      |
|    total_timesteps | 11400    |
| train/             |          |
|    actor_loss      | 0.663    |
|    critic_loss     | 0.0195   |
|    ent_coef        | 0.00235  |
|    ent_coef_loss   | -6.32    |
|    learning_rate   | 0.001    |
|    n_updates       | 11299    |
---------------------------------
---------------------------------
| rollout/           |          |
|    ep_len_mean     | 50       |
|    ep_rew_mean     | -2.1     |
|    success_rate    | 0.99     |
| time/              |          |
|    episodes        | 232      |
|    fps             | 76       |
|    time_elapsed    | 151      |
|    total_timesteps | 11600    |
| train/             |          |
|    actor_loss      | 0.617    |
|    critic_loss     | 0.0167   |
|    ent_coef        | 0.00209  |
|    ent_coef_loss   | -3.51    |
|    learning_rate   | 0.001    |
|    n_updates       | 11499    |
---------------------------------
---------------------------------
| rollout/           |          |
|    ep_len_mean     | 50       |
|    ep_rew_mean     | -2.06    |
|    success_rate    | 0.99     |
| time/              |          |
|    episodes        | 236      |
|    fps             | 76       |
|    time_elapsed    | 153      |
|    total_timesteps | 11800    |
| train/             |          |
|    actor_loss      | 0.867    |
|    critic_loss     | 0.0197   |
|    ent_coef        | 0.0018   |
|    ent_coef_loss   | -1.08    |
|    learning_rate   | 0.001    |
|    n_updates       | 11699    |
---------------------------------
---------------------------------
| rollout/           |          |
|    ep_len_mean     | 50       |
|    ep_rew_mean     | -2.01    |
|    success_rate    | 0.99     |
| time/              |          |
|    episodes        | 240      |
|    fps             | 76       |
|    time_elapsed    | 156      |
|    total_timesteps | 12000    |
| train/             |          |
|    actor_loss      | 0.585    |
|    critic_loss     | 0.0168   |
|    ent_coef        | 0.00166  |
|    ent_coef_loss   | -4.97    |
|    learning_rate   | 0.001    |
|    n_updates       | 11899    |
---------------------------------
---------------------------------
| rollout/           |          |
|    ep_len_mean     | 50       |
|    ep_rew_mean     | -1.97    |
|    success_rate    | 0.99     |
| time/              |          |
|    episodes        | 244      |
|    fps             | 76       |
|    time_elapsed    | 159      |
|    total_timesteps | 12200    |
| train/             |          |
|    actor_loss      | 0.621    |
|    critic_loss     | 0.0142   |
|    ent_coef        | 0.00154  |
|    ent_coef_loss   | -5.37    |
|    learning_rate   | 0.001    |
|    n_updates       | 12099    |
---------------------------------
---------------------------------
| rollout/           |          |
|    ep_len_mean     | 50       |
|    ep_rew_mean     | -1.96    |
|    success_rate    | 0.99     |
| time/              |          |
|    episodes        | 248      |
|    fps             | 76       |
|    time_elapsed    | 161      |
|    total_timesteps | 12400    |
| train/             |          |
|    actor_loss      | 0.587    |
|    critic_loss     | 0.0206   |
|    ent_coef        | 0.00155  |
|    ent_coef_loss   | -1.16    |
|    learning_rate   | 0.001    |
|    n_updates       | 12299    |
---------------------------------
---------------------------------
| rollout/           |          |
|    ep_len_mean     | 50       |
|    ep_rew_mean     | -1.94    |
|    success_rate    | 0.99     |
| time/              |          |
|    episodes        | 252      |
|    fps             | 76       |
|    time_elapsed    | 164      |
|    total_timesteps | 12600    |
| train/             |          |
|    actor_loss      | 0.61     |
|    critic_loss     | 0.0209   |
|    ent_coef        | 0.00136  |
|    ent_coef_loss   | -4.25    |
|    learning_rate   | 0.001    |
|    n_updates       | 12499    |
---------------------------------
---------------------------------
| rollout/           |          |
|    ep_len_mean     | 50       |
|    ep_rew_mean     | -2.8     |
|    success_rate    | 0.97     |
| time/              |          |
|    episodes        | 256      |
|    fps             | 76       |
|    time_elapsed    | 167      |
|    total_timesteps | 12800    |
| train/             |          |
|    actor_loss      | 1.53     |
|    critic_loss     | 0.139    |
|    ent_coef        | 0.00199  |
|    ent_coef_loss   | -25.1    |
|    learning_rate   | 0.001    |
|    n_updates       | 12699    |
---------------------------------
---------------------------------
| rollout/           |          |
|    ep_len_mean     | 50       |
|    ep_rew_mean     | -3.51    |
|    success_rate    | 0.97     |
| time/              |          |
|    episodes        | 260      |
|    fps             | 76       |
|    time_elapsed    | 169      |
|    total_timesteps | 13000    |
| train/             |          |
|    actor_loss      | 0.707    |
|    critic_loss     | 0.0323   |
|    ent_coef        | 0.00202  |
|    ent_coef_loss   | 0.0976   |
|    learning_rate   | 0.001    |
|    n_updates       | 12899    |
---------------------------------
---------------------------------
| rollout/           |          |
|    ep_len_mean     | 50       |
|    ep_rew_mean     | -3.5     |
|    success_rate    | 0.97     |
| time/              |          |
|    episodes        | 264      |
|    fps             | 76       |
|    time_elapsed    | 172      |
|    total_timesteps | 13200    |
| train/             |          |
|    actor_loss      | 0.534    |
|    critic_loss     | 0.0156   |
|    ent_coef        | 0.00218  |
|    ent_coef_loss   | -2.23    |
|    learning_rate   | 0.001    |
|    n_updates       | 13099    |
---------------------------------
---------------------------------
| rollout/           |          |
|    ep_len_mean     | 50       |
|    ep_rew_mean     | -3.53    |
|    success_rate    | 0.97     |
| time/              |          |
|    episodes        | 268      |
|    fps             | 76       |
|    time_elapsed    | 175      |
|    total_timesteps | 13400    |
| train/             |          |
|    actor_loss      | 0.679    |
|    critic_loss     | 0.0171   |
|    ent_coef        | 0.00217  |
|    ent_coef_loss   | -2.96    |
|    learning_rate   | 0.001    |
|    n_updates       | 13299    |
---------------------------------
---------------------------------
| rollout/           |          |
|    ep_len_mean     | 50       |
|    ep_rew_mean     | -3.53    |
|    success_rate    | 0.97     |
| time/              |          |
|    episodes        | 272      |
|    fps             | 76       |
|    time_elapsed    | 178      |
|    total_timesteps | 13600    |
| train/             |          |
|    actor_loss      | 0.6      |
|    critic_loss     | 0.0122   |
|    ent_coef        | 0.00206  |
|    ent_coef_loss   | -3.81    |
|    learning_rate   | 0.001    |
|    n_updates       | 13499    |
---------------------------------
---------------------------------
| rollout/           |          |
|    ep_len_mean     | 50       |
|    ep_rew_mean     | -3.56    |
|    success_rate    | 0.97     |
| time/              |          |
|    episodes        | 276      |
|    fps             | 76       |
|    time_elapsed    | 180      |
|    total_timesteps | 13800    |
| train/             |          |
|    actor_loss      | 0.542    |
|    critic_loss     | 0.0193   |
|    ent_coef        | 0.00185  |
|    ent_coef_loss   | -5.76    |
|    learning_rate   | 0.001    |
|    n_updates       | 13699    |
---------------------------------
---------------------------------
| rollout/           |          |
|    ep_len_mean     | 50       |
|    ep_rew_mean     | -3.56    |
|    success_rate    | 0.97     |
| time/              |          |
|    episodes        | 280      |
|    fps             | 76       |
|    time_elapsed    | 183      |
|    total_timesteps | 14000    |
| train/             |          |
|    actor_loss      | 0.728    |
|    critic_loss     | 0.0209   |
|    ent_coef        | 0.00162  |
|    ent_coef_loss   | -3.89    |
|    learning_rate   | 0.001    |
|    n_updates       | 13899    |
---------------------------------
---------------------------------
| rollout/           |          |
|    ep_len_mean     | 50       |
|    ep_rew_mean     | -3.57    |
|    success_rate    | 0.97     |
| time/              |          |
|    episodes        | 284      |
|    fps             | 76       |
|    time_elapsed    | 186      |
|    total_timesteps | 14200    |
| train/             |          |
|    actor_loss      | 0.531    |
|    critic_loss     | 0.0241   |
|    ent_coef        | 0.00146  |
|    ent_coef_loss   | -4.06    |
|    learning_rate   | 0.001    |
|    n_updates       | 14099    |
---------------------------------
---------------------------------
| rollout/           |          |
|    ep_len_mean     | 50       |
|    ep_rew_mean     | -3.55    |
|    success_rate    | 0.97     |
| time/              |          |
|    episodes        | 288      |
|    fps             | 76       |
|    time_elapsed    | 189      |
|    total_timesteps | 14400    |
| train/             |          |
|    actor_loss      | 0.663    |
|    critic_loss     | 0.0197   |
|    ent_coef        | 0.00137  |
|    ent_coef_loss   | 5.41     |
|    learning_rate   | 0.001    |
|    n_updates       | 14299    |
---------------------------------
---------------------------------
| rollout/           |          |
|    ep_len_mean     | 50       |
|    ep_rew_mean     | -3.55    |
|    success_rate    | 0.97     |
| time/              |          |
|    episodes        | 292      |
|    fps             | 76       |
|    time_elapsed    | 191      |
|    total_timesteps | 14600    |
| train/             |          |
|    actor_loss      | 0.718    |
|    critic_loss     | 0.00962  |
|    ent_coef        | 0.00126  |
|    ent_coef_loss   | -3.74    |
|    learning_rate   | 0.001    |
|    n_updates       | 14499    |
---------------------------------
---------------------------------
| rollout/           |          |
|    ep_len_mean     | 50       |
|    ep_rew_mean     | -3.53    |
|    success_rate    | 0.97     |
| time/              |          |
|    episodes        | 296      |
|    fps             | 76       |
|    time_elapsed    | 194      |
|    total_timesteps | 14800    |
| train/             |          |
|    actor_loss      | 0.615    |
|    critic_loss     | 0.0169   |
|    ent_coef        | 0.00118  |
|    ent_coef_loss   | 7.02     |
|    learning_rate   | 0.001    |
|    n_updates       | 14699    |
---------------------------------
---------------------------------
| rollout/           |          |
|    ep_len_mean     | 50       |
|    ep_rew_mean     | -3.64    |
|    success_rate    | 0.97     |
| time/              |          |
|    episodes        | 300      |
|    fps             | 75       |
|    time_elapsed    | 197      |
|    total_timesteps | 15000    |
| train/             |          |
|    actor_loss      | 0.649    |
|    critic_loss     | 0.0132   |
|    ent_coef        | 0.00131  |
|    ent_coef_loss   | -1.12    |
|    learning_rate   | 0.001    |
|    n_updates       | 14899    |
---------------------------------
---------------------------------
| rollout/           |          |
|    ep_len_mean     | 50       |
|    ep_rew_mean     | -3.63    |
|    success_rate    | 0.97     |
| time/              |          |
|    episodes        | 304      |
|    fps             | 75       |
|    time_elapsed    | 200      |
|    total_timesteps | 15200    |
| train/             |          |
|    actor_loss      | 0.605    |
|    critic_loss     | 0.0195   |
|    ent_coef        | 0.00109  |
|    ent_coef_loss   | -6.82    |
|    learning_rate   | 0.001    |
|    n_updates       | 15099    |
---------------------------------
---------------------------------
| rollout/           |          |
|    ep_len_mean     | 50       |
|    ep_rew_mean     | -3.61    |
|    success_rate    | 0.97     |
| time/              |          |
|    episodes        | 308      |
|    fps             | 75       |
|    time_elapsed    | 204      |
|    total_timesteps | 15400    |
| train/             |          |
|    actor_loss      | 0.595    |
|    critic_loss     | 0.0176   |
|    ent_coef        | 0.000909 |
|    ent_coef_loss   | -2.4     |
|    learning_rate   | 0.001    |
|    n_updates       | 15299    |
---------------------------------
---------------------------------
| rollout/           |          |
|    ep_len_mean     | 50       |
|    ep_rew_mean     | -3.58    |
|    success_rate    | 0.97     |
| time/              |          |
|    episodes        | 312      |
|    fps             | 75       |
|    time_elapsed    | 206      |
|    total_timesteps | 15600    |
| train/             |          |
|    actor_loss      | 0.554    |
|    critic_loss     | 0.0191   |
|    ent_coef        | 0.000836 |
|    ent_coef_loss   | -0.516   |
|    learning_rate   | 0.001    |
|    n_updates       | 15499    |
---------------------------------
---------------------------------
| rollout/           |          |
|    ep_len_mean     | 50       |
|    ep_rew_mean     | -3.56    |
|    success_rate    | 0.97     |
| time/              |          |
|    episodes        | 316      |
|    fps             | 75       |
|    time_elapsed    | 209      |
|    total_timesteps | 15800    |
| train/             |          |
|    actor_loss      | 0.481    |
|    critic_loss     | 0.0194   |
|    ent_coef        | 0.000919 |
|    ent_coef_loss   | 2.91     |
|    learning_rate   | 0.001    |
|    n_updates       | 15699    |
---------------------------------
---------------------------------
| rollout/           |          |
|    ep_len_mean     | 50       |
|    ep_rew_mean     | -3.14    |
|    success_rate    | 0.98     |
| time/              |          |
|    episodes        | 320      |
|    fps             | 75       |
|    time_elapsed    | 212      |
|    total_timesteps | 16000    |
| train/             |          |
|    actor_loss      | 0.463    |
|    critic_loss     | 0.0131   |
|    ent_coef        | 0.000843 |
|    ent_coef_loss   | -6.55    |
|    learning_rate   | 0.001    |
|    n_updates       | 15899    |
---------------------------------
---------------------------------
| rollout/           |          |
|    ep_len_mean     | 50       |
|    ep_rew_mean     | -3.15    |
|    success_rate    | 0.98     |
| time/              |          |
|    episodes        | 324      |
|    fps             | 75       |
|    time_elapsed    | 215      |
|    total_timesteps | 16200    |
| train/             |          |
|    actor_loss      | 0.537    |
|    critic_loss     | 0.0145   |
|    ent_coef        | 0.0008   |
|    ent_coef_loss   | -0.0255  |
|    learning_rate   | 0.001    |
|    n_updates       | 16099    |
---------------------------------
---------------------------------
| rollout/           |          |
|    ep_len_mean     | 50       |
|    ep_rew_mean     | -3.14    |
|    success_rate    | 0.98     |
| time/              |          |
|    episodes        | 328      |
|    fps             | 75       |
|    time_elapsed    | 218      |
|    total_timesteps | 16400    |
| train/             |          |
|    actor_loss      | 0.592    |
|    critic_loss     | 0.0136   |
|    ent_coef        | 0.000792 |
|    ent_coef_loss   | 6.43     |
|    learning_rate   | 0.001    |
|    n_updates       | 16299    |
---------------------------------
---------------------------------
| rollout/           |          |
|    ep_len_mean     | 50       |
|    ep_rew_mean     | -3.17    |
|    success_rate    | 0.98     |
| time/              |          |
|    episodes        | 332      |
|    fps             | 75       |
|    time_elapsed    | 221      |
|    total_timesteps | 16600    |
| train/             |          |
|    actor_loss      | 0.398    |
|    critic_loss     | 0.0137   |
|    ent_coef        | 0.000764 |
|    ent_coef_loss   | -6.07    |
|    learning_rate   | 0.001    |
|    n_updates       | 16499    |
---------------------------------
---------------------------------
| rollout/           |          |
|    ep_len_mean     | 50       |
|    ep_rew_mean     | -3.21    |
|    success_rate    | 0.98     |
| time/              |          |
|    episodes        | 336      |
|    fps             | 75       |
|    time_elapsed    | 223      |
|    total_timesteps | 16800    |
| train/             |          |
|    actor_loss      | 0.461    |
|    critic_loss     | 0.0127   |
|    ent_coef        | 0.000754 |
|    ent_coef_loss   | -3.29    |
|    learning_rate   | 0.001    |
|    n_updates       | 16699    |
---------------------------------
---------------------------------
| rollout/           |          |
|    ep_len_mean     | 50       |
|    ep_rew_mean     | -3.23    |
|    success_rate    | 0.98     |
| time/              |          |
|    episodes        | 340      |
|    fps             | 74       |
|    time_elapsed    | 226      |
|    total_timesteps | 17000    |
| train/             |          |
|    actor_loss      | 0.47     |
|    critic_loss     | 0.0186   |
|    ent_coef        | 0.000718 |
|    ent_coef_loss   | 2.26     |
|    learning_rate   | 0.001    |
|    n_updates       | 16899    |
---------------------------------
---------------------------------
| rollout/           |          |
|    ep_len_mean     | 50       |
|    ep_rew_mean     | -3.24    |
|    success_rate    | 0.98     |
| time/              |          |
|    episodes        | 344      |
|    fps             | 74       |
|    time_elapsed    | 229      |
|    total_timesteps | 17200    |
| train/             |          |
|    actor_loss      | 0.487    |
|    critic_loss     | 0.0157   |
|    ent_coef        | 0.000711 |
|    ent_coef_loss   | 9.26     |
|    learning_rate   | 0.001    |
|    n_updates       | 17099    |
---------------------------------
---------------------------------
| rollout/           |          |
|    ep_len_mean     | 50       |
|    ep_rew_mean     | -4.82    |
|    success_rate    | 0.94     |
| time/              |          |
|    episodes        | 348      |
|    fps             | 74       |
|    time_elapsed    | 232      |
|    total_timesteps | 17400    |
| train/             |          |
|    actor_loss      | 2.15     |
|    critic_loss     | 0.151    |
|    ent_coef        | 0.00118  |
|    ent_coef_loss   | 18.4     |
|    learning_rate   | 0.001    |
|    n_updates       | 17299    |
---------------------------------
---------------------------------
| rollout/           |          |
|    ep_len_mean     | 50       |
|    ep_rew_mean     | -5.05    |
|    success_rate    | 0.94     |
| time/              |          |
|    episodes        | 352      |
|    fps             | 74       |
|    time_elapsed    | 235      |
|    total_timesteps | 17600    |
| train/             |          |
|    actor_loss      | 0.464    |
|    critic_loss     | 0.0201   |
|    ent_coef        | 0.00123  |
|    ent_coef_loss   | 7.61     |
|    learning_rate   | 0.001    |
|    n_updates       | 17499    |
---------------------------------
---------------------------------
| rollout/           |          |
|    ep_len_mean     | 50       |
|    ep_rew_mean     | -4.19    |
|    success_rate    | 0.96     |
| time/              |          |
|    episodes        | 356      |
|    fps             | 74       |
|    time_elapsed    | 237      |
|    total_timesteps | 17800    |
| train/             |          |
|    actor_loss      | 0.504    |
|    critic_loss     | 0.017    |
|    ent_coef        | 0.00127  |
|    ent_coef_loss   | 0.521    |
|    learning_rate   | 0.001    |
|    n_updates       | 17699    |
---------------------------------
---------------------------------
| rollout/           |          |
|    ep_len_mean     | 50       |
|    ep_rew_mean     | -3.47    |
|    success_rate    | 0.96     |
| time/              |          |
|    episodes        | 360      |
|    fps             | 74       |
|    time_elapsed    | 240      |
|    total_timesteps | 18000    |
| train/             |          |
|    actor_loss      | 0.553    |
|    critic_loss     | 0.0125   |
|    ent_coef        | 0.00125  |
|    ent_coef_loss   | -1.72    |
|    learning_rate   | 0.001    |
|    n_updates       | 17899    |
---------------------------------
---------------------------------
| rollout/           |          |
|    ep_len_mean     | 50       |
|    ep_rew_mean     | -3.48    |
|    success_rate    | 0.96     |
| time/              |          |
|    episodes        | 364      |
|    fps             | 74       |
|    time_elapsed    | 243      |
|    total_timesteps | 18200    |
| train/             |          |
|    actor_loss      | 0.549    |
|    critic_loss     | 0.0129   |
|    ent_coef        | 0.00121  |
|    ent_coef_loss   | -3.69    |
|    learning_rate   | 0.001    |
|    n_updates       | 18099    |
---------------------------------
---------------------------------
| rollout/           |          |
|    ep_len_mean     | 50       |
|    ep_rew_mean     | -3.46    |
|    success_rate    | 0.96     |
| time/              |          |
|    episodes        | 368      |
|    fps             | 74       |
|    time_elapsed    | 246      |
|    total_timesteps | 18400    |
| train/             |          |
|    actor_loss      | 0.584    |
|    critic_loss     | 0.0175   |
|    ent_coef        | 0.00115  |
|    ent_coef_loss   | -6.84    |
|    learning_rate   | 0.001    |
|    n_updates       | 18299    |
---------------------------------
---------------------------------
| rollout/           |          |
|    ep_len_mean     | 50       |
|    ep_rew_mean     | -3.44    |
|    success_rate    | 0.96     |
| time/              |          |
|    episodes        | 372      |
|    fps             | 74       |
|    time_elapsed    | 248      |
|    total_timesteps | 18600    |
| train/             |          |
|    actor_loss      | 0.403    |
|    critic_loss     | 0.0184   |
|    ent_coef        | 0.00109  |
|    ent_coef_loss   | -6.67    |
|    learning_rate   | 0.001    |
|    n_updates       | 18499    |
---------------------------------
---------------------------------
| rollout/           |          |
|    ep_len_mean     | 50       |
|    ep_rew_mean     | -3.41    |
|    success_rate    | 0.96     |
| time/              |          |
|    episodes        | 376      |
|    fps             | 74       |
|    time_elapsed    | 251      |
|    total_timesteps | 18800    |
| train/             |          |
|    actor_loss      | 0.509    |
|    critic_loss     | 0.013    |
|    ent_coef        | 0.00105  |
|    ent_coef_loss   | -3.92    |
|    learning_rate   | 0.001    |
|    n_updates       | 18699    |
---------------------------------
---------------------------------
| rollout/           |          |
|    ep_len_mean     | 50       |
|    ep_rew_mean     | -3.39    |
|    success_rate    | 0.96     |
| time/              |          |
|    episodes        | 380      |
|    fps             | 74       |
|    time_elapsed    | 254      |
|    total_timesteps | 19000    |
| train/             |          |
|    actor_loss      | 0.461    |
|    critic_loss     | 0.0167   |
|    ent_coef        | 0.000992 |
|    ent_coef_loss   | -7.38    |
|    learning_rate   | 0.001    |
|    n_updates       | 18899    |
---------------------------------
---------------------------------
| rollout/           |          |
|    ep_len_mean     | 50       |
|    ep_rew_mean     | -3.43    |
|    success_rate    | 0.96     |
| time/              |          |
|    episodes        | 384      |
|    fps             | 74       |
|    time_elapsed    | 257      |
|    total_timesteps | 19200    |
| train/             |          |
|    actor_loss      | 0.446    |
|    critic_loss     | 0.0121   |
|    ent_coef        | 0.000982 |
|    ent_coef_loss   | -7.49    |
|    learning_rate   | 0.001    |
|    n_updates       | 19099    |
---------------------------------
---------------------------------
| rollout/           |          |
|    ep_len_mean     | 50       |
|    ep_rew_mean     | -3.42    |
|    success_rate    | 0.96     |
| time/              |          |
|    episodes        | 388      |
|    fps             | 74       |
|    time_elapsed    | 259      |
|    total_timesteps | 19400    |
| train/             |          |
|    actor_loss      | 0.37     |
|    critic_loss     | 0.0187   |
|    ent_coef        | 0.000912 |
|    ent_coef_loss   | -5.51    |
|    learning_rate   | 0.001    |
|    n_updates       | 19299    |
---------------------------------
---------------------------------
| rollout/           |          |
|    ep_len_mean     | 50       |
|    ep_rew_mean     | -3.46    |
|    success_rate    | 0.96     |
| time/              |          |
|    episodes        | 392      |
|    fps             | 74       |
|    time_elapsed    | 262      |
|    total_timesteps | 19600    |
| train/             |          |
|    actor_loss      | 0.486    |
|    critic_loss     | 0.0148   |
|    ent_coef        | 0.000861 |
|    ent_coef_loss   | 0.716    |
|    learning_rate   | 0.001    |
|    n_updates       | 19499    |
---------------------------------
---------------------------------
| rollout/           |          |
|    ep_len_mean     | 50       |
|    ep_rew_mean     | -3.57    |
|    success_rate    | 0.95     |
| time/              |          |
|    episodes        | 396      |
|    fps             | 74       |
|    time_elapsed    | 265      |
|    total_timesteps | 19800    |
| train/             |          |
|    actor_loss      | 1.08     |
|    critic_loss     | 0.0894   |
|    ent_coef        | 0.000866 |
|    ent_coef_loss   | 11.7     |
|    learning_rate   | 0.001    |
|    n_updates       | 19699    |
---------------------------------
---------------------------------
| rollout/           |          |
|    ep_len_mean     | 50       |
|    ep_rew_mean     | -3.47    |
|    success_rate    | 0.95     |
| time/              |          |
|    episodes        | 400      |
|    fps             | 74       |
|    time_elapsed    | 268      |
|    total_timesteps | 20000    |
| train/             |          |
|    actor_loss      | 0.415    |
|    critic_loss     | 0.0226   |
|    ent_coef        | 0.000848 |
|    ent_coef_loss   | -3.08    |
|    learning_rate   | 0.001    |
|    n_updates       | 19899    |
---------------------------------
success_rate=1.000 over 50 episodes
checkpoint_saved=/Users/eoinmca/Projects/lang-goal-rl/experiments/01_uvfa_her_baseline/checkpoints/seed_9.zip
