AdroitHandRelocateDense-v1, AdroitHandHammerDense-v1, AdroitHandDoorDense-v1 environment's reward functions were updated in v1.2.1 without an environment version update. Therefore, use gymnasium-robotics==1.2.0 for v1 reproducibility or use v2 in gymnasium-robotics>=1.4.3. See https://github.com/Farama-Foundation/Gymnasium-Robotics/pull/220 for more details
Using cpu device
Wrapping the env with a `Monitor` wrapper
Wrapping the env in a DummyVecEnv.
---------------------------------
| rollout/           |          |
|    ep_len_mean     | 50       |
|    ep_rew_mean     | -49.8    |
|    success_rate    | 0        |
| time/              |          |
|    episodes        | 4        |
|    fps             | 211      |
|    time_elapsed    | 0        |
|    total_timesteps | 200      |
| train/             |          |
|    actor_loss      | -4.63    |
|    critic_loss     | 0.223    |
|    ent_coef        | 0.907    |
|    ent_coef_loss   | -0.659   |
|    learning_rate   | 0.001    |
|    n_updates       | 99       |
---------------------------------
---------------------------------
| rollout/           |          |
|    ep_len_mean     | 50       |
|    ep_rew_mean     | -49.9    |
|    success_rate    | 0        |
| time/              |          |
|    episodes        | 8        |
|    fps             | 151      |
|    time_elapsed    | 2        |
|    total_timesteps | 400      |
| train/             |          |
|    actor_loss      | -4.75    |
|    critic_loss     | 0.192    |
|    ent_coef        | 0.742    |
|    ent_coef_loss   | -2       |
|    learning_rate   | 0.001    |
|    n_updates       | 299      |
---------------------------------
---------------------------------
| rollout/           |          |
|    ep_len_mean     | 50       |
|    ep_rew_mean     | -49.9    |
|    success_rate    | 0        |
| time/              |          |
|    episodes        | 12       |
|    fps             | 138      |
|    time_elapsed    | 4        |
|    total_timesteps | 600      |
| train/             |          |
|    actor_loss      | -4.58    |
|    critic_loss     | 0.216    |
|    ent_coef        | 0.608    |
|    ent_coef_loss   | -3.36    |
|    learning_rate   | 0.001    |
|    n_updates       | 499      |
---------------------------------
---------------------------------
| rollout/           |          |
|    ep_len_mean     | 50       |
|    ep_rew_mean     | -49.4    |
|    success_rate    | 0        |
| time/              |          |
|    episodes        | 16       |
|    fps             | 133      |
|    time_elapsed    | 5        |
|    total_timesteps | 800      |
| train/             |          |
|    actor_loss      | -4.48    |
|    critic_loss     | 0.187    |
|    ent_coef        | 0.498    |
|    ent_coef_loss   | -4.69    |
|    learning_rate   | 0.001    |
|    n_updates       | 699      |
---------------------------------
---------------------------------
| rollout/           |          |
|    ep_len_mean     | 50       |
|    ep_rew_mean     | -49.5    |
|    success_rate    | 0        |
| time/              |          |
|    episodes        | 20       |
|    fps             | 130      |
|    time_elapsed    | 7        |
|    total_timesteps | 1000     |
| train/             |          |
|    actor_loss      | -4.32    |
|    critic_loss     | 0.179    |
|    ent_coef        | 0.407    |
|    ent_coef_loss   | -6.05    |
|    learning_rate   | 0.001    |
|    n_updates       | 899      |
---------------------------------
---------------------------------
| rollout/           |          |
|    ep_len_mean     | 50       |
|    ep_rew_mean     | -49.6    |
|    success_rate    | 0        |
| time/              |          |
|    episodes        | 24       |
|    fps             | 128      |
|    time_elapsed    | 9        |
|    total_timesteps | 1200     |
| train/             |          |
|    actor_loss      | -3.94    |
|    critic_loss     | 0.168    |
|    ent_coef        | 0.334    |
|    ent_coef_loss   | -7.36    |
|    learning_rate   | 0.001    |
|    n_updates       | 1099     |
---------------------------------
---------------------------------
| rollout/           |          |
|    ep_len_mean     | 50       |
|    ep_rew_mean     | -49.6    |
|    success_rate    | 0        |
| time/              |          |
|    episodes        | 28       |
|    fps             | 127      |
|    time_elapsed    | 10       |
|    total_timesteps | 1400     |
| train/             |          |
|    actor_loss      | -3.57    |
|    critic_loss     | 0.17     |
|    ent_coef        | 0.273    |
|    ent_coef_loss   | -8.66    |
|    learning_rate   | 0.001    |
|    n_updates       | 1299     |
---------------------------------
---------------------------------
| rollout/           |          |
|    ep_len_mean     | 50       |
|    ep_rew_mean     | -49.6    |
|    success_rate    | 0        |
| time/              |          |
|    episodes        | 32       |
|    fps             | 126      |
|    time_elapsed    | 12       |
|    total_timesteps | 1600     |
| train/             |          |
|    actor_loss      | -3.04    |
|    critic_loss     | 0.157    |
|    ent_coef        | 0.224    |
|    ent_coef_loss   | -10      |
|    learning_rate   | 0.001    |
|    n_updates       | 1499     |
---------------------------------
---------------------------------
| rollout/           |          |
|    ep_len_mean     | 50       |
|    ep_rew_mean     | -49.6    |
|    success_rate    | 0        |
| time/              |          |
|    episodes        | 36       |
|    fps             | 126      |
|    time_elapsed    | 14       |
|    total_timesteps | 1800     |
| train/             |          |
|    actor_loss      | -2.25    |
|    critic_loss     | 0.122    |
|    ent_coef        | 0.184    |
|    ent_coef_loss   | -11.2    |
|    learning_rate   | 0.001    |
|    n_updates       | 1699     |
---------------------------------
---------------------------------
| rollout/           |          |
|    ep_len_mean     | 50       |
|    ep_rew_mean     | -49.7    |
|    success_rate    | 0        |
| time/              |          |
|    episodes        | 40       |
|    fps             | 125      |
|    time_elapsed    | 15       |
|    total_timesteps | 2000     |
| train/             |          |
|    actor_loss      | -1.77    |
|    critic_loss     | 0.122    |
|    ent_coef        | 0.151    |
|    ent_coef_loss   | -12.2    |
|    learning_rate   | 0.001    |
|    n_updates       | 1899     |
---------------------------------
---------------------------------
| rollout/           |          |
|    ep_len_mean     | 50       |
|    ep_rew_mean     | -49.7    |
|    success_rate    | 0        |
| time/              |          |
|    episodes        | 44       |
|    fps             | 125      |
|    time_elapsed    | 17       |
|    total_timesteps | 2200     |
| train/             |          |
|    actor_loss      | -1.14    |
|    critic_loss     | 0.119    |
|    ent_coef        | 0.124    |
|    ent_coef_loss   | -12.9    |
|    learning_rate   | 0.001    |
|    n_updates       | 2099     |
---------------------------------
---------------------------------
| rollout/           |          |
|    ep_len_mean     | 50       |
|    ep_rew_mean     | -49.7    |
|    success_rate    | 0        |
| time/              |          |
|    episodes        | 48       |
|    fps             | 124      |
|    time_elapsed    | 19       |
|    total_timesteps | 2400     |
| train/             |          |
|    actor_loss      | -1.13    |
|    critic_loss     | 0.113    |
|    ent_coef        | 0.103    |
|    ent_coef_loss   | -13.2    |
|    learning_rate   | 0.001    |
|    n_updates       | 2299     |
---------------------------------
---------------------------------
| rollout/           |          |
|    ep_len_mean     | 50       |
|    ep_rew_mean     | -49.7    |
|    success_rate    | 0        |
| time/              |          |
|    episodes        | 52       |
|    fps             | 124      |
|    time_elapsed    | 20       |
|    total_timesteps | 2600     |
| train/             |          |
|    actor_loss      | -0.341   |
|    critic_loss     | 0.217    |
|    ent_coef        | 0.0858   |
|    ent_coef_loss   | -14.8    |
|    learning_rate   | 0.001    |
|    n_updates       | 2499     |
---------------------------------
---------------------------------
| rollout/           |          |
|    ep_len_mean     | 50       |
|    ep_rew_mean     | -49.6    |
|    success_rate    | 0        |
| time/              |          |
|    episodes        | 56       |
|    fps             | 124      |
|    time_elapsed    | 22       |
|    total_timesteps | 2800     |
| train/             |          |
|    actor_loss      | 0.107    |
|    critic_loss     | 0.254    |
|    ent_coef        | 0.0718   |
|    ent_coef_loss   | -14.3    |
|    learning_rate   | 0.001    |
|    n_updates       | 2699     |
---------------------------------
---------------------------------
| rollout/           |          |
|    ep_len_mean     | 50       |
|    ep_rew_mean     | -49.5    |
|    success_rate    | 0        |
| time/              |          |
|    episodes        | 60       |
|    fps             | 123      |
|    time_elapsed    | 24       |
|    total_timesteps | 3000     |
| train/             |          |
|    actor_loss      | 1.02     |
|    critic_loss     | 0.212    |
|    ent_coef        | 0.0603   |
|    ent_coef_loss   | -14      |
|    learning_rate   | 0.001    |
|    n_updates       | 2899     |
---------------------------------
---------------------------------
| rollout/           |          |
|    ep_len_mean     | 50       |
|    ep_rew_mean     | -49.4    |
|    success_rate    | 0        |
| time/              |          |
|    episodes        | 64       |
|    fps             | 123      |
|    time_elapsed    | 25       |
|    total_timesteps | 3200     |
| train/             |          |
|    actor_loss      | 1.29     |
|    critic_loss     | 0.241    |
|    ent_coef        | 0.0511   |
|    ent_coef_loss   | -12.6    |
|    learning_rate   | 0.001    |
|    n_updates       | 3099     |
---------------------------------
---------------------------------
| rollout/           |          |
|    ep_len_mean     | 50       |
|    ep_rew_mean     | -48.7    |
|    success_rate    | 0        |
| time/              |          |
|    episodes        | 68       |
|    fps             | 123      |
|    time_elapsed    | 27       |
|    total_timesteps | 3400     |
| train/             |          |
|    actor_loss      | 1.5      |
|    critic_loss     | 0.225    |
|    ent_coef        | 0.0436   |
|    ent_coef_loss   | -13      |
|    learning_rate   | 0.001    |
|    n_updates       | 3299     |
---------------------------------
---------------------------------
| rollout/           |          |
|    ep_len_mean     | 50       |
|    ep_rew_mean     | -48.4    |
|    success_rate    | 0        |
| time/              |          |
|    episodes        | 72       |
|    fps             | 123      |
|    time_elapsed    | 29       |
|    total_timesteps | 3600     |
| train/             |          |
|    actor_loss      | 1.9      |
|    critic_loss     | 0.186    |
|    ent_coef        | 0.0374   |
|    ent_coef_loss   | -12.6    |
|    learning_rate   | 0.001    |
|    n_updates       | 3499     |
---------------------------------
---------------------------------
| rollout/           |          |
|    ep_len_mean     | 50       |
|    ep_rew_mean     | -47.7    |
|    success_rate    | 0.0263   |
| time/              |          |
|    episodes        | 76       |
|    fps             | 122      |
|    time_elapsed    | 30       |
|    total_timesteps | 3800     |
| train/             |          |
|    actor_loss      | 2.31     |
|    critic_loss     | 0.161    |
|    ent_coef        | 0.0323   |
|    ent_coef_loss   | -12.4    |
|    learning_rate   | 0.001    |
|    n_updates       | 3699     |
---------------------------------
---------------------------------
| rollout/           |          |
|    ep_len_mean     | 50       |
|    ep_rew_mean     | -47.3    |
|    success_rate    | 0.05     |
| time/              |          |
|    episodes        | 80       |
|    fps             | 122      |
|    time_elapsed    | 32       |
|    total_timesteps | 4000     |
| train/             |          |
|    actor_loss      | 2.9      |
|    critic_loss     | 0.231    |
|    ent_coef        | 0.028    |
|    ent_coef_loss   | -9.25    |
|    learning_rate   | 0.001    |
|    n_updates       | 3899     |
---------------------------------
---------------------------------
| rollout/           |          |
|    ep_len_mean     | 50       |
|    ep_rew_mean     | -46.6    |
|    success_rate    | 0.0714   |
| time/              |          |
|    episodes        | 84       |
|    fps             | 122      |
|    time_elapsed    | 34       |
|    total_timesteps | 4200     |
| train/             |          |
|    actor_loss      | 2.43     |
|    critic_loss     | 0.283    |
|    ent_coef        | 0.0246   |
|    ent_coef_loss   | -8.34    |
|    learning_rate   | 0.001    |
|    n_updates       | 4099     |
---------------------------------
---------------------------------
| rollout/           |          |
|    ep_len_mean     | 50       |
|    ep_rew_mean     | -45.8    |
|    success_rate    | 0.102    |
| time/              |          |
|    episodes        | 88       |
|    fps             | 122      |
|    time_elapsed    | 35       |
|    total_timesteps | 4400     |
| train/             |          |
|    actor_loss      | 2.55     |
|    critic_loss     | 0.0999   |
|    ent_coef        | 0.0219   |
|    ent_coef_loss   | -6.07    |
|    learning_rate   | 0.001    |
|    n_updates       | 4299     |
---------------------------------
---------------------------------
| rollout/           |          |
|    ep_len_mean     | 50       |
|    ep_rew_mean     | -44.6    |
|    success_rate    | 0.109    |
| time/              |          |
|    episodes        | 92       |
|    fps             | 122      |
|    time_elapsed    | 37       |
|    total_timesteps | 4600     |
| train/             |          |
|    actor_loss      | 2.92     |
|    critic_loss     | 0.212    |
|    ent_coef        | 0.0198   |
|    ent_coef_loss   | -5.86    |
|    learning_rate   | 0.001    |
|    n_updates       | 4499     |
---------------------------------
---------------------------------
| rollout/           |          |
|    ep_len_mean     | 50       |
|    ep_rew_mean     | -43.7    |
|    success_rate    | 0.135    |
| time/              |          |
|    episodes        | 96       |
|    fps             | 121      |
|    time_elapsed    | 39       |
|    total_timesteps | 4800     |
| train/             |          |
|    actor_loss      | 2.94     |
|    critic_loss     | 0.129    |
|    ent_coef        | 0.0181   |
|    ent_coef_loss   | -7.28    |
|    learning_rate   | 0.001    |
|    n_updates       | 4699     |
---------------------------------
---------------------------------
| rollout/           |          |
|    ep_len_mean     | 50       |
|    ep_rew_mean     | -42.6    |
|    success_rate    | 0.16     |
| time/              |          |
|    episodes        | 100      |
|    fps             | 121      |
|    time_elapsed    | 41       |
|    total_timesteps | 5000     |
| train/             |          |
|    actor_loss      | 2.47     |
|    critic_loss     | 0.222    |
|    ent_coef        | 0.0165   |
|    ent_coef_loss   | -9.07    |
|    learning_rate   | 0.001    |
|    n_updates       | 4899     |
---------------------------------
---------------------------------
| rollout/           |          |
|    ep_len_mean     | 50       |
|    ep_rew_mean     | -41      |
|    success_rate    | 0.19     |
| time/              |          |
|    episodes        | 104      |
|    fps             | 121      |
|    time_elapsed    | 42       |
|    total_timesteps | 5200     |
| train/             |          |
|    actor_loss      | 2.7      |
|    critic_loss     | 0.129    |
|    ent_coef        | 0.0153   |
|    ent_coef_loss   | -6.33    |
|    learning_rate   | 0.001    |
|    n_updates       | 5099     |
---------------------------------
---------------------------------
| rollout/           |          |
|    ep_len_mean     | 50       |
|    ep_rew_mean     | -39.2    |
|    success_rate    | 0.23     |
| time/              |          |
|    episodes        | 108      |
|    fps             | 121      |
|    time_elapsed    | 44       |
|    total_timesteps | 5400     |
| train/             |          |
|    actor_loss      | 2.61     |
|    critic_loss     | 0.102    |
|    ent_coef        | 0.0143   |
|    ent_coef_loss   | -3.91    |
|    learning_rate   | 0.001    |
|    n_updates       | 5299     |
---------------------------------
---------------------------------
| rollout/           |          |
|    ep_len_mean     | 50       |
|    ep_rew_mean     | -37.6    |
|    success_rate    | 0.27     |
| time/              |          |
|    episodes        | 112      |
|    fps             | 121      |
|    time_elapsed    | 46       |
|    total_timesteps | 5600     |
| train/             |          |
|    actor_loss      | 2.53     |
|    critic_loss     | 0.13     |
|    ent_coef        | 0.0132   |
|    ent_coef_loss   | -4.19    |
|    learning_rate   | 0.001    |
|    n_updates       | 5499     |
---------------------------------
---------------------------------
| rollout/           |          |
|    ep_len_mean     | 50       |
|    ep_rew_mean     | -35.7    |
|    success_rate    | 0.31     |
| time/              |          |
|    episodes        | 116      |
|    fps             | 121      |
|    time_elapsed    | 47       |
|    total_timesteps | 5800     |
| train/             |          |
|    actor_loss      | 2.36     |
|    critic_loss     | 0.0933   |
|    ent_coef        | 0.0126   |
|    ent_coef_loss   | -1.86    |
|    learning_rate   | 0.001    |
|    n_updates       | 5699     |
---------------------------------
---------------------------------
| rollout/           |          |
|    ep_len_mean     | 50       |
|    ep_rew_mean     | -33.8    |
|    success_rate    | 0.35     |
| time/              |          |
|    episodes        | 120      |
|    fps             | 121      |
|    time_elapsed    | 49       |
|    total_timesteps | 6000     |
| train/             |          |
|    actor_loss      | 2.43     |
|    critic_loss     | 0.0716   |
|    ent_coef        | 0.0123   |
|    ent_coef_loss   | -0.516   |
|    learning_rate   | 0.001    |
|    n_updates       | 5899     |
---------------------------------
---------------------------------
| rollout/           |          |
|    ep_len_mean     | 50       |
|    ep_rew_mean     | -31.9    |
|    success_rate    | 0.39     |
| time/              |          |
|    episodes        | 124      |
|    fps             | 120      |
|    time_elapsed    | 51       |
|    total_timesteps | 6200     |
| train/             |          |
|    actor_loss      | 2.12     |
|    critic_loss     | 0.0879   |
|    ent_coef        | 0.012    |
|    ent_coef_loss   | -2.69    |
|    learning_rate   | 0.001    |
|    n_updates       | 6099     |
---------------------------------
---------------------------------
| rollout/           |          |
|    ep_len_mean     | 50       |
|    ep_rew_mean     | -30      |
|    success_rate    | 0.43     |
| time/              |          |
|    episodes        | 128      |
|    fps             | 120      |
|    time_elapsed    | 52       |
|    total_timesteps | 6400     |
| train/             |          |
|    actor_loss      | 2.16     |
|    critic_loss     | 0.0694   |
|    ent_coef        | 0.0117   |
|    ent_coef_loss   | 0.44     |
|    learning_rate   | 0.001    |
|    n_updates       | 6299     |
---------------------------------
---------------------------------
| rollout/           |          |
|    ep_len_mean     | 50       |
|    ep_rew_mean     | -28.1    |
|    success_rate    | 0.47     |
| time/              |          |
|    episodes        | 132      |
|    fps             | 120      |
|    time_elapsed    | 54       |
|    total_timesteps | 6600     |
| train/             |          |
|    actor_loss      | 2.03     |
|    critic_loss     | 0.073    |
|    ent_coef        | 0.0115   |
|    ent_coef_loss   | 0.2      |
|    learning_rate   | 0.001    |
|    n_updates       | 6499     |
---------------------------------
---------------------------------
| rollout/           |          |
|    ep_len_mean     | 50       |
|    ep_rew_mean     | -26.2    |
|    success_rate    | 0.51     |
| time/              |          |
|    episodes        | 136      |
|    fps             | 120      |
|    time_elapsed    | 56       |
|    total_timesteps | 6800     |
| train/             |          |
|    actor_loss      | 1.83     |
|    critic_loss     | 0.0533   |
|    ent_coef        | 0.011    |
|    ent_coef_loss   | -0.855   |
|    learning_rate   | 0.001    |
|    n_updates       | 6699     |
---------------------------------
---------------------------------
| rollout/           |          |
|    ep_len_mean     | 50       |
|    ep_rew_mean     | -24.3    |
|    success_rate    | 0.55     |
| time/              |          |
|    episodes        | 140      |
|    fps             | 120      |
|    time_elapsed    | 57       |
|    total_timesteps | 7000     |
| train/             |          |
|    actor_loss      | 1.61     |
|    critic_loss     | 0.0526   |
|    ent_coef        | 0.0105   |
|    ent_coef_loss   | -2.27    |
|    learning_rate   | 0.001    |
|    n_updates       | 6899     |
---------------------------------
---------------------------------
| rollout/           |          |
|    ep_len_mean     | 50       |
|    ep_rew_mean     | -22.3    |
|    success_rate    | 0.59     |
| time/              |          |
|    episodes        | 144      |
|    fps             | 120      |
|    time_elapsed    | 59       |
|    total_timesteps | 7200     |
| train/             |          |
|    actor_loss      | 1.6      |
|    critic_loss     | 0.0429   |
|    ent_coef        | 0.00991  |
|    ent_coef_loss   | -1.71    |
|    learning_rate   | 0.001    |
|    n_updates       | 7099     |
---------------------------------
---------------------------------
| rollout/           |          |
|    ep_len_mean     | 50       |
|    ep_rew_mean     | -20.4    |
|    success_rate    | 0.63     |
| time/              |          |
|    episodes        | 148      |
|    fps             | 120      |
|    time_elapsed    | 61       |
|    total_timesteps | 7400     |
| train/             |          |
|    actor_loss      | 1.57     |
|    critic_loss     | 0.045    |
|    ent_coef        | 0.00915  |
|    ent_coef_loss   | -2.67    |
|    learning_rate   | 0.001    |
|    n_updates       | 7299     |
---------------------------------
---------------------------------
| rollout/           |          |
|    ep_len_mean     | 50       |
|    ep_rew_mean     | -18.4    |
|    success_rate    | 0.67     |
| time/              |          |
|    episodes        | 152      |
|    fps             | 120      |
|    time_elapsed    | 62       |
|    total_timesteps | 7600     |
| train/             |          |
|    actor_loss      | 1.67     |
|    critic_loss     | 0.0482   |
|    ent_coef        | 0.00835  |
|    ent_coef_loss   | -0.408   |
|    learning_rate   | 0.001    |
|    n_updates       | 7499     |
---------------------------------
---------------------------------
| rollout/           |          |
|    ep_len_mean     | 50       |
|    ep_rew_mean     | -16.5    |
|    success_rate    | 0.71     |
| time/              |          |
|    episodes        | 156      |
|    fps             | 120      |
|    time_elapsed    | 64       |
|    total_timesteps | 7800     |
| train/             |          |
|    actor_loss      | 1.73     |
|    critic_loss     | 0.0412   |
|    ent_coef        | 0.00758  |
|    ent_coef_loss   | 0.384    |
|    learning_rate   | 0.001    |
|    n_updates       | 7699     |
---------------------------------
---------------------------------
| rollout/           |          |
|    ep_len_mean     | 50       |
|    ep_rew_mean     | -14.7    |
|    success_rate    | 0.75     |
| time/              |          |
|    episodes        | 160      |
|    fps             | 120      |
|    time_elapsed    | 66       |
|    total_timesteps | 8000     |
| train/             |          |
|    actor_loss      | 1.23     |
|    critic_loss     | 0.0388   |
|    ent_coef        | 0.00694  |
|    ent_coef_loss   | -2.73    |
|    learning_rate   | 0.001    |
|    n_updates       | 7899     |
---------------------------------
---------------------------------
| rollout/           |          |
|    ep_len_mean     | 50       |
|    ep_rew_mean     | -12.8    |
|    success_rate    | 0.79     |
| time/              |          |
|    episodes        | 164      |
|    fps             | 120      |
|    time_elapsed    | 67       |
|    total_timesteps | 8200     |
| train/             |          |
|    actor_loss      | 1.27     |
|    critic_loss     | 0.0516   |
|    ent_coef        | 0.00631  |
|    ent_coef_loss   | -1.79    |
|    learning_rate   | 0.001    |
|    n_updates       | 8099     |
---------------------------------
---------------------------------
| rollout/           |          |
|    ep_len_mean     | 50       |
|    ep_rew_mean     | -11.3    |
|    success_rate    | 0.83     |
| time/              |          |
|    episodes        | 168      |
|    fps             | 120      |
|    time_elapsed    | 69       |
|    total_timesteps | 8400     |
| train/             |          |
|    actor_loss      | 1.3      |
|    critic_loss     | 0.0354   |
|    ent_coef        | 0.00588  |
|    ent_coef_loss   | -2.73    |
|    learning_rate   | 0.001    |
|    n_updates       | 8299     |
---------------------------------
---------------------------------
| rollout/           |          |
|    ep_len_mean     | 50       |
|    ep_rew_mean     | -9.66    |
|    success_rate    | 0.87     |
| time/              |          |
|    episodes        | 172      |
|    fps             | 120      |
|    time_elapsed    | 71       |
|    total_timesteps | 8600     |
| train/             |          |
|    actor_loss      | 1.21     |
|    critic_loss     | 0.0375   |
|    ent_coef        | 0.00532  |
|    ent_coef_loss   | -0.395   |
|    learning_rate   | 0.001    |
|    n_updates       | 8499     |
---------------------------------
---------------------------------
| rollout/           |          |
|    ep_len_mean     | 50       |
|    ep_rew_mean     | -8.35    |
|    success_rate    | 0.89     |
| time/              |          |
|    episodes        | 176      |
|    fps             | 120      |
|    time_elapsed    | 72       |
|    total_timesteps | 8800     |
| train/             |          |
|    actor_loss      | 1.23     |
|    critic_loss     | 0.0479   |
|    ent_coef        | 0.00496  |
|    ent_coef_loss   | 1.28     |
|    learning_rate   | 0.001    |
|    n_updates       | 8699     |
---------------------------------
---------------------------------
| rollout/           |          |
|    ep_len_mean     | 50       |
|    ep_rew_mean     | -6.8     |
|    success_rate    | 0.91     |
| time/              |          |
|    episodes        | 180      |
|    fps             | 120      |
|    time_elapsed    | 74       |
|    total_timesteps | 9000     |
| train/             |          |
|    actor_loss      | 1.25     |
|    critic_loss     | 0.0309   |
|    ent_coef        | 0.00461  |
|    ent_coef_loss   | -0.999   |
|    learning_rate   | 0.001    |
|    n_updates       | 8899     |
---------------------------------
---------------------------------
| rollout/           |          |
|    ep_len_mean     | 50       |
|    ep_rew_mean     | -5.75    |
|    success_rate    | 0.92     |
| time/              |          |
|    episodes        | 184      |
|    fps             | 120      |
|    time_elapsed    | 76       |
|    total_timesteps | 9200     |
| train/             |          |
|    actor_loss      | 2.02     |
|    critic_loss     | 0.172    |
|    ent_coef        | 0.00458  |
|    ent_coef_loss   | 4.66     |
|    learning_rate   | 0.001    |
|    n_updates       | 9099     |
---------------------------------
---------------------------------
| rollout/           |          |
|    ep_len_mean     | 50       |
|    ep_rew_mean     | -4.9     |
|    success_rate    | 0.93     |
| time/              |          |
|    episodes        | 188      |
|    fps             | 120      |
|    time_elapsed    | 77       |
|    total_timesteps | 9400     |
| train/             |          |
|    actor_loss      | 0.848    |
|    critic_loss     | 0.0351   |
|    ent_coef        | 0.00448  |
|    ent_coef_loss   | -3.56    |
|    learning_rate   | 0.001    |
|    n_updates       | 9299     |
---------------------------------
---------------------------------
| rollout/           |          |
|    ep_len_mean     | 50       |
|    ep_rew_mean     | -4.2     |
|    success_rate    | 0.96     |
| time/              |          |
|    episodes        | 192      |
|    fps             | 120      |
|    time_elapsed    | 79       |
|    total_timesteps | 9600     |
| train/             |          |
|    actor_loss      | 0.938    |
|    critic_loss     | 0.0313   |
|    ent_coef        | 0.00426  |
|    ent_coef_loss   | -2.03    |
|    learning_rate   | 0.001    |
|    n_updates       | 9499     |
---------------------------------
---------------------------------
| rollout/           |          |
|    ep_len_mean     | 50       |
|    ep_rew_mean     | -3.35    |
|    success_rate    | 0.97     |
| time/              |          |
|    episodes        | 196      |
|    fps             | 120      |
|    time_elapsed    | 81       |
|    total_timesteps | 9800     |
| train/             |          |
|    actor_loss      | 1.07     |
|    critic_loss     | 0.0278   |
|    ent_coef        | 0.00393  |
|    ent_coef_loss   | -0.631   |
|    learning_rate   | 0.001    |
|    n_updates       | 9699     |
---------------------------------
---------------------------------
| rollout/           |          |
|    ep_len_mean     | 50       |
|    ep_rew_mean     | -2.75    |
|    success_rate    | 0.98     |
| time/              |          |
|    episodes        | 200      |
|    fps             | 120      |
|    time_elapsed    | 82       |
|    total_timesteps | 10000    |
| train/             |          |
|    actor_loss      | 1.16     |
|    critic_loss     | 0.0303   |
|    ent_coef        | 0.00374  |
|    ent_coef_loss   | -0.308   |
|    learning_rate   | 0.001    |
|    n_updates       | 9899     |
---------------------------------
---------------------------------
| rollout/           |          |
|    ep_len_mean     | 50       |
|    ep_rew_mean     | -2.47    |
|    success_rate    | 0.99     |
| time/              |          |
|    episodes        | 204      |
|    fps             | 120      |
|    time_elapsed    | 84       |
|    total_timesteps | 10200    |
| train/             |          |
|    actor_loss      | 0.935    |
|    critic_loss     | 0.0228   |
|    ent_coef        | 0.00334  |
|    ent_coef_loss   | -4.96    |
|    learning_rate   | 0.001    |
|    n_updates       | 10099    |
---------------------------------
---------------------------------
| rollout/           |          |
|    ep_len_mean     | 50       |
|    ep_rew_mean     | -2.24    |
|    success_rate    | 0.99     |
| time/              |          |
|    episodes        | 208      |
|    fps             | 120      |
|    time_elapsed    | 86       |
|    total_timesteps | 10400    |
| train/             |          |
|    actor_loss      | 0.83     |
|    critic_loss     | 0.0323   |
|    ent_coef        | 0.003    |
|    ent_coef_loss   | 0.329    |
|    learning_rate   | 0.001    |
|    n_updates       | 10299    |
---------------------------------
---------------------------------
| rollout/           |          |
|    ep_len_mean     | 50       |
|    ep_rew_mean     | -1.98    |
|    success_rate    | 0.99     |
| time/              |          |
|    episodes        | 212      |
|    fps             | 120      |
|    time_elapsed    | 87       |
|    total_timesteps | 10600    |
| train/             |          |
|    actor_loss      | 1.06     |
|    critic_loss     | 0.0419   |
|    ent_coef        | 0.00288  |
|    ent_coef_loss   | -1.31    |
|    learning_rate   | 0.001    |
|    n_updates       | 10499    |
---------------------------------
---------------------------------
| rollout/           |          |
|    ep_len_mean     | 50       |
|    ep_rew_mean     | -1.98    |
|    success_rate    | 0.99     |
| time/              |          |
|    episodes        | 216      |
|    fps             | 120      |
|    time_elapsed    | 89       |
|    total_timesteps | 10800    |
| train/             |          |
|    actor_loss      | 0.958    |
|    critic_loss     | 0.0278   |
|    ent_coef        | 0.00281  |
|    ent_coef_loss   | -0.668   |
|    learning_rate   | 0.001    |
|    n_updates       | 10699    |
---------------------------------
---------------------------------
| rollout/           |          |
|    ep_len_mean     | 50       |
|    ep_rew_mean     | -1.96    |
|    success_rate    | 0.99     |
| time/              |          |
|    episodes        | 220      |
|    fps             | 120      |
|    time_elapsed    | 91       |
|    total_timesteps | 11000    |
| train/             |          |
|    actor_loss      | 0.786    |
|    critic_loss     | 0.0288   |
|    ent_coef        | 0.00272  |
|    ent_coef_loss   | -3.59    |
|    learning_rate   | 0.001    |
|    n_updates       | 10899    |
---------------------------------
---------------------------------
| rollout/           |          |
|    ep_len_mean     | 50       |
|    ep_rew_mean     | -1.95    |
|    success_rate    | 0.99     |
| time/              |          |
|    episodes        | 224      |
|    fps             | 120      |
|    time_elapsed    | 92       |
|    total_timesteps | 11200    |
| train/             |          |
|    actor_loss      | 0.715    |
|    critic_loss     | 0.0316   |
|    ent_coef        | 0.00249  |
|    ent_coef_loss   | -0.738   |
|    learning_rate   | 0.001    |
|    n_updates       | 11099    |
---------------------------------
---------------------------------
| rollout/           |          |
|    ep_len_mean     | 50       |
|    ep_rew_mean     | -2.45    |
|    success_rate    | 0.97     |
| time/              |          |
|    episodes        | 228      |
|    fps             | 120      |
|    time_elapsed    | 94       |
|    total_timesteps | 11400    |
| train/             |          |
|    actor_loss      | 1.57     |
|    critic_loss     | 0.261    |
|    ent_coef        | 0.00256  |
|    ent_coef_loss   | -11.8    |
|    learning_rate   | 0.001    |
|    n_updates       | 11299    |
---------------------------------
---------------------------------
| rollout/           |          |
|    ep_len_mean     | 50       |
|    ep_rew_mean     | -2.71    |
|    success_rate    | 0.97     |
| time/              |          |
|    episodes        | 232      |
|    fps             | 120      |
|    time_elapsed    | 96       |
|    total_timesteps | 11600    |
| train/             |          |
|    actor_loss      | 0.89     |
|    critic_loss     | 0.0242   |
|    ent_coef        | 0.00319  |
|    ent_coef_loss   | 2.56     |
|    learning_rate   | 0.001    |
|    n_updates       | 11499    |
---------------------------------
---------------------------------
| rollout/           |          |
|    ep_len_mean     | 50       |
|    ep_rew_mean     | -2.68    |
|    success_rate    | 0.97     |
| time/              |          |
|    episodes        | 236      |
|    fps             | 120      |
|    time_elapsed    | 97       |
|    total_timesteps | 11800    |
| train/             |          |
|    actor_loss      | 0.797    |
|    critic_loss     | 0.0219   |
|    ent_coef        | 0.00303  |
|    ent_coef_loss   | -4.6     |
|    learning_rate   | 0.001    |
|    n_updates       | 11699    |
---------------------------------
---------------------------------
| rollout/           |          |
|    ep_len_mean     | 50       |
|    ep_rew_mean     | -2.65    |
|    success_rate    | 0.97     |
| time/              |          |
|    episodes        | 240      |
|    fps             | 120      |
|    time_elapsed    | 99       |
|    total_timesteps | 12000    |
| train/             |          |
|    actor_loss      | 0.705    |
|    critic_loss     | 0.0285   |
|    ent_coef        | 0.00274  |
|    ent_coef_loss   | -2.85    |
|    learning_rate   | 0.001    |
|    n_updates       | 11899    |
---------------------------------
---------------------------------
| rollout/           |          |
|    ep_len_mean     | 50       |
|    ep_rew_mean     | -2.67    |
|    success_rate    | 0.97     |
| time/              |          |
|    episodes        | 244      |
|    fps             | 120      |
|    time_elapsed    | 101      |
|    total_timesteps | 12200    |
| train/             |          |
|    actor_loss      | 0.864    |
|    critic_loss     | 0.0243   |
|    ent_coef        | 0.00247  |
|    ent_coef_loss   | -0.959   |
|    learning_rate   | 0.001    |
|    n_updates       | 12099    |
---------------------------------
---------------------------------
| rollout/           |          |
|    ep_len_mean     | 50       |
|    ep_rew_mean     | -2.71    |
|    success_rate    | 0.97     |
| time/              |          |
|    episodes        | 248      |
|    fps             | 120      |
|    time_elapsed    | 102      |
|    total_timesteps | 12400    |
| train/             |          |
|    actor_loss      | 0.697    |
|    critic_loss     | 0.0191   |
|    ent_coef        | 0.0022   |
|    ent_coef_loss   | -3.62    |
|    learning_rate   | 0.001    |
|    n_updates       | 12299    |
---------------------------------
---------------------------------
| rollout/           |          |
|    ep_len_mean     | 50       |
|    ep_rew_mean     | -2.76    |
|    success_rate    | 0.97     |
| time/              |          |
|    episodes        | 252      |
|    fps             | 120      |
|    time_elapsed    | 104      |
|    total_timesteps | 12600    |
| train/             |          |
|    actor_loss      | 0.846    |
|    critic_loss     | 0.0236   |
|    ent_coef        | 0.00202  |
|    ent_coef_loss   | 1.93     |
|    learning_rate   | 0.001    |
|    n_updates       | 12499    |
---------------------------------
---------------------------------
| rollout/           |          |
|    ep_len_mean     | 50       |
|    ep_rew_mean     | -2.76    |
|    success_rate    | 0.97     |
| time/              |          |
|    episodes        | 256      |
|    fps             | 120      |
|    time_elapsed    | 106      |
|    total_timesteps | 12800    |
| train/             |          |
|    actor_loss      | 0.703    |
|    critic_loss     | 0.02     |
|    ent_coef        | 0.00181  |
|    ent_coef_loss   | -3.81    |
|    learning_rate   | 0.001    |
|    n_updates       | 12699    |
---------------------------------
---------------------------------
| rollout/           |          |
|    ep_len_mean     | 50       |
|    ep_rew_mean     | -2.76    |
|    success_rate    | 0.97     |
| time/              |          |
|    episodes        | 260      |
|    fps             | 120      |
|    time_elapsed    | 107      |
|    total_timesteps | 13000    |
| train/             |          |
|    actor_loss      | 0.793    |
|    critic_loss     | 0.025    |
|    ent_coef        | 0.0017   |
|    ent_coef_loss   | 0.16     |
|    learning_rate   | 0.001    |
|    n_updates       | 12899    |
---------------------------------
---------------------------------
| rollout/           |          |
|    ep_len_mean     | 50       |
|    ep_rew_mean     | -2.84    |
|    success_rate    | 0.97     |
| time/              |          |
|    episodes        | 264      |
|    fps             | 120      |
|    time_elapsed    | 109      |
|    total_timesteps | 13200    |
| train/             |          |
|    actor_loss      | 0.637    |
|    critic_loss     | 0.0212   |
|    ent_coef        | 0.00163  |
|    ent_coef_loss   | -2.03    |
|    learning_rate   | 0.001    |
|    n_updates       | 13099    |
---------------------------------
---------------------------------
| rollout/           |          |
|    ep_len_mean     | 50       |
|    ep_rew_mean     | -3.38    |
|    success_rate    | 0.95     |
| time/              |          |
|    episodes        | 268      |
|    fps             | 120      |
|    time_elapsed    | 111      |
|    total_timesteps | 13400    |
| train/             |          |
|    actor_loss      | 2.59     |
|    critic_loss     | 0.239    |
|    ent_coef        | 0.0018   |
|    ent_coef_loss   | 44.6     |
|    learning_rate   | 0.001    |
|    n_updates       | 13299    |
---------------------------------
---------------------------------
| rollout/           |          |
|    ep_len_mean     | 50       |
|    ep_rew_mean     | -3.57    |
|    success_rate    | 0.95     |
| time/              |          |
|    episodes        | 272      |
|    fps             | 120      |
|    time_elapsed    | 113      |
|    total_timesteps | 13600    |
| train/             |          |
|    actor_loss      | 0.8      |
|    critic_loss     | 0.0211   |
|    ent_coef        | 0.00225  |
|    ent_coef_loss   | 1.89     |
|    learning_rate   | 0.001    |
|    n_updates       | 13499    |
---------------------------------
---------------------------------
| rollout/           |          |
|    ep_len_mean     | 50       |
|    ep_rew_mean     | -3.57    |
|    success_rate    | 0.95     |
| time/              |          |
|    episodes        | 276      |
|    fps             | 120      |
|    time_elapsed    | 114      |
|    total_timesteps | 13800    |
| train/             |          |
|    actor_loss      | 0.671    |
|    critic_loss     | 0.0108   |
|    ent_coef        | 0.00202  |
|    ent_coef_loss   | -6.48    |
|    learning_rate   | 0.001    |
|    n_updates       | 13699    |
---------------------------------
---------------------------------
| rollout/           |          |
|    ep_len_mean     | 50       |
|    ep_rew_mean     | -3.58    |
|    success_rate    | 0.95     |
| time/              |          |
|    episodes        | 280      |
|    fps             | 120      |
|    time_elapsed    | 116      |
|    total_timesteps | 14000    |
| train/             |          |
|    actor_loss      | 0.67     |
|    critic_loss     | 0.0275   |
|    ent_coef        | 0.00176  |
|    ent_coef_loss   | -2.2     |
|    learning_rate   | 0.001    |
|    n_updates       | 13899    |
---------------------------------
---------------------------------
| rollout/           |          |
|    ep_len_mean     | 50       |
|    ep_rew_mean     | -3.37    |
|    success_rate    | 0.96     |
| time/              |          |
|    episodes        | 284      |
|    fps             | 119      |
|    time_elapsed    | 118      |
|    total_timesteps | 14200    |
| train/             |          |
|    actor_loss      | 0.713    |
|    critic_loss     | 0.0207   |
|    ent_coef        | 0.00152  |
|    ent_coef_loss   | -5.85    |
|    learning_rate   | 0.001    |
|    n_updates       | 14099    |
---------------------------------
---------------------------------
| rollout/           |          |
|    ep_len_mean     | 50       |
|    ep_rew_mean     | -3.18    |
|    success_rate    | 0.96     |
| time/              |          |
|    episodes        | 288      |
|    fps             | 119      |
|    time_elapsed    | 120      |
|    total_timesteps | 14400    |
| train/             |          |
|    actor_loss      | 0.58     |
|    critic_loss     | 0.027    |
|    ent_coef        | 0.00137  |
|    ent_coef_loss   | -0.32    |
|    learning_rate   | 0.001    |
|    n_updates       | 14299    |
---------------------------------
---------------------------------
| rollout/           |          |
|    ep_len_mean     | 50       |
|    ep_rew_mean     | -3.74    |
|    success_rate    | 0.94     |
| time/              |          |
|    episodes        | 292      |
|    fps             | 119      |
|    time_elapsed    | 122      |
|    total_timesteps | 14600    |
| train/             |          |
|    actor_loss      | 0.694    |
|    critic_loss     | 0.02     |
|    ent_coef        | 0.00154  |
|    ent_coef_loss   | 2.57     |
|    learning_rate   | 0.001    |
|    n_updates       | 14499    |
---------------------------------
---------------------------------
| rollout/           |          |
|    ep_len_mean     | 50       |
|    ep_rew_mean     | -3.73    |
|    success_rate    | 0.94     |
| time/              |          |
|    episodes        | 296      |
|    fps             | 118      |
|    time_elapsed    | 124      |
|    total_timesteps | 14800    |
| train/             |          |
|    actor_loss      | 0.826    |
|    critic_loss     | 0.018    |
|    ent_coef        | 0.00146  |
|    ent_coef_loss   | -0.853   |
|    learning_rate   | 0.001    |
|    n_updates       | 14699    |
---------------------------------
---------------------------------
| rollout/           |          |
|    ep_len_mean     | 50       |
|    ep_rew_mean     | -3.72    |
|    success_rate    | 0.94     |
| time/              |          |
|    episodes        | 300      |
|    fps             | 118      |
|    time_elapsed    | 126      |
|    total_timesteps | 15000    |
| train/             |          |
|    actor_loss      | 0.715    |
|    critic_loss     | 0.0219   |
|    ent_coef        | 0.00129  |
|    ent_coef_loss   | 3.19     |
|    learning_rate   | 0.001    |
|    n_updates       | 14899    |
---------------------------------
---------------------------------
| rollout/           |          |
|    ep_len_mean     | 50       |
|    ep_rew_mean     | -3.71    |
|    success_rate    | 0.94     |
| time/              |          |
|    episodes        | 304      |
|    fps             | 118      |
|    time_elapsed    | 128      |
|    total_timesteps | 15200    |
| train/             |          |
|    actor_loss      | 0.689    |
|    critic_loss     | 0.0213   |
|    ent_coef        | 0.00124  |
|    ent_coef_loss   | -2.8     |
|    learning_rate   | 0.001    |
|    n_updates       | 15099    |
---------------------------------
---------------------------------
| rollout/           |          |
|    ep_len_mean     | 50       |
|    ep_rew_mean     | -3.73    |
|    success_rate    | 0.94     |
| time/              |          |
|    episodes        | 308      |
|    fps             | 117      |
|    time_elapsed    | 130      |
|    total_timesteps | 15400    |
| train/             |          |
|    actor_loss      | 0.647    |
|    critic_loss     | 0.0185   |
|    ent_coef        | 0.00111  |
|    ent_coef_loss   | 1.2      |
|    learning_rate   | 0.001    |
|    n_updates       | 15299    |
---------------------------------
---------------------------------
| rollout/           |          |
|    ep_len_mean     | 50       |
|    ep_rew_mean     | -3.73    |
|    success_rate    | 0.94     |
| time/              |          |
|    episodes        | 312      |
|    fps             | 117      |
|    time_elapsed    | 132      |
|    total_timesteps | 15600    |
| train/             |          |
|    actor_loss      | 0.555    |
|    critic_loss     | 0.0181   |
|    ent_coef        | 0.00104  |
|    ent_coef_loss   | -4.1     |
|    learning_rate   | 0.001    |
|    n_updates       | 15499    |
---------------------------------
---------------------------------
| rollout/           |          |
|    ep_len_mean     | 50       |
|    ep_rew_mean     | -3.71    |
|    success_rate    | 0.94     |
| time/              |          |
|    episodes        | 316      |
|    fps             | 117      |
|    time_elapsed    | 134      |
|    total_timesteps | 15800    |
| train/             |          |
|    actor_loss      | 0.555    |
|    critic_loss     | 0.0152   |
|    ent_coef        | 0.000911 |
|    ent_coef_loss   | -2.36    |
|    learning_rate   | 0.001    |
|    n_updates       | 15699    |
---------------------------------
---------------------------------
| rollout/           |          |
|    ep_len_mean     | 50       |
|    ep_rew_mean     | -3.72    |
|    success_rate    | 0.94     |
| time/              |          |
|    episodes        | 320      |
|    fps             | 117      |
|    time_elapsed    | 136      |
|    total_timesteps | 16000    |
| train/             |          |
|    actor_loss      | 0.649    |
|    critic_loss     | 0.0289   |
|    ent_coef        | 0.00088  |
|    ent_coef_loss   | -4.23    |
|    learning_rate   | 0.001    |
|    n_updates       | 15899    |
---------------------------------
---------------------------------
| rollout/           |          |
|    ep_len_mean     | 50       |
|    ep_rew_mean     | -3.7     |
|    success_rate    | 0.94     |
| time/              |          |
|    episodes        | 324      |
|    fps             | 117      |
|    time_elapsed    | 138      |
|    total_timesteps | 16200    |
| train/             |          |
|    actor_loss      | 0.579    |
|    critic_loss     | 0.0175   |
|    ent_coef        | 0.000853 |
|    ent_coef_loss   | 1.84     |
|    learning_rate   | 0.001    |
|    n_updates       | 16099    |
---------------------------------
---------------------------------
| rollout/           |          |
|    ep_len_mean     | 50       |
|    ep_rew_mean     | -3.2     |
|    success_rate    | 0.96     |
| time/              |          |
|    episodes        | 328      |
|    fps             | 116      |
|    time_elapsed    | 140      |
|    total_timesteps | 16400    |
| train/             |          |
|    actor_loss      | 0.596    |
|    critic_loss     | 0.0204   |
|    ent_coef        | 0.000788 |
|    ent_coef_loss   | -1.9     |
|    learning_rate   | 0.001    |
|    n_updates       | 16299    |
---------------------------------
---------------------------------
| rollout/           |          |
|    ep_len_mean     | 50       |
|    ep_rew_mean     | -2.94    |
|    success_rate    | 0.96     |
| time/              |          |
|    episodes        | 332      |
|    fps             | 116      |
|    time_elapsed    | 143      |
|    total_timesteps | 16600    |
| train/             |          |
|    actor_loss      | 0.625    |
|    critic_loss     | 0.0178   |
|    ent_coef        | 0.00081  |
|    ent_coef_loss   | 1.69     |
|    learning_rate   | 0.001    |
|    n_updates       | 16499    |
---------------------------------
---------------------------------
| rollout/           |          |
|    ep_len_mean     | 50       |
|    ep_rew_mean     | -2.92    |
|    success_rate    | 0.96     |
| time/              |          |
|    episodes        | 336      |
|    fps             | 115      |
|    time_elapsed    | 144      |
|    total_timesteps | 16800    |
| train/             |          |
|    actor_loss      | 0.546    |
|    critic_loss     | 0.0221   |
|    ent_coef        | 0.000822 |
|    ent_coef_loss   | 7.56     |
|    learning_rate   | 0.001    |
|    n_updates       | 16699    |
---------------------------------
---------------------------------
| rollout/           |          |
|    ep_len_mean     | 50       |
|    ep_rew_mean     | -3.28    |
|    success_rate    | 0.96     |
| time/              |          |
|    episodes        | 340      |
|    fps             | 115      |
|    time_elapsed    | 146      |
|    total_timesteps | 17000    |
| train/             |          |
|    actor_loss      | 0.68     |
|    critic_loss     | 0.0311   |
|    ent_coef        | 0.00118  |
|    ent_coef_loss   | 19.3     |
|    learning_rate   | 0.001    |
|    n_updates       | 16899    |
---------------------------------
---------------------------------
| rollout/           |          |
|    ep_len_mean     | 50       |
|    ep_rew_mean     | -3.27    |
|    success_rate    | 0.96     |
| time/              |          |
|    episodes        | 344      |
|    fps             | 115      |
|    time_elapsed    | 148      |
|    total_timesteps | 17200    |
| train/             |          |
|    actor_loss      | 0.435    |
|    critic_loss     | 0.0202   |
|    ent_coef        | 0.00132  |
|    ent_coef_loss   | -4.78    |
|    learning_rate   | 0.001    |
|    n_updates       | 17099    |
---------------------------------
---------------------------------
| rollout/           |          |
|    ep_len_mean     | 50       |
|    ep_rew_mean     | -3.26    |
|    success_rate    | 0.96     |
| time/              |          |
|    episodes        | 348      |
|    fps             | 115      |
|    time_elapsed    | 150      |
|    total_timesteps | 17400    |
| train/             |          |
|    actor_loss      | 0.604    |
|    critic_loss     | 0.0185   |
|    ent_coef        | 0.00119  |
|    ent_coef_loss   | -2.6     |
|    learning_rate   | 0.001    |
|    n_updates       | 17299    |
---------------------------------
---------------------------------
| rollout/           |          |
|    ep_len_mean     | 50       |
|    ep_rew_mean     | -3.22    |
|    success_rate    | 0.96     |
| time/              |          |
|    episodes        | 352      |
|    fps             | 116      |
|    time_elapsed    | 151      |
|    total_timesteps | 17600    |
| train/             |          |
|    actor_loss      | 0.521    |
|    critic_loss     | 0.0139   |
|    ent_coef        | 0.00104  |
|    ent_coef_loss   | -5.12    |
|    learning_rate   | 0.001    |
|    n_updates       | 17499    |
---------------------------------
---------------------------------
| rollout/           |          |
|    ep_len_mean     | 50       |
|    ep_rew_mean     | -3.23    |
|    success_rate    | 0.96     |
| time/              |          |
|    episodes        | 356      |
|    fps             | 116      |
|    time_elapsed    | 153      |
|    total_timesteps | 17800    |
| train/             |          |
|    actor_loss      | 0.461    |
|    critic_loss     | 0.0139   |
|    ent_coef        | 0.000898 |
|    ent_coef_loss   | -8.13    |
|    learning_rate   | 0.001    |
|    n_updates       | 17699    |
---------------------------------
---------------------------------
| rollout/           |          |
|    ep_len_mean     | 50       |
|    ep_rew_mean     | -3.24    |
|    success_rate    | 0.96     |
| time/              |          |
|    episodes        | 360      |
|    fps             | 116      |
|    time_elapsed    | 155      |
|    total_timesteps | 18000    |
| train/             |          |
|    actor_loss      | 0.517    |
|    critic_loss     | 0.0135   |
|    ent_coef        | 0.000802 |
|    ent_coef_loss   | 0.785    |
|    learning_rate   | 0.001    |
|    n_updates       | 17899    |
---------------------------------
---------------------------------
| rollout/           |          |
|    ep_len_mean     | 50       |
|    ep_rew_mean     | -3.21    |
|    success_rate    | 0.96     |
| time/              |          |
|    episodes        | 364      |
|    fps             | 116      |
|    time_elapsed    | 156      |
|    total_timesteps | 18200    |
| train/             |          |
|    actor_loss      | 0.6      |
|    critic_loss     | 0.0191   |
|    ent_coef        | 0.000743 |
|    ent_coef_loss   | 4.73     |
|    learning_rate   | 0.001    |
|    n_updates       | 18099    |
---------------------------------
---------------------------------
| rollout/           |          |
|    ep_len_mean     | 50       |
|    ep_rew_mean     | -2.68    |
|    success_rate    | 0.98     |
| time/              |          |
|    episodes        | 368      |
|    fps             | 116      |
|    time_elapsed    | 158      |
|    total_timesteps | 18400    |
| train/             |          |
|    actor_loss      | 0.687    |
|    critic_loss     | 0.0257   |
|    ent_coef        | 0.000746 |
|    ent_coef_loss   | 5.64     |
|    learning_rate   | 0.001    |
|    n_updates       | 18299    |
---------------------------------
---------------------------------
| rollout/           |          |
|    ep_len_mean     | 50       |
|    ep_rew_mean     | -2.48    |
|    success_rate    | 0.98     |
| time/              |          |
|    episodes        | 372      |
|    fps             | 116      |
|    time_elapsed    | 160      |
|    total_timesteps | 18600    |
| train/             |          |
|    actor_loss      | 0.458    |
|    critic_loss     | 0.0199   |
|    ent_coef        | 0.000707 |
|    ent_coef_loss   | 3.69     |
|    learning_rate   | 0.001    |
|    n_updates       | 18499    |
---------------------------------
---------------------------------
| rollout/           |          |
|    ep_len_mean     | 50       |
|    ep_rew_mean     | -2.46    |
|    success_rate    | 0.98     |
| time/              |          |
|    episodes        | 376      |
|    fps             | 116      |
|    time_elapsed    | 161      |
|    total_timesteps | 18800    |
| train/             |          |
|    actor_loss      | 0.469    |
|    critic_loss     | 0.0228   |
|    ent_coef        | 0.000704 |
|    ent_coef_loss   | -4.93    |
|    learning_rate   | 0.001    |
|    n_updates       | 18699    |
---------------------------------
---------------------------------
| rollout/           |          |
|    ep_len_mean     | 50       |
|    ep_rew_mean     | -2.5     |
|    success_rate    | 0.98     |
| time/              |          |
|    episodes        | 380      |
|    fps             | 116      |
|    time_elapsed    | 163      |
|    total_timesteps | 19000    |
| train/             |          |
|    actor_loss      | 0.497    |
|    critic_loss     | 0.0101   |
|    ent_coef        | 0.000717 |
|    ent_coef_loss   | -1.33    |
|    learning_rate   | 0.001    |
|    n_updates       | 18899    |
---------------------------------
---------------------------------
| rollout/           |          |
|    ep_len_mean     | 50       |
|    ep_rew_mean     | -2.53    |
|    success_rate    | 0.98     |
| time/              |          |
|    episodes        | 384      |
|    fps             | 116      |
|    time_elapsed    | 165      |
|    total_timesteps | 19200    |
| train/             |          |
|    actor_loss      | 0.478    |
|    critic_loss     | 0.0235   |
|    ent_coef        | 0.000635 |
|    ent_coef_loss   | 3.22     |
|    learning_rate   | 0.001    |
|    n_updates       | 19099    |
---------------------------------
---------------------------------
| rollout/           |          |
|    ep_len_mean     | 50       |
|    ep_rew_mean     | -2.53    |
|    success_rate    | 0.98     |
| time/              |          |
|    episodes        | 388      |
|    fps             | 116      |
|    time_elapsed    | 166      |
|    total_timesteps | 19400    |
| train/             |          |
|    actor_loss      | 0.357    |
|    critic_loss     | 0.0138   |
|    ent_coef        | 0.000653 |
|    ent_coef_loss   | -7.51    |
|    learning_rate   | 0.001    |
|    n_updates       | 19299    |
---------------------------------
---------------------------------
| rollout/           |          |
|    ep_len_mean     | 50       |
|    ep_rew_mean     | -1.99    |
|    success_rate    | 1        |
| time/              |          |
|    episodes        | 392      |
|    fps             | 116      |
|    time_elapsed    | 168      |
|    total_timesteps | 19600    |
| train/             |          |
|    actor_loss      | 0.415    |
|    critic_loss     | 0.0179   |
|    ent_coef        | 0.000625 |
|    ent_coef_loss   | -3.27    |
|    learning_rate   | 0.001    |
|    n_updates       | 19499    |
---------------------------------
---------------------------------
| rollout/           |          |
|    ep_len_mean     | 50       |
|    ep_rew_mean     | -2.02    |
|    success_rate    | 1        |
| time/              |          |
|    episodes        | 396      |
|    fps             | 116      |
|    time_elapsed    | 170      |
|    total_timesteps | 19800    |
| train/             |          |
|    actor_loss      | 0.481    |
|    critic_loss     | 0.0122   |
|    ent_coef        | 0.000599 |
|    ent_coef_loss   | 0.158    |
|    learning_rate   | 0.001    |
|    n_updates       | 19699    |
---------------------------------
---------------------------------
| rollout/           |          |
|    ep_len_mean     | 50       |
|    ep_rew_mean     | -2.03    |
|    success_rate    | 1        |
| time/              |          |
|    episodes        | 400      |
|    fps             | 116      |
|    time_elapsed    | 171      |
|    total_timesteps | 20000    |
| train/             |          |
|    actor_loss      | 0.451    |
|    critic_loss     | 0.0217   |
|    ent_coef        | 0.000601 |
|    ent_coef_loss   | 2.41     |
|    learning_rate   | 0.001    |
|    n_updates       | 19899    |
---------------------------------
success_rate=1.000 over 50 episodes
checkpoint_saved=/Users/eoinmca/Projects/lang-goal-rl/experiments/01_uvfa_her_baseline/checkpoints/seed_0.zip
