AdroitHandRelocateDense-v1, AdroitHandHammerDense-v1, AdroitHandDoorDense-v1 environment's reward functions were updated in v1.2.1 without an environment version update. Therefore, use gymnasium-robotics==1.2.0 for v1 reproducibility or use v2 in gymnasium-robotics>=1.4.3. See https://github.com/Farama-Foundation/Gymnasium-Robotics/pull/220 for more details
Using cpu device
Wrapping the env with a `Monitor` wrapper
Wrapping the env in a DummyVecEnv.
---------------------------------
| rollout/           |          |
|    ep_len_mean     | 50       |
|    ep_rew_mean     | -49      |
|    success_rate    | 0.25     |
| time/              |          |
|    episodes        | 4        |
|    fps             | 138      |
|    time_elapsed    | 1        |
|    total_timesteps | 200      |
| train/             |          |
|    actor_loss      | -4.39    |
|    critic_loss     | 0.188    |
|    ent_coef        | 0.907    |
|    ent_coef_loss   | -0.658   |
|    learning_rate   | 0.001    |
|    n_updates       | 99       |
---------------------------------
---------------------------------
| rollout/           |          |
|    ep_len_mean     | 50       |
|    ep_rew_mean     | -49      |
|    success_rate    | 0.125    |
| time/              |          |
|    episodes        | 8        |
|    fps             | 87       |
|    time_elapsed    | 4        |
|    total_timesteps | 400      |
| train/             |          |
|    actor_loss      | -4.46    |
|    critic_loss     | 0.233    |
|    ent_coef        | 0.742    |
|    ent_coef_loss   | -2       |
|    learning_rate   | 0.001    |
|    n_updates       | 299      |
---------------------------------
---------------------------------
| rollout/           |          |
|    ep_len_mean     | 50       |
|    ep_rew_mean     | -48.9    |
|    success_rate    | 0.0833   |
| time/              |          |
|    episodes        | 12       |
|    fps             | 78       |
|    time_elapsed    | 7        |
|    total_timesteps | 600      |
| train/             |          |
|    actor_loss      | -4.34    |
|    critic_loss     | 0.173    |
|    ent_coef        | 0.608    |
|    ent_coef_loss   | -3.35    |
|    learning_rate   | 0.001    |
|    n_updates       | 499      |
---------------------------------
---------------------------------
| rollout/           |          |
|    ep_len_mean     | 50       |
|    ep_rew_mean     | -48.9    |
|    success_rate    | 0.0625   |
| time/              |          |
|    episodes        | 16       |
|    fps             | 75       |
|    time_elapsed    | 10       |
|    total_timesteps | 800      |
| train/             |          |
|    actor_loss      | -4.24    |
|    critic_loss     | 0.151    |
|    ent_coef        | 0.497    |
|    ent_coef_loss   | -4.7     |
|    learning_rate   | 0.001    |
|    n_updates       | 699      |
---------------------------------
---------------------------------
| rollout/           |          |
|    ep_len_mean     | 50       |
|    ep_rew_mean     | -49.1    |
|    success_rate    | 0.05     |
| time/              |          |
|    episodes        | 20       |
|    fps             | 73       |
|    time_elapsed    | 13       |
|    total_timesteps | 1000     |
| train/             |          |
|    actor_loss      | -4.11    |
|    critic_loss     | 0.163    |
|    ent_coef        | 0.407    |
|    ent_coef_loss   | -6.05    |
|    learning_rate   | 0.001    |
|    n_updates       | 899      |
---------------------------------
---------------------------------
| rollout/           |          |
|    ep_len_mean     | 50       |
|    ep_rew_mean     | -49.2    |
|    success_rate    | 0.0417   |
| time/              |          |
|    episodes        | 24       |
|    fps             | 72       |
|    time_elapsed    | 16       |
|    total_timesteps | 1200     |
| train/             |          |
|    actor_loss      | -3.62    |
|    critic_loss     | 0.144    |
|    ent_coef        | 0.334    |
|    ent_coef_loss   | -7.37    |
|    learning_rate   | 0.001    |
|    n_updates       | 1099     |
---------------------------------
---------------------------------
| rollout/           |          |
|    ep_len_mean     | 50       |
|    ep_rew_mean     | -49.3    |
|    success_rate    | 0.0357   |
| time/              |          |
|    episodes        | 28       |
|    fps             | 71       |
|    time_elapsed    | 19       |
|    total_timesteps | 1400     |
| train/             |          |
|    actor_loss      | -3.31    |
|    critic_loss     | 0.167    |
|    ent_coef        | 0.273    |
|    ent_coef_loss   | -8.65    |
|    learning_rate   | 0.001    |
|    n_updates       | 1299     |
---------------------------------
---------------------------------
| rollout/           |          |
|    ep_len_mean     | 50       |
|    ep_rew_mean     | -49.4    |
|    success_rate    | 0.0312   |
| time/              |          |
|    episodes        | 32       |
|    fps             | 71       |
|    time_elapsed    | 22       |
|    total_timesteps | 1600     |
| train/             |          |
|    actor_loss      | -2.73    |
|    critic_loss     | 0.162    |
|    ent_coef        | 0.224    |
|    ent_coef_loss   | -10      |
|    learning_rate   | 0.001    |
|    n_updates       | 1499     |
---------------------------------
---------------------------------
| rollout/           |          |
|    ep_len_mean     | 50       |
|    ep_rew_mean     | -49.5    |
|    success_rate    | 0.0278   |
| time/              |          |
|    episodes        | 36       |
|    fps             | 70       |
|    time_elapsed    | 25       |
|    total_timesteps | 1800     |
| train/             |          |
|    actor_loss      | -2.33    |
|    critic_loss     | 0.159    |
|    ent_coef        | 0.184    |
|    ent_coef_loss   | -11.1    |
|    learning_rate   | 0.001    |
|    n_updates       | 1699     |
---------------------------------
---------------------------------
| rollout/           |          |
|    ep_len_mean     | 50       |
|    ep_rew_mean     | -49.5    |
|    success_rate    | 0.025    |
| time/              |          |
|    episodes        | 40       |
|    fps             | 70       |
|    time_elapsed    | 28       |
|    total_timesteps | 2000     |
| train/             |          |
|    actor_loss      | -2       |
|    critic_loss     | 0.172    |
|    ent_coef        | 0.152    |
|    ent_coef_loss   | -12.1    |
|    learning_rate   | 0.001    |
|    n_updates       | 1899     |
---------------------------------
---------------------------------
| rollout/           |          |
|    ep_len_mean     | 50       |
|    ep_rew_mean     | -49.6    |
|    success_rate    | 0.0227   |
| time/              |          |
|    episodes        | 44       |
|    fps             | 69       |
|    time_elapsed    | 31       |
|    total_timesteps | 2200     |
| train/             |          |
|    actor_loss      | -2.09    |
|    critic_loss     | 0.192    |
|    ent_coef        | 0.126    |
|    ent_coef_loss   | -12.2    |
|    learning_rate   | 0.001    |
|    n_updates       | 2099     |
---------------------------------
---------------------------------
| rollout/           |          |
|    ep_len_mean     | 50       |
|    ep_rew_mean     | -49.6    |
|    success_rate    | 0.0208   |
| time/              |          |
|    episodes        | 48       |
|    fps             | 69       |
|    time_elapsed    | 34       |
|    total_timesteps | 2400     |
| train/             |          |
|    actor_loss      | -1.2     |
|    critic_loss     | 0.184    |
|    ent_coef        | 0.105    |
|    ent_coef_loss   | -12.6    |
|    learning_rate   | 0.001    |
|    n_updates       | 2299     |
---------------------------------
---------------------------------
| rollout/           |          |
|    ep_len_mean     | 50       |
|    ep_rew_mean     | -49.6    |
|    success_rate    | 0.0192   |
| time/              |          |
|    episodes        | 52       |
|    fps             | 69       |
|    time_elapsed    | 37       |
|    total_timesteps | 2600     |
| train/             |          |
|    actor_loss      | -1.09    |
|    critic_loss     | 0.162    |
|    ent_coef        | 0.088    |
|    ent_coef_loss   | -13.1    |
|    learning_rate   | 0.001    |
|    n_updates       | 2499     |
---------------------------------
---------------------------------
| rollout/           |          |
|    ep_len_mean     | 50       |
|    ep_rew_mean     | -49.7    |
|    success_rate    | 0.0179   |
| time/              |          |
|    episodes        | 56       |
|    fps             | 68       |
|    time_elapsed    | 40       |
|    total_timesteps | 2800     |
| train/             |          |
|    actor_loss      | -0.735   |
|    critic_loss     | 0.232    |
|    ent_coef        | 0.0743   |
|    ent_coef_loss   | -12.6    |
|    learning_rate   | 0.001    |
|    n_updates       | 2699     |
---------------------------------
---------------------------------
| rollout/           |          |
|    ep_len_mean     | 50       |
|    ep_rew_mean     | -49.7    |
|    success_rate    | 0.0167   |
| time/              |          |
|    episodes        | 60       |
|    fps             | 68       |
|    time_elapsed    | 43       |
|    total_timesteps | 3000     |
| train/             |          |
|    actor_loss      | -0.471   |
|    critic_loss     | 0.208    |
|    ent_coef        | 0.0632   |
|    ent_coef_loss   | -12.4    |
|    learning_rate   | 0.001    |
|    n_updates       | 2899     |
---------------------------------
---------------------------------
| rollout/           |          |
|    ep_len_mean     | 50       |
|    ep_rew_mean     | -49.7    |
|    success_rate    | 0.0156   |
| time/              |          |
|    episodes        | 64       |
|    fps             | 68       |
|    time_elapsed    | 46       |
|    total_timesteps | 3200     |
| train/             |          |
|    actor_loss      | -0.383   |
|    critic_loss     | 0.206    |
|    ent_coef        | 0.0541   |
|    ent_coef_loss   | -11.6    |
|    learning_rate   | 0.001    |
|    n_updates       | 3099     |
---------------------------------
---------------------------------
| rollout/           |          |
|    ep_len_mean     | 50       |
|    ep_rew_mean     | -49.7    |
|    success_rate    | 0.0147   |
| time/              |          |
|    episodes        | 68       |
|    fps             | 67       |
|    time_elapsed    | 50       |
|    total_timesteps | 3400     |
| train/             |          |
|    actor_loss      | 0.286    |
|    critic_loss     | 0.282    |
|    ent_coef        | 0.0469   |
|    ent_coef_loss   | -11.9    |
|    learning_rate   | 0.001    |
|    n_updates       | 3299     |
---------------------------------
---------------------------------
| rollout/           |          |
|    ep_len_mean     | 50       |
|    ep_rew_mean     | -49.6    |
|    success_rate    | 0.0139   |
| time/              |          |
|    episodes        | 72       |
|    fps             | 67       |
|    time_elapsed    | 53       |
|    total_timesteps | 3600     |
| train/             |          |
|    actor_loss      | 0.5      |
|    critic_loss     | 0.235    |
|    ent_coef        | 0.041    |
|    ent_coef_loss   | -12.3    |
|    learning_rate   | 0.001    |
|    n_updates       | 3499     |
---------------------------------
---------------------------------
| rollout/           |          |
|    ep_len_mean     | 50       |
|    ep_rew_mean     | -49.6    |
|    success_rate    | 0.0132   |
| time/              |          |
|    episodes        | 76       |
|    fps             | 67       |
|    time_elapsed    | 56       |
|    total_timesteps | 3800     |
| train/             |          |
|    actor_loss      | 0.746    |
|    critic_loss     | 0.293    |
|    ent_coef        | 0.0361   |
|    ent_coef_loss   | -7.51    |
|    learning_rate   | 0.001    |
|    n_updates       | 3699     |
---------------------------------
---------------------------------
| rollout/           |          |
|    ep_len_mean     | 50       |
|    ep_rew_mean     | -49.4    |
|    success_rate    | 0.0125   |
| time/              |          |
|    episodes        | 80       |
|    fps             | 67       |
|    time_elapsed    | 59       |
|    total_timesteps | 4000     |
| train/             |          |
|    actor_loss      | 0.943    |
|    critic_loss     | 0.247    |
|    ent_coef        | 0.0321   |
|    ent_coef_loss   | -9.98    |
|    learning_rate   | 0.001    |
|    n_updates       | 3899     |
---------------------------------
---------------------------------
| rollout/           |          |
|    ep_len_mean     | 50       |
|    ep_rew_mean     | -49.4    |
|    success_rate    | 0.0119   |
| time/              |          |
|    episodes        | 84       |
|    fps             | 67       |
|    time_elapsed    | 62       |
|    total_timesteps | 4200     |
| train/             |          |
|    actor_loss      | 0.835    |
|    critic_loss     | 0.288    |
|    ent_coef        | 0.0287   |
|    ent_coef_loss   | -7.81    |
|    learning_rate   | 0.001    |
|    n_updates       | 4099     |
---------------------------------
---------------------------------
| rollout/           |          |
|    ep_len_mean     | 50       |
|    ep_rew_mean     | -49      |
|    success_rate    | 0.0227   |
| time/              |          |
|    episodes        | 88       |
|    fps             | 67       |
|    time_elapsed    | 65       |
|    total_timesteps | 4400     |
| train/             |          |
|    actor_loss      | 0.988    |
|    critic_loss     | 0.236    |
|    ent_coef        | 0.0261   |
|    ent_coef_loss   | -6.64    |
|    learning_rate   | 0.001    |
|    n_updates       | 4299     |
---------------------------------
---------------------------------
| rollout/           |          |
|    ep_len_mean     | 50       |
|    ep_rew_mean     | -48.6    |
|    success_rate    | 0.0217   |
| time/              |          |
|    episodes        | 92       |
|    fps             | 67       |
|    time_elapsed    | 68       |
|    total_timesteps | 4600     |
| train/             |          |
|    actor_loss      | 0.988    |
|    critic_loss     | 0.188    |
|    ent_coef        | 0.0239   |
|    ent_coef_loss   | -6.34    |
|    learning_rate   | 0.001    |
|    n_updates       | 4499     |
---------------------------------
---------------------------------
| rollout/           |          |
|    ep_len_mean     | 50       |
|    ep_rew_mean     | -48.4    |
|    success_rate    | 0.0312   |
| time/              |          |
|    episodes        | 96       |
|    fps             | 66       |
|    time_elapsed    | 71       |
|    total_timesteps | 4800     |
| train/             |          |
|    actor_loss      | 1.18     |
|    critic_loss     | 0.269    |
|    ent_coef        | 0.022    |
|    ent_coef_loss   | -4.2     |
|    learning_rate   | 0.001    |
|    n_updates       | 4699     |
---------------------------------
---------------------------------
| rollout/           |          |
|    ep_len_mean     | 50       |
|    ep_rew_mean     | -47.6    |
|    success_rate    | 0.05     |
| time/              |          |
|    episodes        | 100      |
|    fps             | 66       |
|    time_elapsed    | 74       |
|    total_timesteps | 5000     |
| train/             |          |
|    actor_loss      | 1.02     |
|    critic_loss     | 0.229    |
|    ent_coef        | 0.0204   |
|    ent_coef_loss   | -5.98    |
|    learning_rate   | 0.001    |
|    n_updates       | 4899     |
---------------------------------
---------------------------------
| rollout/           |          |
|    ep_len_mean     | 50       |
|    ep_rew_mean     | -47.1    |
|    success_rate    | 0.05     |
| time/              |          |
|    episodes        | 104      |
|    fps             | 66       |
|    time_elapsed    | 77       |
|    total_timesteps | 5200     |
| train/             |          |
|    actor_loss      | 1.24     |
|    critic_loss     | 0.212    |
|    ent_coef        | 0.0189   |
|    ent_coef_loss   | -3.24    |
|    learning_rate   | 0.001    |
|    n_updates       | 5099     |
---------------------------------
---------------------------------
| rollout/           |          |
|    ep_len_mean     | 50       |
|    ep_rew_mean     | -46.3    |
|    success_rate    | 0.06     |
| time/              |          |
|    episodes        | 108      |
|    fps             | 66       |
|    time_elapsed    | 80       |
|    total_timesteps | 5400     |
| train/             |          |
|    actor_loss      | 0.845    |
|    critic_loss     | 0.192    |
|    ent_coef        | 0.0177   |
|    ent_coef_loss   | -3.57    |
|    learning_rate   | 0.001    |
|    n_updates       | 5299     |
---------------------------------
---------------------------------
| rollout/           |          |
|    ep_len_mean     | 50       |
|    ep_rew_mean     | -46.1    |
|    success_rate    | 0.07     |
| time/              |          |
|    episodes        | 112      |
|    fps             | 66       |
|    time_elapsed    | 84       |
|    total_timesteps | 5600     |
| train/             |          |
|    actor_loss      | 1.4      |
|    critic_loss     | 0.195    |
|    ent_coef        | 0.0164   |
|    ent_coef_loss   | -4.23    |
|    learning_rate   | 0.001    |
|    n_updates       | 5499     |
---------------------------------
---------------------------------
| rollout/           |          |
|    ep_len_mean     | 50       |
|    ep_rew_mean     | -45.6    |
|    success_rate    | 0.07     |
| time/              |          |
|    episodes        | 116      |
|    fps             | 66       |
|    time_elapsed    | 87       |
|    total_timesteps | 5800     |
| train/             |          |
|    actor_loss      | 1.29     |
|    critic_loss     | 0.213    |
|    ent_coef        | 0.0152   |
|    ent_coef_loss   | -4.22    |
|    learning_rate   | 0.001    |
|    n_updates       | 5699     |
---------------------------------
---------------------------------
| rollout/           |          |
|    ep_len_mean     | 50       |
|    ep_rew_mean     | -44.5    |
|    success_rate    | 0.1      |
| time/              |          |
|    episodes        | 120      |
|    fps             | 66       |
|    time_elapsed    | 90       |
|    total_timesteps | 6000     |
| train/             |          |
|    actor_loss      | 1.15     |
|    critic_loss     | 0.181    |
|    ent_coef        | 0.0141   |
|    ent_coef_loss   | -1.89    |
|    learning_rate   | 0.001    |
|    n_updates       | 5899     |
---------------------------------
---------------------------------
| rollout/           |          |
|    ep_len_mean     | 50       |
|    ep_rew_mean     | -43.4    |
|    success_rate    | 0.12     |
| time/              |          |
|    episodes        | 124      |
|    fps             | 66       |
|    time_elapsed    | 93       |
|    total_timesteps | 6200     |
| train/             |          |
|    actor_loss      | 1.42     |
|    critic_loss     | 0.172    |
|    ent_coef        | 0.0133   |
|    ent_coef_loss   | -2.92    |
|    learning_rate   | 0.001    |
|    n_updates       | 6099     |
---------------------------------
---------------------------------
| rollout/           |          |
|    ep_len_mean     | 50       |
|    ep_rew_mean     | -42.1    |
|    success_rate    | 0.14     |
| time/              |          |
|    episodes        | 128      |
|    fps             | 66       |
|    time_elapsed    | 96       |
|    total_timesteps | 6400     |
| train/             |          |
|    actor_loss      | 1.47     |
|    critic_loss     | 0.151    |
|    ent_coef        | 0.0125   |
|    ent_coef_loss   | -1.42    |
|    learning_rate   | 0.001    |
|    n_updates       | 6299     |
---------------------------------
---------------------------------
| rollout/           |          |
|    ep_len_mean     | 50       |
|    ep_rew_mean     | -41.3    |
|    success_rate    | 0.15     |
| time/              |          |
|    episodes        | 132      |
|    fps             | 66       |
|    time_elapsed    | 99       |
|    total_timesteps | 6600     |
| train/             |          |
|    actor_loss      | 0.957    |
|    critic_loss     | 0.186    |
|    ent_coef        | 0.0121   |
|    ent_coef_loss   | 0.283    |
|    learning_rate   | 0.001    |
|    n_updates       | 6499     |
---------------------------------
---------------------------------
| rollout/           |          |
|    ep_len_mean     | 50       |
|    ep_rew_mean     | -40.1    |
|    success_rate    | 0.17     |
| time/              |          |
|    episodes        | 136      |
|    fps             | 66       |
|    time_elapsed    | 102      |
|    total_timesteps | 6800     |
| train/             |          |
|    actor_loss      | 0.937    |
|    critic_loss     | 0.16     |
|    ent_coef        | 0.0117   |
|    ent_coef_loss   | -1.46    |
|    learning_rate   | 0.001    |
|    n_updates       | 6699     |
---------------------------------
---------------------------------
| rollout/           |          |
|    ep_len_mean     | 50       |
|    ep_rew_mean     | -39.3    |
|    success_rate    | 0.19     |
| time/              |          |
|    episodes        | 140      |
|    fps             | 66       |
|    time_elapsed    | 105      |
|    total_timesteps | 7000     |
| train/             |          |
|    actor_loss      | 1.22     |
|    critic_loss     | 0.15     |
|    ent_coef        | 0.0114   |
|    ent_coef_loss   | -1.97    |
|    learning_rate   | 0.001    |
|    n_updates       | 6899     |
---------------------------------
---------------------------------
| rollout/           |          |
|    ep_len_mean     | 50       |
|    ep_rew_mean     | -37.4    |
|    success_rate    | 0.23     |
| time/              |          |
|    episodes        | 144      |
|    fps             | 66       |
|    time_elapsed    | 108      |
|    total_timesteps | 7200     |
| train/             |          |
|    actor_loss      | 1.31     |
|    critic_loss     | 0.137    |
|    ent_coef        | 0.011    |
|    ent_coef_loss   | -1.57    |
|    learning_rate   | 0.001    |
|    n_updates       | 7099     |
---------------------------------
---------------------------------
| rollout/           |          |
|    ep_len_mean     | 50       |
|    ep_rew_mean     | -35.9    |
|    success_rate    | 0.26     |
| time/              |          |
|    episodes        | 148      |
|    fps             | 66       |
|    time_elapsed    | 111      |
|    total_timesteps | 7400     |
| train/             |          |
|    actor_loss      | 1.56     |
|    critic_loss     | 0.146    |
|    ent_coef        | 0.0105   |
|    ent_coef_loss   | -0.547   |
|    learning_rate   | 0.001    |
|    n_updates       | 7299     |
---------------------------------
---------------------------------
| rollout/           |          |
|    ep_len_mean     | 50       |
|    ep_rew_mean     | -34.1    |
|    success_rate    | 0.3      |
| time/              |          |
|    episodes        | 152      |
|    fps             | 66       |
|    time_elapsed    | 114      |
|    total_timesteps | 7600     |
| train/             |          |
|    actor_loss      | 1.42     |
|    critic_loss     | 0.126    |
|    ent_coef        | 0.0101   |
|    ent_coef_loss   | 0.975    |
|    learning_rate   | 0.001    |
|    n_updates       | 7499     |
---------------------------------
---------------------------------
| rollout/           |          |
|    ep_len_mean     | 50       |
|    ep_rew_mean     | -32.2    |
|    success_rate    | 0.34     |
| time/              |          |
|    episodes        | 156      |
|    fps             | 66       |
|    time_elapsed    | 117      |
|    total_timesteps | 7800     |
| train/             |          |
|    actor_loss      | 1.06     |
|    critic_loss     | 0.128    |
|    ent_coef        | 0.0103   |
|    ent_coef_loss   | -0.175   |
|    learning_rate   | 0.001    |
|    n_updates       | 7699     |
---------------------------------
---------------------------------
| rollout/           |          |
|    ep_len_mean     | 50       |
|    ep_rew_mean     | -30.7    |
|    success_rate    | 0.37     |
| time/              |          |
|    episodes        | 160      |
|    fps             | 66       |
|    time_elapsed    | 120      |
|    total_timesteps | 8000     |
| train/             |          |
|    actor_loss      | 1.45     |
|    critic_loss     | 0.126    |
|    ent_coef        | 0.0103   |
|    ent_coef_loss   | 0.887    |
|    learning_rate   | 0.001    |
|    n_updates       | 7899     |
---------------------------------
---------------------------------
| rollout/           |          |
|    ep_len_mean     | 50       |
|    ep_rew_mean     | -28.9    |
|    success_rate    | 0.4      |
| time/              |          |
|    episodes        | 164      |
|    fps             | 66       |
|    time_elapsed    | 124      |
|    total_timesteps | 8200     |
| train/             |          |
|    actor_loss      | 1.41     |
|    critic_loss     | 0.116    |
|    ent_coef        | 0.0101   |
|    ent_coef_loss   | 1.24     |
|    learning_rate   | 0.001    |
|    n_updates       | 8099     |
---------------------------------
---------------------------------
| rollout/           |          |
|    ep_len_mean     | 50       |
|    ep_rew_mean     | -27      |
|    success_rate    | 0.44     |
| time/              |          |
|    episodes        | 168      |
|    fps             | 66       |
|    time_elapsed    | 127      |
|    total_timesteps | 8400     |
| train/             |          |
|    actor_loss      | 1.53     |
|    critic_loss     | 0.111    |
|    ent_coef        | 0.00991  |
|    ent_coef_loss   | 1.45     |
|    learning_rate   | 0.001    |
|    n_updates       | 8299     |
---------------------------------
---------------------------------
| rollout/           |          |
|    ep_len_mean     | 50       |
|    ep_rew_mean     | -25.4    |
|    success_rate    | 0.47     |
| time/              |          |
|    episodes        | 172      |
|    fps             | 66       |
|    time_elapsed    | 130      |
|    total_timesteps | 8600     |
| train/             |          |
|    actor_loss      | 1.7      |
|    critic_loss     | 0.102    |
|    ent_coef        | 0.00964  |
|    ent_coef_loss   | -0.32    |
|    learning_rate   | 0.001    |
|    n_updates       | 8499     |
---------------------------------
---------------------------------
| rollout/           |          |
|    ep_len_mean     | 50       |
|    ep_rew_mean     | -23.4    |
|    success_rate    | 0.51     |
| time/              |          |
|    episodes        | 176      |
|    fps             | 65       |
|    time_elapsed    | 133      |
|    total_timesteps | 8800     |
| train/             |          |
|    actor_loss      | 1.55     |
|    critic_loss     | 0.124    |
|    ent_coef        | 0.00966  |
|    ent_coef_loss   | -1.26    |
|    learning_rate   | 0.001    |
|    n_updates       | 8699     |
---------------------------------
---------------------------------
| rollout/           |          |
|    ep_len_mean     | 50       |
|    ep_rew_mean     | -21.6    |
|    success_rate    | 0.55     |
| time/              |          |
|    episodes        | 180      |
|    fps             | 65       |
|    time_elapsed    | 136      |
|    total_timesteps | 9000     |
| train/             |          |
|    actor_loss      | 1.15     |
|    critic_loss     | 0.0898   |
|    ent_coef        | 0.00911  |
|    ent_coef_loss   | 1.31     |
|    learning_rate   | 0.001    |
|    n_updates       | 8899     |
---------------------------------
---------------------------------
| rollout/           |          |
|    ep_len_mean     | 50       |
|    ep_rew_mean     | -19.8    |
|    success_rate    | 0.59     |
| time/              |          |
|    episodes        | 184      |
|    fps             | 65       |
|    time_elapsed    | 139      |
|    total_timesteps | 9200     |
| train/             |          |
|    actor_loss      | 1.14     |
|    critic_loss     | 0.107    |
|    ent_coef        | 0.00891  |
|    ent_coef_loss   | 0.722    |
|    learning_rate   | 0.001    |
|    n_updates       | 9099     |
---------------------------------
---------------------------------
| rollout/           |          |
|    ep_len_mean     | 50       |
|    ep_rew_mean     | -18.2    |
|    success_rate    | 0.62     |
| time/              |          |
|    episodes        | 188      |
|    fps             | 65       |
|    time_elapsed    | 142      |
|    total_timesteps | 9400     |
| train/             |          |
|    actor_loss      | 1.23     |
|    critic_loss     | 0.105    |
|    ent_coef        | 0.00894  |
|    ent_coef_loss   | 2.74     |
|    learning_rate   | 0.001    |
|    n_updates       | 9299     |
---------------------------------
---------------------------------
| rollout/           |          |
|    ep_len_mean     | 50       |
|    ep_rew_mean     | -16.8    |
|    success_rate    | 0.66     |
| time/              |          |
|    episodes        | 192      |
|    fps             | 65       |
|    time_elapsed    | 146      |
|    total_timesteps | 9600     |
| train/             |          |
|    actor_loss      | 1.23     |
|    critic_loss     | 0.0876   |
|    ent_coef        | 0.00854  |
|    ent_coef_loss   | -2.26    |
|    learning_rate   | 0.001    |
|    n_updates       | 9499     |
---------------------------------
---------------------------------
| rollout/           |          |
|    ep_len_mean     | 50       |
|    ep_rew_mean     | -15.2    |
|    success_rate    | 0.69     |
| time/              |          |
|    episodes        | 196      |
|    fps             | 65       |
|    time_elapsed    | 149      |
|    total_timesteps | 9800     |
| train/             |          |
|    actor_loss      | 1.7      |
|    critic_loss     | 0.0954   |
|    ent_coef        | 0.00834  |
|    ent_coef_loss   | 0.0395   |
|    learning_rate   | 0.001    |
|    n_updates       | 9699     |
---------------------------------
---------------------------------
| rollout/           |          |
|    ep_len_mean     | 50       |
|    ep_rew_mean     | -14.6    |
|    success_rate    | 0.7      |
| time/              |          |
|    episodes        | 200      |
|    fps             | 65       |
|    time_elapsed    | 152      |
|    total_timesteps | 10000    |
| train/             |          |
|    actor_loss      | 1.16     |
|    critic_loss     | 0.0623   |
|    ent_coef        | 0.00793  |
|    ent_coef_loss   | -2.48    |
|    learning_rate   | 0.001    |
|    n_updates       | 9899     |
---------------------------------
---------------------------------
| rollout/           |          |
|    ep_len_mean     | 50       |
|    ep_rew_mean     | -13.3    |
|    success_rate    | 0.73     |
| time/              |          |
|    episodes        | 204      |
|    fps             | 65       |
|    time_elapsed    | 155      |
|    total_timesteps | 10200    |
| train/             |          |
|    actor_loss      | 1.53     |
|    critic_loss     | 0.0704   |
|    ent_coef        | 0.00763  |
|    ent_coef_loss   | 1.07     |
|    learning_rate   | 0.001    |
|    n_updates       | 10099    |
---------------------------------
---------------------------------
| rollout/           |          |
|    ep_len_mean     | 50       |
|    ep_rew_mean     | -12.7    |
|    success_rate    | 0.75     |
| time/              |          |
|    episodes        | 208      |
|    fps             | 65       |
|    time_elapsed    | 158      |
|    total_timesteps | 10400    |
| train/             |          |
|    actor_loss      | 0.823    |
|    critic_loss     | 0.0708   |
|    ent_coef        | 0.00735  |
|    ent_coef_loss   | -1.44    |
|    learning_rate   | 0.001    |
|    n_updates       | 10299    |
---------------------------------
---------------------------------
| rollout/           |          |
|    ep_len_mean     | 50       |
|    ep_rew_mean     | -11      |
|    success_rate    | 0.78     |
| time/              |          |
|    episodes        | 212      |
|    fps             | 65       |
|    time_elapsed    | 161      |
|    total_timesteps | 10600    |
| train/             |          |
|    actor_loss      | 0.865    |
|    critic_loss     | 0.0622   |
|    ent_coef        | 0.00708  |
|    ent_coef_loss   | -0.09    |
|    learning_rate   | 0.001    |
|    n_updates       | 10499    |
---------------------------------
---------------------------------
| rollout/           |          |
|    ep_len_mean     | 50       |
|    ep_rew_mean     | -9.59    |
|    success_rate    | 0.82     |
| time/              |          |
|    episodes        | 216      |
|    fps             | 65       |
|    time_elapsed    | 164      |
|    total_timesteps | 10800    |
| train/             |          |
|    actor_loss      | 1.24     |
|    critic_loss     | 0.0895   |
|    ent_coef        | 0.00692  |
|    ent_coef_loss   | -1.83    |
|    learning_rate   | 0.001    |
|    n_updates       | 10699    |
---------------------------------
---------------------------------
| rollout/           |          |
|    ep_len_mean     | 50       |
|    ep_rew_mean     | -8.83    |
|    success_rate    | 0.83     |
| time/              |          |
|    episodes        | 220      |
|    fps             | 65       |
|    time_elapsed    | 168      |
|    total_timesteps | 11000    |
| train/             |          |
|    actor_loss      | 1.17     |
|    critic_loss     | 0.0691   |
|    ent_coef        | 0.0066   |
|    ent_coef_loss   | -0.588   |
|    learning_rate   | 0.001    |
|    n_updates       | 10899    |
---------------------------------
---------------------------------
| rollout/           |          |
|    ep_len_mean     | 50       |
|    ep_rew_mean     | -8.01    |
|    success_rate    | 0.85     |
| time/              |          |
|    episodes        | 224      |
|    fps             | 65       |
|    time_elapsed    | 171      |
|    total_timesteps | 11200    |
| train/             |          |
|    actor_loss      | 1        |
|    critic_loss     | 0.0551   |
|    ent_coef        | 0.00647  |
|    ent_coef_loss   | -0.302   |
|    learning_rate   | 0.001    |
|    n_updates       | 11099    |
---------------------------------
---------------------------------
| rollout/           |          |
|    ep_len_mean     | 50       |
|    ep_rew_mean     | -7.38    |
|    success_rate    | 0.87     |
| time/              |          |
|    episodes        | 228      |
|    fps             | 65       |
|    time_elapsed    | 174      |
|    total_timesteps | 11400    |
| train/             |          |
|    actor_loss      | 0.903    |
|    critic_loss     | 0.0774   |
|    ent_coef        | 0.00639  |
|    ent_coef_loss   | -2.06    |
|    learning_rate   | 0.001    |
|    n_updates       | 11299    |
---------------------------------
---------------------------------
| rollout/           |          |
|    ep_len_mean     | 50       |
|    ep_rew_mean     | -6.28    |
|    success_rate    | 0.9      |
| time/              |          |
|    episodes        | 232      |
|    fps             | 65       |
|    time_elapsed    | 177      |
|    total_timesteps | 11600    |
| train/             |          |
|    actor_loss      | 1.02     |
|    critic_loss     | 0.0564   |
|    ent_coef        | 0.00606  |
|    ent_coef_loss   | 0.166    |
|    learning_rate   | 0.001    |
|    n_updates       | 11499    |
---------------------------------
---------------------------------
| rollout/           |          |
|    ep_len_mean     | 50       |
|    ep_rew_mean     | -5.56    |
|    success_rate    | 0.92     |
| time/              |          |
|    episodes        | 236      |
|    fps             | 65       |
|    time_elapsed    | 180      |
|    total_timesteps | 11800    |
| train/             |          |
|    actor_loss      | 0.737    |
|    critic_loss     | 0.0582   |
|    ent_coef        | 0.00586  |
|    ent_coef_loss   | -1.07    |
|    learning_rate   | 0.001    |
|    n_updates       | 11699    |
---------------------------------
---------------------------------
| rollout/           |          |
|    ep_len_mean     | 50       |
|    ep_rew_mean     | -4.39    |
|    success_rate    | 0.94     |
| time/              |          |
|    episodes        | 240      |
|    fps             | 65       |
|    time_elapsed    | 183      |
|    total_timesteps | 12000    |
| train/             |          |
|    actor_loss      | 0.81     |
|    critic_loss     | 0.054    |
|    ent_coef        | 0.00579  |
|    ent_coef_loss   | -2.14    |
|    learning_rate   | 0.001    |
|    n_updates       | 11899    |
---------------------------------
---------------------------------
| rollout/           |          |
|    ep_len_mean     | 50       |
|    ep_rew_mean     | -4.38    |
|    success_rate    | 0.94     |
| time/              |          |
|    episodes        | 244      |
|    fps             | 65       |
|    time_elapsed    | 187      |
|    total_timesteps | 12200    |
| train/             |          |
|    actor_loss      | 0.971    |
|    critic_loss     | 0.0554   |
|    ent_coef        | 0.00565  |
|    ent_coef_loss   | -4.45    |
|    learning_rate   | 0.001    |
|    n_updates       | 12099    |
---------------------------------
---------------------------------
| rollout/           |          |
|    ep_len_mean     | 50       |
|    ep_rew_mean     | -3.95    |
|    success_rate    | 0.95     |
| time/              |          |
|    episodes        | 248      |
|    fps             | 65       |
|    time_elapsed    | 190      |
|    total_timesteps | 12400    |
| train/             |          |
|    actor_loss      | 0.957    |
|    critic_loss     | 0.0644   |
|    ent_coef        | 0.00546  |
|    ent_coef_loss   | 1.38     |
|    learning_rate   | 0.001    |
|    n_updates       | 12299    |
---------------------------------
---------------------------------
| rollout/           |          |
|    ep_len_mean     | 50       |
|    ep_rew_mean     | -3.83    |
|    success_rate    | 0.95     |
| time/              |          |
|    episodes        | 252      |
|    fps             | 65       |
|    time_elapsed    | 193      |
|    total_timesteps | 12600    |
| train/             |          |
|    actor_loss      | 0.94     |
|    critic_loss     | 0.0704   |
|    ent_coef        | 0.00529  |
|    ent_coef_loss   | 0.106    |
|    learning_rate   | 0.001    |
|    n_updates       | 12499    |
---------------------------------
---------------------------------
| rollout/           |          |
|    ep_len_mean     | 50       |
|    ep_rew_mean     | -3.83    |
|    success_rate    | 0.95     |
| time/              |          |
|    episodes        | 256      |
|    fps             | 65       |
|    time_elapsed    | 196      |
|    total_timesteps | 12800    |
| train/             |          |
|    actor_loss      | 0.806    |
|    critic_loss     | 0.0579   |
|    ent_coef        | 0.00527  |
|    ent_coef_loss   | -2.2     |
|    learning_rate   | 0.001    |
|    n_updates       | 12699    |
---------------------------------
---------------------------------
| rollout/           |          |
|    ep_len_mean     | 50       |
|    ep_rew_mean     | -3.34    |
|    success_rate    | 0.96     |
| time/              |          |
|    episodes        | 260      |
|    fps             | 65       |
|    time_elapsed    | 199      |
|    total_timesteps | 13000    |
| train/             |          |
|    actor_loss      | 0.831    |
|    critic_loss     | 0.0818   |
|    ent_coef        | 0.00492  |
|    ent_coef_loss   | -0.94    |
|    learning_rate   | 0.001    |
|    n_updates       | 12899    |
---------------------------------
---------------------------------
| rollout/           |          |
|    ep_len_mean     | 50       |
|    ep_rew_mean     | -3.23    |
|    success_rate    | 0.97     |
| time/              |          |
|    episodes        | 264      |
|    fps             | 65       |
|    time_elapsed    | 202      |
|    total_timesteps | 13200    |
| train/             |          |
|    actor_loss      | 0.782    |
|    critic_loss     | 0.0466   |
|    ent_coef        | 0.00469  |
|    ent_coef_loss   | 0.157    |
|    learning_rate   | 0.001    |
|    n_updates       | 13099    |
---------------------------------
---------------------------------
| rollout/           |          |
|    ep_len_mean     | 50       |
|    ep_rew_mean     | -3.27    |
|    success_rate    | 0.97     |
| time/              |          |
|    episodes        | 268      |
|    fps             | 65       |
|    time_elapsed    | 205      |
|    total_timesteps | 13400    |
| train/             |          |
|    actor_loss      | 0.759    |
|    critic_loss     | 0.0596   |
|    ent_coef        | 0.00449  |
|    ent_coef_loss   | 1.05     |
|    learning_rate   | 0.001    |
|    n_updates       | 13299    |
---------------------------------
---------------------------------
| rollout/           |          |
|    ep_len_mean     | 50       |
|    ep_rew_mean     | -3.1     |
|    success_rate    | 0.98     |
| time/              |          |
|    episodes        | 272      |
|    fps             | 65       |
|    time_elapsed    | 208      |
|    total_timesteps | 13600    |
| train/             |          |
|    actor_loss      | 1.07     |
|    critic_loss     | 0.0475   |
|    ent_coef        | 0.00433  |
|    ent_coef_loss   | -0.00785 |
|    learning_rate   | 0.001    |
|    n_updates       | 13499    |
---------------------------------
---------------------------------
| rollout/           |          |
|    ep_len_mean     | 50       |
|    ep_rew_mean     | -3.08    |
|    success_rate    | 0.98     |
| time/              |          |
|    episodes        | 276      |
|    fps             | 65       |
|    time_elapsed    | 212      |
|    total_timesteps | 13800    |
| train/             |          |
|    actor_loss      | 0.877    |
|    critic_loss     | 0.0402   |
|    ent_coef        | 0.00419  |
|    ent_coef_loss   | -0.553   |
|    learning_rate   | 0.001    |
|    n_updates       | 13699    |
---------------------------------
---------------------------------
| rollout/           |          |
|    ep_len_mean     | 50       |
|    ep_rew_mean     | -3.08    |
|    success_rate    | 0.98     |
| time/              |          |
|    episodes        | 280      |
|    fps             | 65       |
|    time_elapsed    | 215      |
|    total_timesteps | 14000    |
| train/             |          |
|    actor_loss      | 0.632    |
|    critic_loss     | 0.0503   |
|    ent_coef        | 0.0041   |
|    ent_coef_loss   | -1.95    |
|    learning_rate   | 0.001    |
|    n_updates       | 13899    |
---------------------------------
---------------------------------
| rollout/           |          |
|    ep_len_mean     | 50       |
|    ep_rew_mean     | -3.05    |
|    success_rate    | 0.98     |
| time/              |          |
|    episodes        | 284      |
|    fps             | 65       |
|    time_elapsed    | 218      |
|    total_timesteps | 14200    |
| train/             |          |
|    actor_loss      | 0.798    |
|    critic_loss     | 0.0473   |
|    ent_coef        | 0.00394  |
|    ent_coef_loss   | -1.15    |
|    learning_rate   | 0.001    |
|    n_updates       | 14099    |
---------------------------------
---------------------------------
| rollout/           |          |
|    ep_len_mean     | 50       |
|    ep_rew_mean     | -3.06    |
|    success_rate    | 0.98     |
| time/              |          |
|    episodes        | 288      |
|    fps             | 65       |
|    time_elapsed    | 221      |
|    total_timesteps | 14400    |
| train/             |          |
|    actor_loss      | 0.631    |
|    critic_loss     | 0.0274   |
|    ent_coef        | 0.00393  |
|    ent_coef_loss   | -2.35    |
|    learning_rate   | 0.001    |
|    n_updates       | 14299    |
---------------------------------
---------------------------------
| rollout/           |          |
|    ep_len_mean     | 50       |
|    ep_rew_mean     | -2.97    |
|    success_rate    | 0.98     |
| time/              |          |
|    episodes        | 292      |
|    fps             | 65       |
|    time_elapsed    | 224      |
|    total_timesteps | 14600    |
| train/             |          |
|    actor_loss      | 0.614    |
|    critic_loss     | 0.0294   |
|    ent_coef        | 0.00374  |
|    ent_coef_loss   | -2.67    |
|    learning_rate   | 0.001    |
|    n_updates       | 14499    |
---------------------------------
---------------------------------
| rollout/           |          |
|    ep_len_mean     | 50       |
|    ep_rew_mean     | -2.87    |
|    success_rate    | 0.98     |
| time/              |          |
|    episodes        | 296      |
|    fps             | 65       |
|    time_elapsed    | 227      |
|    total_timesteps | 14800    |
| train/             |          |
|    actor_loss      | 0.851    |
|    critic_loss     | 0.0383   |
|    ent_coef        | 0.00349  |
|    ent_coef_loss   | -2.79    |
|    learning_rate   | 0.001    |
|    n_updates       | 14699    |
---------------------------------
---------------------------------
| rollout/           |          |
|    ep_len_mean     | 50       |
|    ep_rew_mean     | -2.47    |
|    success_rate    | 0.99     |
| time/              |          |
|    episodes        | 300      |
|    fps             | 65       |
|    time_elapsed    | 230      |
|    total_timesteps | 15000    |
| train/             |          |
|    actor_loss      | 0.711    |
|    critic_loss     | 0.0439   |
|    ent_coef        | 0.0033   |
|    ent_coef_loss   | -0.0893  |
|    learning_rate   | 0.001    |
|    n_updates       | 14899    |
---------------------------------
---------------------------------
| rollout/           |          |
|    ep_len_mean     | 50       |
|    ep_rew_mean     | -2.33    |
|    success_rate    | 0.99     |
| time/              |          |
|    episodes        | 304      |
|    fps             | 64       |
|    time_elapsed    | 233      |
|    total_timesteps | 15200    |
| train/             |          |
|    actor_loss      | 0.65     |
|    critic_loss     | 0.0339   |
|    ent_coef        | 0.00322  |
|    ent_coef_loss   | -1.51    |
|    learning_rate   | 0.001    |
|    n_updates       | 15099    |
---------------------------------
---------------------------------
| rollout/           |          |
|    ep_len_mean     | 50       |
|    ep_rew_mean     | -1.8     |
|    success_rate    | 1        |
| time/              |          |
|    episodes        | 308      |
|    fps             | 64       |
|    time_elapsed    | 236      |
|    total_timesteps | 15400    |
| train/             |          |
|    actor_loss      | 0.636    |
|    critic_loss     | 0.0288   |
|    ent_coef        | 0.00297  |
|    ent_coef_loss   | -1.86    |
|    learning_rate   | 0.001    |
|    n_updates       | 15299    |
---------------------------------
---------------------------------
| rollout/           |          |
|    ep_len_mean     | 50       |
|    ep_rew_mean     | -1.82    |
|    success_rate    | 1        |
| time/              |          |
|    episodes        | 312      |
|    fps             | 64       |
|    time_elapsed    | 240      |
|    total_timesteps | 15600    |
| train/             |          |
|    actor_loss      | 0.597    |
|    critic_loss     | 0.0455   |
|    ent_coef        | 0.00283  |
|    ent_coef_loss   | 2.29     |
|    learning_rate   | 0.001    |
|    n_updates       | 15499    |
---------------------------------
---------------------------------
| rollout/           |          |
|    ep_len_mean     | 50       |
|    ep_rew_mean     | -1.8     |
|    success_rate    | 1        |
| time/              |          |
|    episodes        | 316      |
|    fps             | 64       |
|    time_elapsed    | 243      |
|    total_timesteps | 15800    |
| train/             |          |
|    actor_loss      | 0.768    |
|    critic_loss     | 0.0336   |
|    ent_coef        | 0.00281  |
|    ent_coef_loss   | -1.88    |
|    learning_rate   | 0.001    |
|    n_updates       | 15699    |
---------------------------------
---------------------------------
| rollout/           |          |
|    ep_len_mean     | 50       |
|    ep_rew_mean     | -1.82    |
|    success_rate    | 1        |
| time/              |          |
|    episodes        | 320      |
|    fps             | 64       |
|    time_elapsed    | 246      |
|    total_timesteps | 16000    |
| train/             |          |
|    actor_loss      | 0.555    |
|    critic_loss     | 0.0399   |
|    ent_coef        | 0.00272  |
|    ent_coef_loss   | -2.57    |
|    learning_rate   | 0.001    |
|    n_updates       | 15899    |
---------------------------------
---------------------------------
| rollout/           |          |
|    ep_len_mean     | 50       |
|    ep_rew_mean     | -1.79    |
|    success_rate    | 1        |
| time/              |          |
|    episodes        | 324      |
|    fps             | 64       |
|    time_elapsed    | 249      |
|    total_timesteps | 16200    |
| train/             |          |
|    actor_loss      | 0.58     |
|    critic_loss     | 0.0234   |
|    ent_coef        | 0.00261  |
|    ent_coef_loss   | -3.04    |
|    learning_rate   | 0.001    |
|    n_updates       | 16099    |
---------------------------------
---------------------------------
| rollout/           |          |
|    ep_len_mean     | 50       |
|    ep_rew_mean     | -1.78    |
|    success_rate    | 1        |
| time/              |          |
|    episodes        | 328      |
|    fps             | 64       |
|    time_elapsed    | 252      |
|    total_timesteps | 16400    |
| train/             |          |
|    actor_loss      | 0.974    |
|    critic_loss     | 0.0352   |
|    ent_coef        | 0.00258  |
|    ent_coef_loss   | 5.31     |
|    learning_rate   | 0.001    |
|    n_updates       | 16299    |
---------------------------------
---------------------------------
| rollout/           |          |
|    ep_len_mean     | 50       |
|    ep_rew_mean     | -1.79    |
|    success_rate    | 1        |
| time/              |          |
|    episodes        | 332      |
|    fps             | 64       |
|    time_elapsed    | 255      |
|    total_timesteps | 16600    |
| train/             |          |
|    actor_loss      | 0.524    |
|    critic_loss     | 0.0248   |
|    ent_coef        | 0.00243  |
|    ent_coef_loss   | -3.91    |
|    learning_rate   | 0.001    |
|    n_updates       | 16499    |
---------------------------------
---------------------------------
| rollout/           |          |
|    ep_len_mean     | 50       |
|    ep_rew_mean     | -1.74    |
|    success_rate    | 1        |
| time/              |          |
|    episodes        | 336      |
|    fps             | 64       |
|    time_elapsed    | 258      |
|    total_timesteps | 16800    |
| train/             |          |
|    actor_loss      | 0.693    |
|    critic_loss     | 0.0255   |
|    ent_coef        | 0.00235  |
|    ent_coef_loss   | -3.24    |
|    learning_rate   | 0.001    |
|    n_updates       | 16699    |
---------------------------------
---------------------------------
| rollout/           |          |
|    ep_len_mean     | 50       |
|    ep_rew_mean     | -1.78    |
|    success_rate    | 1        |
| time/              |          |
|    episodes        | 340      |
|    fps             | 64       |
|    time_elapsed    | 262      |
|    total_timesteps | 17000    |
| train/             |          |
|    actor_loss      | 0.554    |
|    critic_loss     | 0.0348   |
|    ent_coef        | 0.00224  |
|    ent_coef_loss   | -2.75    |
|    learning_rate   | 0.001    |
|    n_updates       | 16899    |
---------------------------------
---------------------------------
| rollout/           |          |
|    ep_len_mean     | 50       |
|    ep_rew_mean     | -1.8     |
|    success_rate    | 1        |
| time/              |          |
|    episodes        | 344      |
|    fps             | 64       |
|    time_elapsed    | 265      |
|    total_timesteps | 17200    |
| train/             |          |
|    actor_loss      | 0.622    |
|    critic_loss     | 0.0339   |
|    ent_coef        | 0.00234  |
|    ent_coef_loss   | -2.66    |
|    learning_rate   | 0.001    |
|    n_updates       | 17099    |
---------------------------------
---------------------------------
| rollout/           |          |
|    ep_len_mean     | 50       |
|    ep_rew_mean     | -1.79    |
|    success_rate    | 1        |
| time/              |          |
|    episodes        | 348      |
|    fps             | 64       |
|    time_elapsed    | 268      |
|    total_timesteps | 17400    |
| train/             |          |
|    actor_loss      | 0.621    |
|    critic_loss     | 0.0282   |
|    ent_coef        | 0.00232  |
|    ent_coef_loss   | 0.0407   |
|    learning_rate   | 0.001    |
|    n_updates       | 17299    |
---------------------------------
---------------------------------
| rollout/           |          |
|    ep_len_mean     | 50       |
|    ep_rew_mean     | -1.77    |
|    success_rate    | 1        |
| time/              |          |
|    episodes        | 352      |
|    fps             | 64       |
|    time_elapsed    | 271      |
|    total_timesteps | 17600    |
| train/             |          |
|    actor_loss      | 0.804    |
|    critic_loss     | 0.0232   |
|    ent_coef        | 0.00226  |
|    ent_coef_loss   | 0.821    |
|    learning_rate   | 0.001    |
|    n_updates       | 17499    |
---------------------------------
---------------------------------
| rollout/           |          |
|    ep_len_mean     | 50       |
|    ep_rew_mean     | -1.75    |
|    success_rate    | 1        |
| time/              |          |
|    episodes        | 356      |
|    fps             | 64       |
|    time_elapsed    | 274      |
|    total_timesteps | 17800    |
| train/             |          |
|    actor_loss      | 0.835    |
|    critic_loss     | 0.0219   |
|    ent_coef        | 0.00213  |
|    ent_coef_loss   | 3.41     |
|    learning_rate   | 0.001    |
|    n_updates       | 17699    |
---------------------------------
---------------------------------
| rollout/           |          |
|    ep_len_mean     | 50       |
|    ep_rew_mean     | -1.78    |
|    success_rate    | 1        |
| time/              |          |
|    episodes        | 360      |
|    fps             | 64       |
|    time_elapsed    | 277      |
|    total_timesteps | 18000    |
| train/             |          |
|    actor_loss      | 0.557    |
|    critic_loss     | 0.0299   |
|    ent_coef        | 0.00194  |
|    ent_coef_loss   | -2.32    |
|    learning_rate   | 0.001    |
|    n_updates       | 17899    |
---------------------------------
---------------------------------
| rollout/           |          |
|    ep_len_mean     | 50       |
|    ep_rew_mean     | -1.73    |
|    success_rate    | 1        |
| time/              |          |
|    episodes        | 364      |
|    fps             | 64       |
|    time_elapsed    | 280      |
|    total_timesteps | 18200    |
| train/             |          |
|    actor_loss      | 0.546    |
|    critic_loss     | 0.0345   |
|    ent_coef        | 0.00191  |
|    ent_coef_loss   | -0.0965  |
|    learning_rate   | 0.001    |
|    n_updates       | 18099    |
---------------------------------
---------------------------------
| rollout/           |          |
|    ep_len_mean     | 50       |
|    ep_rew_mean     | -1.66    |
|    success_rate    | 1        |
| time/              |          |
|    episodes        | 368      |
|    fps             | 64       |
|    time_elapsed    | 283      |
|    total_timesteps | 18400    |
| train/             |          |
|    actor_loss      | 0.782    |
|    critic_loss     | 0.0302   |
|    ent_coef        | 0.00191  |
|    ent_coef_loss   | 2.02     |
|    learning_rate   | 0.001    |
|    n_updates       | 18299    |
---------------------------------
---------------------------------
| rollout/           |          |
|    ep_len_mean     | 50       |
|    ep_rew_mean     | -1.67    |
|    success_rate    | 1        |
| time/              |          |
|    episodes        | 372      |
|    fps             | 64       |
|    time_elapsed    | 286      |
|    total_timesteps | 18600    |
| train/             |          |
|    actor_loss      | 0.668    |
|    critic_loss     | 0.0291   |
|    ent_coef        | 0.00193  |
|    ent_coef_loss   | 0.083    |
|    learning_rate   | 0.001    |
|    n_updates       | 18499    |
---------------------------------
---------------------------------
| rollout/           |          |
|    ep_len_mean     | 50       |
|    ep_rew_mean     | -1.68    |
|    success_rate    | 1        |
| time/              |          |
|    episodes        | 376      |
|    fps             | 64       |
|    time_elapsed    | 290      |
|    total_timesteps | 18800    |
| train/             |          |
|    actor_loss      | 0.702    |
|    critic_loss     | 0.0214   |
|    ent_coef        | 0.0018   |
|    ent_coef_loss   | -2.75    |
|    learning_rate   | 0.001    |
|    n_updates       | 18699    |
---------------------------------
---------------------------------
| rollout/           |          |
|    ep_len_mean     | 50       |
|    ep_rew_mean     | -1.66    |
|    success_rate    | 1        |
| time/              |          |
|    episodes        | 380      |
|    fps             | 64       |
|    time_elapsed    | 293      |
|    total_timesteps | 19000    |
| train/             |          |
|    actor_loss      | 0.549    |
|    critic_loss     | 0.0239   |
|    ent_coef        | 0.00168  |
|    ent_coef_loss   | -0.374   |
|    learning_rate   | 0.001    |
|    n_updates       | 18899    |
---------------------------------
---------------------------------
| rollout/           |          |
|    ep_len_mean     | 50       |
|    ep_rew_mean     | -1.71    |
|    success_rate    | 1        |
| time/              |          |
|    episodes        | 384      |
|    fps             | 64       |
|    time_elapsed    | 296      |
|    total_timesteps | 19200    |
| train/             |          |
|    actor_loss      | 0.736    |
|    critic_loss     | 0.0243   |
|    ent_coef        | 0.00152  |
|    ent_coef_loss   | -0.374   |
|    learning_rate   | 0.001    |
|    n_updates       | 19099    |
---------------------------------
---------------------------------
| rollout/           |          |
|    ep_len_mean     | 50       |
|    ep_rew_mean     | -1.72    |
|    success_rate    | 1        |
| time/              |          |
|    episodes        | 388      |
|    fps             | 64       |
|    time_elapsed    | 299      |
|    total_timesteps | 19400    |
| train/             |          |
|    actor_loss      | 0.745    |
|    critic_loss     | 0.0288   |
|    ent_coef        | 0.00151  |
|    ent_coef_loss   | 2.79     |
|    learning_rate   | 0.001    |
|    n_updates       | 19299    |
---------------------------------
---------------------------------
| rollout/           |          |
|    ep_len_mean     | 50       |
|    ep_rew_mean     | -1.69    |
|    success_rate    | 1        |
| time/              |          |
|    episodes        | 392      |
|    fps             | 64       |
|    time_elapsed    | 302      |
|    total_timesteps | 19600    |
| train/             |          |
|    actor_loss      | 0.619    |
|    critic_loss     | 0.0229   |
|    ent_coef        | 0.00148  |
|    ent_coef_loss   | -3.76    |
|    learning_rate   | 0.001    |
|    n_updates       | 19499    |
---------------------------------
---------------------------------
| rollout/           |          |
|    ep_len_mean     | 50       |
|    ep_rew_mean     | -1.66    |
|    success_rate    | 1        |
| time/              |          |
|    episodes        | 396      |
|    fps             | 64       |
|    time_elapsed    | 305      |
|    total_timesteps | 19800    |
| train/             |          |
|    actor_loss      | 0.691    |
|    critic_loss     | 0.0205   |
|    ent_coef        | 0.00142  |
|    ent_coef_loss   | 0.903    |
|    learning_rate   | 0.001    |
|    n_updates       | 19699    |
---------------------------------
---------------------------------
| rollout/           |          |
|    ep_len_mean     | 50       |
|    ep_rew_mean     | -1.69    |
|    success_rate    | 1        |
| time/              |          |
|    episodes        | 400      |
|    fps             | 64       |
|    time_elapsed    | 308      |
|    total_timesteps | 20000    |
| train/             |          |
|    actor_loss      | 0.516    |
|    critic_loss     | 0.0318   |
|    ent_coef        | 0.00145  |
|    ent_coef_loss   | -5.02    |
|    learning_rate   | 0.001    |
|    n_updates       | 19899    |
---------------------------------
success_rate=1.000 over 50 episodes
