AdroitHandRelocateDense-v1, AdroitHandHammerDense-v1, AdroitHandDoorDense-v1 environment's reward functions were updated in v1.2.1 without an environment version update. Therefore, use gymnasium-robotics==1.2.0 for v1 reproducibility or use v2 in gymnasium-robotics>=1.4.3. See https://github.com/Farama-Foundation/Gymnasium-Robotics/pull/220 for more details
Using cpu device
Wrapping the env with a `Monitor` wrapper
Wrapping the env in a DummyVecEnv.
---------------------------------
| rollout/           |          |
|    ep_len_mean     | 50       |
|    ep_rew_mean     | -49.2    |
|    success_rate    | 0        |
| time/              |          |
|    episodes        | 4        |
|    fps             | 142      |
|    time_elapsed    | 1        |
|    total_timesteps | 200      |
| train/             |          |
|    actor_loss      | -4.56    |
|    critic_loss     | 0.242    |
|    ent_coef        | 0.907    |
|    ent_coef_loss   | -0.661   |
|    learning_rate   | 0.001    |
|    n_updates       | 99       |
---------------------------------
---------------------------------
| rollout/           |          |
|    ep_len_mean     | 50       |
|    ep_rew_mean     | -49.6    |
|    success_rate    | 0        |
| time/              |          |
|    episodes        | 8        |
|    fps             | 98       |
|    time_elapsed    | 4        |
|    total_timesteps | 400      |
| train/             |          |
|    actor_loss      | -4.63    |
|    critic_loss     | 0.201    |
|    ent_coef        | 0.742    |
|    ent_coef_loss   | -2       |
|    learning_rate   | 0.001    |
|    n_updates       | 299      |
---------------------------------
---------------------------------
| rollout/           |          |
|    ep_len_mean     | 50       |
|    ep_rew_mean     | -49.2    |
|    success_rate    | 0        |
| time/              |          |
|    episodes        | 12       |
|    fps             | 89       |
|    time_elapsed    | 6        |
|    total_timesteps | 600      |
| train/             |          |
|    actor_loss      | -4.64    |
|    critic_loss     | 0.194    |
|    ent_coef        | 0.608    |
|    ent_coef_loss   | -3.35    |
|    learning_rate   | 0.001    |
|    n_updates       | 499      |
---------------------------------
---------------------------------
| rollout/           |          |
|    ep_len_mean     | 50       |
|    ep_rew_mean     | -49.4    |
|    success_rate    | 0        |
| time/              |          |
|    episodes        | 16       |
|    fps             | 86       |
|    time_elapsed    | 9        |
|    total_timesteps | 800      |
| train/             |          |
|    actor_loss      | -4.58    |
|    critic_loss     | 0.19     |
|    ent_coef        | 0.498    |
|    ent_coef_loss   | -4.69    |
|    learning_rate   | 0.001    |
|    n_updates       | 699      |
---------------------------------
---------------------------------
| rollout/           |          |
|    ep_len_mean     | 50       |
|    ep_rew_mean     | -49      |
|    success_rate    | 0        |
| time/              |          |
|    episodes        | 20       |
|    fps             | 84       |
|    time_elapsed    | 11       |
|    total_timesteps | 1000     |
| train/             |          |
|    actor_loss      | -4.44    |
|    critic_loss     | 0.199    |
|    ent_coef        | 0.407    |
|    ent_coef_loss   | -6.08    |
|    learning_rate   | 0.001    |
|    n_updates       | 899      |
---------------------------------
---------------------------------
| rollout/           |          |
|    ep_len_mean     | 50       |
|    ep_rew_mean     | -49.2    |
|    success_rate    | 0        |
| time/              |          |
|    episodes        | 24       |
|    fps             | 82       |
|    time_elapsed    | 14       |
|    total_timesteps | 1200     |
| train/             |          |
|    actor_loss      | -4.03    |
|    critic_loss     | 0.205    |
|    ent_coef        | 0.334    |
|    ent_coef_loss   | -7.37    |
|    learning_rate   | 0.001    |
|    n_updates       | 1099     |
---------------------------------
---------------------------------
| rollout/           |          |
|    ep_len_mean     | 50       |
|    ep_rew_mean     | -49.3    |
|    success_rate    | 0        |
| time/              |          |
|    episodes        | 28       |
|    fps             | 81       |
|    time_elapsed    | 17       |
|    total_timesteps | 1400     |
| train/             |          |
|    actor_loss      | -3.34    |
|    critic_loss     | 0.174    |
|    ent_coef        | 0.273    |
|    ent_coef_loss   | -8.73    |
|    learning_rate   | 0.001    |
|    n_updates       | 1299     |
---------------------------------
---------------------------------
| rollout/           |          |
|    ep_len_mean     | 50       |
|    ep_rew_mean     | -49.4    |
|    success_rate    | 0        |
| time/              |          |
|    episodes        | 32       |
|    fps             | 80       |
|    time_elapsed    | 19       |
|    total_timesteps | 1600     |
| train/             |          |
|    actor_loss      | -3.22    |
|    critic_loss     | 0.198    |
|    ent_coef        | 0.224    |
|    ent_coef_loss   | -10      |
|    learning_rate   | 0.001    |
|    n_updates       | 1499     |
---------------------------------
---------------------------------
| rollout/           |          |
|    ep_len_mean     | 50       |
|    ep_rew_mean     | -49.4    |
|    success_rate    | 0        |
| time/              |          |
|    episodes        | 36       |
|    fps             | 79       |
|    time_elapsed    | 22       |
|    total_timesteps | 1800     |
| train/             |          |
|    actor_loss      | -2.5     |
|    critic_loss     | 0.169    |
|    ent_coef        | 0.183    |
|    ent_coef_loss   | -11.2    |
|    learning_rate   | 0.001    |
|    n_updates       | 1699     |
---------------------------------
---------------------------------
| rollout/           |          |
|    ep_len_mean     | 50       |
|    ep_rew_mean     | -49.5    |
|    success_rate    | 0        |
| time/              |          |
|    episodes        | 40       |
|    fps             | 79       |
|    time_elapsed    | 25       |
|    total_timesteps | 2000     |
| train/             |          |
|    actor_loss      | -1.87    |
|    critic_loss     | 0.172    |
|    ent_coef        | 0.151    |
|    ent_coef_loss   | -12.2    |
|    learning_rate   | 0.001    |
|    n_updates       | 1899     |
---------------------------------
---------------------------------
| rollout/           |          |
|    ep_len_mean     | 50       |
|    ep_rew_mean     | -49.4    |
|    success_rate    | 0        |
| time/              |          |
|    episodes        | 44       |
|    fps             | 78       |
|    time_elapsed    | 27       |
|    total_timesteps | 2200     |
| train/             |          |
|    actor_loss      | -1.34    |
|    critic_loss     | 0.155    |
|    ent_coef        | 0.124    |
|    ent_coef_loss   | -13.2    |
|    learning_rate   | 0.001    |
|    n_updates       | 2099     |
---------------------------------
---------------------------------
| rollout/           |          |
|    ep_len_mean     | 50       |
|    ep_rew_mean     | -49.4    |
|    success_rate    | 0        |
| time/              |          |
|    episodes        | 48       |
|    fps             | 78       |
|    time_elapsed    | 30       |
|    total_timesteps | 2400     |
| train/             |          |
|    actor_loss      | -0.773   |
|    critic_loss     | 0.139    |
|    ent_coef        | 0.103    |
|    ent_coef_loss   | -13.2    |
|    learning_rate   | 0.001    |
|    n_updates       | 2299     |
---------------------------------
---------------------------------
| rollout/           |          |
|    ep_len_mean     | 50       |
|    ep_rew_mean     | -49.5    |
|    success_rate    | 0        |
| time/              |          |
|    episodes        | 52       |
|    fps             | 77       |
|    time_elapsed    | 33       |
|    total_timesteps | 2600     |
| train/             |          |
|    actor_loss      | -0.502   |
|    critic_loss     | 0.123    |
|    ent_coef        | 0.0859   |
|    ent_coef_loss   | -14.6    |
|    learning_rate   | 0.001    |
|    n_updates       | 2499     |
---------------------------------
---------------------------------
| rollout/           |          |
|    ep_len_mean     | 50       |
|    ep_rew_mean     | -49.1    |
|    success_rate    | 0        |
| time/              |          |
|    episodes        | 56       |
|    fps             | 77       |
|    time_elapsed    | 36       |
|    total_timesteps | 2800     |
| train/             |          |
|    actor_loss      | -0.162   |
|    critic_loss     | 0.161    |
|    ent_coef        | 0.072    |
|    ent_coef_loss   | -13.8    |
|    learning_rate   | 0.001    |
|    n_updates       | 2699     |
---------------------------------
---------------------------------
| rollout/           |          |
|    ep_len_mean     | 50       |
|    ep_rew_mean     | -48.5    |
|    success_rate    | 0.0167   |
| time/              |          |
|    episodes        | 60       |
|    fps             | 77       |
|    time_elapsed    | 38       |
|    total_timesteps | 3000     |
| train/             |          |
|    actor_loss      | 0.397    |
|    critic_loss     | 0.14     |
|    ent_coef        | 0.0609   |
|    ent_coef_loss   | -13      |
|    learning_rate   | 0.001    |
|    n_updates       | 2899     |
---------------------------------
---------------------------------
| rollout/           |          |
|    ep_len_mean     | 50       |
|    ep_rew_mean     | -48.6    |
|    success_rate    | 0.0156   |
| time/              |          |
|    episodes        | 64       |
|    fps             | 77       |
|    time_elapsed    | 41       |
|    total_timesteps | 3200     |
| train/             |          |
|    actor_loss      | 0.432    |
|    critic_loss     | 0.194    |
|    ent_coef        | 0.0518   |
|    ent_coef_loss   | -14.7    |
|    learning_rate   | 0.001    |
|    n_updates       | 3099     |
---------------------------------
---------------------------------
| rollout/           |          |
|    ep_len_mean     | 50       |
|    ep_rew_mean     | -47.7    |
|    success_rate    | 0.0294   |
| time/              |          |
|    episodes        | 68       |
|    fps             | 77       |
|    time_elapsed    | 44       |
|    total_timesteps | 3400     |
| train/             |          |
|    actor_loss      | 1.19     |
|    critic_loss     | 0.224    |
|    ent_coef        | 0.0443   |
|    ent_coef_loss   | -14.1    |
|    learning_rate   | 0.001    |
|    n_updates       | 3299     |
---------------------------------
---------------------------------
| rollout/           |          |
|    ep_len_mean     | 50       |
|    ep_rew_mean     | -47.6    |
|    success_rate    | 0.0278   |
| time/              |          |
|    episodes        | 72       |
|    fps             | 77       |
|    time_elapsed    | 46       |
|    total_timesteps | 3600     |
| train/             |          |
|    actor_loss      | 1.35     |
|    critic_loss     | 0.171    |
|    ent_coef        | 0.0378   |
|    ent_coef_loss   | -14.5    |
|    learning_rate   | 0.001    |
|    n_updates       | 3499     |
---------------------------------
---------------------------------
| rollout/           |          |
|    ep_len_mean     | 50       |
|    ep_rew_mean     | -47.8    |
|    success_rate    | 0.0263   |
| time/              |          |
|    episodes        | 76       |
|    fps             | 77       |
|    time_elapsed    | 49       |
|    total_timesteps | 3800     |
| train/             |          |
|    actor_loss      | 1.55     |
|    critic_loss     | 0.141    |
|    ent_coef        | 0.0327   |
|    ent_coef_loss   | -12.2    |
|    learning_rate   | 0.001    |
|    n_updates       | 3699     |
---------------------------------
---------------------------------
| rollout/           |          |
|    ep_len_mean     | 50       |
|    ep_rew_mean     | -47.8    |
|    success_rate    | 0.025    |
| time/              |          |
|    episodes        | 80       |
|    fps             | 77       |
|    time_elapsed    | 51       |
|    total_timesteps | 4000     |
| train/             |          |
|    actor_loss      | 1.63     |
|    critic_loss     | 0.151    |
|    ent_coef        | 0.0287   |
|    ent_coef_loss   | -10      |
|    learning_rate   | 0.001    |
|    n_updates       | 3899     |
---------------------------------
---------------------------------
| rollout/           |          |
|    ep_len_mean     | 50       |
|    ep_rew_mean     | -47.8    |
|    success_rate    | 0.0238   |
| time/              |          |
|    episodes        | 84       |
|    fps             | 77       |
|    time_elapsed    | 54       |
|    total_timesteps | 4200     |
| train/             |          |
|    actor_loss      | 2.18     |
|    critic_loss     | 0.131    |
|    ent_coef        | 0.0253   |
|    ent_coef_loss   | -10.7    |
|    learning_rate   | 0.001    |
|    n_updates       | 4099     |
---------------------------------
---------------------------------
| rollout/           |          |
|    ep_len_mean     | 50       |
|    ep_rew_mean     | -47.8    |
|    success_rate    | 0.0227   |
| time/              |          |
|    episodes        | 88       |
|    fps             | 77       |
|    time_elapsed    | 56       |
|    total_timesteps | 4400     |
| train/             |          |
|    actor_loss      | 2.13     |
|    critic_loss     | 0.162    |
|    ent_coef        | 0.0222   |
|    ent_coef_loss   | -10.1    |
|    learning_rate   | 0.001    |
|    n_updates       | 4299     |
---------------------------------
---------------------------------
| rollout/           |          |
|    ep_len_mean     | 50       |
|    ep_rew_mean     | -47.4    |
|    success_rate    | 0.0217   |
| time/              |          |
|    episodes        | 92       |
|    fps             | 77       |
|    time_elapsed    | 59       |
|    total_timesteps | 4600     |
| train/             |          |
|    actor_loss      | 2.65     |
|    critic_loss     | 0.27     |
|    ent_coef        | 0.0197   |
|    ent_coef_loss   | -9.18    |
|    learning_rate   | 0.001    |
|    n_updates       | 4499     |
---------------------------------
---------------------------------
| rollout/           |          |
|    ep_len_mean     | 50       |
|    ep_rew_mean     | -46.6    |
|    success_rate    | 0.0417   |
| time/              |          |
|    episodes        | 96       |
|    fps             | 77       |
|    time_elapsed    | 62       |
|    total_timesteps | 4800     |
| train/             |          |
|    actor_loss      | 2.34     |
|    critic_loss     | 0.142    |
|    ent_coef        | 0.0176   |
|    ent_coef_loss   | -7.53    |
|    learning_rate   | 0.001    |
|    n_updates       | 4699     |
---------------------------------
---------------------------------
| rollout/           |          |
|    ep_len_mean     | 50       |
|    ep_rew_mean     | -45.5    |
|    success_rate    | 0.07     |
| time/              |          |
|    episodes        | 100      |
|    fps             | 77       |
|    time_elapsed    | 64       |
|    total_timesteps | 5000     |
| train/             |          |
|    actor_loss      | 2.26     |
|    critic_loss     | 0.126    |
|    ent_coef        | 0.0161   |
|    ent_coef_loss   | -5.88    |
|    learning_rate   | 0.001    |
|    n_updates       | 4899     |
---------------------------------
---------------------------------
| rollout/           |          |
|    ep_len_mean     | 50       |
|    ep_rew_mean     | -44      |
|    success_rate    | 0.09     |
| time/              |          |
|    episodes        | 104      |
|    fps             | 77       |
|    time_elapsed    | 67       |
|    total_timesteps | 5200     |
| train/             |          |
|    actor_loss      | 2.39     |
|    critic_loss     | 0.112    |
|    ent_coef        | 0.0149   |
|    ent_coef_loss   | -5.29    |
|    learning_rate   | 0.001    |
|    n_updates       | 5099     |
---------------------------------
---------------------------------
| rollout/           |          |
|    ep_len_mean     | 50       |
|    ep_rew_mean     | -43      |
|    success_rate    | 0.11     |
| time/              |          |
|    episodes        | 108      |
|    fps             | 77       |
|    time_elapsed    | 69       |
|    total_timesteps | 5400     |
| train/             |          |
|    actor_loss      | 2.63     |
|    critic_loss     | 0.128    |
|    ent_coef        | 0.0136   |
|    ent_coef_loss   | -5.08    |
|    learning_rate   | 0.001    |
|    n_updates       | 5299     |
---------------------------------
---------------------------------
| rollout/           |          |
|    ep_len_mean     | 50       |
|    ep_rew_mean     | -41.4    |
|    success_rate    | 0.13     |
| time/              |          |
|    episodes        | 112      |
|    fps             | 77       |
|    time_elapsed    | 72       |
|    total_timesteps | 5600     |
| train/             |          |
|    actor_loss      | 2.8      |
|    critic_loss     | 0.175    |
|    ent_coef        | 0.0128   |
|    ent_coef_loss   | -2.39    |
|    learning_rate   | 0.001    |
|    n_updates       | 5499     |
---------------------------------
---------------------------------
| rollout/           |          |
|    ep_len_mean     | 50       |
|    ep_rew_mean     | -39.8    |
|    success_rate    | 0.17     |
| time/              |          |
|    episodes        | 116      |
|    fps             | 77       |
|    time_elapsed    | 74       |
|    total_timesteps | 5800     |
| train/             |          |
|    actor_loss      | 2.26     |
|    critic_loss     | 0.118    |
|    ent_coef        | 0.012    |
|    ent_coef_loss   | -5.11    |
|    learning_rate   | 0.001    |
|    n_updates       | 5699     |
---------------------------------
---------------------------------
| rollout/           |          |
|    ep_len_mean     | 50       |
|    ep_rew_mean     | -38      |
|    success_rate    | 0.21     |
| time/              |          |
|    episodes        | 120      |
|    fps             | 77       |
|    time_elapsed    | 77       |
|    total_timesteps | 6000     |
| train/             |          |
|    actor_loss      | 2.3      |
|    critic_loss     | 0.155    |
|    ent_coef        | 0.0115   |
|    ent_coef_loss   | -3.7     |
|    learning_rate   | 0.001    |
|    n_updates       | 5899     |
---------------------------------
---------------------------------
| rollout/           |          |
|    ep_len_mean     | 50       |
|    ep_rew_mean     | -36.1    |
|    success_rate    | 0.25     |
| time/              |          |
|    episodes        | 124      |
|    fps             | 77       |
|    time_elapsed    | 80       |
|    total_timesteps | 6200     |
| train/             |          |
|    actor_loss      | 1.87     |
|    critic_loss     | 0.073    |
|    ent_coef        | 0.0111   |
|    ent_coef_loss   | -0.294   |
|    learning_rate   | 0.001    |
|    n_updates       | 6099     |
---------------------------------
---------------------------------
| rollout/           |          |
|    ep_len_mean     | 50       |
|    ep_rew_mean     | -34.2    |
|    success_rate    | 0.29     |
| time/              |          |
|    episodes        | 128      |
|    fps             | 77       |
|    time_elapsed    | 82       |
|    total_timesteps | 6400     |
| train/             |          |
|    actor_loss      | 2.31     |
|    critic_loss     | 0.175    |
|    ent_coef        | 0.011    |
|    ent_coef_loss   | -1.14    |
|    learning_rate   | 0.001    |
|    n_updates       | 6299     |
---------------------------------
---------------------------------
| rollout/           |          |
|    ep_len_mean     | 50       |
|    ep_rew_mean     | -32.3    |
|    success_rate    | 0.33     |
| time/              |          |
|    episodes        | 132      |
|    fps             | 77       |
|    time_elapsed    | 85       |
|    total_timesteps | 6600     |
| train/             |          |
|    actor_loss      | 1.93     |
|    critic_loss     | 0.0646   |
|    ent_coef        | 0.0105   |
|    ent_coef_loss   | -1.14    |
|    learning_rate   | 0.001    |
|    n_updates       | 6499     |
---------------------------------
---------------------------------
| rollout/           |          |
|    ep_len_mean     | 50       |
|    ep_rew_mean     | -30.5    |
|    success_rate    | 0.37     |
| time/              |          |
|    episodes        | 136      |
|    fps             | 77       |
|    time_elapsed    | 88       |
|    total_timesteps | 6800     |
| train/             |          |
|    actor_loss      | 1.82     |
|    critic_loss     | 0.0528   |
|    ent_coef        | 0.00968  |
|    ent_coef_loss   | -1.3     |
|    learning_rate   | 0.001    |
|    n_updates       | 6699     |
---------------------------------
---------------------------------
| rollout/           |          |
|    ep_len_mean     | 50       |
|    ep_rew_mean     | -28.6    |
|    success_rate    | 0.41     |
| time/              |          |
|    episodes        | 140      |
|    fps             | 76       |
|    time_elapsed    | 90       |
|    total_timesteps | 7000     |
| train/             |          |
|    actor_loss      | 1.52     |
|    critic_loss     | 0.0483   |
|    ent_coef        | 0.00936  |
|    ent_coef_loss   | -1.28    |
|    learning_rate   | 0.001    |
|    n_updates       | 6899     |
---------------------------------
---------------------------------
| rollout/           |          |
|    ep_len_mean     | 50       |
|    ep_rew_mean     | -26.7    |
|    success_rate    | 0.45     |
| time/              |          |
|    episodes        | 144      |
|    fps             | 76       |
|    time_elapsed    | 93       |
|    total_timesteps | 7200     |
| train/             |          |
|    actor_loss      | 1.52     |
|    critic_loss     | 0.0499   |
|    ent_coef        | 0.0092   |
|    ent_coef_loss   | -0.96    |
|    learning_rate   | 0.001    |
|    n_updates       | 7099     |
---------------------------------
---------------------------------
| rollout/           |          |
|    ep_len_mean     | 50       |
|    ep_rew_mean     | -24.8    |
|    success_rate    | 0.49     |
| time/              |          |
|    episodes        | 148      |
|    fps             | 76       |
|    time_elapsed    | 96       |
|    total_timesteps | 7400     |
| train/             |          |
|    actor_loss      | 1.44     |
|    critic_loss     | 0.0488   |
|    ent_coef        | 0.00888  |
|    ent_coef_loss   | -1.33    |
|    learning_rate   | 0.001    |
|    n_updates       | 7299     |
---------------------------------
---------------------------------
| rollout/           |          |
|    ep_len_mean     | 50       |
|    ep_rew_mean     | -22.8    |
|    success_rate    | 0.53     |
| time/              |          |
|    episodes        | 152      |
|    fps             | 76       |
|    time_elapsed    | 98       |
|    total_timesteps | 7600     |
| train/             |          |
|    actor_loss      | 1.46     |
|    critic_loss     | 0.0488   |
|    ent_coef        | 0.0085   |
|    ent_coef_loss   | -1.94    |
|    learning_rate   | 0.001    |
|    n_updates       | 7499     |
---------------------------------
---------------------------------
| rollout/           |          |
|    ep_len_mean     | 50       |
|    ep_rew_mean     | -21.1    |
|    success_rate    | 0.57     |
| time/              |          |
|    episodes        | 156      |
|    fps             | 76       |
|    time_elapsed    | 101      |
|    total_timesteps | 7800     |
| train/             |          |
|    actor_loss      | 1.32     |
|    critic_loss     | 0.044    |
|    ent_coef        | 0.00796  |
|    ent_coef_loss   | -0.903   |
|    learning_rate   | 0.001    |
|    n_updates       | 7699     |
---------------------------------
---------------------------------
| rollout/           |          |
|    ep_len_mean     | 50       |
|    ep_rew_mean     | -19.5    |
|    success_rate    | 0.6      |
| time/              |          |
|    episodes        | 160      |
|    fps             | 76       |
|    time_elapsed    | 104      |
|    total_timesteps | 8000     |
| train/             |          |
|    actor_loss      | 1.27     |
|    critic_loss     | 0.04     |
|    ent_coef        | 0.00739  |
|    ent_coef_loss   | -1.52    |
|    learning_rate   | 0.001    |
|    n_updates       | 7899     |
---------------------------------
---------------------------------
| rollout/           |          |
|    ep_len_mean     | 50       |
|    ep_rew_mean     | -17.6    |
|    success_rate    | 0.64     |
| time/              |          |
|    episodes        | 164      |
|    fps             | 76       |
|    time_elapsed    | 106      |
|    total_timesteps | 8200     |
| train/             |          |
|    actor_loss      | 1.05     |
|    critic_loss     | 0.0398   |
|    ent_coef        | 0.00676  |
|    ent_coef_loss   | -1.69    |
|    learning_rate   | 0.001    |
|    n_updates       | 8099     |
---------------------------------
---------------------------------
| rollout/           |          |
|    ep_len_mean     | 50       |
|    ep_rew_mean     | -16.3    |
|    success_rate    | 0.67     |
| time/              |          |
|    episodes        | 168      |
|    fps             | 76       |
|    time_elapsed    | 109      |
|    total_timesteps | 8400     |
| train/             |          |
|    actor_loss      | 1.13     |
|    critic_loss     | 0.0452   |
|    ent_coef        | 0.00634  |
|    ent_coef_loss   | -2.3     |
|    learning_rate   | 0.001    |
|    n_updates       | 8299     |
---------------------------------
---------------------------------
| rollout/           |          |
|    ep_len_mean     | 50       |
|    ep_rew_mean     | -14.5    |
|    success_rate    | 0.71     |
| time/              |          |
|    episodes        | 172      |
|    fps             | 76       |
|    time_elapsed    | 111      |
|    total_timesteps | 8600     |
| train/             |          |
|    actor_loss      | 0.989    |
|    critic_loss     | 0.0354   |
|    ent_coef        | 0.00585  |
|    ent_coef_loss   | -1.46    |
|    learning_rate   | 0.001    |
|    n_updates       | 8499     |
---------------------------------
---------------------------------
| rollout/           |          |
|    ep_len_mean     | 50       |
|    ep_rew_mean     | -12.6    |
|    success_rate    | 0.75     |
| time/              |          |
|    episodes        | 176      |
|    fps             | 76       |
|    time_elapsed    | 114      |
|    total_timesteps | 8800     |
| train/             |          |
|    actor_loss      | 1.11     |
|    critic_loss     | 0.0442   |
|    ent_coef        | 0.00545  |
|    ent_coef_loss   | 0.484    |
|    learning_rate   | 0.001    |
|    n_updates       | 8699     |
---------------------------------
---------------------------------
| rollout/           |          |
|    ep_len_mean     | 50       |
|    ep_rew_mean     | -10.7    |
|    success_rate    | 0.79     |
| time/              |          |
|    episodes        | 180      |
|    fps             | 76       |
|    time_elapsed    | 117      |
|    total_timesteps | 9000     |
| train/             |          |
|    actor_loss      | 0.987    |
|    critic_loss     | 0.0345   |
|    ent_coef        | 0.00492  |
|    ent_coef_loss   | -0.0844  |
|    learning_rate   | 0.001    |
|    n_updates       | 8899     |
---------------------------------
---------------------------------
| rollout/           |          |
|    ep_len_mean     | 50       |
|    ep_rew_mean     | -8.85    |
|    success_rate    | 0.83     |
| time/              |          |
|    episodes        | 184      |
|    fps             | 76       |
|    time_elapsed    | 119      |
|    total_timesteps | 9200     |
| train/             |          |
|    actor_loss      | 0.8      |
|    critic_loss     | 0.0285   |
|    ent_coef        | 0.00442  |
|    ent_coef_loss   | -1.18    |
|    learning_rate   | 0.001    |
|    n_updates       | 9099     |
---------------------------------
---------------------------------
| rollout/           |          |
|    ep_len_mean     | 50       |
|    ep_rew_mean     | -6.98    |
|    success_rate    | 0.87     |
| time/              |          |
|    episodes        | 188      |
|    fps             | 76       |
|    time_elapsed    | 122      |
|    total_timesteps | 9400     |
| train/             |          |
|    actor_loss      | 0.961    |
|    critic_loss     | 0.0426   |
|    ent_coef        | 0.0041   |
|    ent_coef_loss   | 1.09     |
|    learning_rate   | 0.001    |
|    n_updates       | 9299     |
---------------------------------
---------------------------------
| rollout/           |          |
|    ep_len_mean     | 50       |
|    ep_rew_mean     | -5.49    |
|    success_rate    | 0.91     |
| time/              |          |
|    episodes        | 192      |
|    fps             | 76       |
|    time_elapsed    | 125      |
|    total_timesteps | 9600     |
| train/             |          |
|    actor_loss      | 0.94     |
|    critic_loss     | 0.0386   |
|    ent_coef        | 0.00378  |
|    ent_coef_loss   | 5.04     |
|    learning_rate   | 0.001    |
|    n_updates       | 9499     |
---------------------------------
---------------------------------
| rollout/           |          |
|    ep_len_mean     | 50       |
|    ep_rew_mean     | -4.42    |
|    success_rate    | 0.93     |
| time/              |          |
|    episodes        | 196      |
|    fps             | 76       |
|    time_elapsed    | 127      |
|    total_timesteps | 9800     |
| train/             |          |
|    actor_loss      | 0.76     |
|    critic_loss     | 0.0405   |
|    ent_coef        | 0.00341  |
|    ent_coef_loss   | -3.37    |
|    learning_rate   | 0.001    |
|    n_updates       | 9699     |
---------------------------------
---------------------------------
| rollout/           |          |
|    ep_len_mean     | 50       |
|    ep_rew_mean     | -3.77    |
|    success_rate    | 0.94     |
| time/              |          |
|    episodes        | 200      |
|    fps             | 76       |
|    time_elapsed    | 130      |
|    total_timesteps | 10000    |
| train/             |          |
|    actor_loss      | 0.796    |
|    critic_loss     | 0.0274   |
|    ent_coef        | 0.00308  |
|    ent_coef_loss   | -2.97    |
|    learning_rate   | 0.001    |
|    n_updates       | 9899     |
---------------------------------
---------------------------------
| rollout/           |          |
|    ep_len_mean     | 50       |
|    ep_rew_mean     | -3.35    |
|    success_rate    | 0.96     |
| time/              |          |
|    episodes        | 204      |
|    fps             | 76       |
|    time_elapsed    | 133      |
|    total_timesteps | 10200    |
| train/             |          |
|    actor_loss      | 0.754    |
|    critic_loss     | 0.0376   |
|    ent_coef        | 0.00288  |
|    ent_coef_loss   | 0.241    |
|    learning_rate   | 0.001    |
|    n_updates       | 10099    |
---------------------------------
---------------------------------
| rollout/           |          |
|    ep_len_mean     | 50       |
|    ep_rew_mean     | -2.47    |
|    success_rate    | 0.98     |
| time/              |          |
|    episodes        | 208      |
|    fps             | 76       |
|    time_elapsed    | 135      |
|    total_timesteps | 10400    |
| train/             |          |
|    actor_loss      | 0.688    |
|    critic_loss     | 0.0354   |
|    ent_coef        | 0.00267  |
|    ent_coef_loss   | -1.42    |
|    learning_rate   | 0.001    |
|    n_updates       | 10299    |
---------------------------------
---------------------------------
| rollout/           |          |
|    ep_len_mean     | 50       |
|    ep_rew_mean     | -2.18    |
|    success_rate    | 1        |
| time/              |          |
|    episodes        | 212      |
|    fps             | 76       |
|    time_elapsed    | 138      |
|    total_timesteps | 10600    |
| train/             |          |
|    actor_loss      | 0.833    |
|    critic_loss     | 0.0237   |
|    ent_coef        | 0.00305  |
|    ent_coef_loss   | -5.64    |
|    learning_rate   | 0.001    |
|    n_updates       | 10499    |
---------------------------------
---------------------------------
| rollout/           |          |
|    ep_len_mean     | 50       |
|    ep_rew_mean     | -1.87    |
|    success_rate    | 1        |
| time/              |          |
|    episodes        | 216      |
|    fps             | 76       |
|    time_elapsed    | 140      |
|    total_timesteps | 10800    |
| train/             |          |
|    actor_loss      | 0.72     |
|    critic_loss     | 0.032    |
|    ent_coef        | 0.00241  |
|    ent_coef_loss   | -4.52    |
|    learning_rate   | 0.001    |
|    n_updates       | 10699    |
---------------------------------
---------------------------------
| rollout/           |          |
|    ep_len_mean     | 50       |
|    ep_rew_mean     | -1.8     |
|    success_rate    | 1        |
| time/              |          |
|    episodes        | 220      |
|    fps             | 76       |
|    time_elapsed    | 143      |
|    total_timesteps | 11000    |
| train/             |          |
|    actor_loss      | 0.647    |
|    critic_loss     | 0.0401   |
|    ent_coef        | 0.00211  |
|    ent_coef_loss   | -2.33    |
|    learning_rate   | 0.001    |
|    n_updates       | 10899    |
---------------------------------
---------------------------------
| rollout/           |          |
|    ep_len_mean     | 50       |
|    ep_rew_mean     | -1.81    |
|    success_rate    | 1        |
| time/              |          |
|    episodes        | 224      |
|    fps             | 76       |
|    time_elapsed    | 146      |
|    total_timesteps | 11200    |
| train/             |          |
|    actor_loss      | 0.775    |
|    critic_loss     | 0.0219   |
|    ent_coef        | 0.00208  |
|    ent_coef_loss   | -0.671   |
|    learning_rate   | 0.001    |
|    n_updates       | 11099    |
---------------------------------
---------------------------------
| rollout/           |          |
|    ep_len_mean     | 50       |
|    ep_rew_mean     | -1.79    |
|    success_rate    | 1        |
| time/              |          |
|    episodes        | 228      |
|    fps             | 76       |
|    time_elapsed    | 149      |
|    total_timesteps | 11400    |
| train/             |          |
|    actor_loss      | 0.638    |
|    critic_loss     | 0.0269   |
|    ent_coef        | 0.00188  |
|    ent_coef_loss   | -1.48    |
|    learning_rate   | 0.001    |
|    n_updates       | 11299    |
---------------------------------
---------------------------------
| rollout/           |          |
|    ep_len_mean     | 50       |
|    ep_rew_mean     | -1.75    |
|    success_rate    | 1        |
| time/              |          |
|    episodes        | 232      |
|    fps             | 76       |
|    time_elapsed    | 151      |
|    total_timesteps | 11600    |
| train/             |          |
|    actor_loss      | 0.689    |
|    critic_loss     | 0.0254   |
|    ent_coef        | 0.00172  |
|    ent_coef_loss   | 1.34     |
|    learning_rate   | 0.001    |
|    n_updates       | 11499    |
---------------------------------
---------------------------------
| rollout/           |          |
|    ep_len_mean     | 50       |
|    ep_rew_mean     | -1.55    |
|    success_rate    | 1        |
| time/              |          |
|    episodes        | 236      |
|    fps             | 76       |
|    time_elapsed    | 154      |
|    total_timesteps | 11800    |
| train/             |          |
|    actor_loss      | 0.561    |
|    critic_loss     | 0.0239   |
|    ent_coef        | 0.00173  |
|    ent_coef_loss   | -2.42    |
|    learning_rate   | 0.001    |
|    n_updates       | 11699    |
---------------------------------
---------------------------------
| rollout/           |          |
|    ep_len_mean     | 50       |
|    ep_rew_mean     | -1.53    |
|    success_rate    | 1        |
| time/              |          |
|    episodes        | 240      |
|    fps             | 76       |
|    time_elapsed    | 157      |
|    total_timesteps | 12000    |
| train/             |          |
|    actor_loss      | 0.559    |
|    critic_loss     | 0.0333   |
|    ent_coef        | 0.00166  |
|    ent_coef_loss   | -1.03    |
|    learning_rate   | 0.001    |
|    n_updates       | 11899    |
---------------------------------
---------------------------------
| rollout/           |          |
|    ep_len_mean     | 50       |
|    ep_rew_mean     | -1.54    |
|    success_rate    | 1        |
| time/              |          |
|    episodes        | 244      |
|    fps             | 76       |
|    time_elapsed    | 160      |
|    total_timesteps | 12200    |
| train/             |          |
|    actor_loss      | 0.654    |
|    critic_loss     | 0.0202   |
|    ent_coef        | 0.00165  |
|    ent_coef_loss   | -0.21    |
|    learning_rate   | 0.001    |
|    n_updates       | 12099    |
---------------------------------
---------------------------------
| rollout/           |          |
|    ep_len_mean     | 50       |
|    ep_rew_mean     | -1.52    |
|    success_rate    | 1        |
| time/              |          |
|    episodes        | 248      |
|    fps             | 76       |
|    time_elapsed    | 162      |
|    total_timesteps | 12400    |
| train/             |          |
|    actor_loss      | 0.542    |
|    critic_loss     | 0.0172   |
|    ent_coef        | 0.00156  |
|    ent_coef_loss   | -1.4     |
|    learning_rate   | 0.001    |
|    n_updates       | 12299    |
---------------------------------
---------------------------------
| rollout/           |          |
|    ep_len_mean     | 50       |
|    ep_rew_mean     | -1.55    |
|    success_rate    | 1        |
| time/              |          |
|    episodes        | 252      |
|    fps             | 76       |
|    time_elapsed    | 165      |
|    total_timesteps | 12600    |
| train/             |          |
|    actor_loss      | 0.693    |
|    critic_loss     | 0.0201   |
|    ent_coef        | 0.00149  |
|    ent_coef_loss   | 6.98     |
|    learning_rate   | 0.001    |
|    n_updates       | 12499    |
---------------------------------
---------------------------------
| rollout/           |          |
|    ep_len_mean     | 50       |
|    ep_rew_mean     | -1.58    |
|    success_rate    | 1        |
| time/              |          |
|    episodes        | 256      |
|    fps             | 76       |
|    time_elapsed    | 168      |
|    total_timesteps | 12800    |
| train/             |          |
|    actor_loss      | 0.588    |
|    critic_loss     | 0.0246   |
|    ent_coef        | 0.00154  |
|    ent_coef_loss   | -2.94    |
|    learning_rate   | 0.001    |
|    n_updates       | 12699    |
---------------------------------
---------------------------------
| rollout/           |          |
|    ep_len_mean     | 50       |
|    ep_rew_mean     | -1.61    |
|    success_rate    | 1        |
| time/              |          |
|    episodes        | 260      |
|    fps             | 76       |
|    time_elapsed    | 170      |
|    total_timesteps | 13000    |
| train/             |          |
|    actor_loss      | 0.604    |
|    critic_loss     | 0.0187   |
|    ent_coef        | 0.00144  |
|    ent_coef_loss   | 1.56     |
|    learning_rate   | 0.001    |
|    n_updates       | 12899    |
---------------------------------
---------------------------------
| rollout/           |          |
|    ep_len_mean     | 50       |
|    ep_rew_mean     | -1.62    |
|    success_rate    | 1        |
| time/              |          |
|    episodes        | 264      |
|    fps             | 76       |
|    time_elapsed    | 173      |
|    total_timesteps | 13200    |
| train/             |          |
|    actor_loss      | 0.542    |
|    critic_loss     | 0.0164   |
|    ent_coef        | 0.00149  |
|    ent_coef_loss   | -4.2     |
|    learning_rate   | 0.001    |
|    n_updates       | 13099    |
---------------------------------
---------------------------------
| rollout/           |          |
|    ep_len_mean     | 50       |
|    ep_rew_mean     | -2.56    |
|    success_rate    | 0.98     |
| time/              |          |
|    episodes        | 268      |
|    fps             | 76       |
|    time_elapsed    | 176      |
|    total_timesteps | 13400    |
| train/             |          |
|    actor_loss      | 1.82     |
|    critic_loss     | 0.134    |
|    ent_coef        | 0.00208  |
|    ent_coef_loss   | 19.6     |
|    learning_rate   | 0.001    |
|    n_updates       | 13299    |
---------------------------------
---------------------------------
| rollout/           |          |
|    ep_len_mean     | 50       |
|    ep_rew_mean     | -3.3     |
|    success_rate    | 0.97     |
| time/              |          |
|    episodes        | 272      |
|    fps             | 76       |
|    time_elapsed    | 178      |
|    total_timesteps | 13600    |
| train/             |          |
|    actor_loss      | 0.845    |
|    critic_loss     | 0.0267   |
|    ent_coef        | 0.00225  |
|    ent_coef_loss   | -1.98    |
|    learning_rate   | 0.001    |
|    n_updates       | 13499    |
---------------------------------
---------------------------------
| rollout/           |          |
|    ep_len_mean     | 50       |
|    ep_rew_mean     | -3.3     |
|    success_rate    | 0.97     |
| time/              |          |
|    episodes        | 276      |
|    fps             | 75       |
|    time_elapsed    | 181      |
|    total_timesteps | 13800    |
| train/             |          |
|    actor_loss      | 0.733    |
|    critic_loss     | 0.0197   |
|    ent_coef        | 0.00207  |
|    ent_coef_loss   | -3.07    |
|    learning_rate   | 0.001    |
|    n_updates       | 13699    |
---------------------------------
---------------------------------
| rollout/           |          |
|    ep_len_mean     | 50       |
|    ep_rew_mean     | -3.28    |
|    success_rate    | 0.97     |
| time/              |          |
|    episodes        | 280      |
|    fps             | 75       |
|    time_elapsed    | 184      |
|    total_timesteps | 14000    |
| train/             |          |
|    actor_loss      | 0.631    |
|    critic_loss     | 0.0164   |
|    ent_coef        | 0.00186  |
|    ent_coef_loss   | -2.35    |
|    learning_rate   | 0.001    |
|    n_updates       | 13899    |
---------------------------------
---------------------------------
| rollout/           |          |
|    ep_len_mean     | 50       |
|    ep_rew_mean     | -3.3     |
|    success_rate    | 0.97     |
| time/              |          |
|    episodes        | 284      |
|    fps             | 75       |
|    time_elapsed    | 187      |
|    total_timesteps | 14200    |
| train/             |          |
|    actor_loss      | 0.622    |
|    critic_loss     | 0.018    |
|    ent_coef        | 0.00167  |
|    ent_coef_loss   | -7.38    |
|    learning_rate   | 0.001    |
|    n_updates       | 14099    |
---------------------------------
---------------------------------
| rollout/           |          |
|    ep_len_mean     | 50       |
|    ep_rew_mean     | -3.29    |
|    success_rate    | 0.97     |
| time/              |          |
|    episodes        | 288      |
|    fps             | 75       |
|    time_elapsed    | 189      |
|    total_timesteps | 14400    |
| train/             |          |
|    actor_loss      | 0.537    |
|    critic_loss     | 0.0166   |
|    ent_coef        | 0.00149  |
|    ent_coef_loss   | -2.3     |
|    learning_rate   | 0.001    |
|    n_updates       | 14299    |
---------------------------------
---------------------------------
| rollout/           |          |
|    ep_len_mean     | 50       |
|    ep_rew_mean     | -3.34    |
|    success_rate    | 0.97     |
| time/              |          |
|    episodes        | 292      |
|    fps             | 75       |
|    time_elapsed    | 192      |
|    total_timesteps | 14600    |
| train/             |          |
|    actor_loss      | 0.676    |
|    critic_loss     | 0.0195   |
|    ent_coef        | 0.00135  |
|    ent_coef_loss   | -2.93    |
|    learning_rate   | 0.001    |
|    n_updates       | 14499    |
---------------------------------
---------------------------------
| rollout/           |          |
|    ep_len_mean     | 50       |
|    ep_rew_mean     | -3.37    |
|    success_rate    | 0.97     |
| time/              |          |
|    episodes        | 296      |
|    fps             | 75       |
|    time_elapsed    | 195      |
|    total_timesteps | 14800    |
| train/             |          |
|    actor_loss      | 0.609    |
|    critic_loss     | 0.0154   |
|    ent_coef        | 0.00125  |
|    ent_coef_loss   | -4.55    |
|    learning_rate   | 0.001    |
|    n_updates       | 14699    |
---------------------------------
---------------------------------
| rollout/           |          |
|    ep_len_mean     | 50       |
|    ep_rew_mean     | -3.4     |
|    success_rate    | 0.97     |
| time/              |          |
|    episodes        | 300      |
|    fps             | 75       |
|    time_elapsed    | 198      |
|    total_timesteps | 15000    |
| train/             |          |
|    actor_loss      | 0.543    |
|    critic_loss     | 0.0173   |
|    ent_coef        | 0.00122  |
|    ent_coef_loss   | -0.26    |
|    learning_rate   | 0.001    |
|    n_updates       | 14899    |
---------------------------------
---------------------------------
| rollout/           |          |
|    ep_len_mean     | 50       |
|    ep_rew_mean     | -4.16    |
|    success_rate    | 0.95     |
| time/              |          |
|    episodes        | 304      |
|    fps             | 75       |
|    time_elapsed    | 201      |
|    total_timesteps | 15200    |
| train/             |          |
|    actor_loss      | 1.1      |
|    critic_loss     | 0.103    |
|    ent_coef        | 0.00137  |
|    ent_coef_loss   | -2.02    |
|    learning_rate   | 0.001    |
|    n_updates       | 15099    |
---------------------------------
---------------------------------
| rollout/           |          |
|    ep_len_mean     | 50       |
|    ep_rew_mean     | -4.4     |
|    success_rate    | 0.95     |
| time/              |          |
|    episodes        | 308      |
|    fps             | 75       |
|    time_elapsed    | 204      |
|    total_timesteps | 15400    |
| train/             |          |
|    actor_loss      | 0.67     |
|    critic_loss     | 0.0175   |
|    ent_coef        | 0.0016   |
|    ent_coef_loss   | 0.877    |
|    learning_rate   | 0.001    |
|    n_updates       | 15299    |
---------------------------------
---------------------------------
| rollout/           |          |
|    ep_len_mean     | 50       |
|    ep_rew_mean     | -4.35    |
|    success_rate    | 0.95     |
| time/              |          |
|    episodes        | 312      |
|    fps             | 75       |
|    time_elapsed    | 207      |
|    total_timesteps | 15600    |
| train/             |          |
|    actor_loss      | 0.594    |
|    critic_loss     | 0.0165   |
|    ent_coef        | 0.00154  |
|    ent_coef_loss   | -4.8     |
|    learning_rate   | 0.001    |
|    n_updates       | 15499    |
---------------------------------
---------------------------------
| rollout/           |          |
|    ep_len_mean     | 50       |
|    ep_rew_mean     | -4.41    |
|    success_rate    | 0.95     |
| time/              |          |
|    episodes        | 316      |
|    fps             | 75       |
|    time_elapsed    | 210      |
|    total_timesteps | 15800    |
| train/             |          |
|    actor_loss      | 0.641    |
|    critic_loss     | 0.0196   |
|    ent_coef        | 0.00141  |
|    ent_coef_loss   | -0.122   |
|    learning_rate   | 0.001    |
|    n_updates       | 15699    |
---------------------------------
---------------------------------
| rollout/           |          |
|    ep_len_mean     | 50       |
|    ep_rew_mean     | -4.4     |
|    success_rate    | 0.95     |
| time/              |          |
|    episodes        | 320      |
|    fps             | 74       |
|    time_elapsed    | 213      |
|    total_timesteps | 16000    |
| train/             |          |
|    actor_loss      | 0.496    |
|    critic_loss     | 0.0223   |
|    ent_coef        | 0.0013   |
|    ent_coef_loss   | -9.2     |
|    learning_rate   | 0.001    |
|    n_updates       | 15899    |
---------------------------------
---------------------------------
| rollout/           |          |
|    ep_len_mean     | 50       |
|    ep_rew_mean     | -4.39    |
|    success_rate    | 0.95     |
| time/              |          |
|    episodes        | 324      |
|    fps             | 74       |
|    time_elapsed    | 216      |
|    total_timesteps | 16200    |
| train/             |          |
|    actor_loss      | 0.561    |
|    critic_loss     | 0.0123   |
|    ent_coef        | 0.00119  |
|    ent_coef_loss   | -2.46    |
|    learning_rate   | 0.001    |
|    n_updates       | 16099    |
---------------------------------
---------------------------------
| rollout/           |          |
|    ep_len_mean     | 50       |
|    ep_rew_mean     | -4.38    |
|    success_rate    | 0.95     |
| time/              |          |
|    episodes        | 328      |
|    fps             | 74       |
|    time_elapsed    | 218      |
|    total_timesteps | 16400    |
| train/             |          |
|    actor_loss      | 0.594    |
|    critic_loss     | 0.0235   |
|    ent_coef        | 0.00112  |
|    ent_coef_loss   | -3.72    |
|    learning_rate   | 0.001    |
|    n_updates       | 16299    |
---------------------------------
---------------------------------
| rollout/           |          |
|    ep_len_mean     | 50       |
|    ep_rew_mean     | -4.38    |
|    success_rate    | 0.95     |
| time/              |          |
|    episodes        | 332      |
|    fps             | 74       |
|    time_elapsed    | 221      |
|    total_timesteps | 16600    |
| train/             |          |
|    actor_loss      | 0.578    |
|    critic_loss     | 0.0261   |
|    ent_coef        | 0.00108  |
|    ent_coef_loss   | 3.53     |
|    learning_rate   | 0.001    |
|    n_updates       | 16499    |
---------------------------------
---------------------------------
| rollout/           |          |
|    ep_len_mean     | 50       |
|    ep_rew_mean     | -4.84    |
|    success_rate    | 0.94     |
| time/              |          |
|    episodes        | 336      |
|    fps             | 74       |
|    time_elapsed    | 224      |
|    total_timesteps | 16800    |
| train/             |          |
|    actor_loss      | 0.642    |
|    critic_loss     | 0.0247   |
|    ent_coef        | 0.00131  |
|    ent_coef_loss   | 12.3     |
|    learning_rate   | 0.001    |
|    n_updates       | 16699    |
---------------------------------
---------------------------------
| rollout/           |          |
|    ep_len_mean     | 50       |
|    ep_rew_mean     | -4.89    |
|    success_rate    | 0.94     |
| time/              |          |
|    episodes        | 340      |
|    fps             | 74       |
|    time_elapsed    | 227      |
|    total_timesteps | 17000    |
| train/             |          |
|    actor_loss      | 0.536    |
|    critic_loss     | 0.0195   |
|    ent_coef        | 0.00129  |
|    ent_coef_loss   | -4.81    |
|    learning_rate   | 0.001    |
|    n_updates       | 16899    |
---------------------------------
---------------------------------
| rollout/           |          |
|    ep_len_mean     | 50       |
|    ep_rew_mean     | -4.87    |
|    success_rate    | 0.94     |
| time/              |          |
|    episodes        | 344      |
|    fps             | 74       |
|    time_elapsed    | 229      |
|    total_timesteps | 17200    |
| train/             |          |
|    actor_loss      | 0.595    |
|    critic_loss     | 0.0207   |
|    ent_coef        | 0.00115  |
|    ent_coef_loss   | -4.82    |
|    learning_rate   | 0.001    |
|    n_updates       | 17099    |
---------------------------------
---------------------------------
| rollout/           |          |
|    ep_len_mean     | 50       |
|    ep_rew_mean     | -4.91    |
|    success_rate    | 0.94     |
| time/              |          |
|    episodes        | 348      |
|    fps             | 74       |
|    time_elapsed    | 232      |
|    total_timesteps | 17400    |
| train/             |          |
|    actor_loss      | 0.485    |
|    critic_loss     | 0.0235   |
|    ent_coef        | 0.000972 |
|    ent_coef_loss   | -6.56    |
|    learning_rate   | 0.001    |
|    n_updates       | 17299    |
---------------------------------
---------------------------------
| rollout/           |          |
|    ep_len_mean     | 50       |
|    ep_rew_mean     | -4.9     |
|    success_rate    | 0.94     |
| time/              |          |
|    episodes        | 352      |
|    fps             | 74       |
|    time_elapsed    | 235      |
|    total_timesteps | 17600    |
| train/             |          |
|    actor_loss      | 0.404    |
|    critic_loss     | 0.017    |
|    ent_coef        | 0.000869 |
|    ent_coef_loss   | -8.2     |
|    learning_rate   | 0.001    |
|    n_updates       | 17499    |
---------------------------------
---------------------------------
| rollout/           |          |
|    ep_len_mean     | 50       |
|    ep_rew_mean     | -4.92    |
|    success_rate    | 0.94     |
| time/              |          |
|    episodes        | 356      |
|    fps             | 74       |
|    time_elapsed    | 238      |
|    total_timesteps | 17800    |
| train/             |          |
|    actor_loss      | 0.663    |
|    critic_loss     | 0.0219   |
|    ent_coef        | 0.000772 |
|    ent_coef_loss   | 7.89     |
|    learning_rate   | 0.001    |
|    n_updates       | 17699    |
---------------------------------
---------------------------------
| rollout/           |          |
|    ep_len_mean     | 50       |
|    ep_rew_mean     | -4.9     |
|    success_rate    | 0.94     |
| time/              |          |
|    episodes        | 360      |
|    fps             | 74       |
|    time_elapsed    | 240      |
|    total_timesteps | 18000    |
| train/             |          |
|    actor_loss      | 0.548    |
|    critic_loss     | 0.0176   |
|    ent_coef        | 0.000748 |
|    ent_coef_loss   | -3.22    |
|    learning_rate   | 0.001    |
|    n_updates       | 17899    |
---------------------------------
---------------------------------
| rollout/           |          |
|    ep_len_mean     | 50       |
|    ep_rew_mean     | -4.88    |
|    success_rate    | 0.94     |
| time/              |          |
|    episodes        | 364      |
|    fps             | 74       |
|    time_elapsed    | 243      |
|    total_timesteps | 18200    |
| train/             |          |
|    actor_loss      | 0.425    |
|    critic_loss     | 0.0216   |
|    ent_coef        | 0.0007   |
|    ent_coef_loss   | -4.45    |
|    learning_rate   | 0.001    |
|    n_updates       | 18099    |
---------------------------------
---------------------------------
| rollout/           |          |
|    ep_len_mean     | 50       |
|    ep_rew_mean     | -4.14    |
|    success_rate    | 0.95     |
| time/              |          |
|    episodes        | 368      |
|    fps             | 74       |
|    time_elapsed    | 246      |
|    total_timesteps | 18400    |
| train/             |          |
|    actor_loss      | 1.18     |
|    critic_loss     | 0.154    |
|    ent_coef        | 0.000756 |
|    ent_coef_loss   | 9.08     |
|    learning_rate   | 0.001    |
|    n_updates       | 18299    |
---------------------------------
---------------------------------
| rollout/           |          |
|    ep_len_mean     | 50       |
|    ep_rew_mean     | -3.56    |
|    success_rate    | 0.96     |
| time/              |          |
|    episodes        | 372      |
|    fps             | 74       |
|    time_elapsed    | 249      |
|    total_timesteps | 18600    |
| train/             |          |
|    actor_loss      | 0.62     |
|    critic_loss     | 0.0185   |
|    ent_coef        | 0.000868 |
|    ent_coef_loss   | 6.05     |
|    learning_rate   | 0.001    |
|    n_updates       | 18499    |
---------------------------------
---------------------------------
| rollout/           |          |
|    ep_len_mean     | 50       |
|    ep_rew_mean     | -3.61    |
|    success_rate    | 0.96     |
| time/              |          |
|    episodes        | 376      |
|    fps             | 74       |
|    time_elapsed    | 251      |
|    total_timesteps | 18800    |
| train/             |          |
|    actor_loss      | 0.406    |
|    critic_loss     | 0.0122   |
|    ent_coef        | 0.000883 |
|    ent_coef_loss   | -1.67    |
|    learning_rate   | 0.001    |
|    n_updates       | 18699    |
---------------------------------
---------------------------------
| rollout/           |          |
|    ep_len_mean     | 50       |
|    ep_rew_mean     | -3.62    |
|    success_rate    | 0.96     |
| time/              |          |
|    episodes        | 380      |
|    fps             | 74       |
|    time_elapsed    | 254      |
|    total_timesteps | 19000    |
| train/             |          |
|    actor_loss      | 0.499    |
|    critic_loss     | 0.0186   |
|    ent_coef        | 0.000864 |
|    ent_coef_loss   | -4.83    |
|    learning_rate   | 0.001    |
|    n_updates       | 18899    |
---------------------------------
---------------------------------
| rollout/           |          |
|    ep_len_mean     | 50       |
|    ep_rew_mean     | -3.61    |
|    success_rate    | 0.96     |
| time/              |          |
|    episodes        | 384      |
|    fps             | 74       |
|    time_elapsed    | 257      |
|    total_timesteps | 19200    |
| train/             |          |
|    actor_loss      | 0.464    |
|    critic_loss     | 0.013    |
|    ent_coef        | 0.000796 |
|    ent_coef_loss   | 2.72     |
|    learning_rate   | 0.001    |
|    n_updates       | 19099    |
---------------------------------
---------------------------------
| rollout/           |          |
|    ep_len_mean     | 50       |
|    ep_rew_mean     | -3.59    |
|    success_rate    | 0.96     |
| time/              |          |
|    episodes        | 388      |
|    fps             | 74       |
|    time_elapsed    | 259      |
|    total_timesteps | 19400    |
| train/             |          |
|    actor_loss      | 0.42     |
|    critic_loss     | 0.0157   |
|    ent_coef        | 0.000819 |
|    ent_coef_loss   | 2.27     |
|    learning_rate   | 0.001    |
|    n_updates       | 19299    |
---------------------------------
---------------------------------
| rollout/           |          |
|    ep_len_mean     | 50       |
|    ep_rew_mean     | -3.56    |
|    success_rate    | 0.96     |
| time/              |          |
|    episodes        | 392      |
|    fps             | 74       |
|    time_elapsed    | 262      |
|    total_timesteps | 19600    |
| train/             |          |
|    actor_loss      | 0.336    |
|    critic_loss     | 0.0125   |
|    ent_coef        | 0.000862 |
|    ent_coef_loss   | -5.84    |
|    learning_rate   | 0.001    |
|    n_updates       | 19499    |
---------------------------------
---------------------------------
| rollout/           |          |
|    ep_len_mean     | 50       |
|    ep_rew_mean     | -3.52    |
|    success_rate    | 0.96     |
| time/              |          |
|    episodes        | 396      |
|    fps             | 74       |
|    time_elapsed    | 265      |
|    total_timesteps | 19800    |
| train/             |          |
|    actor_loss      | 0.503    |
|    critic_loss     | 0.0185   |
|    ent_coef        | 0.000846 |
|    ent_coef_loss   | -5.28    |
|    learning_rate   | 0.001    |
|    n_updates       | 19699    |
---------------------------------
---------------------------------
| rollout/           |          |
|    ep_len_mean     | 50       |
|    ep_rew_mean     | -4.04    |
|    success_rate    | 0.95     |
| time/              |          |
|    episodes        | 400      |
|    fps             | 74       |
|    time_elapsed    | 268      |
|    total_timesteps | 20000    |
| train/             |          |
|    actor_loss      | 0.831    |
|    critic_loss     | 0.0986   |
|    ent_coef        | 0.00103  |
|    ent_coef_loss   | -3.82    |
|    learning_rate   | 0.001    |
|    n_updates       | 19899    |
---------------------------------
success_rate=0.400 over 50 episodes
checkpoint_saved=/Users/eoinmca/Projects/lang-goal-rl/experiments/01_uvfa_her_baseline/checkpoints/seed_7.zip
