AdroitHandRelocateDense-v1, AdroitHandHammerDense-v1, AdroitHandDoorDense-v1 environment's reward functions were updated in v1.2.1 without an environment version update. Therefore, use gymnasium-robotics==1.2.0 for v1 reproducibility or use v2 in gymnasium-robotics>=1.4.3. See https://github.com/Farama-Foundation/Gymnasium-Robotics/pull/220 for more details
Using cpu device
Wrapping the env with a `Monitor` wrapper
Wrapping the env in a DummyVecEnv.
---------------------------------
| rollout/           |          |
|    ep_len_mean     | 50       |
|    ep_rew_mean     | -50      |
|    success_rate    | 0        |
| time/              |          |
|    episodes        | 4        |
|    fps             | 197      |
|    time_elapsed    | 1        |
|    total_timesteps | 200      |
| train/             |          |
|    actor_loss      | -4.43    |
|    critic_loss     | 0.246    |
|    ent_coef        | 0.907    |
|    ent_coef_loss   | -0.662   |
|    learning_rate   | 0.001    |
|    n_updates       | 99       |
---------------------------------
---------------------------------
| rollout/           |          |
|    ep_len_mean     | 50       |
|    ep_rew_mean     | -50      |
|    success_rate    | 0        |
| time/              |          |
|    episodes        | 8        |
|    fps             | 143      |
|    time_elapsed    | 2        |
|    total_timesteps | 400      |
| train/             |          |
|    actor_loss      | -4.4     |
|    critic_loss     | 0.176    |
|    ent_coef        | 0.742    |
|    ent_coef_loss   | -2.01    |
|    learning_rate   | 0.001    |
|    n_updates       | 299      |
---------------------------------
---------------------------------
| rollout/           |          |
|    ep_len_mean     | 50       |
|    ep_rew_mean     | -50      |
|    success_rate    | 0        |
| time/              |          |
|    episodes        | 12       |
|    fps             | 132      |
|    time_elapsed    | 4        |
|    total_timesteps | 600      |
| train/             |          |
|    actor_loss      | -4.49    |
|    critic_loss     | 0.182    |
|    ent_coef        | 0.608    |
|    ent_coef_loss   | -3.35    |
|    learning_rate   | 0.001    |
|    n_updates       | 499      |
---------------------------------
---------------------------------
| rollout/           |          |
|    ep_len_mean     | 50       |
|    ep_rew_mean     | -49.6    |
|    success_rate    | 0        |
| time/              |          |
|    episodes        | 16       |
|    fps             | 127      |
|    time_elapsed    | 6        |
|    total_timesteps | 800      |
| train/             |          |
|    actor_loss      | -4.34    |
|    critic_loss     | 0.148    |
|    ent_coef        | 0.498    |
|    ent_coef_loss   | -4.7     |
|    learning_rate   | 0.001    |
|    n_updates       | 699      |
---------------------------------
---------------------------------
| rollout/           |          |
|    ep_len_mean     | 50       |
|    ep_rew_mean     | -49.7    |
|    success_rate    | 0        |
| time/              |          |
|    episodes        | 20       |
|    fps             | 124      |
|    time_elapsed    | 8        |
|    total_timesteps | 1000     |
| train/             |          |
|    actor_loss      | -4.13    |
|    critic_loss     | 0.158    |
|    ent_coef        | 0.407    |
|    ent_coef_loss   | -6.07    |
|    learning_rate   | 0.001    |
|    n_updates       | 899      |
---------------------------------
---------------------------------
| rollout/           |          |
|    ep_len_mean     | 50       |
|    ep_rew_mean     | -49.7    |
|    success_rate    | 0        |
| time/              |          |
|    episodes        | 24       |
|    fps             | 122      |
|    time_elapsed    | 9        |
|    total_timesteps | 1200     |
| train/             |          |
|    actor_loss      | -3.84    |
|    critic_loss     | 0.186    |
|    ent_coef        | 0.334    |
|    ent_coef_loss   | -7.35    |
|    learning_rate   | 0.001    |
|    n_updates       | 1099     |
---------------------------------
---------------------------------
| rollout/           |          |
|    ep_len_mean     | 50       |
|    ep_rew_mean     | -49.6    |
|    success_rate    | 0        |
| time/              |          |
|    episodes        | 28       |
|    fps             | 121      |
|    time_elapsed    | 11       |
|    total_timesteps | 1400     |
| train/             |          |
|    actor_loss      | -3.38    |
|    critic_loss     | 0.157    |
|    ent_coef        | 0.273    |
|    ent_coef_loss   | -8.61    |
|    learning_rate   | 0.001    |
|    n_updates       | 1299     |
---------------------------------
---------------------------------
| rollout/           |          |
|    ep_len_mean     | 50       |
|    ep_rew_mean     | -49.7    |
|    success_rate    | 0        |
| time/              |          |
|    episodes        | 32       |
|    fps             | 120      |
|    time_elapsed    | 13       |
|    total_timesteps | 1600     |
| train/             |          |
|    actor_loss      | -2.97    |
|    critic_loss     | 0.159    |
|    ent_coef        | 0.224    |
|    ent_coef_loss   | -9.9     |
|    learning_rate   | 0.001    |
|    n_updates       | 1499     |
---------------------------------
---------------------------------
| rollout/           |          |
|    ep_len_mean     | 50       |
|    ep_rew_mean     | -49.5    |
|    success_rate    | 0        |
| time/              |          |
|    episodes        | 36       |
|    fps             | 119      |
|    time_elapsed    | 15       |
|    total_timesteps | 1800     |
| train/             |          |
|    actor_loss      | -2.49    |
|    critic_loss     | 0.145    |
|    ent_coef        | 0.184    |
|    ent_coef_loss   | -11      |
|    learning_rate   | 0.001    |
|    n_updates       | 1699     |
---------------------------------
---------------------------------
| rollout/           |          |
|    ep_len_mean     | 50       |
|    ep_rew_mean     | -49.6    |
|    success_rate    | 0        |
| time/              |          |
|    episodes        | 40       |
|    fps             | 118      |
|    time_elapsed    | 16       |
|    total_timesteps | 2000     |
| train/             |          |
|    actor_loss      | -2.11    |
|    critic_loss     | 0.14     |
|    ent_coef        | 0.152    |
|    ent_coef_loss   | -11.9    |
|    learning_rate   | 0.001    |
|    n_updates       | 1899     |
---------------------------------
---------------------------------
| rollout/           |          |
|    ep_len_mean     | 50       |
|    ep_rew_mean     | -49.6    |
|    success_rate    | 0        |
| time/              |          |
|    episodes        | 44       |
|    fps             | 118      |
|    time_elapsed    | 18       |
|    total_timesteps | 2200     |
| train/             |          |
|    actor_loss      | -1.88    |
|    critic_loss     | 0.132    |
|    ent_coef        | 0.126    |
|    ent_coef_loss   | -12.3    |
|    learning_rate   | 0.001    |
|    n_updates       | 2099     |
---------------------------------
---------------------------------
| rollout/           |          |
|    ep_len_mean     | 50       |
|    ep_rew_mean     | -49.5    |
|    success_rate    | 0        |
| time/              |          |
|    episodes        | 48       |
|    fps             | 118      |
|    time_elapsed    | 20       |
|    total_timesteps | 2400     |
| train/             |          |
|    actor_loss      | -2.22    |
|    critic_loss     | 0.172    |
|    ent_coef        | 0.106    |
|    ent_coef_loss   | -12.7    |
|    learning_rate   | 0.001    |
|    n_updates       | 2299     |
---------------------------------
---------------------------------
| rollout/           |          |
|    ep_len_mean     | 50       |
|    ep_rew_mean     | -49.5    |
|    success_rate    | 0        |
| time/              |          |
|    episodes        | 52       |
|    fps             | 117      |
|    time_elapsed    | 22       |
|    total_timesteps | 2600     |
| train/             |          |
|    actor_loss      | -1.69    |
|    critic_loss     | 0.176    |
|    ent_coef        | 0.0892   |
|    ent_coef_loss   | -12.6    |
|    learning_rate   | 0.001    |
|    n_updates       | 2499     |
---------------------------------
---------------------------------
| rollout/           |          |
|    ep_len_mean     | 50       |
|    ep_rew_mean     | -49.5    |
|    success_rate    | 0        |
| time/              |          |
|    episodes        | 56       |
|    fps             | 117      |
|    time_elapsed    | 23       |
|    total_timesteps | 2800     |
| train/             |          |
|    actor_loss      | -1.39    |
|    critic_loss     | 0.181    |
|    ent_coef        | 0.0763   |
|    ent_coef_loss   | -11.4    |
|    learning_rate   | 0.001    |
|    n_updates       | 2699     |
---------------------------------
---------------------------------
| rollout/           |          |
|    ep_len_mean     | 50       |
|    ep_rew_mean     | -49.4    |
|    success_rate    | 0        |
| time/              |          |
|    episodes        | 60       |
|    fps             | 117      |
|    time_elapsed    | 25       |
|    total_timesteps | 3000     |
| train/             |          |
|    actor_loss      | -1.32    |
|    critic_loss     | 0.129    |
|    ent_coef        | 0.0657   |
|    ent_coef_loss   | -11.1    |
|    learning_rate   | 0.001    |
|    n_updates       | 2899     |
---------------------------------
---------------------------------
| rollout/           |          |
|    ep_len_mean     | 50       |
|    ep_rew_mean     | -49.4    |
|    success_rate    | 0        |
| time/              |          |
|    episodes        | 64       |
|    fps             | 116      |
|    time_elapsed    | 27       |
|    total_timesteps | 3200     |
| train/             |          |
|    actor_loss      | -0.435   |
|    critic_loss     | 0.163    |
|    ent_coef        | 0.057    |
|    ent_coef_loss   | -11      |
|    learning_rate   | 0.001    |
|    n_updates       | 3099     |
---------------------------------
---------------------------------
| rollout/           |          |
|    ep_len_mean     | 50       |
|    ep_rew_mean     | -49.5    |
|    success_rate    | 0        |
| time/              |          |
|    episodes        | 68       |
|    fps             | 116      |
|    time_elapsed    | 29       |
|    total_timesteps | 3400     |
| train/             |          |
|    actor_loss      | -0.663   |
|    critic_loss     | 0.154    |
|    ent_coef        | 0.0498   |
|    ent_coef_loss   | -9.51    |
|    learning_rate   | 0.001    |
|    n_updates       | 3299     |
---------------------------------
---------------------------------
| rollout/           |          |
|    ep_len_mean     | 50       |
|    ep_rew_mean     | -49.5    |
|    success_rate    | 0        |
| time/              |          |
|    episodes        | 72       |
|    fps             | 116      |
|    time_elapsed    | 31       |
|    total_timesteps | 3600     |
| train/             |          |
|    actor_loss      | -0.166   |
|    critic_loss     | 0.218    |
|    ent_coef        | 0.044    |
|    ent_coef_loss   | -8.69    |
|    learning_rate   | 0.001    |
|    n_updates       | 3499     |
---------------------------------
---------------------------------
| rollout/           |          |
|    ep_len_mean     | 50       |
|    ep_rew_mean     | -49.5    |
|    success_rate    | 0        |
| time/              |          |
|    episodes        | 76       |
|    fps             | 115      |
|    time_elapsed    | 32       |
|    total_timesteps | 3800     |
| train/             |          |
|    actor_loss      | -0.122   |
|    critic_loss     | 0.184    |
|    ent_coef        | 0.0392   |
|    ent_coef_loss   | -7.56    |
|    learning_rate   | 0.001    |
|    n_updates       | 3699     |
---------------------------------
---------------------------------
| rollout/           |          |
|    ep_len_mean     | 50       |
|    ep_rew_mean     | -49.4    |
|    success_rate    | 0        |
| time/              |          |
|    episodes        | 80       |
|    fps             | 115      |
|    time_elapsed    | 34       |
|    total_timesteps | 4000     |
| train/             |          |
|    actor_loss      | -0.282   |
|    critic_loss     | 0.228    |
|    ent_coef        | 0.0355   |
|    ent_coef_loss   | -6.43    |
|    learning_rate   | 0.001    |
|    n_updates       | 3899     |
---------------------------------
---------------------------------
| rollout/           |          |
|    ep_len_mean     | 50       |
|    ep_rew_mean     | -49.4    |
|    success_rate    | 0        |
| time/              |          |
|    episodes        | 84       |
|    fps             | 115      |
|    time_elapsed    | 36       |
|    total_timesteps | 4200     |
| train/             |          |
|    actor_loss      | -0.38    |
|    critic_loss     | 0.186    |
|    ent_coef        | 0.0324   |
|    ent_coef_loss   | -6.45    |
|    learning_rate   | 0.001    |
|    n_updates       | 4099     |
---------------------------------
---------------------------------
| rollout/           |          |
|    ep_len_mean     | 50       |
|    ep_rew_mean     | -49      |
|    success_rate    | 0.0114   |
| time/              |          |
|    episodes        | 88       |
|    fps             | 115      |
|    time_elapsed    | 38       |
|    total_timesteps | 4400     |
| train/             |          |
|    actor_loss      | -0.0169  |
|    critic_loss     | 0.186    |
|    ent_coef        | 0.0297   |
|    ent_coef_loss   | -5.25    |
|    learning_rate   | 0.001    |
|    n_updates       | 4299     |
---------------------------------
---------------------------------
| rollout/           |          |
|    ep_len_mean     | 50       |
|    ep_rew_mean     | -49      |
|    success_rate    | 0.0109   |
| time/              |          |
|    episodes        | 92       |
|    fps             | 115      |
|    time_elapsed    | 39       |
|    total_timesteps | 4600     |
| train/             |          |
|    actor_loss      | 0.248    |
|    critic_loss     | 0.186    |
|    ent_coef        | 0.0274   |
|    ent_coef_loss   | -6.68    |
|    learning_rate   | 0.001    |
|    n_updates       | 4499     |
---------------------------------
---------------------------------
| rollout/           |          |
|    ep_len_mean     | 50       |
|    ep_rew_mean     | -48.5    |
|    success_rate    | 0.0208   |
| time/              |          |
|    episodes        | 96       |
|    fps             | 115      |
|    time_elapsed    | 41       |
|    total_timesteps | 4800     |
| train/             |          |
|    actor_loss      | 1.01     |
|    critic_loss     | 0.162    |
|    ent_coef        | 0.0255   |
|    ent_coef_loss   | -5.33    |
|    learning_rate   | 0.001    |
|    n_updates       | 4699     |
---------------------------------
---------------------------------
| rollout/           |          |
|    ep_len_mean     | 50       |
|    ep_rew_mean     | -48.4    |
|    success_rate    | 0.03     |
| time/              |          |
|    episodes        | 100      |
|    fps             | 115      |
|    time_elapsed    | 43       |
|    total_timesteps | 5000     |
| train/             |          |
|    actor_loss      | 0.235    |
|    critic_loss     | 0.175    |
|    ent_coef        | 0.0237   |
|    ent_coef_loss   | -3.46    |
|    learning_rate   | 0.001    |
|    n_updates       | 4899     |
---------------------------------
---------------------------------
| rollout/           |          |
|    ep_len_mean     | 50       |
|    ep_rew_mean     | -47.9    |
|    success_rate    | 0.04     |
| time/              |          |
|    episodes        | 104      |
|    fps             | 115      |
|    time_elapsed    | 44       |
|    total_timesteps | 5200     |
| train/             |          |
|    actor_loss      | 0.987    |
|    critic_loss     | 0.208    |
|    ent_coef        | 0.0221   |
|    ent_coef_loss   | -5.03    |
|    learning_rate   | 0.001    |
|    n_updates       | 5099     |
---------------------------------
---------------------------------
| rollout/           |          |
|    ep_len_mean     | 50       |
|    ep_rew_mean     | -47.4    |
|    success_rate    | 0.05     |
| time/              |          |
|    episodes        | 108      |
|    fps             | 115      |
|    time_elapsed    | 46       |
|    total_timesteps | 5400     |
| train/             |          |
|    actor_loss      | -0.0726  |
|    critic_loss     | 0.172    |
|    ent_coef        | 0.0207   |
|    ent_coef_loss   | 0.656    |
|    learning_rate   | 0.001    |
|    n_updates       | 5299     |
---------------------------------
---------------------------------
| rollout/           |          |
|    ep_len_mean     | 50       |
|    ep_rew_mean     | -47.2    |
|    success_rate    | 0.06     |
| time/              |          |
|    episodes        | 112      |
|    fps             | 115      |
|    time_elapsed    | 48       |
|    total_timesteps | 5600     |
| train/             |          |
|    actor_loss      | 0.366    |
|    critic_loss     | 0.21     |
|    ent_coef        | 0.0197   |
|    ent_coef_loss   | -3.34    |
|    learning_rate   | 0.001    |
|    n_updates       | 5499     |
---------------------------------
---------------------------------
| rollout/           |          |
|    ep_len_mean     | 50       |
|    ep_rew_mean     | -46.8    |
|    success_rate    | 0.07     |
| time/              |          |
|    episodes        | 116      |
|    fps             | 115      |
|    time_elapsed    | 50       |
|    total_timesteps | 5800     |
| train/             |          |
|    actor_loss      | 0.034    |
|    critic_loss     | 0.188    |
|    ent_coef        | 0.0189   |
|    ent_coef_loss   | -1.54    |
|    learning_rate   | 0.001    |
|    n_updates       | 5699     |
---------------------------------
---------------------------------
| rollout/           |          |
|    ep_len_mean     | 50       |
|    ep_rew_mean     | -46.5    |
|    success_rate    | 0.09     |
| time/              |          |
|    episodes        | 120      |
|    fps             | 115      |
|    time_elapsed    | 52       |
|    total_timesteps | 6000     |
| train/             |          |
|    actor_loss      | 0.762    |
|    critic_loss     | 0.173    |
|    ent_coef        | 0.0181   |
|    ent_coef_loss   | -2.96    |
|    learning_rate   | 0.001    |
|    n_updates       | 5899     |
---------------------------------
---------------------------------
| rollout/           |          |
|    ep_len_mean     | 50       |
|    ep_rew_mean     | -46      |
|    success_rate    | 0.1      |
| time/              |          |
|    episodes        | 124      |
|    fps             | 115      |
|    time_elapsed    | 53       |
|    total_timesteps | 6200     |
| train/             |          |
|    actor_loss      | 0.414    |
|    critic_loss     | 0.185    |
|    ent_coef        | 0.0174   |
|    ent_coef_loss   | -2.31    |
|    learning_rate   | 0.001    |
|    n_updates       | 6099     |
---------------------------------
---------------------------------
| rollout/           |          |
|    ep_len_mean     | 50       |
|    ep_rew_mean     | -45.3    |
|    success_rate    | 0.12     |
| time/              |          |
|    episodes        | 128      |
|    fps             | 115      |
|    time_elapsed    | 55       |
|    total_timesteps | 6400     |
| train/             |          |
|    actor_loss      | 1.08     |
|    critic_loss     | 0.178    |
|    ent_coef        | 0.0166   |
|    ent_coef_loss   | -2.31    |
|    learning_rate   | 0.001    |
|    n_updates       | 6299     |
---------------------------------
---------------------------------
| rollout/           |          |
|    ep_len_mean     | 50       |
|    ep_rew_mean     | -43.9    |
|    success_rate    | 0.14     |
| time/              |          |
|    episodes        | 132      |
|    fps             | 115      |
|    time_elapsed    | 57       |
|    total_timesteps | 6600     |
| train/             |          |
|    actor_loss      | 0.547    |
|    critic_loss     | 0.169    |
|    ent_coef        | 0.016    |
|    ent_coef_loss   | -1.52    |
|    learning_rate   | 0.001    |
|    n_updates       | 6499     |
---------------------------------
---------------------------------
| rollout/           |          |
|    ep_len_mean     | 50       |
|    ep_rew_mean     | -42.8    |
|    success_rate    | 0.17     |
| time/              |          |
|    episodes        | 136      |
|    fps             | 115      |
|    time_elapsed    | 59       |
|    total_timesteps | 6800     |
| train/             |          |
|    actor_loss      | 1.44     |
|    critic_loss     | 0.176    |
|    ent_coef        | 0.0156   |
|    ent_coef_loss   | -1.3     |
|    learning_rate   | 0.001    |
|    n_updates       | 6699     |
---------------------------------
---------------------------------
| rollout/           |          |
|    ep_len_mean     | 50       |
|    ep_rew_mean     | -41      |
|    success_rate    | 0.2      |
| time/              |          |
|    episodes        | 140      |
|    fps             | 114      |
|    time_elapsed    | 60       |
|    total_timesteps | 7000     |
| train/             |          |
|    actor_loss      | 0.296    |
|    critic_loss     | 0.174    |
|    ent_coef        | 0.0152   |
|    ent_coef_loss   | -0.855   |
|    learning_rate   | 0.001    |
|    n_updates       | 6899     |
---------------------------------
---------------------------------
| rollout/           |          |
|    ep_len_mean     | 50       |
|    ep_rew_mean     | -39.6    |
|    success_rate    | 0.23     |
| time/              |          |
|    episodes        | 144      |
|    fps             | 115      |
|    time_elapsed    | 62       |
|    total_timesteps | 7200     |
| train/             |          |
|    actor_loss      | 1.02     |
|    critic_loss     | 0.147    |
|    ent_coef        | 0.0152   |
|    ent_coef_loss   | -0.6     |
|    learning_rate   | 0.001    |
|    n_updates       | 7099     |
---------------------------------
---------------------------------
| rollout/           |          |
|    ep_len_mean     | 50       |
|    ep_rew_mean     | -38.2    |
|    success_rate    | 0.26     |
| time/              |          |
|    episodes        | 148      |
|    fps             | 115      |
|    time_elapsed    | 64       |
|    total_timesteps | 7400     |
| train/             |          |
|    actor_loss      | 0.655    |
|    critic_loss     | 0.195    |
|    ent_coef        | 0.015    |
|    ent_coef_loss   | -0.266   |
|    learning_rate   | 0.001    |
|    n_updates       | 7299     |
---------------------------------
---------------------------------
| rollout/           |          |
|    ep_len_mean     | 50       |
|    ep_rew_mean     | -37.1    |
|    success_rate    | 0.28     |
| time/              |          |
|    episodes        | 152      |
|    fps             | 115      |
|    time_elapsed    | 66       |
|    total_timesteps | 7600     |
| train/             |          |
|    actor_loss      | 0.553    |
|    critic_loss     | 0.155    |
|    ent_coef        | 0.0148   |
|    ent_coef_loss   | 0.277    |
|    learning_rate   | 0.001    |
|    n_updates       | 7499     |
---------------------------------
---------------------------------
| rollout/           |          |
|    ep_len_mean     | 50       |
|    ep_rew_mean     | -36.2    |
|    success_rate    | 0.3      |
| time/              |          |
|    episodes        | 156      |
|    fps             | 115      |
|    time_elapsed    | 67       |
|    total_timesteps | 7800     |
| train/             |          |
|    actor_loss      | 1.49     |
|    critic_loss     | 0.148    |
|    ent_coef        | 0.0143   |
|    ent_coef_loss   | -1.8     |
|    learning_rate   | 0.001    |
|    n_updates       | 7699     |
---------------------------------
---------------------------------
| rollout/           |          |
|    ep_len_mean     | 50       |
|    ep_rew_mean     | -35.8    |
|    success_rate    | 0.31     |
| time/              |          |
|    episodes        | 160      |
|    fps             | 115      |
|    time_elapsed    | 69       |
|    total_timesteps | 8000     |
| train/             |          |
|    actor_loss      | 0.827    |
|    critic_loss     | 0.148    |
|    ent_coef        | 0.0141   |
|    ent_coef_loss   | -1.09    |
|    learning_rate   | 0.001    |
|    n_updates       | 7899     |
---------------------------------
---------------------------------
| rollout/           |          |
|    ep_len_mean     | 50       |
|    ep_rew_mean     | -34.2    |
|    success_rate    | 0.34     |
| time/              |          |
|    episodes        | 164      |
|    fps             | 115      |
|    time_elapsed    | 71       |
|    total_timesteps | 8200     |
| train/             |          |
|    actor_loss      | 1.65     |
|    critic_loss     | 0.187    |
|    ent_coef        | 0.0134   |
|    ent_coef_loss   | -1.03    |
|    learning_rate   | 0.001    |
|    n_updates       | 8099     |
---------------------------------
---------------------------------
| rollout/           |          |
|    ep_len_mean     | 50       |
|    ep_rew_mean     | -33.2    |
|    success_rate    | 0.36     |
| time/              |          |
|    episodes        | 168      |
|    fps             | 115      |
|    time_elapsed    | 72       |
|    total_timesteps | 8400     |
| train/             |          |
|    actor_loss      | 0.954    |
|    critic_loss     | 0.122    |
|    ent_coef        | 0.0127   |
|    ent_coef_loss   | -1.19    |
|    learning_rate   | 0.001    |
|    n_updates       | 8299     |
---------------------------------
---------------------------------
| rollout/           |          |
|    ep_len_mean     | 50       |
|    ep_rew_mean     | -31.8    |
|    success_rate    | 0.39     |
| time/              |          |
|    episodes        | 172      |
|    fps             | 115      |
|    time_elapsed    | 74       |
|    total_timesteps | 8600     |
| train/             |          |
|    actor_loss      | 0.875    |
|    critic_loss     | 0.159    |
|    ent_coef        | 0.0121   |
|    ent_coef_loss   | -2.71    |
|    learning_rate   | 0.001    |
|    n_updates       | 8499     |
---------------------------------
---------------------------------
| rollout/           |          |
|    ep_len_mean     | 50       |
|    ep_rew_mean     | -30.5    |
|    success_rate    | 0.41     |
| time/              |          |
|    episodes        | 176      |
|    fps             | 115      |
|    time_elapsed    | 76       |
|    total_timesteps | 8800     |
| train/             |          |
|    actor_loss      | 1.21     |
|    critic_loss     | 0.117    |
|    ent_coef        | 0.0121   |
|    ent_coef_loss   | -1.05    |
|    learning_rate   | 0.001    |
|    n_updates       | 8699     |
---------------------------------
---------------------------------
| rollout/           |          |
|    ep_len_mean     | 50       |
|    ep_rew_mean     | -29.5    |
|    success_rate    | 0.43     |
| time/              |          |
|    episodes        | 180      |
|    fps             | 115      |
|    time_elapsed    | 78       |
|    total_timesteps | 9000     |
| train/             |          |
|    actor_loss      | 1.27     |
|    critic_loss     | 0.145    |
|    ent_coef        | 0.011    |
|    ent_coef_loss   | -0.952   |
|    learning_rate   | 0.001    |
|    n_updates       | 8899     |
---------------------------------
---------------------------------
| rollout/           |          |
|    ep_len_mean     | 50       |
|    ep_rew_mean     | -28      |
|    success_rate    | 0.46     |
| time/              |          |
|    episodes        | 184      |
|    fps             | 115      |
|    time_elapsed    | 79       |
|    total_timesteps | 9200     |
| train/             |          |
|    actor_loss      | 1.03     |
|    critic_loss     | 0.131    |
|    ent_coef        | 0.0108   |
|    ent_coef_loss   | 0.723    |
|    learning_rate   | 0.001    |
|    n_updates       | 9099     |
---------------------------------
---------------------------------
| rollout/           |          |
|    ep_len_mean     | 50       |
|    ep_rew_mean     | -27      |
|    success_rate    | 0.47     |
| time/              |          |
|    episodes        | 188      |
|    fps             | 115      |
|    time_elapsed    | 81       |
|    total_timesteps | 9400     |
| train/             |          |
|    actor_loss      | 0.48     |
|    critic_loss     | 0.127    |
|    ent_coef        | 0.0105   |
|    ent_coef_loss   | -1.5     |
|    learning_rate   | 0.001    |
|    n_updates       | 9299     |
---------------------------------
---------------------------------
| rollout/           |          |
|    ep_len_mean     | 50       |
|    ep_rew_mean     | -26.6    |
|    success_rate    | 0.48     |
| time/              |          |
|    episodes        | 192      |
|    fps             | 115      |
|    time_elapsed    | 83       |
|    total_timesteps | 9600     |
| train/             |          |
|    actor_loss      | 1.01     |
|    critic_loss     | 0.13     |
|    ent_coef        | 0.0107   |
|    ent_coef_loss   | -2.11    |
|    learning_rate   | 0.001    |
|    n_updates       | 9499     |
---------------------------------
---------------------------------
| rollout/           |          |
|    ep_len_mean     | 50       |
|    ep_rew_mean     | -25.2    |
|    success_rate    | 0.51     |
| time/              |          |
|    episodes        | 196      |
|    fps             | 115      |
|    time_elapsed    | 85       |
|    total_timesteps | 9800     |
| train/             |          |
|    actor_loss      | 0.874    |
|    critic_loss     | 0.129    |
|    ent_coef        | 0.0107   |
|    ent_coef_loss   | 1.03     |
|    learning_rate   | 0.001    |
|    n_updates       | 9699     |
---------------------------------
---------------------------------
| rollout/           |          |
|    ep_len_mean     | 50       |
|    ep_rew_mean     | -24      |
|    success_rate    | 0.53     |
| time/              |          |
|    episodes        | 200      |
|    fps             | 115      |
|    time_elapsed    | 86       |
|    total_timesteps | 10000    |
| train/             |          |
|    actor_loss      | 1.02     |
|    critic_loss     | 0.116    |
|    ent_coef        | 0.0106   |
|    ent_coef_loss   | 0.123    |
|    learning_rate   | 0.001    |
|    n_updates       | 9899     |
---------------------------------
---------------------------------
| rollout/           |          |
|    ep_len_mean     | 50       |
|    ep_rew_mean     | -23.1    |
|    success_rate    | 0.55     |
| time/              |          |
|    episodes        | 204      |
|    fps             | 115      |
|    time_elapsed    | 88       |
|    total_timesteps | 10200    |
| train/             |          |
|    actor_loss      | 1.37     |
|    critic_loss     | 0.123    |
|    ent_coef        | 0.0103   |
|    ent_coef_loss   | -1.88    |
|    learning_rate   | 0.001    |
|    n_updates       | 10099    |
---------------------------------
---------------------------------
| rollout/           |          |
|    ep_len_mean     | 50       |
|    ep_rew_mean     | -22.1    |
|    success_rate    | 0.57     |
| time/              |          |
|    episodes        | 208      |
|    fps             | 115      |
|    time_elapsed    | 90       |
|    total_timesteps | 10400    |
| train/             |          |
|    actor_loss      | 1.03     |
|    critic_loss     | 0.153    |
|    ent_coef        | 0.0102   |
|    ent_coef_loss   | 1.33     |
|    learning_rate   | 0.001    |
|    n_updates       | 10299    |
---------------------------------
---------------------------------
| rollout/           |          |
|    ep_len_mean     | 50       |
|    ep_rew_mean     | -20.8    |
|    success_rate    | 0.59     |
| time/              |          |
|    episodes        | 212      |
|    fps             | 115      |
|    time_elapsed    | 92       |
|    total_timesteps | 10600    |
| train/             |          |
|    actor_loss      | 1.31     |
|    critic_loss     | 0.129    |
|    ent_coef        | 0.01     |
|    ent_coef_loss   | -2.81    |
|    learning_rate   | 0.001    |
|    n_updates       | 10499    |
---------------------------------
---------------------------------
| rollout/           |          |
|    ep_len_mean     | 50       |
|    ep_rew_mean     | -19.9    |
|    success_rate    | 0.62     |
| time/              |          |
|    episodes        | 216      |
|    fps             | 115      |
|    time_elapsed    | 93       |
|    total_timesteps | 10800    |
| train/             |          |
|    actor_loss      | 1.62     |
|    critic_loss     | 0.111    |
|    ent_coef        | 0.0101   |
|    ent_coef_loss   | 0.177    |
|    learning_rate   | 0.001    |
|    n_updates       | 10699    |
---------------------------------
---------------------------------
| rollout/           |          |
|    ep_len_mean     | 50       |
|    ep_rew_mean     | -19.6    |
|    success_rate    | 0.61     |
| time/              |          |
|    episodes        | 220      |
|    fps             | 115      |
|    time_elapsed    | 95       |
|    total_timesteps | 11000    |
| train/             |          |
|    actor_loss      | 1.4      |
|    critic_loss     | 0.0887   |
|    ent_coef        | 0.00938  |
|    ent_coef_loss   | -1.13    |
|    learning_rate   | 0.001    |
|    n_updates       | 10899    |
---------------------------------
---------------------------------
| rollout/           |          |
|    ep_len_mean     | 50       |
|    ep_rew_mean     | -18.8    |
|    success_rate    | 0.62     |
| time/              |          |
|    episodes        | 224      |
|    fps             | 115      |
|    time_elapsed    | 97       |
|    total_timesteps | 11200    |
| train/             |          |
|    actor_loss      | 0.95     |
|    critic_loss     | 0.104    |
|    ent_coef        | 0.00871  |
|    ent_coef_loss   | -1.19    |
|    learning_rate   | 0.001    |
|    n_updates       | 11099    |
---------------------------------
---------------------------------
| rollout/           |          |
|    ep_len_mean     | 50       |
|    ep_rew_mean     | -17.7    |
|    success_rate    | 0.64     |
| time/              |          |
|    episodes        | 228      |
|    fps             | 114      |
|    time_elapsed    | 99       |
|    total_timesteps | 11400    |
| train/             |          |
|    actor_loss      | 1.47     |
|    critic_loss     | 0.106    |
|    ent_coef        | 0.00896  |
|    ent_coef_loss   | -0.433   |
|    learning_rate   | 0.001    |
|    n_updates       | 11299    |
---------------------------------
---------------------------------
| rollout/           |          |
|    ep_len_mean     | 50       |
|    ep_rew_mean     | -17.2    |
|    success_rate    | 0.66     |
| time/              |          |
|    episodes        | 232      |
|    fps             | 114      |
|    time_elapsed    | 101      |
|    total_timesteps | 11600    |
| train/             |          |
|    actor_loss      | 1.22     |
|    critic_loss     | 0.141    |
|    ent_coef        | 0.00879  |
|    ent_coef_loss   | 1.19     |
|    learning_rate   | 0.001    |
|    n_updates       | 11499    |
---------------------------------
---------------------------------
| rollout/           |          |
|    ep_len_mean     | 50       |
|    ep_rew_mean     | -17.3    |
|    success_rate    | 0.65     |
| time/              |          |
|    episodes        | 236      |
|    fps             | 113      |
|    time_elapsed    | 104      |
|    total_timesteps | 11800    |
| train/             |          |
|    actor_loss      | 1.32     |
|    critic_loss     | 0.0915   |
|    ent_coef        | 0.00863  |
|    ent_coef_loss   | -0.266   |
|    learning_rate   | 0.001    |
|    n_updates       | 11699    |
---------------------------------
---------------------------------
| rollout/           |          |
|    ep_len_mean     | 50       |
|    ep_rew_mean     | -17.3    |
|    success_rate    | 0.66     |
| time/              |          |
|    episodes        | 240      |
|    fps             | 113      |
|    time_elapsed    | 106      |
|    total_timesteps | 12000    |
| train/             |          |
|    actor_loss      | 1.28     |
|    critic_loss     | 0.105    |
|    ent_coef        | 0.00863  |
|    ent_coef_loss   | -0.463   |
|    learning_rate   | 0.001    |
|    n_updates       | 11899    |
---------------------------------
---------------------------------
| rollout/           |          |
|    ep_len_mean     | 50       |
|    ep_rew_mean     | -16.8    |
|    success_rate    | 0.67     |
| time/              |          |
|    episodes        | 244      |
|    fps             | 112      |
|    time_elapsed    | 107      |
|    total_timesteps | 12200    |
| train/             |          |
|    actor_loss      | 1.58     |
|    critic_loss     | 0.081    |
|    ent_coef        | 0.00806  |
|    ent_coef_loss   | 1.88     |
|    learning_rate   | 0.001    |
|    n_updates       | 12099    |
---------------------------------
---------------------------------
| rollout/           |          |
|    ep_len_mean     | 50       |
|    ep_rew_mean     | -16.4    |
|    success_rate    | 0.68     |
| time/              |          |
|    episodes        | 248      |
|    fps             | 112      |
|    time_elapsed    | 109      |
|    total_timesteps | 12400    |
| train/             |          |
|    actor_loss      | 1.07     |
|    critic_loss     | 0.0889   |
|    ent_coef        | 0.00812  |
|    ent_coef_loss   | -0.268   |
|    learning_rate   | 0.001    |
|    n_updates       | 12299    |
---------------------------------
---------------------------------
| rollout/           |          |
|    ep_len_mean     | 50       |
|    ep_rew_mean     | -15.8    |
|    success_rate    | 0.69     |
| time/              |          |
|    episodes        | 252      |
|    fps             | 112      |
|    time_elapsed    | 111      |
|    total_timesteps | 12600    |
| train/             |          |
|    actor_loss      | 1.16     |
|    critic_loss     | 0.1      |
|    ent_coef        | 0.00819  |
|    ent_coef_loss   | 1.9      |
|    learning_rate   | 0.001    |
|    n_updates       | 12499    |
---------------------------------
---------------------------------
| rollout/           |          |
|    ep_len_mean     | 50       |
|    ep_rew_mean     | -14.7    |
|    success_rate    | 0.71     |
| time/              |          |
|    episodes        | 256      |
|    fps             | 112      |
|    time_elapsed    | 113      |
|    total_timesteps | 12800    |
| train/             |          |
|    actor_loss      | 0.992    |
|    critic_loss     | 0.0821   |
|    ent_coef        | 0.00794  |
|    ent_coef_loss   | -1.97    |
|    learning_rate   | 0.001    |
|    n_updates       | 12699    |
---------------------------------
---------------------------------
| rollout/           |          |
|    ep_len_mean     | 50       |
|    ep_rew_mean     | -13.7    |
|    success_rate    | 0.73     |
| time/              |          |
|    episodes        | 260      |
|    fps             | 113      |
|    time_elapsed    | 115      |
|    total_timesteps | 13000    |
| train/             |          |
|    actor_loss      | 1.69     |
|    critic_loss     | 0.0939   |
|    ent_coef        | 0.00779  |
|    ent_coef_loss   | -0.724   |
|    learning_rate   | 0.001    |
|    n_updates       | 12899    |
---------------------------------
---------------------------------
| rollout/           |          |
|    ep_len_mean     | 50       |
|    ep_rew_mean     | -13.4    |
|    success_rate    | 0.74     |
| time/              |          |
|    episodes        | 264      |
|    fps             | 113      |
|    time_elapsed    | 116      |
|    total_timesteps | 13200    |
| train/             |          |
|    actor_loss      | 1.08     |
|    critic_loss     | 0.0812   |
|    ent_coef        | 0.00772  |
|    ent_coef_loss   | 0.0659   |
|    learning_rate   | 0.001    |
|    n_updates       | 13099    |
---------------------------------
---------------------------------
| rollout/           |          |
|    ep_len_mean     | 50       |
|    ep_rew_mean     | -12.4    |
|    success_rate    | 0.76     |
| time/              |          |
|    episodes        | 268      |
|    fps             | 113      |
|    time_elapsed    | 118      |
|    total_timesteps | 13400    |
| train/             |          |
|    actor_loss      | 1.16     |
|    critic_loss     | 0.0783   |
|    ent_coef        | 0.00746  |
|    ent_coef_loss   | -0.725   |
|    learning_rate   | 0.001    |
|    n_updates       | 13299    |
---------------------------------
---------------------------------
| rollout/           |          |
|    ep_len_mean     | 50       |
|    ep_rew_mean     | -12      |
|    success_rate    | 0.77     |
| time/              |          |
|    episodes        | 272      |
|    fps             | 113      |
|    time_elapsed    | 120      |
|    total_timesteps | 13600    |
| train/             |          |
|    actor_loss      | 1.03     |
|    critic_loss     | 0.0897   |
|    ent_coef        | 0.00753  |
|    ent_coef_loss   | 0.845    |
|    learning_rate   | 0.001    |
|    n_updates       | 13499    |
---------------------------------
---------------------------------
| rollout/           |          |
|    ep_len_mean     | 50       |
|    ep_rew_mean     | -11.7    |
|    success_rate    | 0.78     |
| time/              |          |
|    episodes        | 276      |
|    fps             | 113      |
|    time_elapsed    | 122      |
|    total_timesteps | 13800    |
| train/             |          |
|    actor_loss      | 1.04     |
|    critic_loss     | 0.0796   |
|    ent_coef        | 0.00727  |
|    ent_coef_loss   | 1.07     |
|    learning_rate   | 0.001    |
|    n_updates       | 13699    |
---------------------------------
---------------------------------
| rollout/           |          |
|    ep_len_mean     | 50       |
|    ep_rew_mean     | -10.9    |
|    success_rate    | 0.8      |
| time/              |          |
|    episodes        | 280      |
|    fps             | 113      |
|    time_elapsed    | 123      |
|    total_timesteps | 14000    |
| train/             |          |
|    actor_loss      | 0.861    |
|    critic_loss     | 0.0636   |
|    ent_coef        | 0.00728  |
|    ent_coef_loss   | 3.86     |
|    learning_rate   | 0.001    |
|    n_updates       | 13899    |
---------------------------------
---------------------------------
| rollout/           |          |
|    ep_len_mean     | 50       |
|    ep_rew_mean     | -10.4    |
|    success_rate    | 0.81     |
| time/              |          |
|    episodes        | 284      |
|    fps             | 112      |
|    time_elapsed    | 125      |
|    total_timesteps | 14200    |
| train/             |          |
|    actor_loss      | 0.961    |
|    critic_loss     | 0.0616   |
|    ent_coef        | 0.00702  |
|    ent_coef_loss   | -3.04    |
|    learning_rate   | 0.001    |
|    n_updates       | 14099    |
---------------------------------
---------------------------------
| rollout/           |          |
|    ep_len_mean     | 50       |
|    ep_rew_mean     | -9.99    |
|    success_rate    | 0.83     |
| time/              |          |
|    episodes        | 288      |
|    fps             | 112      |
|    time_elapsed    | 127      |
|    total_timesteps | 14400    |
| train/             |          |
|    actor_loss      | 0.518    |
|    critic_loss     | 0.0686   |
|    ent_coef        | 0.00693  |
|    ent_coef_loss   | -0.398   |
|    learning_rate   | 0.001    |
|    n_updates       | 14299    |
---------------------------------
---------------------------------
| rollout/           |          |
|    ep_len_mean     | 50       |
|    ep_rew_mean     | -8.4     |
|    success_rate    | 0.86     |
| time/              |          |
|    episodes        | 292      |
|    fps             | 112      |
|    time_elapsed    | 129      |
|    total_timesteps | 14600    |
| train/             |          |
|    actor_loss      | 0.786    |
|    critic_loss     | 0.0822   |
|    ent_coef        | 0.00681  |
|    ent_coef_loss   | -1.81    |
|    learning_rate   | 0.001    |
|    n_updates       | 14499    |
---------------------------------
---------------------------------
| rollout/           |          |
|    ep_len_mean     | 50       |
|    ep_rew_mean     | -8.38    |
|    success_rate    | 0.86     |
| time/              |          |
|    episodes        | 296      |
|    fps             | 112      |
|    time_elapsed    | 131      |
|    total_timesteps | 14800    |
| train/             |          |
|    actor_loss      | 0.48     |
|    critic_loss     | 0.0614   |
|    ent_coef        | 0.00657  |
|    ent_coef_loss   | 1.01     |
|    learning_rate   | 0.001    |
|    n_updates       | 14699    |
---------------------------------
---------------------------------
| rollout/           |          |
|    ep_len_mean     | 50       |
|    ep_rew_mean     | -7.87    |
|    success_rate    | 0.87     |
| time/              |          |
|    episodes        | 300      |
|    fps             | 112      |
|    time_elapsed    | 133      |
|    total_timesteps | 15000    |
| train/             |          |
|    actor_loss      | 0.664    |
|    critic_loss     | 0.066    |
|    ent_coef        | 0.00639  |
|    ent_coef_loss   | -0.199   |
|    learning_rate   | 0.001    |
|    n_updates       | 14899    |
---------------------------------
---------------------------------
| rollout/           |          |
|    ep_len_mean     | 50       |
|    ep_rew_mean     | -7.33    |
|    success_rate    | 0.88     |
| time/              |          |
|    episodes        | 304      |
|    fps             | 112      |
|    time_elapsed    | 134      |
|    total_timesteps | 15200    |
| train/             |          |
|    actor_loss      | 0.581    |
|    critic_loss     | 0.0677   |
|    ent_coef        | 0.00635  |
|    ent_coef_loss   | -0.94    |
|    learning_rate   | 0.001    |
|    n_updates       | 15099    |
---------------------------------
---------------------------------
| rollout/           |          |
|    ep_len_mean     | 50       |
|    ep_rew_mean     | -6.85    |
|    success_rate    | 0.89     |
| time/              |          |
|    episodes        | 308      |
|    fps             | 112      |
|    time_elapsed    | 136      |
|    total_timesteps | 15400    |
| train/             |          |
|    actor_loss      | 0.713    |
|    critic_loss     | 0.0561   |
|    ent_coef        | 0.0061   |
|    ent_coef_loss   | 0.616    |
|    learning_rate   | 0.001    |
|    n_updates       | 15299    |
---------------------------------
---------------------------------
| rollout/           |          |
|    ep_len_mean     | 50       |
|    ep_rew_mean     | -6.38    |
|    success_rate    | 0.9      |
| time/              |          |
|    episodes        | 312      |
|    fps             | 112      |
|    time_elapsed    | 138      |
|    total_timesteps | 15600    |
| train/             |          |
|    actor_loss      | 0.324    |
|    critic_loss     | 0.0594   |
|    ent_coef        | 0.006    |
|    ent_coef_loss   | 1.1      |
|    learning_rate   | 0.001    |
|    n_updates       | 15499    |
---------------------------------
---------------------------------
| rollout/           |          |
|    ep_len_mean     | 50       |
|    ep_rew_mean     | -5.86    |
|    success_rate    | 0.9      |
| time/              |          |
|    episodes        | 316      |
|    fps             | 112      |
|    time_elapsed    | 140      |
|    total_timesteps | 15800    |
| train/             |          |
|    actor_loss      | 0.636    |
|    critic_loss     | 0.0487   |
|    ent_coef        | 0.00558  |
|    ent_coef_loss   | -1.17    |
|    learning_rate   | 0.001    |
|    n_updates       | 15699    |
---------------------------------
---------------------------------
| rollout/           |          |
|    ep_len_mean     | 50       |
|    ep_rew_mean     | -4.56    |
|    success_rate    | 0.93     |
| time/              |          |
|    episodes        | 320      |
|    fps             | 112      |
|    time_elapsed    | 142      |
|    total_timesteps | 16000    |
| train/             |          |
|    actor_loss      | 0.808    |
|    critic_loss     | 0.073    |
|    ent_coef        | 0.0055   |
|    ent_coef_loss   | 2.27     |
|    learning_rate   | 0.001    |
|    n_updates       | 15899    |
---------------------------------
---------------------------------
| rollout/           |          |
|    ep_len_mean     | 50       |
|    ep_rew_mean     | -3.99    |
|    success_rate    | 0.95     |
| time/              |          |
|    episodes        | 324      |
|    fps             | 112      |
|    time_elapsed    | 144      |
|    total_timesteps | 16200    |
| train/             |          |
|    actor_loss      | 0.526    |
|    critic_loss     | 0.0553   |
|    ent_coef        | 0.00541  |
|    ent_coef_loss   | 0.367    |
|    learning_rate   | 0.001    |
|    n_updates       | 16099    |
---------------------------------
---------------------------------
| rollout/           |          |
|    ep_len_mean     | 50       |
|    ep_rew_mean     | -3.85    |
|    success_rate    | 0.95     |
| time/              |          |
|    episodes        | 328      |
|    fps             | 112      |
|    time_elapsed    | 145      |
|    total_timesteps | 16400    |
| train/             |          |
|    actor_loss      | 0.56     |
|    critic_loss     | 0.0518   |
|    ent_coef        | 0.00544  |
|    ent_coef_loss   | -0.317   |
|    learning_rate   | 0.001    |
|    n_updates       | 16299    |
---------------------------------
---------------------------------
| rollout/           |          |
|    ep_len_mean     | 50       |
|    ep_rew_mean     | -3.76    |
|    success_rate    | 0.95     |
| time/              |          |
|    episodes        | 332      |
|    fps             | 112      |
|    time_elapsed    | 147      |
|    total_timesteps | 16600    |
| train/             |          |
|    actor_loss      | 0.488    |
|    critic_loss     | 0.0497   |
|    ent_coef        | 0.00518  |
|    ent_coef_loss   | 1.31     |
|    learning_rate   | 0.001    |
|    n_updates       | 16499    |
---------------------------------
---------------------------------
| rollout/           |          |
|    ep_len_mean     | 50       |
|    ep_rew_mean     | -2.91    |
|    success_rate    | 0.97     |
| time/              |          |
|    episodes        | 336      |
|    fps             | 112      |
|    time_elapsed    | 149      |
|    total_timesteps | 16800    |
| train/             |          |
|    actor_loss      | 0.327    |
|    critic_loss     | 0.0585   |
|    ent_coef        | 0.00518  |
|    ent_coef_loss   | -0.153   |
|    learning_rate   | 0.001    |
|    n_updates       | 16699    |
---------------------------------
---------------------------------
| rollout/           |          |
|    ep_len_mean     | 50       |
|    ep_rew_mean     | -2.77    |
|    success_rate    | 0.97     |
| time/              |          |
|    episodes        | 340      |
|    fps             | 112      |
|    time_elapsed    | 151      |
|    total_timesteps | 17000    |
| train/             |          |
|    actor_loss      | 0.351    |
|    critic_loss     | 0.0489   |
|    ent_coef        | 0.00507  |
|    ent_coef_loss   | 1.06     |
|    learning_rate   | 0.001    |
|    n_updates       | 16899    |
---------------------------------
---------------------------------
| rollout/           |          |
|    ep_len_mean     | 50       |
|    ep_rew_mean     | -2.76    |
|    success_rate    | 0.97     |
| time/              |          |
|    episodes        | 344      |
|    fps             | 112      |
|    time_elapsed    | 153      |
|    total_timesteps | 17200    |
| train/             |          |
|    actor_loss      | 0.486    |
|    critic_loss     | 0.042    |
|    ent_coef        | 0.00504  |
|    ent_coef_loss   | -1.06    |
|    learning_rate   | 0.001    |
|    n_updates       | 17099    |
---------------------------------
---------------------------------
| rollout/           |          |
|    ep_len_mean     | 50       |
|    ep_rew_mean     | -2.71    |
|    success_rate    | 0.97     |
| time/              |          |
|    episodes        | 348      |
|    fps             | 112      |
|    time_elapsed    | 154      |
|    total_timesteps | 17400    |
| train/             |          |
|    actor_loss      | 0.398    |
|    critic_loss     | 0.0555   |
|    ent_coef        | 0.00485  |
|    ent_coef_loss   | 0.0357   |
|    learning_rate   | 0.001    |
|    n_updates       | 17299    |
---------------------------------
---------------------------------
| rollout/           |          |
|    ep_len_mean     | 50       |
|    ep_rew_mean     | -2.64    |
|    success_rate    | 0.98     |
| time/              |          |
|    episodes        | 352      |
|    fps             | 112      |
|    time_elapsed    | 156      |
|    total_timesteps | 17600    |
| train/             |          |
|    actor_loss      | 0.448    |
|    critic_loss     | 0.045    |
|    ent_coef        | 0.00476  |
|    ent_coef_loss   | -1.32    |
|    learning_rate   | 0.001    |
|    n_updates       | 17499    |
---------------------------------
---------------------------------
| rollout/           |          |
|    ep_len_mean     | 50       |
|    ep_rew_mean     | -2.64    |
|    success_rate    | 0.98     |
| time/              |          |
|    episodes        | 356      |
|    fps             | 112      |
|    time_elapsed    | 158      |
|    total_timesteps | 17800    |
| train/             |          |
|    actor_loss      | 0.377    |
|    critic_loss     | 0.0372   |
|    ent_coef        | 0.0045   |
|    ent_coef_loss   | -2.34    |
|    learning_rate   | 0.001    |
|    n_updates       | 17699    |
---------------------------------
---------------------------------
| rollout/           |          |
|    ep_len_mean     | 50       |
|    ep_rew_mean     | -2.18    |
|    success_rate    | 0.99     |
| time/              |          |
|    episodes        | 360      |
|    fps             | 112      |
|    time_elapsed    | 160      |
|    total_timesteps | 18000    |
| train/             |          |
|    actor_loss      | 0.174    |
|    critic_loss     | 0.0437   |
|    ent_coef        | 0.00427  |
|    ent_coef_loss   | -1.92    |
|    learning_rate   | 0.001    |
|    n_updates       | 17899    |
---------------------------------
---------------------------------
| rollout/           |          |
|    ep_len_mean     | 50       |
|    ep_rew_mean     | -2.13    |
|    success_rate    | 0.99     |
| time/              |          |
|    episodes        | 364      |
|    fps             | 112      |
|    time_elapsed    | 161      |
|    total_timesteps | 18200    |
| train/             |          |
|    actor_loss      | 0.295    |
|    critic_loss     | 0.0478   |
|    ent_coef        | 0.00417  |
|    ent_coef_loss   | -0.624   |
|    learning_rate   | 0.001    |
|    n_updates       | 18099    |
---------------------------------
---------------------------------
| rollout/           |          |
|    ep_len_mean     | 50       |
|    ep_rew_mean     | -2.15    |
|    success_rate    | 0.99     |
| time/              |          |
|    episodes        | 368      |
|    fps             | 112      |
|    time_elapsed    | 163      |
|    total_timesteps | 18400    |
| train/             |          |
|    actor_loss      | 0.805    |
|    critic_loss     | 0.0486   |
|    ent_coef        | 0.00416  |
|    ent_coef_loss   | 4.02     |
|    learning_rate   | 0.001    |
|    n_updates       | 18299    |
---------------------------------
---------------------------------
| rollout/           |          |
|    ep_len_mean     | 50       |
|    ep_rew_mean     | -2.16    |
|    success_rate    | 0.99     |
| time/              |          |
|    episodes        | 372      |
|    fps             | 112      |
|    time_elapsed    | 165      |
|    total_timesteps | 18600    |
| train/             |          |
|    actor_loss      | 0.414    |
|    critic_loss     | 0.0428   |
|    ent_coef        | 0.00398  |
|    ent_coef_loss   | -1.14    |
|    learning_rate   | 0.001    |
|    n_updates       | 18499    |
---------------------------------
---------------------------------
| rollout/           |          |
|    ep_len_mean     | 50       |
|    ep_rew_mean     | -1.78    |
|    success_rate    | 1        |
| time/              |          |
|    episodes        | 376      |
|    fps             | 112      |
|    time_elapsed    | 167      |
|    total_timesteps | 18800    |
| train/             |          |
|    actor_loss      | 0.392    |
|    critic_loss     | 0.0436   |
|    ent_coef        | 0.00383  |
|    ent_coef_loss   | -1.83    |
|    learning_rate   | 0.001    |
|    n_updates       | 18699    |
---------------------------------
---------------------------------
| rollout/           |          |
|    ep_len_mean     | 50       |
|    ep_rew_mean     | -1.8     |
|    success_rate    | 1        |
| time/              |          |
|    episodes        | 380      |
|    fps             | 112      |
|    time_elapsed    | 168      |
|    total_timesteps | 19000    |
| train/             |          |
|    actor_loss      | 0.0174   |
|    critic_loss     | 0.0344   |
|    ent_coef        | 0.00382  |
|    ent_coef_loss   | 0.931    |
|    learning_rate   | 0.001    |
|    n_updates       | 18899    |
---------------------------------
---------------------------------
| rollout/           |          |
|    ep_len_mean     | 50       |
|    ep_rew_mean     | -1.83    |
|    success_rate    | 1        |
| time/              |          |
|    episodes        | 384      |
|    fps             | 112      |
|    time_elapsed    | 170      |
|    total_timesteps | 19200    |
| train/             |          |
|    actor_loss      | 0.218    |
|    critic_loss     | 0.0428   |
|    ent_coef        | 0.00351  |
|    ent_coef_loss   | -1.48    |
|    learning_rate   | 0.001    |
|    n_updates       | 19099    |
---------------------------------
---------------------------------
| rollout/           |          |
|    ep_len_mean     | 50       |
|    ep_rew_mean     | -1.82    |
|    success_rate    | 1        |
| time/              |          |
|    episodes        | 388      |
|    fps             | 112      |
|    time_elapsed    | 172      |
|    total_timesteps | 19400    |
| train/             |          |
|    actor_loss      | 0.328    |
|    critic_loss     | 0.0297   |
|    ent_coef        | 0.00349  |
|    ent_coef_loss   | -1.9     |
|    learning_rate   | 0.001    |
|    n_updates       | 19299    |
---------------------------------
---------------------------------
| rollout/           |          |
|    ep_len_mean     | 50       |
|    ep_rew_mean     | -1.83    |
|    success_rate    | 1        |
| time/              |          |
|    episodes        | 392      |
|    fps             | 112      |
|    time_elapsed    | 174      |
|    total_timesteps | 19600    |
| train/             |          |
|    actor_loss      | 0.204    |
|    critic_loss     | 0.0423   |
|    ent_coef        | 0.0034   |
|    ent_coef_loss   | 0.56     |
|    learning_rate   | 0.001    |
|    n_updates       | 19499    |
---------------------------------
---------------------------------
| rollout/           |          |
|    ep_len_mean     | 50       |
|    ep_rew_mean     | -1.86    |
|    success_rate    | 1        |
| time/              |          |
|    episodes        | 396      |
|    fps             | 112      |
|    time_elapsed    | 175      |
|    total_timesteps | 19800    |
| train/             |          |
|    actor_loss      | 0.616    |
|    critic_loss     | 0.0353   |
|    ent_coef        | 0.00334  |
|    ent_coef_loss   | 2.14     |
|    learning_rate   | 0.001    |
|    n_updates       | 19699    |
---------------------------------
---------------------------------
| rollout/           |          |
|    ep_len_mean     | 50       |
|    ep_rew_mean     | -1.87    |
|    success_rate    | 1        |
| time/              |          |
|    episodes        | 400      |
|    fps             | 112      |
|    time_elapsed    | 177      |
|    total_timesteps | 20000    |
| train/             |          |
|    actor_loss      | 0.204    |
|    critic_loss     | 0.0382   |
|    ent_coef        | 0.00333  |
|    ent_coef_loss   | 2.66     |
|    learning_rate   | 0.001    |
|    n_updates       | 19899    |
---------------------------------
Warning: You are sending unauthenticated requests to the HF Hub. Please set a HF_TOKEN to enable higher rate limits and faster downloads.
saved checkpoint to /Users/eoinmca/Projects/lang-goal-rl/experiments/03_language_goal_projection/checkpoints/seed_0.zip
success_rate=1.000 over 50 episodes
Loading weights:   0%|          | 0/103 [00:00<?, ?it/s]Loading weights: 100%|██████████| 103/103 [00:00<00:00, 7314.33it/s]
language_success_rate=0.000 instruction="move your hand to the center" region="center" over 50 episodes
language_success_rate=0.000 instruction="keep the gripper in the middle of the workspace" region="center" over 50 episodes
language_success_rate=0.000 instruction="move your hand forward" region="reach forward" over 50 episodes
language_success_rate=0.000 instruction="reach out in front of you" region="reach forward" over 50 episodes
language_success_rate=0.000 instruction="pull your hand back" region="reach back" over 50 episodes
language_success_rate=0.000 instruction="reach backward toward yourself" region="reach back" over 50 episodes
language_success_rate=0.000 instruction="move your hand to the left" region="reach left" over 50 episodes
language_success_rate=0.000 instruction="reach toward the left side" region="reach left" over 50 episodes
language_success_rate=0.000 instruction="move your hand to the right" region="reach right" over 50 episodes
language_success_rate=0.000 instruction="reach toward the right side" region="reach right" over 50 episodes
language_success_rate=0.000 instruction="reach up high" region="reach up high" over 50 episodes
language_success_rate=0.000 instruction="move your hand upward" region="reach up high" over 50 episodes
language_success_rate=0.000 instruction="reach down low" region="reach down low" over 50 episodes
language_success_rate=0.000 instruction="move your hand downward" region="reach down low" over 50 episodes
