AdroitHandRelocateDense-v1, AdroitHandHammerDense-v1, AdroitHandDoorDense-v1 environment's reward functions were updated in v1.2.1 without an environment version update. Therefore, use gymnasium-robotics==1.2.0 for v1 reproducibility or use v2 in gymnasium-robotics>=1.4.3. See https://github.com/Farama-Foundation/Gymnasium-Robotics/pull/220 for more details
Using cpu device
Wrapping the env with a `Monitor` wrapper
Wrapping the env in a DummyVecEnv.
---------------------------------
| rollout/           |          |
|    ep_len_mean     | 50       |
|    ep_rew_mean     | -47.5    |
|    success_rate    | 0        |
| time/              |          |
|    episodes        | 4        |
|    fps             | 217      |
|    time_elapsed    | 0        |
|    total_timesteps | 200      |
| train/             |          |
|    actor_loss      | -4.59    |
|    critic_loss     | 0.253    |
|    ent_coef        | 0.907    |
|    ent_coef_loss   | -0.659   |
|    learning_rate   | 0.001    |
|    n_updates       | 99       |
---------------------------------
---------------------------------
| rollout/           |          |
|    ep_len_mean     | 50       |
|    ep_rew_mean     | -48.4    |
|    success_rate    | 0        |
| time/              |          |
|    episodes        | 8        |
|    fps             | 152      |
|    time_elapsed    | 2        |
|    total_timesteps | 400      |
| train/             |          |
|    actor_loss      | -4.68    |
|    critic_loss     | 0.194    |
|    ent_coef        | 0.742    |
|    ent_coef_loss   | -2.01    |
|    learning_rate   | 0.001    |
|    n_updates       | 299      |
---------------------------------
---------------------------------
| rollout/           |          |
|    ep_len_mean     | 50       |
|    ep_rew_mean     | -48.2    |
|    success_rate    | 0        |
| time/              |          |
|    episodes        | 12       |
|    fps             | 139      |
|    time_elapsed    | 4        |
|    total_timesteps | 600      |
| train/             |          |
|    actor_loss      | -4.61    |
|    critic_loss     | 0.199    |
|    ent_coef        | 0.608    |
|    ent_coef_loss   | -3.36    |
|    learning_rate   | 0.001    |
|    n_updates       | 499      |
---------------------------------
---------------------------------
| rollout/           |          |
|    ep_len_mean     | 50       |
|    ep_rew_mean     | -48.6    |
|    success_rate    | 0        |
| time/              |          |
|    episodes        | 16       |
|    fps             | 134      |
|    time_elapsed    | 5        |
|    total_timesteps | 800      |
| train/             |          |
|    actor_loss      | -4.51    |
|    critic_loss     | 0.166    |
|    ent_coef        | 0.498    |
|    ent_coef_loss   | -4.7     |
|    learning_rate   | 0.001    |
|    n_updates       | 699      |
---------------------------------
---------------------------------
| rollout/           |          |
|    ep_len_mean     | 50       |
|    ep_rew_mean     | -48.9    |
|    success_rate    | 0        |
| time/              |          |
|    episodes        | 20       |
|    fps             | 131      |
|    time_elapsed    | 7        |
|    total_timesteps | 1000     |
| train/             |          |
|    actor_loss      | -4.26    |
|    critic_loss     | 0.188    |
|    ent_coef        | 0.407    |
|    ent_coef_loss   | -6.04    |
|    learning_rate   | 0.001    |
|    n_updates       | 899      |
---------------------------------
---------------------------------
| rollout/           |          |
|    ep_len_mean     | 50       |
|    ep_rew_mean     | -49.1    |
|    success_rate    | 0        |
| time/              |          |
|    episodes        | 24       |
|    fps             | 129      |
|    time_elapsed    | 9        |
|    total_timesteps | 1200     |
| train/             |          |
|    actor_loss      | -3.89    |
|    critic_loss     | 0.195    |
|    ent_coef        | 0.333    |
|    ent_coef_loss   | -7.36    |
|    learning_rate   | 0.001    |
|    n_updates       | 1099     |
---------------------------------
---------------------------------
| rollout/           |          |
|    ep_len_mean     | 50       |
|    ep_rew_mean     | -49.2    |
|    success_rate    | 0        |
| time/              |          |
|    episodes        | 28       |
|    fps             | 128      |
|    time_elapsed    | 10       |
|    total_timesteps | 1400     |
| train/             |          |
|    actor_loss      | -3.34    |
|    critic_loss     | 0.165    |
|    ent_coef        | 0.273    |
|    ent_coef_loss   | -8.7     |
|    learning_rate   | 0.001    |
|    n_updates       | 1299     |
---------------------------------
---------------------------------
| rollout/           |          |
|    ep_len_mean     | 50       |
|    ep_rew_mean     | -49.3    |
|    success_rate    | 0        |
| time/              |          |
|    episodes        | 32       |
|    fps             | 127      |
|    time_elapsed    | 12       |
|    total_timesteps | 1600     |
| train/             |          |
|    actor_loss      | -2.8     |
|    critic_loss     | 0.189    |
|    ent_coef        | 0.224    |
|    ent_coef_loss   | -10.1    |
|    learning_rate   | 0.001    |
|    n_updates       | 1499     |
---------------------------------
---------------------------------
| rollout/           |          |
|    ep_len_mean     | 50       |
|    ep_rew_mean     | -49.4    |
|    success_rate    | 0        |
| time/              |          |
|    episodes        | 36       |
|    fps             | 126      |
|    time_elapsed    | 14       |
|    total_timesteps | 1800     |
| train/             |          |
|    actor_loss      | -2.27    |
|    critic_loss     | 0.164    |
|    ent_coef        | 0.183    |
|    ent_coef_loss   | -11.3    |
|    learning_rate   | 0.001    |
|    n_updates       | 1699     |
---------------------------------
---------------------------------
| rollout/           |          |
|    ep_len_mean     | 50       |
|    ep_rew_mean     | -49.4    |
|    success_rate    | 0        |
| time/              |          |
|    episodes        | 40       |
|    fps             | 126      |
|    time_elapsed    | 15       |
|    total_timesteps | 2000     |
| train/             |          |
|    actor_loss      | -1.57    |
|    critic_loss     | 0.156    |
|    ent_coef        | 0.15     |
|    ent_coef_loss   | -12.7    |
|    learning_rate   | 0.001    |
|    n_updates       | 1899     |
---------------------------------
---------------------------------
| rollout/           |          |
|    ep_len_mean     | 50       |
|    ep_rew_mean     | -49.5    |
|    success_rate    | 0        |
| time/              |          |
|    episodes        | 44       |
|    fps             | 125      |
|    time_elapsed    | 17       |
|    total_timesteps | 2200     |
| train/             |          |
|    actor_loss      | -0.936   |
|    critic_loss     | 0.128    |
|    ent_coef        | 0.123    |
|    ent_coef_loss   | -13.8    |
|    learning_rate   | 0.001    |
|    n_updates       | 2099     |
---------------------------------
---------------------------------
| rollout/           |          |
|    ep_len_mean     | 50       |
|    ep_rew_mean     | -49.5    |
|    success_rate    | 0        |
| time/              |          |
|    episodes        | 48       |
|    fps             | 125      |
|    time_elapsed    | 19       |
|    total_timesteps | 2400     |
| train/             |          |
|    actor_loss      | -0.506   |
|    critic_loss     | 0.145    |
|    ent_coef        | 0.102    |
|    ent_coef_loss   | -14.3    |
|    learning_rate   | 0.001    |
|    n_updates       | 2299     |
---------------------------------
---------------------------------
| rollout/           |          |
|    ep_len_mean     | 50       |
|    ep_rew_mean     | -49.5    |
|    success_rate    | 0        |
| time/              |          |
|    episodes        | 52       |
|    fps             | 124      |
|    time_elapsed    | 20       |
|    total_timesteps | 2600     |
| train/             |          |
|    actor_loss      | -0.0661  |
|    critic_loss     | 0.106    |
|    ent_coef        | 0.0842   |
|    ent_coef_loss   | -15.4    |
|    learning_rate   | 0.001    |
|    n_updates       | 2499     |
---------------------------------
---------------------------------
| rollout/           |          |
|    ep_len_mean     | 50       |
|    ep_rew_mean     | -49.6    |
|    success_rate    | 0        |
| time/              |          |
|    episodes        | 56       |
|    fps             | 123      |
|    time_elapsed    | 22       |
|    total_timesteps | 2800     |
| train/             |          |
|    actor_loss      | 0.452    |
|    critic_loss     | 0.135    |
|    ent_coef        | 0.0701   |
|    ent_coef_loss   | -15.5    |
|    learning_rate   | 0.001    |
|    n_updates       | 2699     |
---------------------------------
---------------------------------
| rollout/           |          |
|    ep_len_mean     | 50       |
|    ep_rew_mean     | -49.5    |
|    success_rate    | 0        |
| time/              |          |
|    episodes        | 60       |
|    fps             | 123      |
|    time_elapsed    | 24       |
|    total_timesteps | 3000     |
| train/             |          |
|    actor_loss      | 0.679    |
|    critic_loss     | 0.304    |
|    ent_coef        | 0.059    |
|    ent_coef_loss   | -15.7    |
|    learning_rate   | 0.001    |
|    n_updates       | 2899     |
---------------------------------
---------------------------------
| rollout/           |          |
|    ep_len_mean     | 50       |
|    ep_rew_mean     | -49.3    |
|    success_rate    | 0        |
| time/              |          |
|    episodes        | 64       |
|    fps             | 122      |
|    time_elapsed    | 26       |
|    total_timesteps | 3200     |
| train/             |          |
|    actor_loss      | 1.12     |
|    critic_loss     | 0.226    |
|    ent_coef        | 0.05     |
|    ent_coef_loss   | -14.6    |
|    learning_rate   | 0.001    |
|    n_updates       | 3099     |
---------------------------------
---------------------------------
| rollout/           |          |
|    ep_len_mean     | 50       |
|    ep_rew_mean     | -49      |
|    success_rate    | 0.0147   |
| time/              |          |
|    episodes        | 68       |
|    fps             | 122      |
|    time_elapsed    | 27       |
|    total_timesteps | 3400     |
| train/             |          |
|    actor_loss      | 1.38     |
|    critic_loss     | 0.173    |
|    ent_coef        | 0.0427   |
|    ent_coef_loss   | -13.1    |
|    learning_rate   | 0.001    |
|    n_updates       | 3299     |
---------------------------------
---------------------------------
| rollout/           |          |
|    ep_len_mean     | 50       |
|    ep_rew_mean     | -48.5    |
|    success_rate    | 0.0278   |
| time/              |          |
|    episodes        | 72       |
|    fps             | 122      |
|    time_elapsed    | 29       |
|    total_timesteps | 3600     |
| train/             |          |
|    actor_loss      | 2.22     |
|    critic_loss     | 0.274    |
|    ent_coef        | 0.037    |
|    ent_coef_loss   | -14.9    |
|    learning_rate   | 0.001    |
|    n_updates       | 3499     |
---------------------------------
---------------------------------
| rollout/           |          |
|    ep_len_mean     | 50       |
|    ep_rew_mean     | -47.7    |
|    success_rate    | 0.0526   |
| time/              |          |
|    episodes        | 76       |
|    fps             | 122      |
|    time_elapsed    | 31       |
|    total_timesteps | 3800     |
| train/             |          |
|    actor_loss      | 2.43     |
|    critic_loss     | 0.271    |
|    ent_coef        | 0.0322   |
|    ent_coef_loss   | -12      |
|    learning_rate   | 0.001    |
|    n_updates       | 3699     |
---------------------------------
---------------------------------
| rollout/           |          |
|    ep_len_mean     | 50       |
|    ep_rew_mean     | -46.6    |
|    success_rate    | 0.0625   |
| time/              |          |
|    episodes        | 80       |
|    fps             | 122      |
|    time_elapsed    | 32       |
|    total_timesteps | 4000     |
| train/             |          |
|    actor_loss      | 2.4      |
|    critic_loss     | 0.199    |
|    ent_coef        | 0.0283   |
|    ent_coef_loss   | -9.11    |
|    learning_rate   | 0.001    |
|    n_updates       | 3899     |
---------------------------------
---------------------------------
| rollout/           |          |
|    ep_len_mean     | 50       |
|    ep_rew_mean     | -45.7    |
|    success_rate    | 0.0833   |
| time/              |          |
|    episodes        | 84       |
|    fps             | 122      |
|    time_elapsed    | 34       |
|    total_timesteps | 4200     |
| train/             |          |
|    actor_loss      | 2.42     |
|    critic_loss     | 0.168    |
|    ent_coef        | 0.0253   |
|    ent_coef_loss   | -10.6    |
|    learning_rate   | 0.001    |
|    n_updates       | 4099     |
---------------------------------
---------------------------------
| rollout/           |          |
|    ep_len_mean     | 50       |
|    ep_rew_mean     | -44.3    |
|    success_rate    | 0.114    |
| time/              |          |
|    episodes        | 88       |
|    fps             | 121      |
|    time_elapsed    | 36       |
|    total_timesteps | 4400     |
| train/             |          |
|    actor_loss      | 1.99     |
|    critic_loss     | 0.123    |
|    ent_coef        | 0.0227   |
|    ent_coef_loss   | -7.62    |
|    learning_rate   | 0.001    |
|    n_updates       | 4299     |
---------------------------------
---------------------------------
| rollout/           |          |
|    ep_len_mean     | 50       |
|    ep_rew_mean     | -42.7    |
|    success_rate    | 0.152    |
| time/              |          |
|    episodes        | 92       |
|    fps             | 121      |
|    time_elapsed    | 37       |
|    total_timesteps | 4600     |
| train/             |          |
|    actor_loss      | 2.36     |
|    critic_loss     | 0.083    |
|    ent_coef        | 0.0208   |
|    ent_coef_loss   | -6.64    |
|    learning_rate   | 0.001    |
|    n_updates       | 4499     |
---------------------------------
---------------------------------
| rollout/           |          |
|    ep_len_mean     | 50       |
|    ep_rew_mean     | -41      |
|    success_rate    | 0.188    |
| time/              |          |
|    episodes        | 96       |
|    fps             | 121      |
|    time_elapsed    | 39       |
|    total_timesteps | 4800     |
| train/             |          |
|    actor_loss      | 2.43     |
|    critic_loss     | 0.0821   |
|    ent_coef        | 0.0192   |
|    ent_coef_loss   | -5.01    |
|    learning_rate   | 0.001    |
|    n_updates       | 4699     |
---------------------------------
---------------------------------
| rollout/           |          |
|    ep_len_mean     | 50       |
|    ep_rew_mean     | -39.4    |
|    success_rate    | 0.22     |
| time/              |          |
|    episodes        | 100      |
|    fps             | 121      |
|    time_elapsed    | 41       |
|    total_timesteps | 5000     |
| train/             |          |
|    actor_loss      | 1.99     |
|    critic_loss     | 0.0965   |
|    ent_coef        | 0.0179   |
|    ent_coef_loss   | -5.87    |
|    learning_rate   | 0.001    |
|    n_updates       | 4899     |
---------------------------------
---------------------------------
| rollout/           |          |
|    ep_len_mean     | 50       |
|    ep_rew_mean     | -37.5    |
|    success_rate    | 0.26     |
| time/              |          |
|    episodes        | 104      |
|    fps             | 121      |
|    time_elapsed    | 42       |
|    total_timesteps | 5200     |
| train/             |          |
|    actor_loss      | 2.13     |
|    critic_loss     | 0.0609   |
|    ent_coef        | 0.0166   |
|    ent_coef_loss   | -4.78    |
|    learning_rate   | 0.001    |
|    n_updates       | 5099     |
---------------------------------
---------------------------------
| rollout/           |          |
|    ep_len_mean     | 50       |
|    ep_rew_mean     | -35.6    |
|    success_rate    | 0.3      |
| time/              |          |
|    episodes        | 108      |
|    fps             | 121      |
|    time_elapsed    | 44       |
|    total_timesteps | 5400     |
| train/             |          |
|    actor_loss      | 1.93     |
|    critic_loss     | 0.0678   |
|    ent_coef        | 0.0154   |
|    ent_coef_loss   | -4.14    |
|    learning_rate   | 0.001    |
|    n_updates       | 5299     |
---------------------------------
---------------------------------
| rollout/           |          |
|    ep_len_mean     | 50       |
|    ep_rew_mean     | -33.8    |
|    success_rate    | 0.34     |
| time/              |          |
|    episodes        | 112      |
|    fps             | 121      |
|    time_elapsed    | 46       |
|    total_timesteps | 5600     |
| train/             |          |
|    actor_loss      | 1.7      |
|    critic_loss     | 0.0798   |
|    ent_coef        | 0.0144   |
|    ent_coef_loss   | -3.1     |
|    learning_rate   | 0.001    |
|    n_updates       | 5499     |
---------------------------------
---------------------------------
| rollout/           |          |
|    ep_len_mean     | 50       |
|    ep_rew_mean     | -31.9    |
|    success_rate    | 0.38     |
| time/              |          |
|    episodes        | 116      |
|    fps             | 120      |
|    time_elapsed    | 47       |
|    total_timesteps | 5800     |
| train/             |          |
|    actor_loss      | 1.71     |
|    critic_loss     | 0.0602   |
|    ent_coef        | 0.0133   |
|    ent_coef_loss   | -4.21    |
|    learning_rate   | 0.001    |
|    n_updates       | 5699     |
---------------------------------
---------------------------------
| rollout/           |          |
|    ep_len_mean     | 50       |
|    ep_rew_mean     | -29.9    |
|    success_rate    | 0.42     |
| time/              |          |
|    episodes        | 120      |
|    fps             | 120      |
|    time_elapsed    | 49       |
|    total_timesteps | 6000     |
| train/             |          |
|    actor_loss      | 1.42     |
|    critic_loss     | 0.0573   |
|    ent_coef        | 0.0123   |
|    ent_coef_loss   | -4.39    |
|    learning_rate   | 0.001    |
|    n_updates       | 5899     |
---------------------------------
---------------------------------
| rollout/           |          |
|    ep_len_mean     | 50       |
|    ep_rew_mean     | -27.9    |
|    success_rate    | 0.46     |
| time/              |          |
|    episodes        | 124      |
|    fps             | 120      |
|    time_elapsed    | 51       |
|    total_timesteps | 6200     |
| train/             |          |
|    actor_loss      | 1.5      |
|    critic_loss     | 0.0521   |
|    ent_coef        | 0.0114   |
|    ent_coef_loss   | -4.3     |
|    learning_rate   | 0.001    |
|    n_updates       | 6099     |
---------------------------------
---------------------------------
| rollout/           |          |
|    ep_len_mean     | 50       |
|    ep_rew_mean     | -26.1    |
|    success_rate    | 0.5      |
| time/              |          |
|    episodes        | 128      |
|    fps             | 120      |
|    time_elapsed    | 53       |
|    total_timesteps | 6400     |
| train/             |          |
|    actor_loss      | 1.63     |
|    critic_loss     | 0.0536   |
|    ent_coef        | 0.0106   |
|    ent_coef_loss   | -0.851   |
|    learning_rate   | 0.001    |
|    n_updates       | 6299     |
---------------------------------
---------------------------------
| rollout/           |          |
|    ep_len_mean     | 50       |
|    ep_rew_mean     | -24.1    |
|    success_rate    | 0.54     |
| time/              |          |
|    episodes        | 132      |
|    fps             | 120      |
|    time_elapsed    | 54       |
|    total_timesteps | 6600     |
| train/             |          |
|    actor_loss      | 1.4      |
|    critic_loss     | 0.0437   |
|    ent_coef        | 0.0097   |
|    ent_coef_loss   | -3.65    |
|    learning_rate   | 0.001    |
|    n_updates       | 6499     |
---------------------------------
---------------------------------
| rollout/           |          |
|    ep_len_mean     | 50       |
|    ep_rew_mean     | -22.2    |
|    success_rate    | 0.58     |
| time/              |          |
|    episodes        | 136      |
|    fps             | 120      |
|    time_elapsed    | 56       |
|    total_timesteps | 6800     |
| train/             |          |
|    actor_loss      | 1.48     |
|    critic_loss     | 0.035    |
|    ent_coef        | 0.00888  |
|    ent_coef_loss   | -1.89    |
|    learning_rate   | 0.001    |
|    n_updates       | 6699     |
---------------------------------
---------------------------------
| rollout/           |          |
|    ep_len_mean     | 50       |
|    ep_rew_mean     | -20.3    |
|    success_rate    | 0.62     |
| time/              |          |
|    episodes        | 140      |
|    fps             | 120      |
|    time_elapsed    | 58       |
|    total_timesteps | 7000     |
| train/             |          |
|    actor_loss      | 1.37     |
|    critic_loss     | 0.0365   |
|    ent_coef        | 0.00804  |
|    ent_coef_loss   | -3.38    |
|    learning_rate   | 0.001    |
|    n_updates       | 6899     |
---------------------------------
---------------------------------
| rollout/           |          |
|    ep_len_mean     | 50       |
|    ep_rew_mean     | -18.4    |
|    success_rate    | 0.66     |
| time/              |          |
|    episodes        | 144      |
|    fps             | 120      |
|    time_elapsed    | 59       |
|    total_timesteps | 7200     |
| train/             |          |
|    actor_loss      | 1.41     |
|    critic_loss     | 0.0363   |
|    ent_coef        | 0.00728  |
|    ent_coef_loss   | -2.25    |
|    learning_rate   | 0.001    |
|    n_updates       | 7099     |
---------------------------------
---------------------------------
| rollout/           |          |
|    ep_len_mean     | 50       |
|    ep_rew_mean     | -16.5    |
|    success_rate    | 0.7      |
| time/              |          |
|    episodes        | 148      |
|    fps             | 120      |
|    time_elapsed    | 61       |
|    total_timesteps | 7400     |
| train/             |          |
|    actor_loss      | 1.09     |
|    critic_loss     | 0.0337   |
|    ent_coef        | 0.00658  |
|    ent_coef_loss   | -4.04    |
|    learning_rate   | 0.001    |
|    n_updates       | 7299     |
---------------------------------
---------------------------------
| rollout/           |          |
|    ep_len_mean     | 50       |
|    ep_rew_mean     | -14.6    |
|    success_rate    | 0.74     |
| time/              |          |
|    episodes        | 152      |
|    fps             | 120      |
|    time_elapsed    | 63       |
|    total_timesteps | 7600     |
| train/             |          |
|    actor_loss      | 1.18     |
|    critic_loss     | 0.0321   |
|    ent_coef        | 0.00596  |
|    ent_coef_loss   | -3.43    |
|    learning_rate   | 0.001    |
|    n_updates       | 7499     |
---------------------------------
---------------------------------
| rollout/           |          |
|    ep_len_mean     | 50       |
|    ep_rew_mean     | -12.6    |
|    success_rate    | 0.78     |
| time/              |          |
|    episodes        | 156      |
|    fps             | 120      |
|    time_elapsed    | 64       |
|    total_timesteps | 7800     |
| train/             |          |
|    actor_loss      | 1.01     |
|    critic_loss     | 0.0332   |
|    ent_coef        | 0.00542  |
|    ent_coef_loss   | -0.98    |
|    learning_rate   | 0.001    |
|    n_updates       | 7699     |
---------------------------------
---------------------------------
| rollout/           |          |
|    ep_len_mean     | 50       |
|    ep_rew_mean     | -10.8    |
|    success_rate    | 0.82     |
| time/              |          |
|    episodes        | 160      |
|    fps             | 120      |
|    time_elapsed    | 66       |
|    total_timesteps | 8000     |
| train/             |          |
|    actor_loss      | 1.1      |
|    critic_loss     | 0.0335   |
|    ent_coef        | 0.00486  |
|    ent_coef_loss   | -1.24    |
|    learning_rate   | 0.001    |
|    n_updates       | 7899     |
---------------------------------
---------------------------------
| rollout/           |          |
|    ep_len_mean     | 50       |
|    ep_rew_mean     | -9       |
|    success_rate    | 0.86     |
| time/              |          |
|    episodes        | 164      |
|    fps             | 120      |
|    time_elapsed    | 68       |
|    total_timesteps | 8200     |
| train/             |          |
|    actor_loss      | 0.852    |
|    critic_loss     | 0.0324   |
|    ent_coef        | 0.00443  |
|    ent_coef_loss   | -4.79    |
|    learning_rate   | 0.001    |
|    n_updates       | 8099     |
---------------------------------
---------------------------------
| rollout/           |          |
|    ep_len_mean     | 50       |
|    ep_rew_mean     | -7.26    |
|    success_rate    | 0.89     |
| time/              |          |
|    episodes        | 168      |
|    fps             | 120      |
|    time_elapsed    | 69       |
|    total_timesteps | 8400     |
| train/             |          |
|    actor_loss      | 1.11     |
|    critic_loss     | 0.0272   |
|    ent_coef        | 0.00402  |
|    ent_coef_loss   | 0.346    |
|    learning_rate   | 0.001    |
|    n_updates       | 8299     |
---------------------------------
---------------------------------
| rollout/           |          |
|    ep_len_mean     | 50       |
|    ep_rew_mean     | -5.75    |
|    success_rate    | 0.92     |
| time/              |          |
|    episodes        | 172      |
|    fps             | 120      |
|    time_elapsed    | 71       |
|    total_timesteps | 8600     |
| train/             |          |
|    actor_loss      | 1.15     |
|    critic_loss     | 0.0272   |
|    ent_coef        | 0.00377  |
|    ent_coef_loss   | -2.69    |
|    learning_rate   | 0.001    |
|    n_updates       | 8499     |
---------------------------------
---------------------------------
| rollout/           |          |
|    ep_len_mean     | 50       |
|    ep_rew_mean     | -4.48    |
|    success_rate    | 0.94     |
| time/              |          |
|    episodes        | 176      |
|    fps             | 120      |
|    time_elapsed    | 73       |
|    total_timesteps | 8800     |
| train/             |          |
|    actor_loss      | 0.942    |
|    critic_loss     | 0.0372   |
|    ent_coef        | 0.00345  |
|    ent_coef_loss   | -3.69    |
|    learning_rate   | 0.001    |
|    n_updates       | 8699     |
---------------------------------
---------------------------------
| rollout/           |          |
|    ep_len_mean     | 50       |
|    ep_rew_mean     | -3.82    |
|    success_rate    | 0.96     |
| time/              |          |
|    episodes        | 180      |
|    fps             | 120      |
|    time_elapsed    | 74       |
|    total_timesteps | 9000     |
| train/             |          |
|    actor_loss      | 1.03     |
|    critic_loss     | 0.0229   |
|    ent_coef        | 0.00349  |
|    ent_coef_loss   | -2.68    |
|    learning_rate   | 0.001    |
|    n_updates       | 8899     |
---------------------------------
---------------------------------
| rollout/           |          |
|    ep_len_mean     | 50       |
|    ep_rew_mean     | -2.78    |
|    success_rate    | 0.98     |
| time/              |          |
|    episodes        | 184      |
|    fps             | 120      |
|    time_elapsed    | 76       |
|    total_timesteps | 9200     |
| train/             |          |
|    actor_loss      | 0.862    |
|    critic_loss     | 0.0285   |
|    ent_coef        | 0.00308  |
|    ent_coef_loss   | -2.4     |
|    learning_rate   | 0.001    |
|    n_updates       | 9099     |
---------------------------------
---------------------------------
| rollout/           |          |
|    ep_len_mean     | 50       |
|    ep_rew_mean     | -2.26    |
|    success_rate    | 0.99     |
| time/              |          |
|    episodes        | 188      |
|    fps             | 120      |
|    time_elapsed    | 78       |
|    total_timesteps | 9400     |
| train/             |          |
|    actor_loss      | 0.868    |
|    critic_loss     | 0.0231   |
|    ent_coef        | 0.00273  |
|    ent_coef_loss   | -2.57    |
|    learning_rate   | 0.001    |
|    n_updates       | 9299     |
---------------------------------
---------------------------------
| rollout/           |          |
|    ep_len_mean     | 50       |
|    ep_rew_mean     | -2.04    |
|    success_rate    | 0.99     |
| time/              |          |
|    episodes        | 192      |
|    fps             | 120      |
|    time_elapsed    | 79       |
|    total_timesteps | 9600     |
| train/             |          |
|    actor_loss      | 0.886    |
|    critic_loss     | 0.0285   |
|    ent_coef        | 0.00245  |
|    ent_coef_loss   | 0.188    |
|    learning_rate   | 0.001    |
|    n_updates       | 9499     |
---------------------------------
---------------------------------
| rollout/           |          |
|    ep_len_mean     | 50       |
|    ep_rew_mean     | -2.04    |
|    success_rate    | 0.99     |
| time/              |          |
|    episodes        | 196      |
|    fps             | 120      |
|    time_elapsed    | 81       |
|    total_timesteps | 9800     |
| train/             |          |
|    actor_loss      | 0.931    |
|    critic_loss     | 0.0224   |
|    ent_coef        | 0.00235  |
|    ent_coef_loss   | 0.386    |
|    learning_rate   | 0.001    |
|    n_updates       | 9699     |
---------------------------------
---------------------------------
| rollout/           |          |
|    ep_len_mean     | 50       |
|    ep_rew_mean     | -2.01    |
|    success_rate    | 0.99     |
| time/              |          |
|    episodes        | 200      |
|    fps             | 120      |
|    time_elapsed    | 83       |
|    total_timesteps | 10000    |
| train/             |          |
|    actor_loss      | 0.742    |
|    critic_loss     | 0.0212   |
|    ent_coef        | 0.0023   |
|    ent_coef_loss   | -1.11    |
|    learning_rate   | 0.001    |
|    n_updates       | 9899     |
---------------------------------
---------------------------------
| rollout/           |          |
|    ep_len_mean     | 50       |
|    ep_rew_mean     | -2.06    |
|    success_rate    | 0.99     |
| time/              |          |
|    episodes        | 204      |
|    fps             | 120      |
|    time_elapsed    | 84       |
|    total_timesteps | 10200    |
| train/             |          |
|    actor_loss      | 0.549    |
|    critic_loss     | 0.0253   |
|    ent_coef        | 0.00224  |
|    ent_coef_loss   | -4.2     |
|    learning_rate   | 0.001    |
|    n_updates       | 10099    |
---------------------------------
---------------------------------
| rollout/           |          |
|    ep_len_mean     | 50       |
|    ep_rew_mean     | -2.06    |
|    success_rate    | 0.99     |
| time/              |          |
|    episodes        | 208      |
|    fps             | 120      |
|    time_elapsed    | 86       |
|    total_timesteps | 10400    |
| train/             |          |
|    actor_loss      | 0.945    |
|    critic_loss     | 0.0173   |
|    ent_coef        | 0.00224  |
|    ent_coef_loss   | 1.29     |
|    learning_rate   | 0.001    |
|    n_updates       | 10299    |
---------------------------------
---------------------------------
| rollout/           |          |
|    ep_len_mean     | 50       |
|    ep_rew_mean     | -2.06    |
|    success_rate    | 0.99     |
| time/              |          |
|    episodes        | 212      |
|    fps             | 120      |
|    time_elapsed    | 88       |
|    total_timesteps | 10600    |
| train/             |          |
|    actor_loss      | 0.82     |
|    critic_loss     | 0.0226   |
|    ent_coef        | 0.00222  |
|    ent_coef_loss   | -1.49    |
|    learning_rate   | 0.001    |
|    n_updates       | 10499    |
---------------------------------
---------------------------------
| rollout/           |          |
|    ep_len_mean     | 50       |
|    ep_rew_mean     | -2.04    |
|    success_rate    | 0.99     |
| time/              |          |
|    episodes        | 216      |
|    fps             | 120      |
|    time_elapsed    | 89       |
|    total_timesteps | 10800    |
| train/             |          |
|    actor_loss      | 0.628    |
|    critic_loss     | 0.0214   |
|    ent_coef        | 0.0021   |
|    ent_coef_loss   | -2.69    |
|    learning_rate   | 0.001    |
|    n_updates       | 10699    |
---------------------------------
---------------------------------
| rollout/           |          |
|    ep_len_mean     | 50       |
|    ep_rew_mean     | -2.05    |
|    success_rate    | 0.99     |
| time/              |          |
|    episodes        | 220      |
|    fps             | 120      |
|    time_elapsed    | 91       |
|    total_timesteps | 11000    |
| train/             |          |
|    actor_loss      | 0.748    |
|    critic_loss     | 0.0202   |
|    ent_coef        | 0.00191  |
|    ent_coef_loss   | -2.13    |
|    learning_rate   | 0.001    |
|    n_updates       | 10899    |
---------------------------------
---------------------------------
| rollout/           |          |
|    ep_len_mean     | 50       |
|    ep_rew_mean     | -2.04    |
|    success_rate    | 0.99     |
| time/              |          |
|    episodes        | 224      |
|    fps             | 120      |
|    time_elapsed    | 93       |
|    total_timesteps | 11200    |
| train/             |          |
|    actor_loss      | 0.892    |
|    critic_loss     | 0.0361   |
|    ent_coef        | 0.0019   |
|    ent_coef_loss   | 1.61     |
|    learning_rate   | 0.001    |
|    n_updates       | 11099    |
---------------------------------
---------------------------------
| rollout/           |          |
|    ep_len_mean     | 50       |
|    ep_rew_mean     | -2.03    |
|    success_rate    | 0.99     |
| time/              |          |
|    episodes        | 228      |
|    fps             | 120      |
|    time_elapsed    | 94       |
|    total_timesteps | 11400    |
| train/             |          |
|    actor_loss      | 0.639    |
|    critic_loss     | 0.0185   |
|    ent_coef        | 0.00177  |
|    ent_coef_loss   | -0.569   |
|    learning_rate   | 0.001    |
|    n_updates       | 11299    |
---------------------------------
---------------------------------
| rollout/           |          |
|    ep_len_mean     | 50       |
|    ep_rew_mean     | -2.03    |
|    success_rate    | 0.99     |
| time/              |          |
|    episodes        | 232      |
|    fps             | 120      |
|    time_elapsed    | 96       |
|    total_timesteps | 11600    |
| train/             |          |
|    actor_loss      | 0.49     |
|    critic_loss     | 0.0125   |
|    ent_coef        | 0.00167  |
|    ent_coef_loss   | -3.37    |
|    learning_rate   | 0.001    |
|    n_updates       | 11499    |
---------------------------------
---------------------------------
| rollout/           |          |
|    ep_len_mean     | 50       |
|    ep_rew_mean     | -2.02    |
|    success_rate    | 0.99     |
| time/              |          |
|    episodes        | 236      |
|    fps             | 120      |
|    time_elapsed    | 98       |
|    total_timesteps | 11800    |
| train/             |          |
|    actor_loss      | 0.509    |
|    critic_loss     | 0.0241   |
|    ent_coef        | 0.00166  |
|    ent_coef_loss   | -5.52    |
|    learning_rate   | 0.001    |
|    n_updates       | 11699    |
---------------------------------
---------------------------------
| rollout/           |          |
|    ep_len_mean     | 50       |
|    ep_rew_mean     | -1.99    |
|    success_rate    | 0.99     |
| time/              |          |
|    episodes        | 240      |
|    fps             | 120      |
|    time_elapsed    | 99       |
|    total_timesteps | 12000    |
| train/             |          |
|    actor_loss      | 0.691    |
|    critic_loss     | 0.015    |
|    ent_coef        | 0.00152  |
|    ent_coef_loss   | -1.44    |
|    learning_rate   | 0.001    |
|    n_updates       | 11899    |
---------------------------------
---------------------------------
| rollout/           |          |
|    ep_len_mean     | 50       |
|    ep_rew_mean     | -2.32    |
|    success_rate    | 0.98     |
| time/              |          |
|    episodes        | 244      |
|    fps             | 120      |
|    time_elapsed    | 101      |
|    total_timesteps | 12200    |
| train/             |          |
|    actor_loss      | 3.49     |
|    critic_loss     | 0.834    |
|    ent_coef        | 0.00161  |
|    ent_coef_loss   | 52.4     |
|    learning_rate   | 0.001    |
|    n_updates       | 12099    |
---------------------------------
---------------------------------
| rollout/           |          |
|    ep_len_mean     | 50       |
|    ep_rew_mean     | -3.3     |
|    success_rate    | 0.96     |
| time/              |          |
|    episodes        | 248      |
|    fps             | 120      |
|    time_elapsed    | 103      |
|    total_timesteps | 12400    |
| train/             |          |
|    actor_loss      | 1.06     |
|    critic_loss     | 0.0875   |
|    ent_coef        | 0.00192  |
|    ent_coef_loss   | -6.52    |
|    learning_rate   | 0.001    |
|    n_updates       | 12299    |
---------------------------------
---------------------------------
| rollout/           |          |
|    ep_len_mean     | 50       |
|    ep_rew_mean     | -3.32    |
|    success_rate    | 0.96     |
| time/              |          |
|    episodes        | 252      |
|    fps             | 119      |
|    time_elapsed    | 105      |
|    total_timesteps | 12600    |
| train/             |          |
|    actor_loss      | 0.833    |
|    critic_loss     | 0.0265   |
|    ent_coef        | 0.00193  |
|    ent_coef_loss   | 1.56     |
|    learning_rate   | 0.001    |
|    n_updates       | 12499    |
---------------------------------
---------------------------------
| rollout/           |          |
|    ep_len_mean     | 50       |
|    ep_rew_mean     | -3.33    |
|    success_rate    | 0.96     |
| time/              |          |
|    episodes        | 256      |
|    fps             | 119      |
|    time_elapsed    | 106      |
|    total_timesteps | 12800    |
| train/             |          |
|    actor_loss      | 0.781    |
|    critic_loss     | 0.0258   |
|    ent_coef        | 0.00195  |
|    ent_coef_loss   | 1.35     |
|    learning_rate   | 0.001    |
|    n_updates       | 12699    |
---------------------------------
---------------------------------
| rollout/           |          |
|    ep_len_mean     | 50       |
|    ep_rew_mean     | -3.32    |
|    success_rate    | 0.96     |
| time/              |          |
|    episodes        | 260      |
|    fps             | 119      |
|    time_elapsed    | 108      |
|    total_timesteps | 13000    |
| train/             |          |
|    actor_loss      | 0.713    |
|    critic_loss     | 0.0169   |
|    ent_coef        | 0.00197  |
|    ent_coef_loss   | 1.66     |
|    learning_rate   | 0.001    |
|    n_updates       | 12899    |
---------------------------------
---------------------------------
| rollout/           |          |
|    ep_len_mean     | 50       |
|    ep_rew_mean     | -3.32    |
|    success_rate    | 0.96     |
| time/              |          |
|    episodes        | 264      |
|    fps             | 119      |
|    time_elapsed    | 110      |
|    total_timesteps | 13200    |
| train/             |          |
|    actor_loss      | 0.757    |
|    critic_loss     | 0.0192   |
|    ent_coef        | 0.00192  |
|    ent_coef_loss   | -3.57    |
|    learning_rate   | 0.001    |
|    n_updates       | 13099    |
---------------------------------
---------------------------------
| rollout/           |          |
|    ep_len_mean     | 50       |
|    ep_rew_mean     | -3.31    |
|    success_rate    | 0.96     |
| time/              |          |
|    episodes        | 268      |
|    fps             | 119      |
|    time_elapsed    | 111      |
|    total_timesteps | 13400    |
| train/             |          |
|    actor_loss      | 0.791    |
|    critic_loss     | 0.0146   |
|    ent_coef        | 0.00183  |
|    ent_coef_loss   | -6.63    |
|    learning_rate   | 0.001    |
|    n_updates       | 13299    |
---------------------------------
---------------------------------
| rollout/           |          |
|    ep_len_mean     | 50       |
|    ep_rew_mean     | -3.29    |
|    success_rate    | 0.96     |
| time/              |          |
|    episodes        | 272      |
|    fps             | 119      |
|    time_elapsed    | 113      |
|    total_timesteps | 13600    |
| train/             |          |
|    actor_loss      | 0.699    |
|    critic_loss     | 0.0183   |
|    ent_coef        | 0.00178  |
|    ent_coef_loss   | -5.9     |
|    learning_rate   | 0.001    |
|    n_updates       | 13499    |
---------------------------------
---------------------------------
| rollout/           |          |
|    ep_len_mean     | 50       |
|    ep_rew_mean     | -3.29    |
|    success_rate    | 0.96     |
| time/              |          |
|    episodes        | 276      |
|    fps             | 119      |
|    time_elapsed    | 115      |
|    total_timesteps | 13800    |
| train/             |          |
|    actor_loss      | 0.719    |
|    critic_loss     | 0.0174   |
|    ent_coef        | 0.00166  |
|    ent_coef_loss   | -0.262   |
|    learning_rate   | 0.001    |
|    n_updates       | 13699    |
---------------------------------
---------------------------------
| rollout/           |          |
|    ep_len_mean     | 50       |
|    ep_rew_mean     | -3.04    |
|    success_rate    | 0.97     |
| time/              |          |
|    episodes        | 280      |
|    fps             | 119      |
|    time_elapsed    | 117      |
|    total_timesteps | 14000    |
| train/             |          |
|    actor_loss      | 0.631    |
|    critic_loss     | 0.0165   |
|    ent_coef        | 0.00152  |
|    ent_coef_loss   | -6.39    |
|    learning_rate   | 0.001    |
|    n_updates       | 13899    |
---------------------------------
---------------------------------
| rollout/           |          |
|    ep_len_mean     | 50       |
|    ep_rew_mean     | -3.55    |
|    success_rate    | 0.95     |
| time/              |          |
|    episodes        | 284      |
|    fps             | 119      |
|    time_elapsed    | 119      |
|    total_timesteps | 14200    |
| train/             |          |
|    actor_loss      | 1.57     |
|    critic_loss     | 0.236    |
|    ent_coef        | 0.00178  |
|    ent_coef_loss   | -21.8    |
|    learning_rate   | 0.001    |
|    n_updates       | 14099    |
---------------------------------
---------------------------------
| rollout/           |          |
|    ep_len_mean     | 50       |
|    ep_rew_mean     | -4.21    |
|    success_rate    | 0.94     |
| time/              |          |
|    episodes        | 288      |
|    fps             | 118      |
|    time_elapsed    | 121      |
|    total_timesteps | 14400    |
| train/             |          |
|    actor_loss      | 1.03     |
|    critic_loss     | 0.0205   |
|    ent_coef        | 0.00178  |
|    ent_coef_loss   | 6.93     |
|    learning_rate   | 0.001    |
|    n_updates       | 14299    |
---------------------------------
---------------------------------
| rollout/           |          |
|    ep_len_mean     | 50       |
|    ep_rew_mean     | -4.17    |
|    success_rate    | 0.94     |
| time/              |          |
|    episodes        | 292      |
|    fps             | 118      |
|    time_elapsed    | 123      |
|    total_timesteps | 14600    |
| train/             |          |
|    actor_loss      | 0.846    |
|    critic_loss     | 0.0218   |
|    ent_coef        | 0.00181  |
|    ent_coef_loss   | 1.26     |
|    learning_rate   | 0.001    |
|    n_updates       | 14499    |
---------------------------------
---------------------------------
| rollout/           |          |
|    ep_len_mean     | 50       |
|    ep_rew_mean     | -4.17    |
|    success_rate    | 0.94     |
| time/              |          |
|    episodes        | 296      |
|    fps             | 118      |
|    time_elapsed    | 124      |
|    total_timesteps | 14800    |
| train/             |          |
|    actor_loss      | 0.699    |
|    critic_loss     | 0.0198   |
|    ent_coef        | 0.00175  |
|    ent_coef_loss   | -3.67    |
|    learning_rate   | 0.001    |
|    n_updates       | 14699    |
---------------------------------
---------------------------------
| rollout/           |          |
|    ep_len_mean     | 50       |
|    ep_rew_mean     | -4.19    |
|    success_rate    | 0.94     |
| time/              |          |
|    episodes        | 300      |
|    fps             | 118      |
|    time_elapsed    | 126      |
|    total_timesteps | 15000    |
| train/             |          |
|    actor_loss      | 0.585    |
|    critic_loss     | 0.0166   |
|    ent_coef        | 0.00163  |
|    ent_coef_loss   | -5.86    |
|    learning_rate   | 0.001    |
|    n_updates       | 14899    |
---------------------------------
---------------------------------
| rollout/           |          |
|    ep_len_mean     | 50       |
|    ep_rew_mean     | -4.16    |
|    success_rate    | 0.94     |
| time/              |          |
|    episodes        | 304      |
|    fps             | 117      |
|    time_elapsed    | 129      |
|    total_timesteps | 15200    |
| train/             |          |
|    actor_loss      | 0.72     |
|    critic_loss     | 0.0174   |
|    ent_coef        | 0.00149  |
|    ent_coef_loss   | -3.89    |
|    learning_rate   | 0.001    |
|    n_updates       | 15099    |
---------------------------------
---------------------------------
| rollout/           |          |
|    ep_len_mean     | 50       |
|    ep_rew_mean     | -4.56    |
|    success_rate    | 0.94     |
| time/              |          |
|    episodes        | 308      |
|    fps             | 117      |
|    time_elapsed    | 131      |
|    total_timesteps | 15400    |
| train/             |          |
|    actor_loss      | 0.823    |
|    critic_loss     | 0.0161   |
|    ent_coef        | 0.0016   |
|    ent_coef_loss   | 4.92     |
|    learning_rate   | 0.001    |
|    n_updates       | 15299    |
---------------------------------
---------------------------------
| rollout/           |          |
|    ep_len_mean     | 50       |
|    ep_rew_mean     | -4.56    |
|    success_rate    | 0.94     |
| time/              |          |
|    episodes        | 312      |
|    fps             | 117      |
|    time_elapsed    | 133      |
|    total_timesteps | 15600    |
| train/             |          |
|    actor_loss      | 0.744    |
|    critic_loss     | 0.0175   |
|    ent_coef        | 0.00166  |
|    ent_coef_loss   | -1.47    |
|    learning_rate   | 0.001    |
|    n_updates       | 15499    |
---------------------------------
---------------------------------
| rollout/           |          |
|    ep_len_mean     | 50       |
|    ep_rew_mean     | -4.56    |
|    success_rate    | 0.94     |
| time/              |          |
|    episodes        | 316      |
|    fps             | 116      |
|    time_elapsed    | 135      |
|    total_timesteps | 15800    |
| train/             |          |
|    actor_loss      | 0.636    |
|    critic_loss     | 0.0118   |
|    ent_coef        | 0.00148  |
|    ent_coef_loss   | -2.89    |
|    learning_rate   | 0.001    |
|    n_updates       | 15699    |
---------------------------------
---------------------------------
| rollout/           |          |
|    ep_len_mean     | 50       |
|    ep_rew_mean     | -4.56    |
|    success_rate    | 0.94     |
| time/              |          |
|    episodes        | 320      |
|    fps             | 116      |
|    time_elapsed    | 137      |
|    total_timesteps | 16000    |
| train/             |          |
|    actor_loss      | 0.631    |
|    critic_loss     | 0.0107   |
|    ent_coef        | 0.00132  |
|    ent_coef_loss   | -5.68    |
|    learning_rate   | 0.001    |
|    n_updates       | 15899    |
---------------------------------
---------------------------------
| rollout/           |          |
|    ep_len_mean     | 50       |
|    ep_rew_mean     | -4.56    |
|    success_rate    | 0.94     |
| time/              |          |
|    episodes        | 324      |
|    fps             | 116      |
|    time_elapsed    | 138      |
|    total_timesteps | 16200    |
| train/             |          |
|    actor_loss      | 0.714    |
|    critic_loss     | 0.0148   |
|    ent_coef        | 0.00118  |
|    ent_coef_loss   | -3.02    |
|    learning_rate   | 0.001    |
|    n_updates       | 16099    |
---------------------------------
---------------------------------
| rollout/           |          |
|    ep_len_mean     | 50       |
|    ep_rew_mean     | -4.57    |
|    success_rate    | 0.94     |
| time/              |          |
|    episodes        | 328      |
|    fps             | 116      |
|    time_elapsed    | 141      |
|    total_timesteps | 16400    |
| train/             |          |
|    actor_loss      | 0.622    |
|    critic_loss     | 0.0105   |
|    ent_coef        | 0.00107  |
|    ent_coef_loss   | -0.884   |
|    learning_rate   | 0.001    |
|    n_updates       | 16299    |
---------------------------------
---------------------------------
| rollout/           |          |
|    ep_len_mean     | 50       |
|    ep_rew_mean     | -4.57    |
|    success_rate    | 0.94     |
| time/              |          |
|    episodes        | 332      |
|    fps             | 115      |
|    time_elapsed    | 143      |
|    total_timesteps | 16600    |
| train/             |          |
|    actor_loss      | 0.532    |
|    critic_loss     | 0.0168   |
|    ent_coef        | 0.000974 |
|    ent_coef_loss   | -2.11    |
|    learning_rate   | 0.001    |
|    n_updates       | 16499    |
---------------------------------
---------------------------------
| rollout/           |          |
|    ep_len_mean     | 50       |
|    ep_rew_mean     | -4.55    |
|    success_rate    | 0.94     |
| time/              |          |
|    episodes        | 336      |
|    fps             | 115      |
|    time_elapsed    | 145      |
|    total_timesteps | 16800    |
| train/             |          |
|    actor_loss      | 0.703    |
|    critic_loss     | 0.0115   |
|    ent_coef        | 0.00089  |
|    ent_coef_loss   | 2.48     |
|    learning_rate   | 0.001    |
|    n_updates       | 16699    |
---------------------------------
---------------------------------
| rollout/           |          |
|    ep_len_mean     | 50       |
|    ep_rew_mean     | -4.57    |
|    success_rate    | 0.94     |
| time/              |          |
|    episodes        | 340      |
|    fps             | 115      |
|    time_elapsed    | 147      |
|    total_timesteps | 17000    |
| train/             |          |
|    actor_loss      | 0.699    |
|    critic_loss     | 0.0131   |
|    ent_coef        | 0.000845 |
|    ent_coef_loss   | -0.962   |
|    learning_rate   | 0.001    |
|    n_updates       | 16899    |
---------------------------------
---------------------------------
| rollout/           |          |
|    ep_len_mean     | 50       |
|    ep_rew_mean     | -4.23    |
|    success_rate    | 0.95     |
| time/              |          |
|    episodes        | 344      |
|    fps             | 115      |
|    time_elapsed    | 148      |
|    total_timesteps | 17200    |
| train/             |          |
|    actor_loss      | 0.594    |
|    critic_loss     | 0.0164   |
|    ent_coef        | 0.000852 |
|    ent_coef_loss   | 5.04     |
|    learning_rate   | 0.001    |
|    n_updates       | 17099    |
---------------------------------
---------------------------------
| rollout/           |          |
|    ep_len_mean     | 50       |
|    ep_rew_mean     | -3.19    |
|    success_rate    | 0.97     |
| time/              |          |
|    episodes        | 348      |
|    fps             | 115      |
|    time_elapsed    | 150      |
|    total_timesteps | 17400    |
| train/             |          |
|    actor_loss      | 0.701    |
|    critic_loss     | 0.0151   |
|    ent_coef        | 0.000916 |
|    ent_coef_loss   | 0.153    |
|    learning_rate   | 0.001    |
|    n_updates       | 17299    |
---------------------------------
---------------------------------
| rollout/           |          |
|    ep_len_mean     | 50       |
|    ep_rew_mean     | -3.17    |
|    success_rate    | 0.97     |
| time/              |          |
|    episodes        | 352      |
|    fps             | 115      |
|    time_elapsed    | 152      |
|    total_timesteps | 17600    |
| train/             |          |
|    actor_loss      | 0.649    |
|    critic_loss     | 0.0191   |
|    ent_coef        | 0.000833 |
|    ent_coef_loss   | 2.25     |
|    learning_rate   | 0.001    |
|    n_updates       | 17499    |
---------------------------------
---------------------------------
| rollout/           |          |
|    ep_len_mean     | 50       |
|    ep_rew_mean     | -3.25    |
|    success_rate    | 0.97     |
| time/              |          |
|    episodes        | 356      |
|    fps             | 115      |
|    time_elapsed    | 153      |
|    total_timesteps | 17800    |
| train/             |          |
|    actor_loss      | 0.607    |
|    critic_loss     | 0.0165   |
|    ent_coef        | 0.000985 |
|    ent_coef_loss   | 2.96     |
|    learning_rate   | 0.001    |
|    n_updates       | 17699    |
---------------------------------
---------------------------------
| rollout/           |          |
|    ep_len_mean     | 50       |
|    ep_rew_mean     | -3.28    |
|    success_rate    | 0.97     |
| time/              |          |
|    episodes        | 360      |
|    fps             | 115      |
|    time_elapsed    | 155      |
|    total_timesteps | 18000    |
| train/             |          |
|    actor_loss      | 0.749    |
|    critic_loss     | 0.012    |
|    ent_coef        | 0.000938 |
|    ent_coef_loss   | -1.18    |
|    learning_rate   | 0.001    |
|    n_updates       | 17899    |
---------------------------------
---------------------------------
| rollout/           |          |
|    ep_len_mean     | 50       |
|    ep_rew_mean     | -3.27    |
|    success_rate    | 0.97     |
| time/              |          |
|    episodes        | 364      |
|    fps             | 115      |
|    time_elapsed    | 157      |
|    total_timesteps | 18200    |
| train/             |          |
|    actor_loss      | 0.584    |
|    critic_loss     | 0.0179   |
|    ent_coef        | 0.000838 |
|    ent_coef_loss   | -2.41    |
|    learning_rate   | 0.001    |
|    n_updates       | 18099    |
---------------------------------
---------------------------------
| rollout/           |          |
|    ep_len_mean     | 50       |
|    ep_rew_mean     | -3.27    |
|    success_rate    | 0.97     |
| time/              |          |
|    episodes        | 368      |
|    fps             | 115      |
|    time_elapsed    | 158      |
|    total_timesteps | 18400    |
| train/             |          |
|    actor_loss      | 0.627    |
|    critic_loss     | 0.0164   |
|    ent_coef        | 0.000757 |
|    ent_coef_loss   | 3.08     |
|    learning_rate   | 0.001    |
|    n_updates       | 18299    |
---------------------------------
---------------------------------
| rollout/           |          |
|    ep_len_mean     | 50       |
|    ep_rew_mean     | -3.26    |
|    success_rate    | 0.97     |
| time/              |          |
|    episodes        | 372      |
|    fps             | 115      |
|    time_elapsed    | 160      |
|    total_timesteps | 18600    |
| train/             |          |
|    actor_loss      | 0.486    |
|    critic_loss     | 0.011    |
|    ent_coef        | 0.000733 |
|    ent_coef_loss   | -4.2     |
|    learning_rate   | 0.001    |
|    n_updates       | 18499    |
---------------------------------
---------------------------------
| rollout/           |          |
|    ep_len_mean     | 50       |
|    ep_rew_mean     | -3.27    |
|    success_rate    | 0.97     |
| time/              |          |
|    episodes        | 376      |
|    fps             | 115      |
|    time_elapsed    | 162      |
|    total_timesteps | 18800    |
| train/             |          |
|    actor_loss      | 0.525    |
|    critic_loss     | 0.0126   |
|    ent_coef        | 0.00078  |
|    ent_coef_loss   | 5.12     |
|    learning_rate   | 0.001    |
|    n_updates       | 18699    |
---------------------------------
---------------------------------
| rollout/           |          |
|    ep_len_mean     | 50       |
|    ep_rew_mean     | -3.3     |
|    success_rate    | 0.96     |
| time/              |          |
|    episodes        | 380      |
|    fps             | 115      |
|    time_elapsed    | 164      |
|    total_timesteps | 19000    |
| train/             |          |
|    actor_loss      | 0.649    |
|    critic_loss     | 0.0178   |
|    ent_coef        | 0.000948 |
|    ent_coef_loss   | 5.87     |
|    learning_rate   | 0.001    |
|    n_updates       | 18899    |
---------------------------------
---------------------------------
| rollout/           |          |
|    ep_len_mean     | 50       |
|    ep_rew_mean     | -2.78    |
|    success_rate    | 0.98     |
| time/              |          |
|    episodes        | 384      |
|    fps             | 115      |
|    time_elapsed    | 165      |
|    total_timesteps | 19200    |
| train/             |          |
|    actor_loss      | 0.442    |
|    critic_loss     | 0.0128   |
|    ent_coef        | 0.000858 |
|    ent_coef_loss   | -3.05    |
|    learning_rate   | 0.001    |
|    n_updates       | 19099    |
---------------------------------
---------------------------------
| rollout/           |          |
|    ep_len_mean     | 50       |
|    ep_rew_mean     | -2.1     |
|    success_rate    | 0.99     |
| time/              |          |
|    episodes        | 388      |
|    fps             | 115      |
|    time_elapsed    | 167      |
|    total_timesteps | 19400    |
| train/             |          |
|    actor_loss      | 0.387    |
|    critic_loss     | 0.0148   |
|    ent_coef        | 0.000787 |
|    ent_coef_loss   | -2.82    |
|    learning_rate   | 0.001    |
|    n_updates       | 19299    |
---------------------------------
---------------------------------
| rollout/           |          |
|    ep_len_mean     | 50       |
|    ep_rew_mean     | -2.16    |
|    success_rate    | 0.99     |
| time/              |          |
|    episodes        | 392      |
|    fps             | 115      |
|    time_elapsed    | 169      |
|    total_timesteps | 19600    |
| train/             |          |
|    actor_loss      | 0.557    |
|    critic_loss     | 0.0235   |
|    ent_coef        | 0.000798 |
|    ent_coef_loss   | -2.56    |
|    learning_rate   | 0.001    |
|    n_updates       | 19499    |
---------------------------------
---------------------------------
| rollout/           |          |
|    ep_len_mean     | 50       |
|    ep_rew_mean     | -2.17    |
|    success_rate    | 0.99     |
| time/              |          |
|    episodes        | 396      |
|    fps             | 115      |
|    time_elapsed    | 170      |
|    total_timesteps | 19800    |
| train/             |          |
|    actor_loss      | 0.579    |
|    critic_loss     | 0.0118   |
|    ent_coef        | 0.000859 |
|    ent_coef_loss   | 0.174    |
|    learning_rate   | 0.001    |
|    n_updates       | 19699    |
---------------------------------
---------------------------------
| rollout/           |          |
|    ep_len_mean     | 50       |
|    ep_rew_mean     | -2.38    |
|    success_rate    | 0.98     |
| time/              |          |
|    episodes        | 400      |
|    fps             | 116      |
|    time_elapsed    | 172      |
|    total_timesteps | 20000    |
| train/             |          |
|    actor_loss      | 1.02     |
|    critic_loss     | 0.0718   |
|    ent_coef        | 0.000905 |
|    ent_coef_loss   | 13.8     |
|    learning_rate   | 0.001    |
|    n_updates       | 19899    |
---------------------------------
success_rate=0.000 over 50 episodes
checkpoint_saved=/Users/eoinmca/Projects/lang-goal-rl/experiments/01_uvfa_her_baseline/checkpoints/seed_2.zip
