AdroitHandRelocateDense-v1, AdroitHandHammerDense-v1, AdroitHandDoorDense-v1 environment's reward functions were updated in v1.2.1 without an environment version update. Therefore, use gymnasium-robotics==1.2.0 for v1 reproducibility or use v2 in gymnasium-robotics>=1.4.3. See https://github.com/Farama-Foundation/Gymnasium-Robotics/pull/220 for more details
Using cpu device
Wrapping the env with a `Monitor` wrapper
Wrapping the env in a DummyVecEnv.
---------------------------------
| rollout/           |          |
|    ep_len_mean     | 50       |
|    ep_rew_mean     | -50      |
|    success_rate    | 0        |
| time/              |          |
|    episodes        | 4        |
|    fps             | 231      |
|    time_elapsed    | 0        |
|    total_timesteps | 200      |
| train/             |          |
|    actor_loss      | -4.39    |
|    critic_loss     | 0.192    |
|    ent_coef        | 0.907    |
|    ent_coef_loss   | -0.659   |
|    learning_rate   | 0.001    |
|    n_updates       | 99       |
---------------------------------
---------------------------------
| rollout/           |          |
|    ep_len_mean     | 50       |
|    ep_rew_mean     | -49.5    |
|    success_rate    | 0        |
| time/              |          |
|    episodes        | 8        |
|    fps             | 165      |
|    time_elapsed    | 2        |
|    total_timesteps | 400      |
| train/             |          |
|    actor_loss      | -4.42    |
|    critic_loss     | 0.17     |
|    ent_coef        | 0.742    |
|    ent_coef_loss   | -2.01    |
|    learning_rate   | 0.001    |
|    n_updates       | 299      |
---------------------------------
---------------------------------
| rollout/           |          |
|    ep_len_mean     | 50       |
|    ep_rew_mean     | -48.2    |
|    success_rate    | 0        |
| time/              |          |
|    episodes        | 12       |
|    fps             | 151      |
|    time_elapsed    | 3        |
|    total_timesteps | 600      |
| train/             |          |
|    actor_loss      | -4.55    |
|    critic_loss     | 0.167    |
|    ent_coef        | 0.608    |
|    ent_coef_loss   | -3.36    |
|    learning_rate   | 0.001    |
|    n_updates       | 499      |
---------------------------------
---------------------------------
| rollout/           |          |
|    ep_len_mean     | 50       |
|    ep_rew_mean     | -48.6    |
|    success_rate    | 0        |
| time/              |          |
|    episodes        | 16       |
|    fps             | 146      |
|    time_elapsed    | 5        |
|    total_timesteps | 800      |
| train/             |          |
|    actor_loss      | -4.53    |
|    critic_loss     | 0.195    |
|    ent_coef        | 0.498    |
|    ent_coef_loss   | -4.7     |
|    learning_rate   | 0.001    |
|    n_updates       | 699      |
---------------------------------
---------------------------------
| rollout/           |          |
|    ep_len_mean     | 50       |
|    ep_rew_mean     | -48.9    |
|    success_rate    | 0        |
| time/              |          |
|    episodes        | 20       |
|    fps             | 142      |
|    time_elapsed    | 7        |
|    total_timesteps | 1000     |
| train/             |          |
|    actor_loss      | -4.08    |
|    critic_loss     | 0.156    |
|    ent_coef        | 0.407    |
|    ent_coef_loss   | -6.05    |
|    learning_rate   | 0.001    |
|    n_updates       | 899      |
---------------------------------
---------------------------------
| rollout/           |          |
|    ep_len_mean     | 50       |
|    ep_rew_mean     | -49.1    |
|    success_rate    | 0        |
| time/              |          |
|    episodes        | 24       |
|    fps             | 138      |
|    time_elapsed    | 8        |
|    total_timesteps | 1200     |
| train/             |          |
|    actor_loss      | -3.7     |
|    critic_loss     | 0.161    |
|    ent_coef        | 0.334    |
|    ent_coef_loss   | -7.36    |
|    learning_rate   | 0.001    |
|    n_updates       | 1099     |
---------------------------------
---------------------------------
| rollout/           |          |
|    ep_len_mean     | 50       |
|    ep_rew_mean     | -49.1    |
|    success_rate    | 0        |
| time/              |          |
|    episodes        | 28       |
|    fps             | 136      |
|    time_elapsed    | 10       |
|    total_timesteps | 1400     |
| train/             |          |
|    actor_loss      | -3.37    |
|    critic_loss     | 0.156    |
|    ent_coef        | 0.273    |
|    ent_coef_loss   | -8.7     |
|    learning_rate   | 0.001    |
|    n_updates       | 1299     |
---------------------------------
---------------------------------
| rollout/           |          |
|    ep_len_mean     | 50       |
|    ep_rew_mean     | -49.2    |
|    success_rate    | 0        |
| time/              |          |
|    episodes        | 32       |
|    fps             | 135      |
|    time_elapsed    | 11       |
|    total_timesteps | 1600     |
| train/             |          |
|    actor_loss      | -2.9     |
|    critic_loss     | 0.143    |
|    ent_coef        | 0.224    |
|    ent_coef_loss   | -9.93    |
|    learning_rate   | 0.001    |
|    n_updates       | 1499     |
---------------------------------
---------------------------------
| rollout/           |          |
|    ep_len_mean     | 50       |
|    ep_rew_mean     | -49.2    |
|    success_rate    | 0        |
| time/              |          |
|    episodes        | 36       |
|    fps             | 134      |
|    time_elapsed    | 13       |
|    total_timesteps | 1800     |
| train/             |          |
|    actor_loss      | -2.38    |
|    critic_loss     | 0.144    |
|    ent_coef        | 0.184    |
|    ent_coef_loss   | -10.8    |
|    learning_rate   | 0.001    |
|    n_updates       | 1699     |
---------------------------------
---------------------------------
| rollout/           |          |
|    ep_len_mean     | 50       |
|    ep_rew_mean     | -49.3    |
|    success_rate    | 0        |
| time/              |          |
|    episodes        | 40       |
|    fps             | 133      |
|    time_elapsed    | 14       |
|    total_timesteps | 2000     |
| train/             |          |
|    actor_loss      | -2.05    |
|    critic_loss     | 0.139    |
|    ent_coef        | 0.152    |
|    ent_coef_loss   | -11.8    |
|    learning_rate   | 0.001    |
|    n_updates       | 1899     |
---------------------------------
---------------------------------
| rollout/           |          |
|    ep_len_mean     | 50       |
|    ep_rew_mean     | -49.3    |
|    success_rate    | 0        |
| time/              |          |
|    episodes        | 44       |
|    fps             | 132      |
|    time_elapsed    | 16       |
|    total_timesteps | 2200     |
| train/             |          |
|    actor_loss      | -1.7     |
|    critic_loss     | 0.158    |
|    ent_coef        | 0.126    |
|    ent_coef_loss   | -12.4    |
|    learning_rate   | 0.001    |
|    n_updates       | 2099     |
---------------------------------
---------------------------------
| rollout/           |          |
|    ep_len_mean     | 50       |
|    ep_rew_mean     | -49.3    |
|    success_rate    | 0        |
| time/              |          |
|    episodes        | 48       |
|    fps             | 131      |
|    time_elapsed    | 18       |
|    total_timesteps | 2400     |
| train/             |          |
|    actor_loss      | -1.44    |
|    critic_loss     | 0.167    |
|    ent_coef        | 0.106    |
|    ent_coef_loss   | -12.8    |
|    learning_rate   | 0.001    |
|    n_updates       | 2299     |
---------------------------------
---------------------------------
| rollout/           |          |
|    ep_len_mean     | 50       |
|    ep_rew_mean     | -49.4    |
|    success_rate    | 0        |
| time/              |          |
|    episodes        | 52       |
|    fps             | 131      |
|    time_elapsed    | 19       |
|    total_timesteps | 2600     |
| train/             |          |
|    actor_loss      | -0.85    |
|    critic_loss     | 0.194    |
|    ent_coef        | 0.0889   |
|    ent_coef_loss   | -13      |
|    learning_rate   | 0.001    |
|    n_updates       | 2499     |
---------------------------------
---------------------------------
| rollout/           |          |
|    ep_len_mean     | 50       |
|    ep_rew_mean     | -49.4    |
|    success_rate    | 0        |
| time/              |          |
|    episodes        | 56       |
|    fps             | 130      |
|    time_elapsed    | 21       |
|    total_timesteps | 2800     |
| train/             |          |
|    actor_loss      | -0.355   |
|    critic_loss     | 0.19     |
|    ent_coef        | 0.0753   |
|    ent_coef_loss   | -12      |
|    learning_rate   | 0.001    |
|    n_updates       | 2699     |
---------------------------------
---------------------------------
| rollout/           |          |
|    ep_len_mean     | 50       |
|    ep_rew_mean     | -49.4    |
|    success_rate    | 0        |
| time/              |          |
|    episodes        | 60       |
|    fps             | 130      |
|    time_elapsed    | 23       |
|    total_timesteps | 3000     |
| train/             |          |
|    actor_loss      | 0.303    |
|    critic_loss     | 0.208    |
|    ent_coef        | 0.0643   |
|    ent_coef_loss   | -11.6    |
|    learning_rate   | 0.001    |
|    n_updates       | 2899     |
---------------------------------
---------------------------------
| rollout/           |          |
|    ep_len_mean     | 50       |
|    ep_rew_mean     | -49.3    |
|    success_rate    | 0        |
| time/              |          |
|    episodes        | 64       |
|    fps             | 129      |
|    time_elapsed    | 24       |
|    total_timesteps | 3200     |
| train/             |          |
|    actor_loss      | 0.0935   |
|    critic_loss     | 0.2      |
|    ent_coef        | 0.0552   |
|    ent_coef_loss   | -11.1    |
|    learning_rate   | 0.001    |
|    n_updates       | 3099     |
---------------------------------
---------------------------------
| rollout/           |          |
|    ep_len_mean     | 50       |
|    ep_rew_mean     | -49      |
|    success_rate    | 0        |
| time/              |          |
|    episodes        | 68       |
|    fps             | 129      |
|    time_elapsed    | 26       |
|    total_timesteps | 3400     |
| train/             |          |
|    actor_loss      | 0.359    |
|    critic_loss     | 0.26     |
|    ent_coef        | 0.0474   |
|    ent_coef_loss   | -11.2    |
|    learning_rate   | 0.001    |
|    n_updates       | 3299     |
---------------------------------
---------------------------------
| rollout/           |          |
|    ep_len_mean     | 50       |
|    ep_rew_mean     | -49      |
|    success_rate    | 0        |
| time/              |          |
|    episodes        | 72       |
|    fps             | 129      |
|    time_elapsed    | 27       |
|    total_timesteps | 3600     |
| train/             |          |
|    actor_loss      | 0.99     |
|    critic_loss     | 0.214    |
|    ent_coef        | 0.0414   |
|    ent_coef_loss   | -11.1    |
|    learning_rate   | 0.001    |
|    n_updates       | 3499     |
---------------------------------
---------------------------------
| rollout/           |          |
|    ep_len_mean     | 50       |
|    ep_rew_mean     | -48.7    |
|    success_rate    | 0.0132   |
| time/              |          |
|    episodes        | 76       |
|    fps             | 128      |
|    time_elapsed    | 29       |
|    total_timesteps | 3800     |
| train/             |          |
|    actor_loss      | 1.12     |
|    critic_loss     | 0.215    |
|    ent_coef        | 0.0366   |
|    ent_coef_loss   | -8.78    |
|    learning_rate   | 0.001    |
|    n_updates       | 3699     |
---------------------------------
---------------------------------
| rollout/           |          |
|    ep_len_mean     | 50       |
|    ep_rew_mean     | -48.1    |
|    success_rate    | 0.025    |
| time/              |          |
|    episodes        | 80       |
|    fps             | 128      |
|    time_elapsed    | 31       |
|    total_timesteps | 4000     |
| train/             |          |
|    actor_loss      | 1.14     |
|    critic_loss     | 0.214    |
|    ent_coef        | 0.0326   |
|    ent_coef_loss   | -9.54    |
|    learning_rate   | 0.001    |
|    n_updates       | 3899     |
---------------------------------
---------------------------------
| rollout/           |          |
|    ep_len_mean     | 50       |
|    ep_rew_mean     | -48      |
|    success_rate    | 0.0238   |
| time/              |          |
|    episodes        | 84       |
|    fps             | 128      |
|    time_elapsed    | 32       |
|    total_timesteps | 4200     |
| train/             |          |
|    actor_loss      | 1.21     |
|    critic_loss     | 0.254    |
|    ent_coef        | 0.0292   |
|    ent_coef_loss   | -8.01    |
|    learning_rate   | 0.001    |
|    n_updates       | 4099     |
---------------------------------
---------------------------------
| rollout/           |          |
|    ep_len_mean     | 50       |
|    ep_rew_mean     | -47.9    |
|    success_rate    | 0.0227   |
| time/              |          |
|    episodes        | 88       |
|    fps             | 128      |
|    time_elapsed    | 34       |
|    total_timesteps | 4400     |
| train/             |          |
|    actor_loss      | 1.36     |
|    critic_loss     | 0.252    |
|    ent_coef        | 0.0264   |
|    ent_coef_loss   | -6.21    |
|    learning_rate   | 0.001    |
|    n_updates       | 4299     |
---------------------------------
---------------------------------
| rollout/           |          |
|    ep_len_mean     | 50       |
|    ep_rew_mean     | -47.9    |
|    success_rate    | 0.0217   |
| time/              |          |
|    episodes        | 92       |
|    fps             | 128      |
|    time_elapsed    | 35       |
|    total_timesteps | 4600     |
| train/             |          |
|    actor_loss      | 0.918    |
|    critic_loss     | 0.218    |
|    ent_coef        | 0.0241   |
|    ent_coef_loss   | -4.06    |
|    learning_rate   | 0.001    |
|    n_updates       | 4499     |
---------------------------------
---------------------------------
| rollout/           |          |
|    ep_len_mean     | 50       |
|    ep_rew_mean     | -47.5    |
|    success_rate    | 0.0312   |
| time/              |          |
|    episodes        | 96       |
|    fps             | 128      |
|    time_elapsed    | 37       |
|    total_timesteps | 4800     |
| train/             |          |
|    actor_loss      | 1.76     |
|    critic_loss     | 0.226    |
|    ent_coef        | 0.0224   |
|    ent_coef_loss   | -5.15    |
|    learning_rate   | 0.001    |
|    n_updates       | 4699     |
---------------------------------
---------------------------------
| rollout/           |          |
|    ep_len_mean     | 50       |
|    ep_rew_mean     | -46.6    |
|    success_rate    | 0.05     |
| time/              |          |
|    episodes        | 100      |
|    fps             | 128      |
|    time_elapsed    | 38       |
|    total_timesteps | 5000     |
| train/             |          |
|    actor_loss      | 0.969    |
|    critic_loss     | 0.195    |
|    ent_coef        | 0.0211   |
|    ent_coef_loss   | -3.37    |
|    learning_rate   | 0.001    |
|    n_updates       | 4899     |
---------------------------------
---------------------------------
| rollout/           |          |
|    ep_len_mean     | 50       |
|    ep_rew_mean     | -45.8    |
|    success_rate    | 0.07     |
| time/              |          |
|    episodes        | 104      |
|    fps             | 128      |
|    time_elapsed    | 40       |
|    total_timesteps | 5200     |
| train/             |          |
|    actor_loss      | 0.884    |
|    critic_loss     | 0.2      |
|    ent_coef        | 0.0197   |
|    ent_coef_loss   | -2.77    |
|    learning_rate   | 0.001    |
|    n_updates       | 5099     |
---------------------------------
---------------------------------
| rollout/           |          |
|    ep_len_mean     | 50       |
|    ep_rew_mean     | -44.5    |
|    success_rate    | 0.08     |
| time/              |          |
|    episodes        | 108      |
|    fps             | 128      |
|    time_elapsed    | 42       |
|    total_timesteps | 5400     |
| train/             |          |
|    actor_loss      | 1.22     |
|    critic_loss     | 0.201    |
|    ent_coef        | 0.0183   |
|    ent_coef_loss   | -2.02    |
|    learning_rate   | 0.001    |
|    n_updates       | 5299     |
---------------------------------
---------------------------------
| rollout/           |          |
|    ep_len_mean     | 50       |
|    ep_rew_mean     | -43.9    |
|    success_rate    | 0.1      |
| time/              |          |
|    episodes        | 112      |
|    fps             | 128      |
|    time_elapsed    | 43       |
|    total_timesteps | 5600     |
| train/             |          |
|    actor_loss      | 1.41     |
|    critic_loss     | 0.196    |
|    ent_coef        | 0.0172   |
|    ent_coef_loss   | -1.85    |
|    learning_rate   | 0.001    |
|    n_updates       | 5499     |
---------------------------------
---------------------------------
| rollout/           |          |
|    ep_len_mean     | 50       |
|    ep_rew_mean     | -43.6    |
|    success_rate    | 0.1      |
| time/              |          |
|    episodes        | 116      |
|    fps             | 128      |
|    time_elapsed    | 45       |
|    total_timesteps | 5800     |
| train/             |          |
|    actor_loss      | 1.57     |
|    critic_loss     | 0.168    |
|    ent_coef        | 0.0162   |
|    ent_coef_loss   | -0.144   |
|    learning_rate   | 0.001    |
|    n_updates       | 5699     |
---------------------------------
---------------------------------
| rollout/           |          |
|    ep_len_mean     | 50       |
|    ep_rew_mean     | -43.3    |
|    success_rate    | 0.1      |
| time/              |          |
|    episodes        | 120      |
|    fps             | 128      |
|    time_elapsed    | 46       |
|    total_timesteps | 6000     |
| train/             |          |
|    actor_loss      | 1.5      |
|    critic_loss     | 0.182    |
|    ent_coef        | 0.0153   |
|    ent_coef_loss   | -2.3     |
|    learning_rate   | 0.001    |
|    n_updates       | 5899     |
---------------------------------
---------------------------------
| rollout/           |          |
|    ep_len_mean     | 50       |
|    ep_rew_mean     | -42.1    |
|    success_rate    | 0.12     |
| time/              |          |
|    episodes        | 124      |
|    fps             | 128      |
|    time_elapsed    | 48       |
|    total_timesteps | 6200     |
| train/             |          |
|    actor_loss      | 1.1      |
|    critic_loss     | 0.175    |
|    ent_coef        | 0.0144   |
|    ent_coef_loss   | -2.37    |
|    learning_rate   | 0.001    |
|    n_updates       | 6099     |
---------------------------------
---------------------------------
| rollout/           |          |
|    ep_len_mean     | 50       |
|    ep_rew_mean     | -41.5    |
|    success_rate    | 0.13     |
| time/              |          |
|    episodes        | 128      |
|    fps             | 128      |
|    time_elapsed    | 49       |
|    total_timesteps | 6400     |
| train/             |          |
|    actor_loss      | 1.68     |
|    critic_loss     | 0.175    |
|    ent_coef        | 0.0137   |
|    ent_coef_loss   | -2.67    |
|    learning_rate   | 0.001    |
|    n_updates       | 6299     |
---------------------------------
---------------------------------
| rollout/           |          |
|    ep_len_mean     | 50       |
|    ep_rew_mean     | -40.8    |
|    success_rate    | 0.15     |
| time/              |          |
|    episodes        | 132      |
|    fps             | 128      |
|    time_elapsed    | 51       |
|    total_timesteps | 6600     |
| train/             |          |
|    actor_loss      | 1.62     |
|    critic_loss     | 0.147    |
|    ent_coef        | 0.0131   |
|    ent_coef_loss   | -2.12    |
|    learning_rate   | 0.001    |
|    n_updates       | 6499     |
---------------------------------
---------------------------------
| rollout/           |          |
|    ep_len_mean     | 50       |
|    ep_rew_mean     | -40      |
|    success_rate    | 0.16     |
| time/              |          |
|    episodes        | 136      |
|    fps             | 128      |
|    time_elapsed    | 53       |
|    total_timesteps | 6800     |
| train/             |          |
|    actor_loss      | 1.75     |
|    critic_loss     | 0.174    |
|    ent_coef        | 0.0125   |
|    ent_coef_loss   | -1.51    |
|    learning_rate   | 0.001    |
|    n_updates       | 6699     |
---------------------------------
---------------------------------
| rollout/           |          |
|    ep_len_mean     | 50       |
|    ep_rew_mean     | -38.7    |
|    success_rate    | 0.18     |
| time/              |          |
|    episodes        | 140      |
|    fps             | 128      |
|    time_elapsed    | 54       |
|    total_timesteps | 7000     |
| train/             |          |
|    actor_loss      | 1.42     |
|    critic_loss     | 0.156    |
|    ent_coef        | 0.0119   |
|    ent_coef_loss   | -2.52    |
|    learning_rate   | 0.001    |
|    n_updates       | 6899     |
---------------------------------
---------------------------------
| rollout/           |          |
|    ep_len_mean     | 50       |
|    ep_rew_mean     | -38.2    |
|    success_rate    | 0.2      |
| time/              |          |
|    episodes        | 144      |
|    fps             | 128      |
|    time_elapsed    | 56       |
|    total_timesteps | 7200     |
| train/             |          |
|    actor_loss      | 1.37     |
|    critic_loss     | 0.15     |
|    ent_coef        | 0.0117   |
|    ent_coef_loss   | -0.621   |
|    learning_rate   | 0.001    |
|    n_updates       | 7099     |
---------------------------------
---------------------------------
| rollout/           |          |
|    ep_len_mean     | 50       |
|    ep_rew_mean     | -37.3    |
|    success_rate    | 0.22     |
| time/              |          |
|    episodes        | 148      |
|    fps             | 128      |
|    time_elapsed    | 57       |
|    total_timesteps | 7400     |
| train/             |          |
|    actor_loss      | 2.02     |
|    critic_loss     | 0.122    |
|    ent_coef        | 0.0113   |
|    ent_coef_loss   | -0.264   |
|    learning_rate   | 0.001    |
|    n_updates       | 7299     |
---------------------------------
---------------------------------
| rollout/           |          |
|    ep_len_mean     | 50       |
|    ep_rew_mean     | -35.5    |
|    success_rate    | 0.26     |
| time/              |          |
|    episodes        | 152      |
|    fps             | 128      |
|    time_elapsed    | 59       |
|    total_timesteps | 7600     |
| train/             |          |
|    actor_loss      | 1.97     |
|    critic_loss     | 0.162    |
|    ent_coef        | 0.011    |
|    ent_coef_loss   | -0.141   |
|    learning_rate   | 0.001    |
|    n_updates       | 7499     |
---------------------------------
---------------------------------
| rollout/           |          |
|    ep_len_mean     | 50       |
|    ep_rew_mean     | -33.8    |
|    success_rate    | 0.3      |
| time/              |          |
|    episodes        | 156      |
|    fps             | 128      |
|    time_elapsed    | 60       |
|    total_timesteps | 7800     |
| train/             |          |
|    actor_loss      | 1.93     |
|    critic_loss     | 0.115    |
|    ent_coef        | 0.0106   |
|    ent_coef_loss   | -0.653   |
|    learning_rate   | 0.001    |
|    n_updates       | 7699     |
---------------------------------
---------------------------------
| rollout/           |          |
|    ep_len_mean     | 50       |
|    ep_rew_mean     | -32      |
|    success_rate    | 0.33     |
| time/              |          |
|    episodes        | 160      |
|    fps             | 128      |
|    time_elapsed    | 62       |
|    total_timesteps | 8000     |
| train/             |          |
|    actor_loss      | 2.21     |
|    critic_loss     | 0.125    |
|    ent_coef        | 0.0103   |
|    ent_coef_loss   | 0.507    |
|    learning_rate   | 0.001    |
|    n_updates       | 7899     |
---------------------------------
---------------------------------
| rollout/           |          |
|    ep_len_mean     | 50       |
|    ep_rew_mean     | -30.4    |
|    success_rate    | 0.37     |
| time/              |          |
|    episodes        | 164      |
|    fps             | 128      |
|    time_elapsed    | 64       |
|    total_timesteps | 8200     |
| train/             |          |
|    actor_loss      | 2.17     |
|    critic_loss     | 0.105    |
|    ent_coef        | 0.0101   |
|    ent_coef_loss   | 0.479    |
|    learning_rate   | 0.001    |
|    n_updates       | 8099     |
---------------------------------
---------------------------------
| rollout/           |          |
|    ep_len_mean     | 50       |
|    ep_rew_mean     | -28.7    |
|    success_rate    | 0.41     |
| time/              |          |
|    episodes        | 168      |
|    fps             | 128      |
|    time_elapsed    | 65       |
|    total_timesteps | 8400     |
| train/             |          |
|    actor_loss      | 1.39     |
|    critic_loss     | 0.156    |
|    ent_coef        | 0.00995  |
|    ent_coef_loss   | -1.49    |
|    learning_rate   | 0.001    |
|    n_updates       | 8299     |
---------------------------------
---------------------------------
| rollout/           |          |
|    ep_len_mean     | 50       |
|    ep_rew_mean     | -26.9    |
|    success_rate    | 0.45     |
| time/              |          |
|    episodes        | 172      |
|    fps             | 127      |
|    time_elapsed    | 67       |
|    total_timesteps | 8600     |
| train/             |          |
|    actor_loss      | 1.94     |
|    critic_loss     | 0.1      |
|    ent_coef        | 0.00948  |
|    ent_coef_loss   | 0.352    |
|    learning_rate   | 0.001    |
|    n_updates       | 8499     |
---------------------------------
---------------------------------
| rollout/           |          |
|    ep_len_mean     | 50       |
|    ep_rew_mean     | -25.8    |
|    success_rate    | 0.47     |
| time/              |          |
|    episodes        | 176      |
|    fps             | 127      |
|    time_elapsed    | 68       |
|    total_timesteps | 8800     |
| train/             |          |
|    actor_loss      | 1.74     |
|    critic_loss     | 0.107    |
|    ent_coef        | 0.00947  |
|    ent_coef_loss   | -1.44    |
|    learning_rate   | 0.001    |
|    n_updates       | 8699     |
---------------------------------
---------------------------------
| rollout/           |          |
|    ep_len_mean     | 50       |
|    ep_rew_mean     | -24.8    |
|    success_rate    | 0.49     |
| time/              |          |
|    episodes        | 180      |
|    fps             | 127      |
|    time_elapsed    | 70       |
|    total_timesteps | 9000     |
| train/             |          |
|    actor_loss      | 1.81     |
|    critic_loss     | 0.105    |
|    ent_coef        | 0.00907  |
|    ent_coef_loss   | -2.06    |
|    learning_rate   | 0.001    |
|    n_updates       | 8899     |
---------------------------------
---------------------------------
| rollout/           |          |
|    ep_len_mean     | 50       |
|    ep_rew_mean     | -23.5    |
|    success_rate    | 0.52     |
| time/              |          |
|    episodes        | 184      |
|    fps             | 127      |
|    time_elapsed    | 71       |
|    total_timesteps | 9200     |
| train/             |          |
|    actor_loss      | 1.57     |
|    critic_loss     | 0.0935   |
|    ent_coef        | 0.00892  |
|    ent_coef_loss   | -1.03    |
|    learning_rate   | 0.001    |
|    n_updates       | 9099     |
---------------------------------
---------------------------------
| rollout/           |          |
|    ep_len_mean     | 50       |
|    ep_rew_mean     | -21.8    |
|    success_rate    | 0.56     |
| time/              |          |
|    episodes        | 188      |
|    fps             | 127      |
|    time_elapsed    | 73       |
|    total_timesteps | 9400     |
| train/             |          |
|    actor_loss      | 1.95     |
|    critic_loss     | 0.123    |
|    ent_coef        | 0.00857  |
|    ent_coef_loss   | 1.73     |
|    learning_rate   | 0.001    |
|    n_updates       | 9299     |
---------------------------------
---------------------------------
| rollout/           |          |
|    ep_len_mean     | 50       |
|    ep_rew_mean     | -19.8    |
|    success_rate    | 0.6      |
| time/              |          |
|    episodes        | 192      |
|    fps             | 127      |
|    time_elapsed    | 75       |
|    total_timesteps | 9600     |
| train/             |          |
|    actor_loss      | 1.8      |
|    critic_loss     | 0.102    |
|    ent_coef        | 0.00833  |
|    ent_coef_loss   | 0.497    |
|    learning_rate   | 0.001    |
|    n_updates       | 9499     |
---------------------------------
---------------------------------
| rollout/           |          |
|    ep_len_mean     | 50       |
|    ep_rew_mean     | -18.4    |
|    success_rate    | 0.63     |
| time/              |          |
|    episodes        | 196      |
|    fps             | 127      |
|    time_elapsed    | 76       |
|    total_timesteps | 9800     |
| train/             |          |
|    actor_loss      | 1.81     |
|    critic_loss     | 0.0992   |
|    ent_coef        | 0.00835  |
|    ent_coef_loss   | 0.758    |
|    learning_rate   | 0.001    |
|    n_updates       | 9699     |
---------------------------------
---------------------------------
| rollout/           |          |
|    ep_len_mean     | 50       |
|    ep_rew_mean     | -17.4    |
|    success_rate    | 0.65     |
| time/              |          |
|    episodes        | 200      |
|    fps             | 127      |
|    time_elapsed    | 78       |
|    total_timesteps | 10000    |
| train/             |          |
|    actor_loss      | 1.86     |
|    critic_loss     | 0.113    |
|    ent_coef        | 0.00829  |
|    ent_coef_loss   | 0.107    |
|    learning_rate   | 0.001    |
|    n_updates       | 9899     |
---------------------------------
---------------------------------
| rollout/           |          |
|    ep_len_mean     | 50       |
|    ep_rew_mean     | -16.4    |
|    success_rate    | 0.67     |
| time/              |          |
|    episodes        | 204      |
|    fps             | 127      |
|    time_elapsed    | 79       |
|    total_timesteps | 10200    |
| train/             |          |
|    actor_loss      | 1.86     |
|    critic_loss     | 0.0755   |
|    ent_coef        | 0.00834  |
|    ent_coef_loss   | 0.122    |
|    learning_rate   | 0.001    |
|    n_updates       | 10099    |
---------------------------------
---------------------------------
| rollout/           |          |
|    ep_len_mean     | 50       |
|    ep_rew_mean     | -15.8    |
|    success_rate    | 0.7      |
| time/              |          |
|    episodes        | 208      |
|    fps             | 127      |
|    time_elapsed    | 81       |
|    total_timesteps | 10400    |
| train/             |          |
|    actor_loss      | 1.25     |
|    critic_loss     | 0.0764   |
|    ent_coef        | 0.00822  |
|    ent_coef_loss   | -0.8     |
|    learning_rate   | 0.001    |
|    n_updates       | 10299    |
---------------------------------
---------------------------------
| rollout/           |          |
|    ep_len_mean     | 50       |
|    ep_rew_mean     | -14.7    |
|    success_rate    | 0.72     |
| time/              |          |
|    episodes        | 212      |
|    fps             | 127      |
|    time_elapsed    | 83       |
|    total_timesteps | 10600    |
| train/             |          |
|    actor_loss      | 1.82     |
|    critic_loss     | 0.0796   |
|    ent_coef        | 0.00815  |
|    ent_coef_loss   | 1.57     |
|    learning_rate   | 0.001    |
|    n_updates       | 10499    |
---------------------------------
---------------------------------
| rollout/           |          |
|    ep_len_mean     | 50       |
|    ep_rew_mean     | -13.1    |
|    success_rate    | 0.76     |
| time/              |          |
|    episodes        | 216      |
|    fps             | 127      |
|    time_elapsed    | 84       |
|    total_timesteps | 10800    |
| train/             |          |
|    actor_loss      | 1.47     |
|    critic_loss     | 0.0799   |
|    ent_coef        | 0.00786  |
|    ent_coef_loss   | -2.4     |
|    learning_rate   | 0.001    |
|    n_updates       | 10699    |
---------------------------------
---------------------------------
| rollout/           |          |
|    ep_len_mean     | 50       |
|    ep_rew_mean     | -11.6    |
|    success_rate    | 0.8      |
| time/              |          |
|    episodes        | 220      |
|    fps             | 127      |
|    time_elapsed    | 86       |
|    total_timesteps | 11000    |
| train/             |          |
|    actor_loss      | 1.33     |
|    critic_loss     | 0.079    |
|    ent_coef        | 0.00758  |
|    ent_coef_loss   | 0.0811   |
|    learning_rate   | 0.001    |
|    n_updates       | 10899    |
---------------------------------
---------------------------------
| rollout/           |          |
|    ep_len_mean     | 50       |
|    ep_rew_mean     | -10.9    |
|    success_rate    | 0.82     |
| time/              |          |
|    episodes        | 224      |
|    fps             | 127      |
|    time_elapsed    | 87       |
|    total_timesteps | 11200    |
| train/             |          |
|    actor_loss      | 1.75     |
|    critic_loss     | 0.101    |
|    ent_coef        | 0.00763  |
|    ent_coef_loss   | 2.57     |
|    learning_rate   | 0.001    |
|    n_updates       | 11099    |
---------------------------------
---------------------------------
| rollout/           |          |
|    ep_len_mean     | 50       |
|    ep_rew_mean     | -9.51    |
|    success_rate    | 0.85     |
| time/              |          |
|    episodes        | 228      |
|    fps             | 127      |
|    time_elapsed    | 89       |
|    total_timesteps | 11400    |
| train/             |          |
|    actor_loss      | 1.24     |
|    critic_loss     | 0.0697   |
|    ent_coef        | 0.00728  |
|    ent_coef_loss   | -0.874   |
|    learning_rate   | 0.001    |
|    n_updates       | 11299    |
---------------------------------
---------------------------------
| rollout/           |          |
|    ep_len_mean     | 50       |
|    ep_rew_mean     | -8.36    |
|    success_rate    | 0.87     |
| time/              |          |
|    episodes        | 232      |
|    fps             | 127      |
|    time_elapsed    | 90       |
|    total_timesteps | 11600    |
| train/             |          |
|    actor_loss      | 1.19     |
|    critic_loss     | 0.0729   |
|    ent_coef        | 0.00706  |
|    ent_coef_loss   | -0.552   |
|    learning_rate   | 0.001    |
|    n_updates       | 11499    |
---------------------------------
---------------------------------
| rollout/           |          |
|    ep_len_mean     | 50       |
|    ep_rew_mean     | -7.18    |
|    success_rate    | 0.9      |
| time/              |          |
|    episodes        | 236      |
|    fps             | 127      |
|    time_elapsed    | 92       |
|    total_timesteps | 11800    |
| train/             |          |
|    actor_loss      | 1.98     |
|    critic_loss     | 0.0924   |
|    ent_coef        | 0.00705  |
|    ent_coef_loss   | 1.98     |
|    learning_rate   | 0.001    |
|    n_updates       | 11699    |
---------------------------------
---------------------------------
| rollout/           |          |
|    ep_len_mean     | 50       |
|    ep_rew_mean     | -6.5     |
|    success_rate    | 0.92     |
| time/              |          |
|    episodes        | 240      |
|    fps             | 127      |
|    time_elapsed    | 94       |
|    total_timesteps | 12000    |
| train/             |          |
|    actor_loss      | 1.37     |
|    critic_loss     | 0.0598   |
|    ent_coef        | 0.00695  |
|    ent_coef_loss   | 0.229    |
|    learning_rate   | 0.001    |
|    n_updates       | 11899    |
---------------------------------
---------------------------------
| rollout/           |          |
|    ep_len_mean     | 50       |
|    ep_rew_mean     | -5.13    |
|    success_rate    | 0.94     |
| time/              |          |
|    episodes        | 244      |
|    fps             | 127      |
|    time_elapsed    | 95       |
|    total_timesteps | 12200    |
| train/             |          |
|    actor_loss      | 1.09     |
|    critic_loss     | 0.074    |
|    ent_coef        | 0.00671  |
|    ent_coef_loss   | 0.482    |
|    learning_rate   | 0.001    |
|    n_updates       | 12099    |
---------------------------------
---------------------------------
| rollout/           |          |
|    ep_len_mean     | 50       |
|    ep_rew_mean     | -4.08    |
|    success_rate    | 0.96     |
| time/              |          |
|    episodes        | 248      |
|    fps             | 127      |
|    time_elapsed    | 97       |
|    total_timesteps | 12400    |
| train/             |          |
|    actor_loss      | 1.11     |
|    critic_loss     | 0.0814   |
|    ent_coef        | 0.00663  |
|    ent_coef_loss   | -0.754   |
|    learning_rate   | 0.001    |
|    n_updates       | 12299    |
---------------------------------
---------------------------------
| rollout/           |          |
|    ep_len_mean     | 50       |
|    ep_rew_mean     | -3.91    |
|    success_rate    | 0.96     |
| time/              |          |
|    episodes        | 252      |
|    fps             | 127      |
|    time_elapsed    | 98       |
|    total_timesteps | 12600    |
| train/             |          |
|    actor_loss      | 1.07     |
|    critic_loss     | 0.0604   |
|    ent_coef        | 0.00644  |
|    ent_coef_loss   | -1.1     |
|    learning_rate   | 0.001    |
|    n_updates       | 12499    |
---------------------------------
---------------------------------
| rollout/           |          |
|    ep_len_mean     | 50       |
|    ep_rew_mean     | -3.71    |
|    success_rate    | 0.96     |
| time/              |          |
|    episodes        | 256      |
|    fps             | 127      |
|    time_elapsed    | 100      |
|    total_timesteps | 12800    |
| train/             |          |
|    actor_loss      | 1.1      |
|    critic_loss     | 0.0553   |
|    ent_coef        | 0.0063   |
|    ent_coef_loss   | -0.835   |
|    learning_rate   | 0.001    |
|    n_updates       | 12699    |
---------------------------------
---------------------------------
| rollout/           |          |
|    ep_len_mean     | 50       |
|    ep_rew_mean     | -3.62    |
|    success_rate    | 0.97     |
| time/              |          |
|    episodes        | 260      |
|    fps             | 127      |
|    time_elapsed    | 101      |
|    total_timesteps | 13000    |
| train/             |          |
|    actor_loss      | 1.17     |
|    critic_loss     | 0.0566   |
|    ent_coef        | 0.00608  |
|    ent_coef_loss   | 0.0938   |
|    learning_rate   | 0.001    |
|    n_updates       | 12899    |
---------------------------------
---------------------------------
| rollout/           |          |
|    ep_len_mean     | 50       |
|    ep_rew_mean     | -3.35    |
|    success_rate    | 0.97     |
| time/              |          |
|    episodes        | 264      |
|    fps             | 127      |
|    time_elapsed    | 103      |
|    total_timesteps | 13200    |
| train/             |          |
|    actor_loss      | 0.974    |
|    critic_loss     | 0.0555   |
|    ent_coef        | 0.00581  |
|    ent_coef_loss   | -1.62    |
|    learning_rate   | 0.001    |
|    n_updates       | 13099    |
---------------------------------
---------------------------------
| rollout/           |          |
|    ep_len_mean     | 50       |
|    ep_rew_mean     | -3.34    |
|    success_rate    | 0.97     |
| time/              |          |
|    episodes        | 268      |
|    fps             | 127      |
|    time_elapsed    | 105      |
|    total_timesteps | 13400    |
| train/             |          |
|    actor_loss      | 0.982    |
|    critic_loss     | 0.0397   |
|    ent_coef        | 0.00567  |
|    ent_coef_loss   | 0.366    |
|    learning_rate   | 0.001    |
|    n_updates       | 13299    |
---------------------------------
---------------------------------
| rollout/           |          |
|    ep_len_mean     | 50       |
|    ep_rew_mean     | -3.23    |
|    success_rate    | 0.97     |
| time/              |          |
|    episodes        | 272      |
|    fps             | 127      |
|    time_elapsed    | 106      |
|    total_timesteps | 13600    |
| train/             |          |
|    actor_loss      | 0.923    |
|    critic_loss     | 0.048    |
|    ent_coef        | 0.00535  |
|    ent_coef_loss   | -0.0742  |
|    learning_rate   | 0.001    |
|    n_updates       | 13499    |
---------------------------------
---------------------------------
| rollout/           |          |
|    ep_len_mean     | 50       |
|    ep_rew_mean     | -2.78    |
|    success_rate    | 0.98     |
| time/              |          |
|    episodes        | 276      |
|    fps             | 127      |
|    time_elapsed    | 108      |
|    total_timesteps | 13800    |
| train/             |          |
|    actor_loss      | 1.11     |
|    critic_loss     | 0.0567   |
|    ent_coef        | 0.00528  |
|    ent_coef_loss   | -0.78    |
|    learning_rate   | 0.001    |
|    n_updates       | 13699    |
---------------------------------
---------------------------------
| rollout/           |          |
|    ep_len_mean     | 50       |
|    ep_rew_mean     | -2.3     |
|    success_rate    | 0.99     |
| time/              |          |
|    episodes        | 280      |
|    fps             | 127      |
|    time_elapsed    | 109      |
|    total_timesteps | 14000    |
| train/             |          |
|    actor_loss      | 1        |
|    critic_loss     | 0.0516   |
|    ent_coef        | 0.00524  |
|    ent_coef_loss   | 0.926    |
|    learning_rate   | 0.001    |
|    n_updates       | 13899    |
---------------------------------
---------------------------------
| rollout/           |          |
|    ep_len_mean     | 50       |
|    ep_rew_mean     | -1.83    |
|    success_rate    | 1        |
| time/              |          |
|    episodes        | 284      |
|    fps             | 127      |
|    time_elapsed    | 111      |
|    total_timesteps | 14200    |
| train/             |          |
|    actor_loss      | 0.752    |
|    critic_loss     | 0.0552   |
|    ent_coef        | 0.00519  |
|    ent_coef_loss   | 0.256    |
|    learning_rate   | 0.001    |
|    n_updates       | 14099    |
---------------------------------
---------------------------------
| rollout/           |          |
|    ep_len_mean     | 50       |
|    ep_rew_mean     | -1.81    |
|    success_rate    | 1        |
| time/              |          |
|    episodes        | 288      |
|    fps             | 127      |
|    time_elapsed    | 112      |
|    total_timesteps | 14400    |
| train/             |          |
|    actor_loss      | 1.02     |
|    critic_loss     | 0.0477   |
|    ent_coef        | 0.00514  |
|    ent_coef_loss   | -0.689   |
|    learning_rate   | 0.001    |
|    n_updates       | 14299    |
---------------------------------
---------------------------------
| rollout/           |          |
|    ep_len_mean     | 50       |
|    ep_rew_mean     | -1.8     |
|    success_rate    | 1        |
| time/              |          |
|    episodes        | 292      |
|    fps             | 127      |
|    time_elapsed    | 114      |
|    total_timesteps | 14600    |
| train/             |          |
|    actor_loss      | 1.1      |
|    critic_loss     | 0.036    |
|    ent_coef        | 0.00501  |
|    ent_coef_loss   | -0.791   |
|    learning_rate   | 0.001    |
|    n_updates       | 14499    |
---------------------------------
---------------------------------
| rollout/           |          |
|    ep_len_mean     | 50       |
|    ep_rew_mean     | -1.78    |
|    success_rate    | 1        |
| time/              |          |
|    episodes        | 296      |
|    fps             | 127      |
|    time_elapsed    | 116      |
|    total_timesteps | 14800    |
| train/             |          |
|    actor_loss      | 1        |
|    critic_loss     | 0.0456   |
|    ent_coef        | 0.00471  |
|    ent_coef_loss   | 2.49     |
|    learning_rate   | 0.001    |
|    n_updates       | 14699    |
---------------------------------
---------------------------------
| rollout/           |          |
|    ep_len_mean     | 50       |
|    ep_rew_mean     | -1.79    |
|    success_rate    | 1        |
| time/              |          |
|    episodes        | 300      |
|    fps             | 127      |
|    time_elapsed    | 117      |
|    total_timesteps | 15000    |
| train/             |          |
|    actor_loss      | 0.818    |
|    critic_loss     | 0.0393   |
|    ent_coef        | 0.0045   |
|    ent_coef_loss   | 0.296    |
|    learning_rate   | 0.001    |
|    n_updates       | 14899    |
---------------------------------
---------------------------------
| rollout/           |          |
|    ep_len_mean     | 50       |
|    ep_rew_mean     | -1.78    |
|    success_rate    | 1        |
| time/              |          |
|    episodes        | 304      |
|    fps             | 127      |
|    time_elapsed    | 119      |
|    total_timesteps | 15200    |
| train/             |          |
|    actor_loss      | 0.884    |
|    critic_loss     | 0.0467   |
|    ent_coef        | 0.00447  |
|    ent_coef_loss   | -1.73    |
|    learning_rate   | 0.001    |
|    n_updates       | 15099    |
---------------------------------
---------------------------------
| rollout/           |          |
|    ep_len_mean     | 50       |
|    ep_rew_mean     | -1.77    |
|    success_rate    | 1        |
| time/              |          |
|    episodes        | 308      |
|    fps             | 127      |
|    time_elapsed    | 120      |
|    total_timesteps | 15400    |
| train/             |          |
|    actor_loss      | 0.936    |
|    critic_loss     | 0.0496   |
|    ent_coef        | 0.00435  |
|    ent_coef_loss   | 1.38     |
|    learning_rate   | 0.001    |
|    n_updates       | 15299    |
---------------------------------
---------------------------------
| rollout/           |          |
|    ep_len_mean     | 50       |
|    ep_rew_mean     | -1.74    |
|    success_rate    | 1        |
| time/              |          |
|    episodes        | 312      |
|    fps             | 127      |
|    time_elapsed    | 122      |
|    total_timesteps | 15600    |
| train/             |          |
|    actor_loss      | 0.943    |
|    critic_loss     | 0.0451   |
|    ent_coef        | 0.00437  |
|    ent_coef_loss   | 2.4      |
|    learning_rate   | 0.001    |
|    n_updates       | 15499    |
---------------------------------
---------------------------------
| rollout/           |          |
|    ep_len_mean     | 50       |
|    ep_rew_mean     | -1.63    |
|    success_rate    | 1        |
| time/              |          |
|    episodes        | 316      |
|    fps             | 127      |
|    time_elapsed    | 124      |
|    total_timesteps | 15800    |
| train/             |          |
|    actor_loss      | 0.816    |
|    critic_loss     | 0.0395   |
|    ent_coef        | 0.00406  |
|    ent_coef_loss   | 0.775    |
|    learning_rate   | 0.001    |
|    n_updates       | 15699    |
---------------------------------
---------------------------------
| rollout/           |          |
|    ep_len_mean     | 50       |
|    ep_rew_mean     | -1.54    |
|    success_rate    | 1        |
| time/              |          |
|    episodes        | 320      |
|    fps             | 127      |
|    time_elapsed    | 125      |
|    total_timesteps | 16000    |
| train/             |          |
|    actor_loss      | 0.792    |
|    critic_loss     | 0.0397   |
|    ent_coef        | 0.00389  |
|    ent_coef_loss   | -2.33    |
|    learning_rate   | 0.001    |
|    n_updates       | 15899    |
---------------------------------
---------------------------------
| rollout/           |          |
|    ep_len_mean     | 50       |
|    ep_rew_mean     | -1.55    |
|    success_rate    | 1        |
| time/              |          |
|    episodes        | 324      |
|    fps             | 127      |
|    time_elapsed    | 127      |
|    total_timesteps | 16200    |
| train/             |          |
|    actor_loss      | 0.642    |
|    critic_loss     | 0.038    |
|    ent_coef        | 0.0037   |
|    ent_coef_loss   | -2.3     |
|    learning_rate   | 0.001    |
|    n_updates       | 16099    |
---------------------------------
---------------------------------
| rollout/           |          |
|    ep_len_mean     | 50       |
|    ep_rew_mean     | -1.55    |
|    success_rate    | 1        |
| time/              |          |
|    episodes        | 328      |
|    fps             | 127      |
|    time_elapsed    | 128      |
|    total_timesteps | 16400    |
| train/             |          |
|    actor_loss      | 0.749    |
|    critic_loss     | 0.0287   |
|    ent_coef        | 0.00362  |
|    ent_coef_loss   | 0.426    |
|    learning_rate   | 0.001    |
|    n_updates       | 16299    |
---------------------------------
---------------------------------
| rollout/           |          |
|    ep_len_mean     | 50       |
|    ep_rew_mean     | -1.53    |
|    success_rate    | 1        |
| time/              |          |
|    episodes        | 332      |
|    fps             | 127      |
|    time_elapsed    | 130      |
|    total_timesteps | 16600    |
| train/             |          |
|    actor_loss      | 0.622    |
|    critic_loss     | 0.0367   |
|    ent_coef        | 0.00354  |
|    ent_coef_loss   | -0.354   |
|    learning_rate   | 0.001    |
|    n_updates       | 16499    |
---------------------------------
---------------------------------
| rollout/           |          |
|    ep_len_mean     | 50       |
|    ep_rew_mean     | -1.58    |
|    success_rate    | 1        |
| time/              |          |
|    episodes        | 336      |
|    fps             | 127      |
|    time_elapsed    | 131      |
|    total_timesteps | 16800    |
| train/             |          |
|    actor_loss      | 0.789    |
|    critic_loss     | 0.0575   |
|    ent_coef        | 0.00348  |
|    ent_coef_loss   | -1.49    |
|    learning_rate   | 0.001    |
|    n_updates       | 16699    |
---------------------------------
---------------------------------
| rollout/           |          |
|    ep_len_mean     | 50       |
|    ep_rew_mean     | -1.61    |
|    success_rate    | 1        |
| time/              |          |
|    episodes        | 340      |
|    fps             | 127      |
|    time_elapsed    | 133      |
|    total_timesteps | 17000    |
| train/             |          |
|    actor_loss      | 0.551    |
|    critic_loss     | 0.0256   |
|    ent_coef        | 0.0033   |
|    ent_coef_loss   | -2.1     |
|    learning_rate   | 0.001    |
|    n_updates       | 16899    |
---------------------------------
---------------------------------
| rollout/           |          |
|    ep_len_mean     | 50       |
|    ep_rew_mean     | -1.62    |
|    success_rate    | 1        |
| time/              |          |
|    episodes        | 344      |
|    fps             | 127      |
|    time_elapsed    | 135      |
|    total_timesteps | 17200    |
| train/             |          |
|    actor_loss      | 0.665    |
|    critic_loss     | 0.0373   |
|    ent_coef        | 0.0031   |
|    ent_coef_loss   | 0.451    |
|    learning_rate   | 0.001    |
|    n_updates       | 17099    |
---------------------------------
---------------------------------
| rollout/           |          |
|    ep_len_mean     | 50       |
|    ep_rew_mean     | -1.62    |
|    success_rate    | 1        |
| time/              |          |
|    episodes        | 348      |
|    fps             | 127      |
|    time_elapsed    | 136      |
|    total_timesteps | 17400    |
| train/             |          |
|    actor_loss      | 0.631    |
|    critic_loss     | 0.0382   |
|    ent_coef        | 0.00305  |
|    ent_coef_loss   | -0.718   |
|    learning_rate   | 0.001    |
|    n_updates       | 17299    |
---------------------------------
---------------------------------
| rollout/           |          |
|    ep_len_mean     | 50       |
|    ep_rew_mean     | -1.65    |
|    success_rate    | 1        |
| time/              |          |
|    episodes        | 352      |
|    fps             | 127      |
|    time_elapsed    | 138      |
|    total_timesteps | 17600    |
| train/             |          |
|    actor_loss      | 0.608    |
|    critic_loss     | 0.0367   |
|    ent_coef        | 0.00293  |
|    ent_coef_loss   | 0.206    |
|    learning_rate   | 0.001    |
|    n_updates       | 17499    |
---------------------------------
---------------------------------
| rollout/           |          |
|    ep_len_mean     | 50       |
|    ep_rew_mean     | -1.64    |
|    success_rate    | 1        |
| time/              |          |
|    episodes        | 356      |
|    fps             | 127      |
|    time_elapsed    | 139      |
|    total_timesteps | 17800    |
| train/             |          |
|    actor_loss      | 0.687    |
|    critic_loss     | 0.0315   |
|    ent_coef        | 0.0029   |
|    ent_coef_loss   | -2.14    |
|    learning_rate   | 0.001    |
|    n_updates       | 17699    |
---------------------------------
---------------------------------
| rollout/           |          |
|    ep_len_mean     | 50       |
|    ep_rew_mean     | -1.65    |
|    success_rate    | 1        |
| time/              |          |
|    episodes        | 360      |
|    fps             | 127      |
|    time_elapsed    | 141      |
|    total_timesteps | 18000    |
| train/             |          |
|    actor_loss      | 0.647    |
|    critic_loss     | 0.0479   |
|    ent_coef        | 0.00275  |
|    ent_coef_loss   | 0.905    |
|    learning_rate   | 0.001    |
|    n_updates       | 17899    |
---------------------------------
---------------------------------
| rollout/           |          |
|    ep_len_mean     | 50       |
|    ep_rew_mean     | -1.67    |
|    success_rate    | 1        |
| time/              |          |
|    episodes        | 364      |
|    fps             | 127      |
|    time_elapsed    | 143      |
|    total_timesteps | 18200    |
| train/             |          |
|    actor_loss      | 0.69     |
|    critic_loss     | 0.043    |
|    ent_coef        | 0.00274  |
|    ent_coef_loss   | -0.252   |
|    learning_rate   | 0.001    |
|    n_updates       | 18099    |
---------------------------------
---------------------------------
| rollout/           |          |
|    ep_len_mean     | 50       |
|    ep_rew_mean     | -1.64    |
|    success_rate    | 1        |
| time/              |          |
|    episodes        | 368      |
|    fps             | 127      |
|    time_elapsed    | 144      |
|    total_timesteps | 18400    |
| train/             |          |
|    actor_loss      | 0.803    |
|    critic_loss     | 0.0368   |
|    ent_coef        | 0.00255  |
|    ent_coef_loss   | 2.12     |
|    learning_rate   | 0.001    |
|    n_updates       | 18299    |
---------------------------------
---------------------------------
| rollout/           |          |
|    ep_len_mean     | 50       |
|    ep_rew_mean     | -1.62    |
|    success_rate    | 1        |
| time/              |          |
|    episodes        | 372      |
|    fps             | 127      |
|    time_elapsed    | 146      |
|    total_timesteps | 18600    |
| train/             |          |
|    actor_loss      | 0.545    |
|    critic_loss     | 0.0279   |
|    ent_coef        | 0.00252  |
|    ent_coef_loss   | -2.74    |
|    learning_rate   | 0.001    |
|    n_updates       | 18499    |
---------------------------------
---------------------------------
| rollout/           |          |
|    ep_len_mean     | 50       |
|    ep_rew_mean     | -1.59    |
|    success_rate    | 1        |
| time/              |          |
|    episodes        | 376      |
|    fps             | 127      |
|    time_elapsed    | 147      |
|    total_timesteps | 18800    |
| train/             |          |
|    actor_loss      | 0.662    |
|    critic_loss     | 0.0378   |
|    ent_coef        | 0.00258  |
|    ent_coef_loss   | -0.875   |
|    learning_rate   | 0.001    |
|    n_updates       | 18699    |
---------------------------------
---------------------------------
| rollout/           |          |
|    ep_len_mean     | 50       |
|    ep_rew_mean     | -1.58    |
|    success_rate    | 1        |
| time/              |          |
|    episodes        | 380      |
|    fps             | 127      |
|    time_elapsed    | 149      |
|    total_timesteps | 19000    |
| train/             |          |
|    actor_loss      | 0.352    |
|    critic_loss     | 0.0301   |
|    ent_coef        | 0.00253  |
|    ent_coef_loss   | -0.038   |
|    learning_rate   | 0.001    |
|    n_updates       | 18899    |
---------------------------------
---------------------------------
| rollout/           |          |
|    ep_len_mean     | 50       |
|    ep_rew_mean     | -1.63    |
|    success_rate    | 1        |
| time/              |          |
|    episodes        | 384      |
|    fps             | 127      |
|    time_elapsed    | 150      |
|    total_timesteps | 19200    |
| train/             |          |
|    actor_loss      | 0.671    |
|    critic_loss     | 0.0299   |
|    ent_coef        | 0.00234  |
|    ent_coef_loss   | -0.493   |
|    learning_rate   | 0.001    |
|    n_updates       | 19099    |
---------------------------------
---------------------------------
| rollout/           |          |
|    ep_len_mean     | 50       |
|    ep_rew_mean     | -1.62    |
|    success_rate    | 1        |
| time/              |          |
|    episodes        | 388      |
|    fps             | 127      |
|    time_elapsed    | 152      |
|    total_timesteps | 19400    |
| train/             |          |
|    actor_loss      | 0.472    |
|    critic_loss     | 0.0301   |
|    ent_coef        | 0.00234  |
|    ent_coef_loss   | -2.19    |
|    learning_rate   | 0.001    |
|    n_updates       | 19299    |
---------------------------------
---------------------------------
| rollout/           |          |
|    ep_len_mean     | 50       |
|    ep_rew_mean     | -1.66    |
|    success_rate    | 1        |
| time/              |          |
|    episodes        | 392      |
|    fps             | 127      |
|    time_elapsed    | 154      |
|    total_timesteps | 19600    |
| train/             |          |
|    actor_loss      | 0.604    |
|    critic_loss     | 0.0283   |
|    ent_coef        | 0.00227  |
|    ent_coef_loss   | 2.18     |
|    learning_rate   | 0.001    |
|    n_updates       | 19499    |
---------------------------------
---------------------------------
| rollout/           |          |
|    ep_len_mean     | 50       |
|    ep_rew_mean     | -1.66    |
|    success_rate    | 1        |
| time/              |          |
|    episodes        | 396      |
|    fps             | 127      |
|    time_elapsed    | 155      |
|    total_timesteps | 19800    |
| train/             |          |
|    actor_loss      | 0.625    |
|    critic_loss     | 0.0339   |
|    ent_coef        | 0.00217  |
|    ent_coef_loss   | -4.72    |
|    learning_rate   | 0.001    |
|    n_updates       | 19699    |
---------------------------------
---------------------------------
| rollout/           |          |
|    ep_len_mean     | 50       |
|    ep_rew_mean     | -1.64    |
|    success_rate    | 1        |
| time/              |          |
|    episodes        | 400      |
|    fps             | 127      |
|    time_elapsed    | 157      |
|    total_timesteps | 20000    |
| train/             |          |
|    actor_loss      | 0.419    |
|    critic_loss     | 0.0245   |
|    ent_coef        | 0.00219  |
|    ent_coef_loss   | 0.753    |
|    learning_rate   | 0.001    |
|    n_updates       | 19899    |
---------------------------------
success_rate=1.000 over 50 episodes
