AdroitHandRelocateDense-v1, AdroitHandHammerDense-v1, AdroitHandDoorDense-v1 environment's reward functions were updated in v1.2.1 without an environment version update. Therefore, use gymnasium-robotics==1.2.0 for v1 reproducibility or use v2 in gymnasium-robotics>=1.4.3. See https://github.com/Farama-Foundation/Gymnasium-Robotics/pull/220 for more details
Using cpu device
Wrapping the env with a `Monitor` wrapper
Wrapping the env in a DummyVecEnv.
---------------------------------
| rollout/           |          |
|    ep_len_mean     | 50       |
|    ep_rew_mean     | -50      |
|    success_rate    | 0        |
| time/              |          |
|    episodes        | 4        |
|    fps             | 135      |
|    time_elapsed    | 1        |
|    total_timesteps | 200      |
| train/             |          |
|    actor_loss      | -4.45    |
|    critic_loss     | 0.205    |
|    ent_coef        | 0.907    |
|    ent_coef_loss   | -0.663   |
|    learning_rate   | 0.001    |
|    n_updates       | 99       |
---------------------------------
---------------------------------
| rollout/           |          |
|    ep_len_mean     | 50       |
|    ep_rew_mean     | -49.5    |
|    success_rate    | 0        |
| time/              |          |
|    episodes        | 8        |
|    fps             | 86       |
|    time_elapsed    | 4        |
|    total_timesteps | 400      |
| train/             |          |
|    actor_loss      | -4.43    |
|    critic_loss     | 0.159    |
|    ent_coef        | 0.742    |
|    ent_coef_loss   | -2.01    |
|    learning_rate   | 0.001    |
|    n_updates       | 299      |
---------------------------------
---------------------------------
| rollout/           |          |
|    ep_len_mean     | 50       |
|    ep_rew_mean     | -49.7    |
|    success_rate    | 0        |
| time/              |          |
|    episodes        | 12       |
|    fps             | 78       |
|    time_elapsed    | 7        |
|    total_timesteps | 600      |
| train/             |          |
|    actor_loss      | -4.45    |
|    critic_loss     | 0.173    |
|    ent_coef        | 0.608    |
|    ent_coef_loss   | -3.36    |
|    learning_rate   | 0.001    |
|    n_updates       | 499      |
---------------------------------
---------------------------------
| rollout/           |          |
|    ep_len_mean     | 50       |
|    ep_rew_mean     | -49.6    |
|    success_rate    | 0        |
| time/              |          |
|    episodes        | 16       |
|    fps             | 75       |
|    time_elapsed    | 10       |
|    total_timesteps | 800      |
| train/             |          |
|    actor_loss      | -4.36    |
|    critic_loss     | 0.157    |
|    ent_coef        | 0.498    |
|    ent_coef_loss   | -4.68    |
|    learning_rate   | 0.001    |
|    n_updates       | 699      |
---------------------------------
---------------------------------
| rollout/           |          |
|    ep_len_mean     | 50       |
|    ep_rew_mean     | -48.9    |
|    success_rate    | 0        |
| time/              |          |
|    episodes        | 20       |
|    fps             | 73       |
|    time_elapsed    | 13       |
|    total_timesteps | 1000     |
| train/             |          |
|    actor_loss      | -4.21    |
|    critic_loss     | 0.158    |
|    ent_coef        | 0.407    |
|    ent_coef_loss   | -6.04    |
|    learning_rate   | 0.001    |
|    n_updates       | 899      |
---------------------------------
---------------------------------
| rollout/           |          |
|    ep_len_mean     | 50       |
|    ep_rew_mean     | -49      |
|    success_rate    | 0        |
| time/              |          |
|    episodes        | 24       |
|    fps             | 72       |
|    time_elapsed    | 16       |
|    total_timesteps | 1200     |
| train/             |          |
|    actor_loss      | -3.79    |
|    critic_loss     | 0.156    |
|    ent_coef        | 0.334    |
|    ent_coef_loss   | -7.39    |
|    learning_rate   | 0.001    |
|    n_updates       | 1099     |
---------------------------------
---------------------------------
| rollout/           |          |
|    ep_len_mean     | 50       |
|    ep_rew_mean     | -49.1    |
|    success_rate    | 0        |
| time/              |          |
|    episodes        | 28       |
|    fps             | 71       |
|    time_elapsed    | 19       |
|    total_timesteps | 1400     |
| train/             |          |
|    actor_loss      | -3.58    |
|    critic_loss     | 0.169    |
|    ent_coef        | 0.273    |
|    ent_coef_loss   | -8.48    |
|    learning_rate   | 0.001    |
|    n_updates       | 1299     |
---------------------------------
---------------------------------
| rollout/           |          |
|    ep_len_mean     | 50       |
|    ep_rew_mean     | -49.2    |
|    success_rate    | 0        |
| time/              |          |
|    episodes        | 32       |
|    fps             | 70       |
|    time_elapsed    | 22       |
|    total_timesteps | 1600     |
| train/             |          |
|    actor_loss      | -3.16    |
|    critic_loss     | 0.169    |
|    ent_coef        | 0.224    |
|    ent_coef_loss   | -9.81    |
|    learning_rate   | 0.001    |
|    n_updates       | 1499     |
---------------------------------
---------------------------------
| rollout/           |          |
|    ep_len_mean     | 50       |
|    ep_rew_mean     | -49.2    |
|    success_rate    | 0        |
| time/              |          |
|    episodes        | 36       |
|    fps             | 70       |
|    time_elapsed    | 25       |
|    total_timesteps | 1800     |
| train/             |          |
|    actor_loss      | -2.58    |
|    critic_loss     | 0.131    |
|    ent_coef        | 0.185    |
|    ent_coef_loss   | -10.9    |
|    learning_rate   | 0.001    |
|    n_updates       | 1699     |
---------------------------------
---------------------------------
| rollout/           |          |
|    ep_len_mean     | 50       |
|    ep_rew_mean     | -49.3    |
|    success_rate    | 0        |
| time/              |          |
|    episodes        | 40       |
|    fps             | 69       |
|    time_elapsed    | 28       |
|    total_timesteps | 2000     |
| train/             |          |
|    actor_loss      | -2.21    |
|    critic_loss     | 0.136    |
|    ent_coef        | 0.153    |
|    ent_coef_loss   | -11.6    |
|    learning_rate   | 0.001    |
|    n_updates       | 1899     |
---------------------------------
---------------------------------
| rollout/           |          |
|    ep_len_mean     | 50       |
|    ep_rew_mean     | -49.3    |
|    success_rate    | 0        |
| time/              |          |
|    episodes        | 44       |
|    fps             | 69       |
|    time_elapsed    | 31       |
|    total_timesteps | 2200     |
| train/             |          |
|    actor_loss      | -2.34    |
|    critic_loss     | 0.138    |
|    ent_coef        | 0.127    |
|    ent_coef_loss   | -11.9    |
|    learning_rate   | 0.001    |
|    n_updates       | 2099     |
---------------------------------
---------------------------------
| rollout/           |          |
|    ep_len_mean     | 50       |
|    ep_rew_mean     | -49.3    |
|    success_rate    | 0        |
| time/              |          |
|    episodes        | 48       |
|    fps             | 68       |
|    time_elapsed    | 34       |
|    total_timesteps | 2400     |
| train/             |          |
|    actor_loss      | -1.95    |
|    critic_loss     | 0.197    |
|    ent_coef        | 0.107    |
|    ent_coef_loss   | -12.1    |
|    learning_rate   | 0.001    |
|    n_updates       | 2299     |
---------------------------------
---------------------------------
| rollout/           |          |
|    ep_len_mean     | 50       |
|    ep_rew_mean     | -49.4    |
|    success_rate    | 0        |
| time/              |          |
|    episodes        | 52       |
|    fps             | 68       |
|    time_elapsed    | 37       |
|    total_timesteps | 2600     |
| train/             |          |
|    actor_loss      | -1.78    |
|    critic_loss     | 0.211    |
|    ent_coef        | 0.0899   |
|    ent_coef_loss   | -12.4    |
|    learning_rate   | 0.001    |
|    n_updates       | 2499     |
---------------------------------
---------------------------------
| rollout/           |          |
|    ep_len_mean     | 50       |
|    ep_rew_mean     | -49.4    |
|    success_rate    | 0        |
| time/              |          |
|    episodes        | 56       |
|    fps             | 68       |
|    time_elapsed    | 41       |
|    total_timesteps | 2800     |
| train/             |          |
|    actor_loss      | -1.62    |
|    critic_loss     | 0.18     |
|    ent_coef        | 0.0764   |
|    ent_coef_loss   | -12.7    |
|    learning_rate   | 0.001    |
|    n_updates       | 2699     |
---------------------------------
---------------------------------
| rollout/           |          |
|    ep_len_mean     | 50       |
|    ep_rew_mean     | -49.4    |
|    success_rate    | 0        |
| time/              |          |
|    episodes        | 60       |
|    fps             | 67       |
|    time_elapsed    | 44       |
|    total_timesteps | 3000     |
| train/             |          |
|    actor_loss      | -1.28    |
|    critic_loss     | 0.205    |
|    ent_coef        | 0.0653   |
|    ent_coef_loss   | -11.4    |
|    learning_rate   | 0.001    |
|    n_updates       | 2899     |
---------------------------------
---------------------------------
| rollout/           |          |
|    ep_len_mean     | 50       |
|    ep_rew_mean     | -49.4    |
|    success_rate    | 0        |
| time/              |          |
|    episodes        | 64       |
|    fps             | 67       |
|    time_elapsed    | 47       |
|    total_timesteps | 3200     |
| train/             |          |
|    actor_loss      | -0.7     |
|    critic_loss     | 0.229    |
|    ent_coef        | 0.0566   |
|    ent_coef_loss   | -11.8    |
|    learning_rate   | 0.001    |
|    n_updates       | 3099     |
---------------------------------
---------------------------------
| rollout/           |          |
|    ep_len_mean     | 50       |
|    ep_rew_mean     | -49.4    |
|    success_rate    | 0        |
| time/              |          |
|    episodes        | 68       |
|    fps             | 67       |
|    time_elapsed    | 50       |
|    total_timesteps | 3400     |
| train/             |          |
|    actor_loss      | -0.519   |
|    critic_loss     | 0.185    |
|    ent_coef        | 0.0492   |
|    ent_coef_loss   | -11      |
|    learning_rate   | 0.001    |
|    n_updates       | 3299     |
---------------------------------
---------------------------------
| rollout/           |          |
|    ep_len_mean     | 50       |
|    ep_rew_mean     | -49.4    |
|    success_rate    | 0        |
| time/              |          |
|    episodes        | 72       |
|    fps             | 67       |
|    time_elapsed    | 53       |
|    total_timesteps | 3600     |
| train/             |          |
|    actor_loss      | -0.58    |
|    critic_loss     | 0.235    |
|    ent_coef        | 0.0431   |
|    ent_coef_loss   | -9.19    |
|    learning_rate   | 0.001    |
|    n_updates       | 3499     |
---------------------------------
---------------------------------
| rollout/           |          |
|    ep_len_mean     | 50       |
|    ep_rew_mean     | -49.5    |
|    success_rate    | 0        |
| time/              |          |
|    episodes        | 76       |
|    fps             | 67       |
|    time_elapsed    | 56       |
|    total_timesteps | 3800     |
| train/             |          |
|    actor_loss      | -0.123   |
|    critic_loss     | 0.239    |
|    ent_coef        | 0.0385   |
|    ent_coef_loss   | -8.49    |
|    learning_rate   | 0.001    |
|    n_updates       | 3699     |
---------------------------------
---------------------------------
| rollout/           |          |
|    ep_len_mean     | 50       |
|    ep_rew_mean     | -49.5    |
|    success_rate    | 0        |
| time/              |          |
|    episodes        | 80       |
|    fps             | 67       |
|    time_elapsed    | 59       |
|    total_timesteps | 4000     |
| train/             |          |
|    actor_loss      | 0.48     |
|    critic_loss     | 0.228    |
|    ent_coef        | 0.0344   |
|    ent_coef_loss   | -7.18    |
|    learning_rate   | 0.001    |
|    n_updates       | 3899     |
---------------------------------
---------------------------------
| rollout/           |          |
|    ep_len_mean     | 50       |
|    ep_rew_mean     | -49.5    |
|    success_rate    | 0        |
| time/              |          |
|    episodes        | 84       |
|    fps             | 67       |
|    time_elapsed    | 62       |
|    total_timesteps | 4200     |
| train/             |          |
|    actor_loss      | 0.373    |
|    critic_loss     | 0.229    |
|    ent_coef        | 0.0307   |
|    ent_coef_loss   | -6.42    |
|    learning_rate   | 0.001    |
|    n_updates       | 4099     |
---------------------------------
---------------------------------
| rollout/           |          |
|    ep_len_mean     | 50       |
|    ep_rew_mean     | -49.5    |
|    success_rate    | 0        |
| time/              |          |
|    episodes        | 88       |
|    fps             | 67       |
|    time_elapsed    | 65       |
|    total_timesteps | 4400     |
| train/             |          |
|    actor_loss      | 0.553    |
|    critic_loss     | 0.247    |
|    ent_coef        | 0.028    |
|    ent_coef_loss   | -3.78    |
|    learning_rate   | 0.001    |
|    n_updates       | 4299     |
---------------------------------
---------------------------------
| rollout/           |          |
|    ep_len_mean     | 50       |
|    ep_rew_mean     | -49.5    |
|    success_rate    | 0        |
| time/              |          |
|    episodes        | 92       |
|    fps             | 67       |
|    time_elapsed    | 68       |
|    total_timesteps | 4600     |
| train/             |          |
|    actor_loss      | 1.71     |
|    critic_loss     | 0.235    |
|    ent_coef        | 0.0259   |
|    ent_coef_loss   | -6.36    |
|    learning_rate   | 0.001    |
|    n_updates       | 4499     |
---------------------------------
---------------------------------
| rollout/           |          |
|    ep_len_mean     | 50       |
|    ep_rew_mean     | -49.6    |
|    success_rate    | 0        |
| time/              |          |
|    episodes        | 96       |
|    fps             | 67       |
|    time_elapsed    | 71       |
|    total_timesteps | 4800     |
| train/             |          |
|    actor_loss      | 1.81     |
|    critic_loss     | 0.277    |
|    ent_coef        | 0.024    |
|    ent_coef_loss   | -4.31    |
|    learning_rate   | 0.001    |
|    n_updates       | 4699     |
---------------------------------
---------------------------------
| rollout/           |          |
|    ep_len_mean     | 50       |
|    ep_rew_mean     | -49.5    |
|    success_rate    | 0        |
| time/              |          |
|    episodes        | 100      |
|    fps             | 66       |
|    time_elapsed    | 74       |
|    total_timesteps | 5000     |
| train/             |          |
|    actor_loss      | 1.88     |
|    critic_loss     | 0.235    |
|    ent_coef        | 0.0226   |
|    ent_coef_loss   | -3.68    |
|    learning_rate   | 0.001    |
|    n_updates       | 4899     |
---------------------------------
---------------------------------
| rollout/           |          |
|    ep_len_mean     | 50       |
|    ep_rew_mean     | -49.4    |
|    success_rate    | 0        |
| time/              |          |
|    episodes        | 104      |
|    fps             | 66       |
|    time_elapsed    | 77       |
|    total_timesteps | 5200     |
| train/             |          |
|    actor_loss      | 1.66     |
|    critic_loss     | 0.285    |
|    ent_coef        | 0.022    |
|    ent_coef_loss   | -0.964   |
|    learning_rate   | 0.001    |
|    n_updates       | 5099     |
---------------------------------
---------------------------------
| rollout/           |          |
|    ep_len_mean     | 50       |
|    ep_rew_mean     | -49.5    |
|    success_rate    | 0        |
| time/              |          |
|    episodes        | 108      |
|    fps             | 66       |
|    time_elapsed    | 81       |
|    total_timesteps | 5400     |
| train/             |          |
|    actor_loss      | 0.942    |
|    critic_loss     | 0.309    |
|    ent_coef        | 0.0214   |
|    ent_coef_loss   | 0.0612   |
|    learning_rate   | 0.001    |
|    n_updates       | 5299     |
---------------------------------
---------------------------------
| rollout/           |          |
|    ep_len_mean     | 50       |
|    ep_rew_mean     | -49.4    |
|    success_rate    | 0        |
| time/              |          |
|    episodes        | 112      |
|    fps             | 66       |
|    time_elapsed    | 84       |
|    total_timesteps | 5600     |
| train/             |          |
|    actor_loss      | 2.3      |
|    critic_loss     | 0.284    |
|    ent_coef        | 0.0203   |
|    ent_coef_loss   | -4.93    |
|    learning_rate   | 0.001    |
|    n_updates       | 5499     |
---------------------------------
---------------------------------
| rollout/           |          |
|    ep_len_mean     | 50       |
|    ep_rew_mean     | -49      |
|    success_rate    | 0        |
| time/              |          |
|    episodes        | 116      |
|    fps             | 66       |
|    time_elapsed    | 87       |
|    total_timesteps | 5800     |
| train/             |          |
|    actor_loss      | 2.19     |
|    critic_loss     | 0.262    |
|    ent_coef        | 0.019    |
|    ent_coef_loss   | -3.74    |
|    learning_rate   | 0.001    |
|    n_updates       | 5699     |
---------------------------------
---------------------------------
| rollout/           |          |
|    ep_len_mean     | 50       |
|    ep_rew_mean     | -48.9    |
|    success_rate    | 0        |
| time/              |          |
|    episodes        | 120      |
|    fps             | 66       |
|    time_elapsed    | 90       |
|    total_timesteps | 6000     |
| train/             |          |
|    actor_loss      | 2.43     |
|    critic_loss     | 0.215    |
|    ent_coef        | 0.0177   |
|    ent_coef_loss   | -2.54    |
|    learning_rate   | 0.001    |
|    n_updates       | 5899     |
---------------------------------
---------------------------------
| rollout/           |          |
|    ep_len_mean     | 50       |
|    ep_rew_mean     | -47.9    |
|    success_rate    | 0.03     |
| time/              |          |
|    episodes        | 124      |
|    fps             | 66       |
|    time_elapsed    | 93       |
|    total_timesteps | 6200     |
| train/             |          |
|    actor_loss      | 1.97     |
|    critic_loss     | 0.228    |
|    ent_coef        | 0.0167   |
|    ent_coef_loss   | -3.89    |
|    learning_rate   | 0.001    |
|    n_updates       | 6099     |
---------------------------------
---------------------------------
| rollout/           |          |
|    ep_len_mean     | 50       |
|    ep_rew_mean     | -47.6    |
|    success_rate    | 0.04     |
| time/              |          |
|    episodes        | 128      |
|    fps             | 66       |
|    time_elapsed    | 96       |
|    total_timesteps | 6400     |
| train/             |          |
|    actor_loss      | 2.25     |
|    critic_loss     | 0.225    |
|    ent_coef        | 0.0161   |
|    ent_coef_loss   | 0.175    |
|    learning_rate   | 0.001    |
|    n_updates       | 6299     |
---------------------------------
---------------------------------
| rollout/           |          |
|    ep_len_mean     | 50       |
|    ep_rew_mean     | -46.8    |
|    success_rate    | 0.05     |
| time/              |          |
|    episodes        | 132      |
|    fps             | 66       |
|    time_elapsed    | 99       |
|    total_timesteps | 6600     |
| train/             |          |
|    actor_loss      | 1.82     |
|    critic_loss     | 0.217    |
|    ent_coef        | 0.0155   |
|    ent_coef_loss   | -1.44    |
|    learning_rate   | 0.001    |
|    n_updates       | 6499     |
---------------------------------
---------------------------------
| rollout/           |          |
|    ep_len_mean     | 50       |
|    ep_rew_mean     | -46.3    |
|    success_rate    | 0.06     |
| time/              |          |
|    episodes        | 136      |
|    fps             | 65       |
|    time_elapsed    | 103      |
|    total_timesteps | 6800     |
| train/             |          |
|    actor_loss      | 2.41     |
|    critic_loss     | 0.205    |
|    ent_coef        | 0.0151   |
|    ent_coef_loss   | -2.35    |
|    learning_rate   | 0.001    |
|    n_updates       | 6699     |
---------------------------------
---------------------------------
| rollout/           |          |
|    ep_len_mean     | 50       |
|    ep_rew_mean     | -46.2    |
|    success_rate    | 0.06     |
| time/              |          |
|    episodes        | 140      |
|    fps             | 65       |
|    time_elapsed    | 106      |
|    total_timesteps | 7000     |
| train/             |          |
|    actor_loss      | 2.57     |
|    critic_loss     | 0.218    |
|    ent_coef        | 0.0144   |
|    ent_coef_loss   | 0.661    |
|    learning_rate   | 0.001    |
|    n_updates       | 6899     |
---------------------------------
---------------------------------
| rollout/           |          |
|    ep_len_mean     | 50       |
|    ep_rew_mean     | -45.2    |
|    success_rate    | 0.07     |
| time/              |          |
|    episodes        | 144      |
|    fps             | 65       |
|    time_elapsed    | 109      |
|    total_timesteps | 7200     |
| train/             |          |
|    actor_loss      | 2.73     |
|    critic_loss     | 0.177    |
|    ent_coef        | 0.0139   |
|    ent_coef_loss   | -1.22    |
|    learning_rate   | 0.001    |
|    n_updates       | 7099     |
---------------------------------
---------------------------------
| rollout/           |          |
|    ep_len_mean     | 50       |
|    ep_rew_mean     | -44.4    |
|    success_rate    | 0.09     |
| time/              |          |
|    episodes        | 148      |
|    fps             | 65       |
|    time_elapsed    | 112      |
|    total_timesteps | 7400     |
| train/             |          |
|    actor_loss      | 2.64     |
|    critic_loss     | 0.189    |
|    ent_coef        | 0.0133   |
|    ent_coef_loss   | -1.72    |
|    learning_rate   | 0.001    |
|    n_updates       | 7299     |
---------------------------------
---------------------------------
| rollout/           |          |
|    ep_len_mean     | 50       |
|    ep_rew_mean     | -43.6    |
|    success_rate    | 0.1      |
| time/              |          |
|    episodes        | 152      |
|    fps             | 65       |
|    time_elapsed    | 115      |
|    total_timesteps | 7600     |
| train/             |          |
|    actor_loss      | 2.98     |
|    critic_loss     | 0.182    |
|    ent_coef        | 0.0127   |
|    ent_coef_loss   | -0.228   |
|    learning_rate   | 0.001    |
|    n_updates       | 7499     |
---------------------------------
---------------------------------
| rollout/           |          |
|    ep_len_mean     | 50       |
|    ep_rew_mean     | -42.5    |
|    success_rate    | 0.12     |
| time/              |          |
|    episodes        | 156      |
|    fps             | 65       |
|    time_elapsed    | 118      |
|    total_timesteps | 7800     |
| train/             |          |
|    actor_loss      | 2.85     |
|    critic_loss     | 0.226    |
|    ent_coef        | 0.0125   |
|    ent_coef_loss   | 0.348    |
|    learning_rate   | 0.001    |
|    n_updates       | 7699     |
---------------------------------
---------------------------------
| rollout/           |          |
|    ep_len_mean     | 50       |
|    ep_rew_mean     | -41.3    |
|    success_rate    | 0.15     |
| time/              |          |
|    episodes        | 160      |
|    fps             | 65       |
|    time_elapsed    | 121      |
|    total_timesteps | 8000     |
| train/             |          |
|    actor_loss      | 2.5      |
|    critic_loss     | 0.157    |
|    ent_coef        | 0.0124   |
|    ent_coef_loss   | 1.46     |
|    learning_rate   | 0.001    |
|    n_updates       | 7899     |
---------------------------------
---------------------------------
| rollout/           |          |
|    ep_len_mean     | 50       |
|    ep_rew_mean     | -40.2    |
|    success_rate    | 0.17     |
| time/              |          |
|    episodes        | 164      |
|    fps             | 65       |
|    time_elapsed    | 124      |
|    total_timesteps | 8200     |
| train/             |          |
|    actor_loss      | 3.01     |
|    critic_loss     | 0.2      |
|    ent_coef        | 0.0124   |
|    ent_coef_loss   | 1.58     |
|    learning_rate   | 0.001    |
|    n_updates       | 8099     |
---------------------------------
---------------------------------
| rollout/           |          |
|    ep_len_mean     | 50       |
|    ep_rew_mean     | -39      |
|    success_rate    | 0.18     |
| time/              |          |
|    episodes        | 168      |
|    fps             | 65       |
|    time_elapsed    | 127      |
|    total_timesteps | 8400     |
| train/             |          |
|    actor_loss      | 3.11     |
|    critic_loss     | 0.192    |
|    ent_coef        | 0.0124   |
|    ent_coef_loss   | 1.15     |
|    learning_rate   | 0.001    |
|    n_updates       | 8299     |
---------------------------------
---------------------------------
| rollout/           |          |
|    ep_len_mean     | 50       |
|    ep_rew_mean     | -37.7    |
|    success_rate    | 0.21     |
| time/              |          |
|    episodes        | 172      |
|    fps             | 65       |
|    time_elapsed    | 130      |
|    total_timesteps | 8600     |
| train/             |          |
|    actor_loss      | 2.66     |
|    critic_loss     | 0.158    |
|    ent_coef        | 0.0126   |
|    ent_coef_loss   | -0.012   |
|    learning_rate   | 0.001    |
|    n_updates       | 8499     |
---------------------------------
---------------------------------
| rollout/           |          |
|    ep_len_mean     | 50       |
|    ep_rew_mean     | -35.9    |
|    success_rate    | 0.25     |
| time/              |          |
|    episodes        | 176      |
|    fps             | 65       |
|    time_elapsed    | 133      |
|    total_timesteps | 8800     |
| train/             |          |
|    actor_loss      | 3.16     |
|    critic_loss     | 0.164    |
|    ent_coef        | 0.0124   |
|    ent_coef_loss   | 0.282    |
|    learning_rate   | 0.001    |
|    n_updates       | 8699     |
---------------------------------
---------------------------------
| rollout/           |          |
|    ep_len_mean     | 50       |
|    ep_rew_mean     | -34.7    |
|    success_rate    | 0.27     |
| time/              |          |
|    episodes        | 180      |
|    fps             | 65       |
|    time_elapsed    | 136      |
|    total_timesteps | 9000     |
| train/             |          |
|    actor_loss      | 2.88     |
|    critic_loss     | 0.154    |
|    ent_coef        | 0.0127   |
|    ent_coef_loss   | 1.12     |
|    learning_rate   | 0.001    |
|    n_updates       | 8899     |
---------------------------------
---------------------------------
| rollout/           |          |
|    ep_len_mean     | 50       |
|    ep_rew_mean     | -32.8    |
|    success_rate    | 0.31     |
| time/              |          |
|    episodes        | 184      |
|    fps             | 65       |
|    time_elapsed    | 139      |
|    total_timesteps | 9200     |
| train/             |          |
|    actor_loss      | 2.45     |
|    critic_loss     | 0.169    |
|    ent_coef        | 0.0125   |
|    ent_coef_loss   | 1.14     |
|    learning_rate   | 0.001    |
|    n_updates       | 9099     |
---------------------------------
---------------------------------
| rollout/           |          |
|    ep_len_mean     | 50       |
|    ep_rew_mean     | -31.4    |
|    success_rate    | 0.34     |
| time/              |          |
|    episodes        | 188      |
|    fps             | 65       |
|    time_elapsed    | 142      |
|    total_timesteps | 9400     |
| train/             |          |
|    actor_loss      | 2.77     |
|    critic_loss     | 0.141    |
|    ent_coef        | 0.0122   |
|    ent_coef_loss   | 0.746    |
|    learning_rate   | 0.001    |
|    n_updates       | 9299     |
---------------------------------
---------------------------------
| rollout/           |          |
|    ep_len_mean     | 50       |
|    ep_rew_mean     | -30.1    |
|    success_rate    | 0.37     |
| time/              |          |
|    episodes        | 192      |
|    fps             | 65       |
|    time_elapsed    | 146      |
|    total_timesteps | 9600     |
| train/             |          |
|    actor_loss      | 2.77     |
|    critic_loss     | 0.17     |
|    ent_coef        | 0.0121   |
|    ent_coef_loss   | 0.289    |
|    learning_rate   | 0.001    |
|    n_updates       | 9499     |
---------------------------------
---------------------------------
| rollout/           |          |
|    ep_len_mean     | 50       |
|    ep_rew_mean     | -28.2    |
|    success_rate    | 0.41     |
| time/              |          |
|    episodes        | 196      |
|    fps             | 65       |
|    time_elapsed    | 149      |
|    total_timesteps | 9800     |
| train/             |          |
|    actor_loss      | 3.01     |
|    critic_loss     | 0.138    |
|    ent_coef        | 0.0122   |
|    ent_coef_loss   | 0.207    |
|    learning_rate   | 0.001    |
|    n_updates       | 9699     |
---------------------------------
---------------------------------
| rollout/           |          |
|    ep_len_mean     | 50       |
|    ep_rew_mean     | -26.3    |
|    success_rate    | 0.45     |
| time/              |          |
|    episodes        | 200      |
|    fps             | 65       |
|    time_elapsed    | 152      |
|    total_timesteps | 10000    |
| train/             |          |
|    actor_loss      | 2.64     |
|    critic_loss     | 0.13     |
|    ent_coef        | 0.012    |
|    ent_coef_loss   | 0.546    |
|    learning_rate   | 0.001    |
|    n_updates       | 9899     |
---------------------------------
---------------------------------
| rollout/           |          |
|    ep_len_mean     | 50       |
|    ep_rew_mean     | -25.2    |
|    success_rate    | 0.48     |
| time/              |          |
|    episodes        | 204      |
|    fps             | 65       |
|    time_elapsed    | 155      |
|    total_timesteps | 10200    |
| train/             |          |
|    actor_loss      | 3.3      |
|    critic_loss     | 0.128    |
|    ent_coef        | 0.012    |
|    ent_coef_loss   | 0.446    |
|    learning_rate   | 0.001    |
|    n_updates       | 10099    |
---------------------------------
---------------------------------
| rollout/           |          |
|    ep_len_mean     | 50       |
|    ep_rew_mean     | -23.6    |
|    success_rate    | 0.52     |
| time/              |          |
|    episodes        | 208      |
|    fps             | 65       |
|    time_elapsed    | 158      |
|    total_timesteps | 10400    |
| train/             |          |
|    actor_loss      | 2.33     |
|    critic_loss     | 0.13     |
|    ent_coef        | 0.0117   |
|    ent_coef_loss   | -1.06    |
|    learning_rate   | 0.001    |
|    n_updates       | 10299    |
---------------------------------
---------------------------------
| rollout/           |          |
|    ep_len_mean     | 50       |
|    ep_rew_mean     | -21.9    |
|    success_rate    | 0.55     |
| time/              |          |
|    episodes        | 212      |
|    fps             | 65       |
|    time_elapsed    | 161      |
|    total_timesteps | 10600    |
| train/             |          |
|    actor_loss      | 2.7      |
|    critic_loss     | 0.132    |
|    ent_coef        | 0.0121   |
|    ent_coef_loss   | -1.49    |
|    learning_rate   | 0.001    |
|    n_updates       | 10499    |
---------------------------------
---------------------------------
| rollout/           |          |
|    ep_len_mean     | 50       |
|    ep_rew_mean     | -20.4    |
|    success_rate    | 0.59     |
| time/              |          |
|    episodes        | 216      |
|    fps             | 65       |
|    time_elapsed    | 165      |
|    total_timesteps | 10800    |
| train/             |          |
|    actor_loss      | 2.47     |
|    critic_loss     | 0.0988   |
|    ent_coef        | 0.0116   |
|    ent_coef_loss   | 0.552    |
|    learning_rate   | 0.001    |
|    n_updates       | 10699    |
---------------------------------
---------------------------------
| rollout/           |          |
|    ep_len_mean     | 50       |
|    ep_rew_mean     | -19      |
|    success_rate    | 0.61     |
| time/              |          |
|    episodes        | 220      |
|    fps             | 65       |
|    time_elapsed    | 168      |
|    total_timesteps | 11000    |
| train/             |          |
|    actor_loss      | 2.35     |
|    critic_loss     | 0.115    |
|    ent_coef        | 0.0109   |
|    ent_coef_loss   | 1.01     |
|    learning_rate   | 0.001    |
|    n_updates       | 10899    |
---------------------------------
---------------------------------
| rollout/           |          |
|    ep_len_mean     | 50       |
|    ep_rew_mean     | -18.1    |
|    success_rate    | 0.62     |
| time/              |          |
|    episodes        | 224      |
|    fps             | 65       |
|    time_elapsed    | 171      |
|    total_timesteps | 11200    |
| train/             |          |
|    actor_loss      | 2.68     |
|    critic_loss     | 0.115    |
|    ent_coef        | 0.0107   |
|    ent_coef_loss   | 2.26     |
|    learning_rate   | 0.001    |
|    n_updates       | 11099    |
---------------------------------
---------------------------------
| rollout/           |          |
|    ep_len_mean     | 50       |
|    ep_rew_mean     | -16.4    |
|    success_rate    | 0.65     |
| time/              |          |
|    episodes        | 228      |
|    fps             | 65       |
|    time_elapsed    | 174      |
|    total_timesteps | 11400    |
| train/             |          |
|    actor_loss      | 2.3      |
|    critic_loss     | 0.123    |
|    ent_coef        | 0.011    |
|    ent_coef_loss   | 1.79     |
|    learning_rate   | 0.001    |
|    n_updates       | 11299    |
---------------------------------
---------------------------------
| rollout/           |          |
|    ep_len_mean     | 50       |
|    ep_rew_mean     | -15.3    |
|    success_rate    | 0.68     |
| time/              |          |
|    episodes        | 232      |
|    fps             | 65       |
|    time_elapsed    | 177      |
|    total_timesteps | 11600    |
| train/             |          |
|    actor_loss      | 2.72     |
|    critic_loss     | 0.0971   |
|    ent_coef        | 0.0104   |
|    ent_coef_loss   | -0.525   |
|    learning_rate   | 0.001    |
|    n_updates       | 11499    |
---------------------------------
---------------------------------
| rollout/           |          |
|    ep_len_mean     | 50       |
|    ep_rew_mean     | -14.8    |
|    success_rate    | 0.69     |
| time/              |          |
|    episodes        | 236      |
|    fps             | 65       |
|    time_elapsed    | 180      |
|    total_timesteps | 11800    |
| train/             |          |
|    actor_loss      | 2.52     |
|    critic_loss     | 0.119    |
|    ent_coef        | 0.0104   |
|    ent_coef_loss   | -0.11    |
|    learning_rate   | 0.001    |
|    n_updates       | 11699    |
---------------------------------
---------------------------------
| rollout/           |          |
|    ep_len_mean     | 50       |
|    ep_rew_mean     | -13      |
|    success_rate    | 0.73     |
| time/              |          |
|    episodes        | 240      |
|    fps             | 65       |
|    time_elapsed    | 183      |
|    total_timesteps | 12000    |
| train/             |          |
|    actor_loss      | 2.42     |
|    critic_loss     | 0.114    |
|    ent_coef        | 0.0105   |
|    ent_coef_loss   | -0.71    |
|    learning_rate   | 0.001    |
|    n_updates       | 11899    |
---------------------------------
---------------------------------
| rollout/           |          |
|    ep_len_mean     | 50       |
|    ep_rew_mean     | -12      |
|    success_rate    | 0.76     |
| time/              |          |
|    episodes        | 244      |
|    fps             | 65       |
|    time_elapsed    | 187      |
|    total_timesteps | 12200    |
| train/             |          |
|    actor_loss      | 2.42     |
|    critic_loss     | 0.12     |
|    ent_coef        | 0.0107   |
|    ent_coef_loss   | 0.335    |
|    learning_rate   | 0.001    |
|    n_updates       | 12099    |
---------------------------------
---------------------------------
| rollout/           |          |
|    ep_len_mean     | 50       |
|    ep_rew_mean     | -10.9    |
|    success_rate    | 0.78     |
| time/              |          |
|    episodes        | 248      |
|    fps             | 65       |
|    time_elapsed    | 190      |
|    total_timesteps | 12400    |
| train/             |          |
|    actor_loss      | 2.14     |
|    critic_loss     | 0.107    |
|    ent_coef        | 0.0103   |
|    ent_coef_loss   | -0.85    |
|    learning_rate   | 0.001    |
|    n_updates       | 12299    |
---------------------------------
---------------------------------
| rollout/           |          |
|    ep_len_mean     | 50       |
|    ep_rew_mean     | -9.86    |
|    success_rate    | 0.81     |
| time/              |          |
|    episodes        | 252      |
|    fps             | 65       |
|    time_elapsed    | 193      |
|    total_timesteps | 12600    |
| train/             |          |
|    actor_loss      | 2.37     |
|    critic_loss     | 0.12     |
|    ent_coef        | 0.00961  |
|    ent_coef_loss   | 2.18     |
|    learning_rate   | 0.001    |
|    n_updates       | 12499    |
---------------------------------
---------------------------------
| rollout/           |          |
|    ep_len_mean     | 50       |
|    ep_rew_mean     | -9.03    |
|    success_rate    | 0.83     |
| time/              |          |
|    episodes        | 256      |
|    fps             | 65       |
|    time_elapsed    | 196      |
|    total_timesteps | 12800    |
| train/             |          |
|    actor_loss      | 2.34     |
|    critic_loss     | 0.0918   |
|    ent_coef        | 0.00941  |
|    ent_coef_loss   | 1.18     |
|    learning_rate   | 0.001    |
|    n_updates       | 12699    |
---------------------------------
---------------------------------
| rollout/           |          |
|    ep_len_mean     | 50       |
|    ep_rew_mean     | -8.41    |
|    success_rate    | 0.84     |
| time/              |          |
|    episodes        | 260      |
|    fps             | 65       |
|    time_elapsed    | 199      |
|    total_timesteps | 13000    |
| train/             |          |
|    actor_loss      | 2.11     |
|    critic_loss     | 0.0827   |
|    ent_coef        | 0.00943  |
|    ent_coef_loss   | 0.806    |
|    learning_rate   | 0.001    |
|    n_updates       | 12899    |
---------------------------------
---------------------------------
| rollout/           |          |
|    ep_len_mean     | 50       |
|    ep_rew_mean     | -7.64    |
|    success_rate    | 0.85     |
| time/              |          |
|    episodes        | 264      |
|    fps             | 65       |
|    time_elapsed    | 202      |
|    total_timesteps | 13200    |
| train/             |          |
|    actor_loss      | 1.71     |
|    critic_loss     | 0.0909   |
|    ent_coef        | 0.00923  |
|    ent_coef_loss   | -1.63    |
|    learning_rate   | 0.001    |
|    n_updates       | 13099    |
---------------------------------
---------------------------------
| rollout/           |          |
|    ep_len_mean     | 50       |
|    ep_rew_mean     | -6.9     |
|    success_rate    | 0.88     |
| time/              |          |
|    episodes        | 268      |
|    fps             | 65       |
|    time_elapsed    | 205      |
|    total_timesteps | 13400    |
| train/             |          |
|    actor_loss      | 2.07     |
|    critic_loss     | 0.0891   |
|    ent_coef        | 0.00904  |
|    ent_coef_loss   | 0.688    |
|    learning_rate   | 0.001    |
|    n_updates       | 13299    |
---------------------------------
---------------------------------
| rollout/           |          |
|    ep_len_mean     | 50       |
|    ep_rew_mean     | -6.37    |
|    success_rate    | 0.89     |
| time/              |          |
|    episodes        | 272      |
|    fps             | 65       |
|    time_elapsed    | 208      |
|    total_timesteps | 13600    |
| train/             |          |
|    actor_loss      | 1.96     |
|    critic_loss     | 0.0859   |
|    ent_coef        | 0.00914  |
|    ent_coef_loss   | -0.365   |
|    learning_rate   | 0.001    |
|    n_updates       | 13499    |
---------------------------------
---------------------------------
| rollout/           |          |
|    ep_len_mean     | 50       |
|    ep_rew_mean     | -6.26    |
|    success_rate    | 0.89     |
| time/              |          |
|    episodes        | 276      |
|    fps             | 65       |
|    time_elapsed    | 211      |
|    total_timesteps | 13800    |
| train/             |          |
|    actor_loss      | 1.67     |
|    critic_loss     | 0.0835   |
|    ent_coef        | 0.00905  |
|    ent_coef_loss   | -1.44    |
|    learning_rate   | 0.001    |
|    n_updates       | 13699    |
---------------------------------
---------------------------------
| rollout/           |          |
|    ep_len_mean     | 50       |
|    ep_rew_mean     | -5.53    |
|    success_rate    | 0.91     |
| time/              |          |
|    episodes        | 280      |
|    fps             | 65       |
|    time_elapsed    | 214      |
|    total_timesteps | 14000    |
| train/             |          |
|    actor_loss      | 1.84     |
|    critic_loss     | 0.0746   |
|    ent_coef        | 0.00878  |
|    ent_coef_loss   | -0.721   |
|    learning_rate   | 0.001    |
|    n_updates       | 13899    |
---------------------------------
---------------------------------
| rollout/           |          |
|    ep_len_mean     | 50       |
|    ep_rew_mean     | -6.02    |
|    success_rate    | 0.9      |
| time/              |          |
|    episodes        | 284      |
|    fps             | 65       |
|    time_elapsed    | 218      |
|    total_timesteps | 14200    |
| train/             |          |
|    actor_loss      | 1.47     |
|    critic_loss     | 0.0824   |
|    ent_coef        | 0.00867  |
|    ent_coef_loss   | -1.77    |
|    learning_rate   | 0.001    |
|    n_updates       | 14099    |
---------------------------------
---------------------------------
| rollout/           |          |
|    ep_len_mean     | 50       |
|    ep_rew_mean     | -5.58    |
|    success_rate    | 0.91     |
| time/              |          |
|    episodes        | 288      |
|    fps             | 65       |
|    time_elapsed    | 221      |
|    total_timesteps | 14400    |
| train/             |          |
|    actor_loss      | 2.03     |
|    critic_loss     | 0.0951   |
|    ent_coef        | 0.00846  |
|    ent_coef_loss   | 0.368    |
|    learning_rate   | 0.001    |
|    n_updates       | 14299    |
---------------------------------
---------------------------------
| rollout/           |          |
|    ep_len_mean     | 50       |
|    ep_rew_mean     | -4.93    |
|    success_rate    | 0.92     |
| time/              |          |
|    episodes        | 292      |
|    fps             | 65       |
|    time_elapsed    | 224      |
|    total_timesteps | 14600    |
| train/             |          |
|    actor_loss      | 1.58     |
|    critic_loss     | 0.074    |
|    ent_coef        | 0.00815  |
|    ent_coef_loss   | 0.776    |
|    learning_rate   | 0.001    |
|    n_updates       | 14499    |
---------------------------------
---------------------------------
| rollout/           |          |
|    ep_len_mean     | 50       |
|    ep_rew_mean     | -5.35    |
|    success_rate    | 0.91     |
| time/              |          |
|    episodes        | 296      |
|    fps             | 65       |
|    time_elapsed    | 227      |
|    total_timesteps | 14800    |
| train/             |          |
|    actor_loss      | 1.54     |
|    critic_loss     | 0.0891   |
|    ent_coef        | 0.0081   |
|    ent_coef_loss   | 0.498    |
|    learning_rate   | 0.001    |
|    n_updates       | 14699    |
---------------------------------
---------------------------------
| rollout/           |          |
|    ep_len_mean     | 50       |
|    ep_rew_mean     | -5.34    |
|    success_rate    | 0.91     |
| time/              |          |
|    episodes        | 300      |
|    fps             | 65       |
|    time_elapsed    | 230      |
|    total_timesteps | 15000    |
| train/             |          |
|    actor_loss      | 1.46     |
|    critic_loss     | 0.096    |
|    ent_coef        | 0.00777  |
|    ent_coef_loss   | 0.212    |
|    learning_rate   | 0.001    |
|    n_updates       | 14899    |
---------------------------------
---------------------------------
| rollout/           |          |
|    ep_len_mean     | 50       |
|    ep_rew_mean     | -4.66    |
|    success_rate    | 0.92     |
| time/              |          |
|    episodes        | 304      |
|    fps             | 65       |
|    time_elapsed    | 233      |
|    total_timesteps | 15200    |
| train/             |          |
|    actor_loss      | 1.35     |
|    critic_loss     | 0.0708   |
|    ent_coef        | 0.00758  |
|    ent_coef_loss   | 0.0475   |
|    learning_rate   | 0.001    |
|    n_updates       | 15099    |
---------------------------------
---------------------------------
| rollout/           |          |
|    ep_len_mean     | 50       |
|    ep_rew_mean     | -4.29    |
|    success_rate    | 0.92     |
| time/              |          |
|    episodes        | 308      |
|    fps             | 65       |
|    time_elapsed    | 236      |
|    total_timesteps | 15400    |
| train/             |          |
|    actor_loss      | 1.57     |
|    critic_loss     | 0.0528   |
|    ent_coef        | 0.00754  |
|    ent_coef_loss   | -0.395   |
|    learning_rate   | 0.001    |
|    n_updates       | 15299    |
---------------------------------
---------------------------------
| rollout/           |          |
|    ep_len_mean     | 50       |
|    ep_rew_mean     | -4.24    |
|    success_rate    | 0.93     |
| time/              |          |
|    episodes        | 312      |
|    fps             | 65       |
|    time_elapsed    | 239      |
|    total_timesteps | 15600    |
| train/             |          |
|    actor_loss      | 1.58     |
|    critic_loss     | 0.0806   |
|    ent_coef        | 0.0074   |
|    ent_coef_loss   | 0.133    |
|    learning_rate   | 0.001    |
|    n_updates       | 15499    |
---------------------------------
---------------------------------
| rollout/           |          |
|    ep_len_mean     | 50       |
|    ep_rew_mean     | -4.24    |
|    success_rate    | 0.93     |
| time/              |          |
|    episodes        | 316      |
|    fps             | 65       |
|    time_elapsed    | 242      |
|    total_timesteps | 15800    |
| train/             |          |
|    actor_loss      | 1.55     |
|    critic_loss     | 0.0642   |
|    ent_coef        | 0.0071   |
|    ent_coef_loss   | 0.69     |
|    learning_rate   | 0.001    |
|    n_updates       | 15699    |
---------------------------------
---------------------------------
| rollout/           |          |
|    ep_len_mean     | 50       |
|    ep_rew_mean     | -3.96    |
|    success_rate    | 0.94     |
| time/              |          |
|    episodes        | 320      |
|    fps             | 65       |
|    time_elapsed    | 245      |
|    total_timesteps | 16000    |
| train/             |          |
|    actor_loss      | 1.17     |
|    critic_loss     | 0.071    |
|    ent_coef        | 0.00695  |
|    ent_coef_loss   | -1.15    |
|    learning_rate   | 0.001    |
|    n_updates       | 15899    |
---------------------------------
---------------------------------
| rollout/           |          |
|    ep_len_mean     | 50       |
|    ep_rew_mean     | -3.97    |
|    success_rate    | 0.94     |
| time/              |          |
|    episodes        | 324      |
|    fps             | 65       |
|    time_elapsed    | 249      |
|    total_timesteps | 16200    |
| train/             |          |
|    actor_loss      | 1.61     |
|    critic_loss     | 0.0798   |
|    ent_coef        | 0.00645  |
|    ent_coef_loss   | -0.912   |
|    learning_rate   | 0.001    |
|    n_updates       | 16099    |
---------------------------------
---------------------------------
| rollout/           |          |
|    ep_len_mean     | 50       |
|    ep_rew_mean     | -3.98    |
|    success_rate    | 0.94     |
| time/              |          |
|    episodes        | 328      |
|    fps             | 65       |
|    time_elapsed    | 252      |
|    total_timesteps | 16400    |
| train/             |          |
|    actor_loss      | 1.44     |
|    critic_loss     | 0.0686   |
|    ent_coef        | 0.0066   |
|    ent_coef_loss   | 0.0568   |
|    learning_rate   | 0.001    |
|    n_updates       | 16299    |
---------------------------------
---------------------------------
| rollout/           |          |
|    ep_len_mean     | 50       |
|    ep_rew_mean     | -4       |
|    success_rate    | 0.94     |
| time/              |          |
|    episodes        | 332      |
|    fps             | 65       |
|    time_elapsed    | 255      |
|    total_timesteps | 16600    |
| train/             |          |
|    actor_loss      | 1.09     |
|    critic_loss     | 0.0605   |
|    ent_coef        | 0.0063   |
|    ent_coef_loss   | 0.828    |
|    learning_rate   | 0.001    |
|    n_updates       | 16499    |
---------------------------------
---------------------------------
| rollout/           |          |
|    ep_len_mean     | 50       |
|    ep_rew_mean     | -3.16    |
|    success_rate    | 0.96     |
| time/              |          |
|    episodes        | 336      |
|    fps             | 65       |
|    time_elapsed    | 258      |
|    total_timesteps | 16800    |
| train/             |          |
|    actor_loss      | 1.15     |
|    critic_loss     | 0.0438   |
|    ent_coef        | 0.00637  |
|    ent_coef_loss   | 1.52     |
|    learning_rate   | 0.001    |
|    n_updates       | 16699    |
---------------------------------
---------------------------------
| rollout/           |          |
|    ep_len_mean     | 50       |
|    ep_rew_mean     | -3.14    |
|    success_rate    | 0.96     |
| time/              |          |
|    episodes        | 340      |
|    fps             | 65       |
|    time_elapsed    | 261      |
|    total_timesteps | 17000    |
| train/             |          |
|    actor_loss      | 0.8      |
|    critic_loss     | 0.0714   |
|    ent_coef        | 0.00604  |
|    ent_coef_loss   | 1.09     |
|    learning_rate   | 0.001    |
|    n_updates       | 16899    |
---------------------------------
---------------------------------
| rollout/           |          |
|    ep_len_mean     | 50       |
|    ep_rew_mean     | -3.14    |
|    success_rate    | 0.96     |
| time/              |          |
|    episodes        | 344      |
|    fps             | 65       |
|    time_elapsed    | 264      |
|    total_timesteps | 17200    |
| train/             |          |
|    actor_loss      | 1.45     |
|    critic_loss     | 0.0608   |
|    ent_coef        | 0.00612  |
|    ent_coef_loss   | 1.92     |
|    learning_rate   | 0.001    |
|    n_updates       | 17099    |
---------------------------------
---------------------------------
| rollout/           |          |
|    ep_len_mean     | 50       |
|    ep_rew_mean     | -3.14    |
|    success_rate    | 0.96     |
| time/              |          |
|    episodes        | 348      |
|    fps             | 65       |
|    time_elapsed    | 267      |
|    total_timesteps | 17400    |
| train/             |          |
|    actor_loss      | 1.41     |
|    critic_loss     | 0.0515   |
|    ent_coef        | 0.0058   |
|    ent_coef_loss   | -0.15    |
|    learning_rate   | 0.001    |
|    n_updates       | 17299    |
---------------------------------
---------------------------------
| rollout/           |          |
|    ep_len_mean     | 50       |
|    ep_rew_mean     | -3.08    |
|    success_rate    | 0.96     |
| time/              |          |
|    episodes        | 352      |
|    fps             | 65       |
|    time_elapsed    | 270      |
|    total_timesteps | 17600    |
| train/             |          |
|    actor_loss      | 0.839    |
|    critic_loss     | 0.0512   |
|    ent_coef        | 0.00575  |
|    ent_coef_loss   | 0.088    |
|    learning_rate   | 0.001    |
|    n_updates       | 17499    |
---------------------------------
---------------------------------
| rollout/           |          |
|    ep_len_mean     | 50       |
|    ep_rew_mean     | -3.06    |
|    success_rate    | 0.96     |
| time/              |          |
|    episodes        | 356      |
|    fps             | 64       |
|    time_elapsed    | 273      |
|    total_timesteps | 17800    |
| train/             |          |
|    actor_loss      | 1.14     |
|    critic_loss     | 0.0437   |
|    ent_coef        | 0.00543  |
|    ent_coef_loss   | -1.39    |
|    learning_rate   | 0.001    |
|    n_updates       | 17699    |
---------------------------------
---------------------------------
| rollout/           |          |
|    ep_len_mean     | 50       |
|    ep_rew_mean     | -3.02    |
|    success_rate    | 0.96     |
| time/              |          |
|    episodes        | 360      |
|    fps             | 64       |
|    time_elapsed    | 277      |
|    total_timesteps | 18000    |
| train/             |          |
|    actor_loss      | 0.952    |
|    critic_loss     | 0.0435   |
|    ent_coef        | 0.00557  |
|    ent_coef_loss   | -1.68    |
|    learning_rate   | 0.001    |
|    n_updates       | 17899    |
---------------------------------
---------------------------------
| rollout/           |          |
|    ep_len_mean     | 50       |
|    ep_rew_mean     | -2.93    |
|    success_rate    | 0.97     |
| time/              |          |
|    episodes        | 364      |
|    fps             | 64       |
|    time_elapsed    | 280      |
|    total_timesteps | 18200    |
| train/             |          |
|    actor_loss      | 1.08     |
|    critic_loss     | 0.0498   |
|    ent_coef        | 0.00537  |
|    ent_coef_loss   | -0.00902 |
|    learning_rate   | 0.001    |
|    n_updates       | 18099    |
---------------------------------
---------------------------------
| rollout/           |          |
|    ep_len_mean     | 50       |
|    ep_rew_mean     | -2.9     |
|    success_rate    | 0.97     |
| time/              |          |
|    episodes        | 368      |
|    fps             | 64       |
|    time_elapsed    | 283      |
|    total_timesteps | 18400    |
| train/             |          |
|    actor_loss      | 0.731    |
|    critic_loss     | 0.0568   |
|    ent_coef        | 0.00524  |
|    ent_coef_loss   | -2       |
|    learning_rate   | 0.001    |
|    n_updates       | 18299    |
---------------------------------
---------------------------------
| rollout/           |          |
|    ep_len_mean     | 50       |
|    ep_rew_mean     | -2.87    |
|    success_rate    | 0.97     |
| time/              |          |
|    episodes        | 372      |
|    fps             | 64       |
|    time_elapsed    | 286      |
|    total_timesteps | 18600    |
| train/             |          |
|    actor_loss      | 1.12     |
|    critic_loss     | 0.0519   |
|    ent_coef        | 0.00504  |
|    ent_coef_loss   | 4.26     |
|    learning_rate   | 0.001    |
|    n_updates       | 18499    |
---------------------------------
---------------------------------
| rollout/           |          |
|    ep_len_mean     | 50       |
|    ep_rew_mean     | -2.88    |
|    success_rate    | 0.97     |
| time/              |          |
|    episodes        | 376      |
|    fps             | 64       |
|    time_elapsed    | 289      |
|    total_timesteps | 18800    |
| train/             |          |
|    actor_loss      | 0.751    |
|    critic_loss     | 0.044    |
|    ent_coef        | 0.00495  |
|    ent_coef_loss   | 0.0619   |
|    learning_rate   | 0.001    |
|    n_updates       | 18699    |
---------------------------------
---------------------------------
| rollout/           |          |
|    ep_len_mean     | 50       |
|    ep_rew_mean     | -2.82    |
|    success_rate    | 0.97     |
| time/              |          |
|    episodes        | 380      |
|    fps             | 64       |
|    time_elapsed    | 292      |
|    total_timesteps | 19000    |
| train/             |          |
|    actor_loss      | 0.791    |
|    critic_loss     | 0.0467   |
|    ent_coef        | 0.00462  |
|    ent_coef_loss   | -1.78    |
|    learning_rate   | 0.001    |
|    n_updates       | 18899    |
---------------------------------
---------------------------------
| rollout/           |          |
|    ep_len_mean     | 50       |
|    ep_rew_mean     | -2.26    |
|    success_rate    | 0.98     |
| time/              |          |
|    episodes        | 384      |
|    fps             | 64       |
|    time_elapsed    | 295      |
|    total_timesteps | 19200    |
| train/             |          |
|    actor_loss      | 0.548    |
|    critic_loss     | 0.0412   |
|    ent_coef        | 0.0045   |
|    ent_coef_loss   | -0.894   |
|    learning_rate   | 0.001    |
|    n_updates       | 19099    |
---------------------------------
---------------------------------
| rollout/           |          |
|    ep_len_mean     | 50       |
|    ep_rew_mean     | -2.24    |
|    success_rate    | 0.98     |
| time/              |          |
|    episodes        | 388      |
|    fps             | 64       |
|    time_elapsed    | 298      |
|    total_timesteps | 19400    |
| train/             |          |
|    actor_loss      | 0.681    |
|    critic_loss     | 0.0439   |
|    ent_coef        | 0.00451  |
|    ent_coef_loss   | -2.65    |
|    learning_rate   | 0.001    |
|    n_updates       | 19299    |
---------------------------------
---------------------------------
| rollout/           |          |
|    ep_len_mean     | 50       |
|    ep_rew_mean     | -2.24    |
|    success_rate    | 0.98     |
| time/              |          |
|    episodes        | 392      |
|    fps             | 64       |
|    time_elapsed    | 302      |
|    total_timesteps | 19600    |
| train/             |          |
|    actor_loss      | 0.871    |
|    critic_loss     | 0.046    |
|    ent_coef        | 0.00428  |
|    ent_coef_loss   | 3.16     |
|    learning_rate   | 0.001    |
|    n_updates       | 19499    |
---------------------------------
---------------------------------
| rollout/           |          |
|    ep_len_mean     | 50       |
|    ep_rew_mean     | -1.79    |
|    success_rate    | 0.99     |
| time/              |          |
|    episodes        | 396      |
|    fps             | 64       |
|    time_elapsed    | 305      |
|    total_timesteps | 19800    |
| train/             |          |
|    actor_loss      | 0.676    |
|    critic_loss     | 0.0541   |
|    ent_coef        | 0.0042   |
|    ent_coef_loss   | 2.79     |
|    learning_rate   | 0.001    |
|    n_updates       | 19699    |
---------------------------------
---------------------------------
| rollout/           |          |
|    ep_len_mean     | 50       |
|    ep_rew_mean     | -1.82    |
|    success_rate    | 0.99     |
| time/              |          |
|    episodes        | 400      |
|    fps             | 64       |
|    time_elapsed    | 308      |
|    total_timesteps | 20000    |
| train/             |          |
|    actor_loss      | 0.687    |
|    critic_loss     | 0.0462   |
|    ent_coef        | 0.00407  |
|    ent_coef_loss   | 1.84     |
|    learning_rate   | 0.001    |
|    n_updates       | 19899    |
---------------------------------
success_rate=1.000 over 50 episodes
