AdroitHandRelocateDense-v1, AdroitHandHammerDense-v1, AdroitHandDoorDense-v1 environment's reward functions were updated in v1.2.1 without an environment version update. Therefore, use gymnasium-robotics==1.2.0 for v1 reproducibility or use v2 in gymnasium-robotics>=1.4.3. See https://github.com/Farama-Foundation/Gymnasium-Robotics/pull/220 for more details
Using cpu device
Wrapping the env with a `Monitor` wrapper
Wrapping the env in a DummyVecEnv.
---------------------------------
| rollout/           |          |
|    ep_len_mean     | 50       |
|    ep_rew_mean     | -48.5    |
|    success_rate    | 0        |
| time/              |          |
|    episodes        | 4        |
|    fps             | 196      |
|    time_elapsed    | 1        |
|    total_timesteps | 200      |
| train/             |          |
|    actor_loss      | -4.47    |
|    critic_loss     | 0.256    |
|    ent_coef        | 0.907    |
|    ent_coef_loss   | -0.66    |
|    learning_rate   | 0.001    |
|    n_updates       | 99       |
---------------------------------
---------------------------------
| rollout/           |          |
|    ep_len_mean     | 50       |
|    ep_rew_mean     | -47.9    |
|    success_rate    | 0        |
| time/              |          |
|    episodes        | 8        |
|    fps             | 141      |
|    time_elapsed    | 2        |
|    total_timesteps | 400      |
| train/             |          |
|    actor_loss      | -4.47    |
|    critic_loss     | 0.184    |
|    ent_coef        | 0.742    |
|    ent_coef_loss   | -2       |
|    learning_rate   | 0.001    |
|    n_updates       | 299      |
---------------------------------
---------------------------------
| rollout/           |          |
|    ep_len_mean     | 50       |
|    ep_rew_mean     | -48.6    |
|    success_rate    | 0        |
| time/              |          |
|    episodes        | 12       |
|    fps             | 131      |
|    time_elapsed    | 4        |
|    total_timesteps | 600      |
| train/             |          |
|    actor_loss      | -4.52    |
|    critic_loss     | 0.174    |
|    ent_coef        | 0.608    |
|    ent_coef_loss   | -3.35    |
|    learning_rate   | 0.001    |
|    n_updates       | 499      |
---------------------------------
---------------------------------
| rollout/           |          |
|    ep_len_mean     | 50       |
|    ep_rew_mean     | -48.4    |
|    success_rate    | 0        |
| time/              |          |
|    episodes        | 16       |
|    fps             | 126      |
|    time_elapsed    | 6        |
|    total_timesteps | 800      |
| train/             |          |
|    actor_loss      | -4.47    |
|    critic_loss     | 0.187    |
|    ent_coef        | 0.498    |
|    ent_coef_loss   | -4.68    |
|    learning_rate   | 0.001    |
|    n_updates       | 699      |
---------------------------------
---------------------------------
| rollout/           |          |
|    ep_len_mean     | 50       |
|    ep_rew_mean     | -48.6    |
|    success_rate    | 0        |
| time/              |          |
|    episodes        | 20       |
|    fps             | 123      |
|    time_elapsed    | 8        |
|    total_timesteps | 1000     |
| train/             |          |
|    actor_loss      | -4.39    |
|    critic_loss     | 0.192    |
|    ent_coef        | 0.407    |
|    ent_coef_loss   | -6.02    |
|    learning_rate   | 0.001    |
|    n_updates       | 899      |
---------------------------------
---------------------------------
| rollout/           |          |
|    ep_len_mean     | 50       |
|    ep_rew_mean     | -48.9    |
|    success_rate    | 0        |
| time/              |          |
|    episodes        | 24       |
|    fps             | 121      |
|    time_elapsed    | 9        |
|    total_timesteps | 1200     |
| train/             |          |
|    actor_loss      | -3.92    |
|    critic_loss     | 0.186    |
|    ent_coef        | 0.334    |
|    ent_coef_loss   | -7.37    |
|    learning_rate   | 0.001    |
|    n_updates       | 1099     |
---------------------------------
---------------------------------
| rollout/           |          |
|    ep_len_mean     | 50       |
|    ep_rew_mean     | -49      |
|    success_rate    | 0        |
| time/              |          |
|    episodes        | 28       |
|    fps             | 120      |
|    time_elapsed    | 11       |
|    total_timesteps | 1400     |
| train/             |          |
|    actor_loss      | -3.57    |
|    critic_loss     | 0.158    |
|    ent_coef        | 0.273    |
|    ent_coef_loss   | -8.76    |
|    learning_rate   | 0.001    |
|    n_updates       | 1299     |
---------------------------------
---------------------------------
| rollout/           |          |
|    ep_len_mean     | 50       |
|    ep_rew_mean     | -49.2    |
|    success_rate    | 0        |
| time/              |          |
|    episodes        | 32       |
|    fps             | 119      |
|    time_elapsed    | 13       |
|    total_timesteps | 1600     |
| train/             |          |
|    actor_loss      | -3.26    |
|    critic_loss     | 0.188    |
|    ent_coef        | 0.224    |
|    ent_coef_loss   | -9.83    |
|    learning_rate   | 0.001    |
|    n_updates       | 1499     |
---------------------------------
---------------------------------
| rollout/           |          |
|    ep_len_mean     | 50       |
|    ep_rew_mean     | -49.2    |
|    success_rate    | 0        |
| time/              |          |
|    episodes        | 36       |
|    fps             | 119      |
|    time_elapsed    | 15       |
|    total_timesteps | 1800     |
| train/             |          |
|    actor_loss      | -2.78    |
|    critic_loss     | 0.165    |
|    ent_coef        | 0.184    |
|    ent_coef_loss   | -10.8    |
|    learning_rate   | 0.001    |
|    n_updates       | 1699     |
---------------------------------
---------------------------------
| rollout/           |          |
|    ep_len_mean     | 50       |
|    ep_rew_mean     | -49.3    |
|    success_rate    | 0        |
| time/              |          |
|    episodes        | 40       |
|    fps             | 118      |
|    time_elapsed    | 16       |
|    total_timesteps | 2000     |
| train/             |          |
|    actor_loss      | -2.22    |
|    critic_loss     | 0.125    |
|    ent_coef        | 0.152    |
|    ent_coef_loss   | -11.5    |
|    learning_rate   | 0.001    |
|    n_updates       | 1899     |
---------------------------------
---------------------------------
| rollout/           |          |
|    ep_len_mean     | 50       |
|    ep_rew_mean     | -49.3    |
|    success_rate    | 0        |
| time/              |          |
|    episodes        | 44       |
|    fps             | 118      |
|    time_elapsed    | 18       |
|    total_timesteps | 2200     |
| train/             |          |
|    actor_loss      | -1.89    |
|    critic_loss     | 0.169    |
|    ent_coef        | 0.127    |
|    ent_coef_loss   | -12      |
|    learning_rate   | 0.001    |
|    n_updates       | 2099     |
---------------------------------
---------------------------------
| rollout/           |          |
|    ep_len_mean     | 50       |
|    ep_rew_mean     | -49.4    |
|    success_rate    | 0        |
| time/              |          |
|    episodes        | 48       |
|    fps             | 118      |
|    time_elapsed    | 20       |
|    total_timesteps | 2400     |
| train/             |          |
|    actor_loss      | -1.69    |
|    critic_loss     | 0.142    |
|    ent_coef        | 0.106    |
|    ent_coef_loss   | -12.7    |
|    learning_rate   | 0.001    |
|    n_updates       | 2299     |
---------------------------------
---------------------------------
| rollout/           |          |
|    ep_len_mean     | 50       |
|    ep_rew_mean     | -49.4    |
|    success_rate    | 0        |
| time/              |          |
|    episodes        | 52       |
|    fps             | 117      |
|    time_elapsed    | 22       |
|    total_timesteps | 2600     |
| train/             |          |
|    actor_loss      | -0.816   |
|    critic_loss     | 0.155    |
|    ent_coef        | 0.089    |
|    ent_coef_loss   | -12.6    |
|    learning_rate   | 0.001    |
|    n_updates       | 2499     |
---------------------------------
---------------------------------
| rollout/           |          |
|    ep_len_mean     | 50       |
|    ep_rew_mean     | -49.4    |
|    success_rate    | 0        |
| time/              |          |
|    episodes        | 56       |
|    fps             | 117      |
|    time_elapsed    | 23       |
|    total_timesteps | 2800     |
| train/             |          |
|    actor_loss      | -0.591   |
|    critic_loss     | 0.171    |
|    ent_coef        | 0.0755   |
|    ent_coef_loss   | -13.2    |
|    learning_rate   | 0.001    |
|    n_updates       | 2699     |
---------------------------------
---------------------------------
| rollout/           |          |
|    ep_len_mean     | 50       |
|    ep_rew_mean     | -49.4    |
|    success_rate    | 0        |
| time/              |          |
|    episodes        | 60       |
|    fps             | 116      |
|    time_elapsed    | 25       |
|    total_timesteps | 3000     |
| train/             |          |
|    actor_loss      | -0.622   |
|    critic_loss     | 0.16     |
|    ent_coef        | 0.0644   |
|    ent_coef_loss   | -12      |
|    learning_rate   | 0.001    |
|    n_updates       | 2899     |
---------------------------------
---------------------------------
| rollout/           |          |
|    ep_len_mean     | 50       |
|    ep_rew_mean     | -49.4    |
|    success_rate    | 0        |
| time/              |          |
|    episodes        | 64       |
|    fps             | 116      |
|    time_elapsed    | 27       |
|    total_timesteps | 3200     |
| train/             |          |
|    actor_loss      | -0.0622  |
|    critic_loss     | 0.182    |
|    ent_coef        | 0.0553   |
|    ent_coef_loss   | -12.1    |
|    learning_rate   | 0.001    |
|    n_updates       | 3099     |
---------------------------------
---------------------------------
| rollout/           |          |
|    ep_len_mean     | 50       |
|    ep_rew_mean     | -49.5    |
|    success_rate    | 0        |
| time/              |          |
|    episodes        | 68       |
|    fps             | 116      |
|    time_elapsed    | 29       |
|    total_timesteps | 3400     |
| train/             |          |
|    actor_loss      | 0.13     |
|    critic_loss     | 0.193    |
|    ent_coef        | 0.0479   |
|    ent_coef_loss   | -10.7    |
|    learning_rate   | 0.001    |
|    n_updates       | 3299     |
---------------------------------
---------------------------------
| rollout/           |          |
|    ep_len_mean     | 50       |
|    ep_rew_mean     | -49.5    |
|    success_rate    | 0        |
| time/              |          |
|    episodes        | 72       |
|    fps             | 115      |
|    time_elapsed    | 31       |
|    total_timesteps | 3600     |
| train/             |          |
|    actor_loss      | 0.917    |
|    critic_loss     | 0.252    |
|    ent_coef        | 0.0417   |
|    ent_coef_loss   | -9.97    |
|    learning_rate   | 0.001    |
|    n_updates       | 3499     |
---------------------------------
---------------------------------
| rollout/           |          |
|    ep_len_mean     | 50       |
|    ep_rew_mean     | -49.4    |
|    success_rate    | 0        |
| time/              |          |
|    episodes        | 76       |
|    fps             | 115      |
|    time_elapsed    | 32       |
|    total_timesteps | 3800     |
| train/             |          |
|    actor_loss      | 0.653    |
|    critic_loss     | 0.221    |
|    ent_coef        | 0.0366   |
|    ent_coef_loss   | -9.65    |
|    learning_rate   | 0.001    |
|    n_updates       | 3699     |
---------------------------------
---------------------------------
| rollout/           |          |
|    ep_len_mean     | 50       |
|    ep_rew_mean     | -49.4    |
|    success_rate    | 0        |
| time/              |          |
|    episodes        | 80       |
|    fps             | 115      |
|    time_elapsed    | 34       |
|    total_timesteps | 4000     |
| train/             |          |
|    actor_loss      | 1.01     |
|    critic_loss     | 0.24     |
|    ent_coef        | 0.0325   |
|    ent_coef_loss   | -8.75    |
|    learning_rate   | 0.001    |
|    n_updates       | 3899     |
---------------------------------
---------------------------------
| rollout/           |          |
|    ep_len_mean     | 50       |
|    ep_rew_mean     | -49.4    |
|    success_rate    | 0        |
| time/              |          |
|    episodes        | 84       |
|    fps             | 115      |
|    time_elapsed    | 36       |
|    total_timesteps | 4200     |
| train/             |          |
|    actor_loss      | 0.699    |
|    critic_loss     | 0.242    |
|    ent_coef        | 0.0292   |
|    ent_coef_loss   | -6.95    |
|    learning_rate   | 0.001    |
|    n_updates       | 4099     |
---------------------------------
---------------------------------
| rollout/           |          |
|    ep_len_mean     | 50       |
|    ep_rew_mean     | -49.3    |
|    success_rate    | 0        |
| time/              |          |
|    episodes        | 88       |
|    fps             | 115      |
|    time_elapsed    | 38       |
|    total_timesteps | 4400     |
| train/             |          |
|    actor_loss      | 0.519    |
|    critic_loss     | 0.232    |
|    ent_coef        | 0.0264   |
|    ent_coef_loss   | -7.16    |
|    learning_rate   | 0.001    |
|    n_updates       | 4299     |
---------------------------------
---------------------------------
| rollout/           |          |
|    ep_len_mean     | 50       |
|    ep_rew_mean     | -49.4    |
|    success_rate    | 0        |
| time/              |          |
|    episodes        | 92       |
|    fps             | 114      |
|    time_elapsed    | 40       |
|    total_timesteps | 4600     |
| train/             |          |
|    actor_loss      | 1.46     |
|    critic_loss     | 0.232    |
|    ent_coef        | 0.0239   |
|    ent_coef_loss   | -6.27    |
|    learning_rate   | 0.001    |
|    n_updates       | 4499     |
---------------------------------
---------------------------------
| rollout/           |          |
|    ep_len_mean     | 50       |
|    ep_rew_mean     | -49.4    |
|    success_rate    | 0        |
| time/              |          |
|    episodes        | 96       |
|    fps             | 114      |
|    time_elapsed    | 41       |
|    total_timesteps | 4800     |
| train/             |          |
|    actor_loss      | 2.61     |
|    critic_loss     | 0.226    |
|    ent_coef        | 0.0219   |
|    ent_coef_loss   | -5.3     |
|    learning_rate   | 0.001    |
|    n_updates       | 4699     |
---------------------------------
---------------------------------
| rollout/           |          |
|    ep_len_mean     | 50       |
|    ep_rew_mean     | -49.4    |
|    success_rate    | 0        |
| time/              |          |
|    episodes        | 100      |
|    fps             | 114      |
|    time_elapsed    | 43       |
|    total_timesteps | 5000     |
| train/             |          |
|    actor_loss      | 1.46     |
|    critic_loss     | 0.241    |
|    ent_coef        | 0.0202   |
|    ent_coef_loss   | -3.23    |
|    learning_rate   | 0.001    |
|    n_updates       | 4899     |
---------------------------------
---------------------------------
| rollout/           |          |
|    ep_len_mean     | 50       |
|    ep_rew_mean     | -49.4    |
|    success_rate    | 0        |
| time/              |          |
|    episodes        | 104      |
|    fps             | 114      |
|    time_elapsed    | 45       |
|    total_timesteps | 5200     |
| train/             |          |
|    actor_loss      | 1.91     |
|    critic_loss     | 0.221    |
|    ent_coef        | 0.019    |
|    ent_coef_loss   | 0.0887   |
|    learning_rate   | 0.001    |
|    n_updates       | 5099     |
---------------------------------
---------------------------------
| rollout/           |          |
|    ep_len_mean     | 50       |
|    ep_rew_mean     | -49.2    |
|    success_rate    | 0        |
| time/              |          |
|    episodes        | 108      |
|    fps             | 114      |
|    time_elapsed    | 47       |
|    total_timesteps | 5400     |
| train/             |          |
|    actor_loss      | 1.69     |
|    critic_loss     | 0.238    |
|    ent_coef        | 0.0182   |
|    ent_coef_loss   | 0.992    |
|    learning_rate   | 0.001    |
|    n_updates       | 5299     |
---------------------------------
---------------------------------
| rollout/           |          |
|    ep_len_mean     | 50       |
|    ep_rew_mean     | -49      |
|    success_rate    | 0        |
| time/              |          |
|    episodes        | 112      |
|    fps             | 114      |
|    time_elapsed    | 49       |
|    total_timesteps | 5600     |
| train/             |          |
|    actor_loss      | 1.95     |
|    critic_loss     | 0.238    |
|    ent_coef        | 0.0176   |
|    ent_coef_loss   | -0.295   |
|    learning_rate   | 0.001    |
|    n_updates       | 5499     |
---------------------------------
---------------------------------
| rollout/           |          |
|    ep_len_mean     | 50       |
|    ep_rew_mean     | -49.1    |
|    success_rate    | 0        |
| time/              |          |
|    episodes        | 116      |
|    fps             | 114      |
|    time_elapsed    | 50       |
|    total_timesteps | 5800     |
| train/             |          |
|    actor_loss      | 2.21     |
|    critic_loss     | 0.274    |
|    ent_coef        | 0.0168   |
|    ent_coef_loss   | -1.6     |
|    learning_rate   | 0.001    |
|    n_updates       | 5699     |
---------------------------------
---------------------------------
| rollout/           |          |
|    ep_len_mean     | 50       |
|    ep_rew_mean     | -49      |
|    success_rate    | 0        |
| time/              |          |
|    episodes        | 120      |
|    fps             | 114      |
|    time_elapsed    | 52       |
|    total_timesteps | 6000     |
| train/             |          |
|    actor_loss      | 2.28     |
|    critic_loss     | 0.23     |
|    ent_coef        | 0.0161   |
|    ent_coef_loss   | -1.69    |
|    learning_rate   | 0.001    |
|    n_updates       | 5899     |
---------------------------------
---------------------------------
| rollout/           |          |
|    ep_len_mean     | 50       |
|    ep_rew_mean     | -48      |
|    success_rate    | 0.02     |
| time/              |          |
|    episodes        | 124      |
|    fps             | 114      |
|    time_elapsed    | 54       |
|    total_timesteps | 6200     |
| train/             |          |
|    actor_loss      | 2.43     |
|    critic_loss     | 0.21     |
|    ent_coef        | 0.0154   |
|    ent_coef_loss   | -2.72    |
|    learning_rate   | 0.001    |
|    n_updates       | 6099     |
---------------------------------
---------------------------------
| rollout/           |          |
|    ep_len_mean     | 50       |
|    ep_rew_mean     | -47.8    |
|    success_rate    | 0.03     |
| time/              |          |
|    episodes        | 128      |
|    fps             | 114      |
|    time_elapsed    | 56       |
|    total_timesteps | 6400     |
| train/             |          |
|    actor_loss      | 2.38     |
|    critic_loss     | 0.219    |
|    ent_coef        | 0.0149   |
|    ent_coef_loss   | -1.74    |
|    learning_rate   | 0.001    |
|    n_updates       | 6299     |
---------------------------------
---------------------------------
| rollout/           |          |
|    ep_len_mean     | 50       |
|    ep_rew_mean     | -47.7    |
|    success_rate    | 0.03     |
| time/              |          |
|    episodes        | 132      |
|    fps             | 114      |
|    time_elapsed    | 57       |
|    total_timesteps | 6600     |
| train/             |          |
|    actor_loss      | 2.68     |
|    critic_loss     | 0.192    |
|    ent_coef        | 0.0141   |
|    ent_coef_loss   | 0.933    |
|    learning_rate   | 0.001    |
|    n_updates       | 6499     |
---------------------------------
---------------------------------
| rollout/           |          |
|    ep_len_mean     | 50       |
|    ep_rew_mean     | -46.4    |
|    success_rate    | 0.06     |
| time/              |          |
|    episodes        | 136      |
|    fps             | 113      |
|    time_elapsed    | 59       |
|    total_timesteps | 6800     |
| train/             |          |
|    actor_loss      | 2.1      |
|    critic_loss     | 0.239    |
|    ent_coef        | 0.0136   |
|    ent_coef_loss   | -1.26    |
|    learning_rate   | 0.001    |
|    n_updates       | 6699     |
---------------------------------
---------------------------------
| rollout/           |          |
|    ep_len_mean     | 50       |
|    ep_rew_mean     | -45.5    |
|    success_rate    | 0.08     |
| time/              |          |
|    episodes        | 140      |
|    fps             | 113      |
|    time_elapsed    | 61       |
|    total_timesteps | 7000     |
| train/             |          |
|    actor_loss      | 2.19     |
|    critic_loss     | 0.226    |
|    ent_coef        | 0.0131   |
|    ent_coef_loss   | -1.43    |
|    learning_rate   | 0.001    |
|    n_updates       | 6899     |
---------------------------------
---------------------------------
| rollout/           |          |
|    ep_len_mean     | 50       |
|    ep_rew_mean     | -44.5    |
|    success_rate    | 0.1      |
| time/              |          |
|    episodes        | 144      |
|    fps             | 113      |
|    time_elapsed    | 63       |
|    total_timesteps | 7200     |
| train/             |          |
|    actor_loss      | 2.41     |
|    critic_loss     | 0.171    |
|    ent_coef        | 0.0129   |
|    ent_coef_loss   | 2.26     |
|    learning_rate   | 0.001    |
|    n_updates       | 7099     |
---------------------------------
---------------------------------
| rollout/           |          |
|    ep_len_mean     | 50       |
|    ep_rew_mean     | -42.9    |
|    success_rate    | 0.13     |
| time/              |          |
|    episodes        | 148      |
|    fps             | 113      |
|    time_elapsed    | 64       |
|    total_timesteps | 7400     |
| train/             |          |
|    actor_loss      | 2.31     |
|    critic_loss     | 0.21     |
|    ent_coef        | 0.0126   |
|    ent_coef_loss   | -0.298   |
|    learning_rate   | 0.001    |
|    n_updates       | 7299     |
---------------------------------
---------------------------------
| rollout/           |          |
|    ep_len_mean     | 50       |
|    ep_rew_mean     | -41.2    |
|    success_rate    | 0.17     |
| time/              |          |
|    episodes        | 152      |
|    fps             | 113      |
|    time_elapsed    | 66       |
|    total_timesteps | 7600     |
| train/             |          |
|    actor_loss      | 2.19     |
|    critic_loss     | 0.153    |
|    ent_coef        | 0.0124   |
|    ent_coef_loss   | 0.262    |
|    learning_rate   | 0.001    |
|    n_updates       | 7499     |
---------------------------------
---------------------------------
| rollout/           |          |
|    ep_len_mean     | 50       |
|    ep_rew_mean     | -39.9    |
|    success_rate    | 0.2      |
| time/              |          |
|    episodes        | 156      |
|    fps             | 113      |
|    time_elapsed    | 68       |
|    total_timesteps | 7800     |
| train/             |          |
|    actor_loss      | 1.88     |
|    critic_loss     | 0.149    |
|    ent_coef        | 0.0122   |
|    ent_coef_loss   | 0.511    |
|    learning_rate   | 0.001    |
|    n_updates       | 7699     |
---------------------------------
---------------------------------
| rollout/           |          |
|    ep_len_mean     | 50       |
|    ep_rew_mean     | -38.7    |
|    success_rate    | 0.23     |
| time/              |          |
|    episodes        | 160      |
|    fps             | 113      |
|    time_elapsed    | 70       |
|    total_timesteps | 8000     |
| train/             |          |
|    actor_loss      | 2.1      |
|    critic_loss     | 0.166    |
|    ent_coef        | 0.0126   |
|    ent_coef_loss   | -0.0161  |
|    learning_rate   | 0.001    |
|    n_updates       | 7899     |
---------------------------------
---------------------------------
| rollout/           |          |
|    ep_len_mean     | 50       |
|    ep_rew_mean     | -38.1    |
|    success_rate    | 0.24     |
| time/              |          |
|    episodes        | 164      |
|    fps             | 113      |
|    time_elapsed    | 71       |
|    total_timesteps | 8200     |
| train/             |          |
|    actor_loss      | 2.31     |
|    critic_loss     | 0.158    |
|    ent_coef        | 0.0126   |
|    ent_coef_loss   | -0.846   |
|    learning_rate   | 0.001    |
|    n_updates       | 8099     |
---------------------------------
---------------------------------
| rollout/           |          |
|    ep_len_mean     | 50       |
|    ep_rew_mean     | -36.8    |
|    success_rate    | 0.26     |
| time/              |          |
|    episodes        | 168      |
|    fps             | 113      |
|    time_elapsed    | 73       |
|    total_timesteps | 8400     |
| train/             |          |
|    actor_loss      | 2.74     |
|    critic_loss     | 0.189    |
|    ent_coef        | 0.0124   |
|    ent_coef_loss   | 1.25     |
|    learning_rate   | 0.001    |
|    n_updates       | 8299     |
---------------------------------
---------------------------------
| rollout/           |          |
|    ep_len_mean     | 50       |
|    ep_rew_mean     | -35      |
|    success_rate    | 0.3      |
| time/              |          |
|    episodes        | 172      |
|    fps             | 113      |
|    time_elapsed    | 75       |
|    total_timesteps | 8600     |
| train/             |          |
|    actor_loss      | 2.22     |
|    critic_loss     | 0.132    |
|    ent_coef        | 0.0117   |
|    ent_coef_loss   | -1.03    |
|    learning_rate   | 0.001    |
|    n_updates       | 8499     |
---------------------------------
---------------------------------
| rollout/           |          |
|    ep_len_mean     | 50       |
|    ep_rew_mean     | -33.5    |
|    success_rate    | 0.34     |
| time/              |          |
|    episodes        | 176      |
|    fps             | 113      |
|    time_elapsed    | 77       |
|    total_timesteps | 8800     |
| train/             |          |
|    actor_loss      | 2.03     |
|    critic_loss     | 0.133    |
|    ent_coef        | 0.0113   |
|    ent_coef_loss   | 1.22     |
|    learning_rate   | 0.001    |
|    n_updates       | 8699     |
---------------------------------
---------------------------------
| rollout/           |          |
|    ep_len_mean     | 50       |
|    ep_rew_mean     | -32      |
|    success_rate    | 0.37     |
| time/              |          |
|    episodes        | 180      |
|    fps             | 113      |
|    time_elapsed    | 78       |
|    total_timesteps | 9000     |
| train/             |          |
|    actor_loss      | 2.47     |
|    critic_loss     | 0.121    |
|    ent_coef        | 0.0113   |
|    ent_coef_loss   | 0.586    |
|    learning_rate   | 0.001    |
|    n_updates       | 8899     |
---------------------------------
---------------------------------
| rollout/           |          |
|    ep_len_mean     | 50       |
|    ep_rew_mean     | -30.2    |
|    success_rate    | 0.41     |
| time/              |          |
|    episodes        | 184      |
|    fps             | 113      |
|    time_elapsed    | 80       |
|    total_timesteps | 9200     |
| train/             |          |
|    actor_loss      | 2.11     |
|    critic_loss     | 0.122    |
|    ent_coef        | 0.0111   |
|    ent_coef_loss   | -0.684   |
|    learning_rate   | 0.001    |
|    n_updates       | 9099     |
---------------------------------
---------------------------------
| rollout/           |          |
|    ep_len_mean     | 50       |
|    ep_rew_mean     | -28.3    |
|    success_rate    | 0.45     |
| time/              |          |
|    episodes        | 188      |
|    fps             | 113      |
|    time_elapsed    | 82       |
|    total_timesteps | 9400     |
| train/             |          |
|    actor_loss      | 2.49     |
|    critic_loss     | 0.142    |
|    ent_coef        | 0.0112   |
|    ent_coef_loss   | 0.613    |
|    learning_rate   | 0.001    |
|    n_updates       | 9299     |
---------------------------------
---------------------------------
| rollout/           |          |
|    ep_len_mean     | 50       |
|    ep_rew_mean     | -26.4    |
|    success_rate    | 0.49     |
| time/              |          |
|    episodes        | 192      |
|    fps             | 113      |
|    time_elapsed    | 84       |
|    total_timesteps | 9600     |
| train/             |          |
|    actor_loss      | 1.7      |
|    critic_loss     | 0.122    |
|    ent_coef        | 0.0113   |
|    ent_coef_loss   | -1.56    |
|    learning_rate   | 0.001    |
|    n_updates       | 9499     |
---------------------------------
---------------------------------
| rollout/           |          |
|    ep_len_mean     | 50       |
|    ep_rew_mean     | -24.5    |
|    success_rate    | 0.53     |
| time/              |          |
|    episodes        | 196      |
|    fps             | 113      |
|    time_elapsed    | 86       |
|    total_timesteps | 9800     |
| train/             |          |
|    actor_loss      | 1.93     |
|    critic_loss     | 0.102    |
|    ent_coef        | 0.0113   |
|    ent_coef_loss   | 0.187    |
|    learning_rate   | 0.001    |
|    n_updates       | 9699     |
---------------------------------
---------------------------------
| rollout/           |          |
|    ep_len_mean     | 50       |
|    ep_rew_mean     | -22.6    |
|    success_rate    | 0.57     |
| time/              |          |
|    episodes        | 200      |
|    fps             | 113      |
|    time_elapsed    | 87       |
|    total_timesteps | 10000    |
| train/             |          |
|    actor_loss      | 1.75     |
|    critic_loss     | 0.112    |
|    ent_coef        | 0.011    |
|    ent_coef_loss   | -1.43    |
|    learning_rate   | 0.001    |
|    n_updates       | 9899     |
---------------------------------
---------------------------------
| rollout/           |          |
|    ep_len_mean     | 50       |
|    ep_rew_mean     | -20.7    |
|    success_rate    | 0.61     |
| time/              |          |
|    episodes        | 204      |
|    fps             | 113      |
|    time_elapsed    | 89       |
|    total_timesteps | 10200    |
| train/             |          |
|    actor_loss      | 1.61     |
|    critic_loss     | 0.109    |
|    ent_coef        | 0.0106   |
|    ent_coef_loss   | -1.93    |
|    learning_rate   | 0.001    |
|    n_updates       | 10099    |
---------------------------------
---------------------------------
| rollout/           |          |
|    ep_len_mean     | 50       |
|    ep_rew_mean     | -19.3    |
|    success_rate    | 0.65     |
| time/              |          |
|    episodes        | 208      |
|    fps             | 114      |
|    time_elapsed    | 91       |
|    total_timesteps | 10400    |
| train/             |          |
|    actor_loss      | 1.79     |
|    critic_loss     | 0.12     |
|    ent_coef        | 0.0102   |
|    ent_coef_loss   | -0.00817 |
|    learning_rate   | 0.001    |
|    n_updates       | 10299    |
---------------------------------
---------------------------------
| rollout/           |          |
|    ep_len_mean     | 50       |
|    ep_rew_mean     | -17.6    |
|    success_rate    | 0.69     |
| time/              |          |
|    episodes        | 212      |
|    fps             | 114      |
|    time_elapsed    | 92       |
|    total_timesteps | 10600    |
| train/             |          |
|    actor_loss      | 2.02     |
|    critic_loss     | 0.101    |
|    ent_coef        | 0.01     |
|    ent_coef_loss   | 0.815    |
|    learning_rate   | 0.001    |
|    n_updates       | 10499    |
---------------------------------
---------------------------------
| rollout/           |          |
|    ep_len_mean     | 50       |
|    ep_rew_mean     | -15.7    |
|    success_rate    | 0.73     |
| time/              |          |
|    episodes        | 216      |
|    fps             | 114      |
|    time_elapsed    | 94       |
|    total_timesteps | 10800    |
| train/             |          |
|    actor_loss      | 1.69     |
|    critic_loss     | 0.0789   |
|    ent_coef        | 0.00991  |
|    ent_coef_loss   | -0.575   |
|    learning_rate   | 0.001    |
|    n_updates       | 10699    |
---------------------------------
---------------------------------
| rollout/           |          |
|    ep_len_mean     | 50       |
|    ep_rew_mean     | -13.8    |
|    success_rate    | 0.76     |
| time/              |          |
|    episodes        | 220      |
|    fps             | 114      |
|    time_elapsed    | 96       |
|    total_timesteps | 11000    |
| train/             |          |
|    actor_loss      | 1.47     |
|    critic_loss     | 0.102    |
|    ent_coef        | 0.0099   |
|    ent_coef_loss   | -1.38    |
|    learning_rate   | 0.001    |
|    n_updates       | 10899    |
---------------------------------
---------------------------------
| rollout/           |          |
|    ep_len_mean     | 50       |
|    ep_rew_mean     | -12.9    |
|    success_rate    | 0.78     |
| time/              |          |
|    episodes        | 224      |
|    fps             | 113      |
|    time_elapsed    | 98       |
|    total_timesteps | 11200    |
| train/             |          |
|    actor_loss      | 1.93     |
|    critic_loss     | 0.109    |
|    ent_coef        | 0.00957  |
|    ent_coef_loss   | 1.27     |
|    learning_rate   | 0.001    |
|    n_updates       | 11099    |
---------------------------------
---------------------------------
| rollout/           |          |
|    ep_len_mean     | 50       |
|    ep_rew_mean     | -11.2    |
|    success_rate    | 0.81     |
| time/              |          |
|    episodes        | 228      |
|    fps             | 113      |
|    time_elapsed    | 100      |
|    total_timesteps | 11400    |
| train/             |          |
|    actor_loss      | 1.68     |
|    critic_loss     | 0.093    |
|    ent_coef        | 0.00962  |
|    ent_coef_loss   | 0.0314   |
|    learning_rate   | 0.001    |
|    n_updates       | 11299    |
---------------------------------
---------------------------------
| rollout/           |          |
|    ep_len_mean     | 50       |
|    ep_rew_mean     | -9.34    |
|    success_rate    | 0.85     |
| time/              |          |
|    episodes        | 232      |
|    fps             | 112      |
|    time_elapsed    | 102      |
|    total_timesteps | 11600    |
| train/             |          |
|    actor_loss      | 1.31     |
|    critic_loss     | 0.0797   |
|    ent_coef        | 0.00924  |
|    ent_coef_loss   | -0.564   |
|    learning_rate   | 0.001    |
|    n_updates       | 11499    |
---------------------------------
---------------------------------
| rollout/           |          |
|    ep_len_mean     | 50       |
|    ep_rew_mean     | -8.82    |
|    success_rate    | 0.86     |
| time/              |          |
|    episodes        | 236      |
|    fps             | 112      |
|    time_elapsed    | 105      |
|    total_timesteps | 11800    |
| train/             |          |
|    actor_loss      | 1.19     |
|    critic_loss     | 0.0884   |
|    ent_coef        | 0.00909  |
|    ent_coef_loss   | -1.26    |
|    learning_rate   | 0.001    |
|    n_updates       | 11699    |
---------------------------------
---------------------------------
| rollout/           |          |
|    ep_len_mean     | 50       |
|    ep_rew_mean     | -7.76    |
|    success_rate    | 0.88     |
| time/              |          |
|    episodes        | 240      |
|    fps             | 111      |
|    time_elapsed    | 107      |
|    total_timesteps | 12000    |
| train/             |          |
|    actor_loss      | 1.42     |
|    critic_loss     | 0.0591   |
|    ent_coef        | 0.00884  |
|    ent_coef_loss   | -1.73    |
|    learning_rate   | 0.001    |
|    n_updates       | 11899    |
---------------------------------
---------------------------------
| rollout/           |          |
|    ep_len_mean     | 50       |
|    ep_rew_mean     | -7.16    |
|    success_rate    | 0.89     |
| time/              |          |
|    episodes        | 244      |
|    fps             | 111      |
|    time_elapsed    | 109      |
|    total_timesteps | 12200    |
| train/             |          |
|    actor_loss      | 1.61     |
|    critic_loss     | 0.0785   |
|    ent_coef        | 0.00857  |
|    ent_coef_loss   | 0.0463   |
|    learning_rate   | 0.001    |
|    n_updates       | 12099    |
---------------------------------
---------------------------------
| rollout/           |          |
|    ep_len_mean     | 50       |
|    ep_rew_mean     | -6.89    |
|    success_rate    | 0.9      |
| time/              |          |
|    episodes        | 248      |
|    fps             | 111      |
|    time_elapsed    | 110      |
|    total_timesteps | 12400    |
| train/             |          |
|    actor_loss      | 1.29     |
|    critic_loss     | 0.0679   |
|    ent_coef        | 0.00813  |
|    ent_coef_loss   | -1.6     |
|    learning_rate   | 0.001    |
|    n_updates       | 12299    |
---------------------------------
---------------------------------
| rollout/           |          |
|    ep_len_mean     | 50       |
|    ep_rew_mean     | -6.6     |
|    success_rate    | 0.9      |
| time/              |          |
|    episodes        | 252      |
|    fps             | 111      |
|    time_elapsed    | 112      |
|    total_timesteps | 12600    |
| train/             |          |
|    actor_loss      | 1.5      |
|    critic_loss     | 0.0601   |
|    ent_coef        | 0.00776  |
|    ent_coef_loss   | -0.0452  |
|    learning_rate   | 0.001    |
|    n_updates       | 12499    |
---------------------------------
---------------------------------
| rollout/           |          |
|    ep_len_mean     | 50       |
|    ep_rew_mean     | -6.06    |
|    success_rate    | 0.91     |
| time/              |          |
|    episodes        | 256      |
|    fps             | 111      |
|    time_elapsed    | 114      |
|    total_timesteps | 12800    |
| train/             |          |
|    actor_loss      | 0.872    |
|    critic_loss     | 0.0914   |
|    ent_coef        | 0.00807  |
|    ent_coef_loss   | -1.34    |
|    learning_rate   | 0.001    |
|    n_updates       | 12699    |
---------------------------------
---------------------------------
| rollout/           |          |
|    ep_len_mean     | 50       |
|    ep_rew_mean     | -5.29    |
|    success_rate    | 0.92     |
| time/              |          |
|    episodes        | 260      |
|    fps             | 111      |
|    time_elapsed    | 116      |
|    total_timesteps | 13000    |
| train/             |          |
|    actor_loss      | 1.36     |
|    critic_loss     | 0.0765   |
|    ent_coef        | 0.00766  |
|    ent_coef_loss   | -1.47    |
|    learning_rate   | 0.001    |
|    n_updates       | 12899    |
---------------------------------
---------------------------------
| rollout/           |          |
|    ep_len_mean     | 50       |
|    ep_rew_mean     | -4.04    |
|    success_rate    | 0.95     |
| time/              |          |
|    episodes        | 264      |
|    fps             | 111      |
|    time_elapsed    | 117      |
|    total_timesteps | 13200    |
| train/             |          |
|    actor_loss      | 0.985    |
|    critic_loss     | 0.0505   |
|    ent_coef        | 0.00741  |
|    ent_coef_loss   | -1.53    |
|    learning_rate   | 0.001    |
|    n_updates       | 13099    |
---------------------------------
---------------------------------
| rollout/           |          |
|    ep_len_mean     | 50       |
|    ep_rew_mean     | -3.4     |
|    success_rate    | 0.97     |
| time/              |          |
|    episodes        | 268      |
|    fps             | 111      |
|    time_elapsed    | 119      |
|    total_timesteps | 13400    |
| train/             |          |
|    actor_loss      | 0.923    |
|    critic_loss     | 0.0555   |
|    ent_coef        | 0.00729  |
|    ent_coef_loss   | -1.22    |
|    learning_rate   | 0.001    |
|    n_updates       | 13299    |
---------------------------------
---------------------------------
| rollout/           |          |
|    ep_len_mean     | 50       |
|    ep_rew_mean     | -3.22    |
|    success_rate    | 0.97     |
| time/              |          |
|    episodes        | 272      |
|    fps             | 111      |
|    time_elapsed    | 121      |
|    total_timesteps | 13600    |
| train/             |          |
|    actor_loss      | 0.759    |
|    critic_loss     | 0.0555   |
|    ent_coef        | 0.007    |
|    ent_coef_loss   | -0.448   |
|    learning_rate   | 0.001    |
|    n_updates       | 13499    |
---------------------------------
---------------------------------
| rollout/           |          |
|    ep_len_mean     | 50       |
|    ep_rew_mean     | -2.89    |
|    success_rate    | 0.97     |
| time/              |          |
|    episodes        | 276      |
|    fps             | 112      |
|    time_elapsed    | 123      |
|    total_timesteps | 13800    |
| train/             |          |
|    actor_loss      | 0.879    |
|    critic_loss     | 0.0612   |
|    ent_coef        | 0.00665  |
|    ent_coef_loss   | 0.271    |
|    learning_rate   | 0.001    |
|    n_updates       | 13699    |
---------------------------------
---------------------------------
| rollout/           |          |
|    ep_len_mean     | 50       |
|    ep_rew_mean     | -2.46    |
|    success_rate    | 0.98     |
| time/              |          |
|    episodes        | 280      |
|    fps             | 112      |
|    time_elapsed    | 124      |
|    total_timesteps | 14000    |
| train/             |          |
|    actor_loss      | 0.919    |
|    critic_loss     | 0.0598   |
|    ent_coef        | 0.00626  |
|    ent_coef_loss   | -1.49    |
|    learning_rate   | 0.001    |
|    n_updates       | 13899    |
---------------------------------
---------------------------------
| rollout/           |          |
|    ep_len_mean     | 50       |
|    ep_rew_mean     | -2.42    |
|    success_rate    | 0.98     |
| time/              |          |
|    episodes        | 284      |
|    fps             | 111      |
|    time_elapsed    | 127      |
|    total_timesteps | 14200    |
| train/             |          |
|    actor_loss      | 0.859    |
|    critic_loss     | 0.0724   |
|    ent_coef        | 0.00607  |
|    ent_coef_loss   | 1.03     |
|    learning_rate   | 0.001    |
|    n_updates       | 14099    |
---------------------------------
---------------------------------
| rollout/           |          |
|    ep_len_mean     | 50       |
|    ep_rew_mean     | -2.46    |
|    success_rate    | 0.98     |
| time/              |          |
|    episodes        | 288      |
|    fps             | 111      |
|    time_elapsed    | 128      |
|    total_timesteps | 14400    |
| train/             |          |
|    actor_loss      | 0.874    |
|    critic_loss     | 0.0451   |
|    ent_coef        | 0.00632  |
|    ent_coef_loss   | -0.946   |
|    learning_rate   | 0.001    |
|    n_updates       | 14299    |
---------------------------------
---------------------------------
| rollout/           |          |
|    ep_len_mean     | 50       |
|    ep_rew_mean     | -2.41    |
|    success_rate    | 0.98     |
| time/              |          |
|    episodes        | 292      |
|    fps             | 111      |
|    time_elapsed    | 130      |
|    total_timesteps | 14600    |
| train/             |          |
|    actor_loss      | 0.868    |
|    critic_loss     | 0.0507   |
|    ent_coef        | 0.00611  |
|    ent_coef_loss   | 2.8      |
|    learning_rate   | 0.001    |
|    n_updates       | 14499    |
---------------------------------
---------------------------------
| rollout/           |          |
|    ep_len_mean     | 50       |
|    ep_rew_mean     | -2.41    |
|    success_rate    | 0.98     |
| time/              |          |
|    episodes        | 296      |
|    fps             | 111      |
|    time_elapsed    | 132      |
|    total_timesteps | 14800    |
| train/             |          |
|    actor_loss      | 0.925    |
|    critic_loss     | 0.049    |
|    ent_coef        | 0.00578  |
|    ent_coef_loss   | -3       |
|    learning_rate   | 0.001    |
|    n_updates       | 14699    |
---------------------------------
---------------------------------
| rollout/           |          |
|    ep_len_mean     | 50       |
|    ep_rew_mean     | -2.44    |
|    success_rate    | 0.98     |
| time/              |          |
|    episodes        | 300      |
|    fps             | 111      |
|    time_elapsed    | 134      |
|    total_timesteps | 15000    |
| train/             |          |
|    actor_loss      | 0.493    |
|    critic_loss     | 0.0451   |
|    ent_coef        | 0.00542  |
|    ent_coef_loss   | -1.89    |
|    learning_rate   | 0.001    |
|    n_updates       | 14899    |
---------------------------------
---------------------------------
| rollout/           |          |
|    ep_len_mean     | 50       |
|    ep_rew_mean     | -2.35    |
|    success_rate    | 0.98     |
| time/              |          |
|    episodes        | 304      |
|    fps             | 111      |
|    time_elapsed    | 136      |
|    total_timesteps | 15200    |
| train/             |          |
|    actor_loss      | 0.664    |
|    critic_loss     | 0.0511   |
|    ent_coef        | 0.00541  |
|    ent_coef_loss   | -3.24    |
|    learning_rate   | 0.001    |
|    n_updates       | 15099    |
---------------------------------
---------------------------------
| rollout/           |          |
|    ep_len_mean     | 50       |
|    ep_rew_mean     | -2.22    |
|    success_rate    | 0.98     |
| time/              |          |
|    episodes        | 308      |
|    fps             | 111      |
|    time_elapsed    | 138      |
|    total_timesteps | 15400    |
| train/             |          |
|    actor_loss      | 0.827    |
|    critic_loss     | 0.0361   |
|    ent_coef        | 0.00545  |
|    ent_coef_loss   | -1.12    |
|    learning_rate   | 0.001    |
|    n_updates       | 15299    |
---------------------------------
---------------------------------
| rollout/           |          |
|    ep_len_mean     | 50       |
|    ep_rew_mean     | -2.21    |
|    success_rate    | 0.98     |
| time/              |          |
|    episodes        | 312      |
|    fps             | 111      |
|    time_elapsed    | 139      |
|    total_timesteps | 15600    |
| train/             |          |
|    actor_loss      | 0.762    |
|    critic_loss     | 0.0595   |
|    ent_coef        | 0.00504  |
|    ent_coef_loss   | -0.179   |
|    learning_rate   | 0.001    |
|    n_updates       | 15499    |
---------------------------------
---------------------------------
| rollout/           |          |
|    ep_len_mean     | 50       |
|    ep_rew_mean     | -2.21    |
|    success_rate    | 0.98     |
| time/              |          |
|    episodes        | 316      |
|    fps             | 111      |
|    time_elapsed    | 141      |
|    total_timesteps | 15800    |
| train/             |          |
|    actor_loss      | 0.863    |
|    critic_loss     | 0.05     |
|    ent_coef        | 0.00483  |
|    ent_coef_loss   | -1.11    |
|    learning_rate   | 0.001    |
|    n_updates       | 15699    |
---------------------------------
---------------------------------
| rollout/           |          |
|    ep_len_mean     | 50       |
|    ep_rew_mean     | -2.18    |
|    success_rate    | 0.99     |
| time/              |          |
|    episodes        | 320      |
|    fps             | 111      |
|    time_elapsed    | 143      |
|    total_timesteps | 16000    |
| train/             |          |
|    actor_loss      | 0.828    |
|    critic_loss     | 0.0384   |
|    ent_coef        | 0.00462  |
|    ent_coef_loss   | 1.66     |
|    learning_rate   | 0.001    |
|    n_updates       | 15899    |
---------------------------------
---------------------------------
| rollout/           |          |
|    ep_len_mean     | 50       |
|    ep_rew_mean     | -2.15    |
|    success_rate    | 0.99     |
| time/              |          |
|    episodes        | 324      |
|    fps             | 111      |
|    time_elapsed    | 145      |
|    total_timesteps | 16200    |
| train/             |          |
|    actor_loss      | 0.865    |
|    critic_loss     | 0.0382   |
|    ent_coef        | 0.00447  |
|    ent_coef_loss   | 0.253    |
|    learning_rate   | 0.001    |
|    n_updates       | 16099    |
---------------------------------
---------------------------------
| rollout/           |          |
|    ep_len_mean     | 50       |
|    ep_rew_mean     | -2.16    |
|    success_rate    | 0.99     |
| time/              |          |
|    episodes        | 328      |
|    fps             | 111      |
|    time_elapsed    | 147      |
|    total_timesteps | 16400    |
| train/             |          |
|    actor_loss      | 0.63     |
|    critic_loss     | 0.0413   |
|    ent_coef        | 0.00443  |
|    ent_coef_loss   | -2.47    |
|    learning_rate   | 0.001    |
|    n_updates       | 16299    |
---------------------------------
---------------------------------
| rollout/           |          |
|    ep_len_mean     | 50       |
|    ep_rew_mean     | -2.15    |
|    success_rate    | 0.99     |
| time/              |          |
|    episodes        | 332      |
|    fps             | 111      |
|    time_elapsed    | 149      |
|    total_timesteps | 16600    |
| train/             |          |
|    actor_loss      | 0.836    |
|    critic_loss     | 0.0559   |
|    ent_coef        | 0.00414  |
|    ent_coef_loss   | 1.25     |
|    learning_rate   | 0.001    |
|    n_updates       | 16499    |
---------------------------------
---------------------------------
| rollout/           |          |
|    ep_len_mean     | 50       |
|    ep_rew_mean     | -2.12    |
|    success_rate    | 0.99     |
| time/              |          |
|    episodes        | 336      |
|    fps             | 111      |
|    time_elapsed    | 150      |
|    total_timesteps | 16800    |
| train/             |          |
|    actor_loss      | 0.879    |
|    critic_loss     | 0.0509   |
|    ent_coef        | 0.00399  |
|    ent_coef_loss   | 1.93     |
|    learning_rate   | 0.001    |
|    n_updates       | 16699    |
---------------------------------
---------------------------------
| rollout/           |          |
|    ep_len_mean     | 50       |
|    ep_rew_mean     | -2.14    |
|    success_rate    | 0.99     |
| time/              |          |
|    episodes        | 340      |
|    fps             | 111      |
|    time_elapsed    | 152      |
|    total_timesteps | 17000    |
| train/             |          |
|    actor_loss      | 0.934    |
|    critic_loss     | 0.0496   |
|    ent_coef        | 0.00404  |
|    ent_coef_loss   | 0.237    |
|    learning_rate   | 0.001    |
|    n_updates       | 16899    |
---------------------------------
---------------------------------
| rollout/           |          |
|    ep_len_mean     | 50       |
|    ep_rew_mean     | -1.77    |
|    success_rate    | 1        |
| time/              |          |
|    episodes        | 344      |
|    fps             | 111      |
|    time_elapsed    | 154      |
|    total_timesteps | 17200    |
| train/             |          |
|    actor_loss      | 0.838    |
|    critic_loss     | 0.0427   |
|    ent_coef        | 0.00385  |
|    ent_coef_loss   | -1.1     |
|    learning_rate   | 0.001    |
|    n_updates       | 17099    |
---------------------------------
---------------------------------
| rollout/           |          |
|    ep_len_mean     | 50       |
|    ep_rew_mean     | -1.75    |
|    success_rate    | 1        |
| time/              |          |
|    episodes        | 348      |
|    fps             | 111      |
|    time_elapsed    | 156      |
|    total_timesteps | 17400    |
| train/             |          |
|    actor_loss      | 1.01     |
|    critic_loss     | 0.0288   |
|    ent_coef        | 0.00372  |
|    ent_coef_loss   | -0.697   |
|    learning_rate   | 0.001    |
|    n_updates       | 17299    |
---------------------------------
---------------------------------
| rollout/           |          |
|    ep_len_mean     | 50       |
|    ep_rew_mean     | -1.79    |
|    success_rate    | 1        |
| time/              |          |
|    episodes        | 352      |
|    fps             | 111      |
|    time_elapsed    | 157      |
|    total_timesteps | 17600    |
| train/             |          |
|    actor_loss      | 0.994    |
|    critic_loss     | 0.0431   |
|    ent_coef        | 0.00356  |
|    ent_coef_loss   | 4.87     |
|    learning_rate   | 0.001    |
|    n_updates       | 17499    |
---------------------------------
---------------------------------
| rollout/           |          |
|    ep_len_mean     | 50       |
|    ep_rew_mean     | -1.77    |
|    success_rate    | 1        |
| time/              |          |
|    episodes        | 356      |
|    fps             | 111      |
|    time_elapsed    | 159      |
|    total_timesteps | 17800    |
| train/             |          |
|    actor_loss      | 0.633    |
|    critic_loss     | 0.0306   |
|    ent_coef        | 0.00344  |
|    ent_coef_loss   | -2.46    |
|    learning_rate   | 0.001    |
|    n_updates       | 17699    |
---------------------------------
---------------------------------
| rollout/           |          |
|    ep_len_mean     | 50       |
|    ep_rew_mean     | -1.81    |
|    success_rate    | 1        |
| time/              |          |
|    episodes        | 360      |
|    fps             | 111      |
|    time_elapsed    | 161      |
|    total_timesteps | 18000    |
| train/             |          |
|    actor_loss      | 0.906    |
|    critic_loss     | 0.0343   |
|    ent_coef        | 0.0034   |
|    ent_coef_loss   | 2        |
|    learning_rate   | 0.001    |
|    n_updates       | 17899    |
---------------------------------
---------------------------------
| rollout/           |          |
|    ep_len_mean     | 50       |
|    ep_rew_mean     | -1.81    |
|    success_rate    | 1        |
| time/              |          |
|    episodes        | 364      |
|    fps             | 111      |
|    time_elapsed    | 163      |
|    total_timesteps | 18200    |
| train/             |          |
|    actor_loss      | 0.836    |
|    critic_loss     | 0.0464   |
|    ent_coef        | 0.00339  |
|    ent_coef_loss   | -2.41    |
|    learning_rate   | 0.001    |
|    n_updates       | 18099    |
---------------------------------
---------------------------------
| rollout/           |          |
|    ep_len_mean     | 50       |
|    ep_rew_mean     | -1.81    |
|    success_rate    | 1        |
| time/              |          |
|    episodes        | 368      |
|    fps             | 111      |
|    time_elapsed    | 165      |
|    total_timesteps | 18400    |
| train/             |          |
|    actor_loss      | 0.932    |
|    critic_loss     | 0.0318   |
|    ent_coef        | 0.00325  |
|    ent_coef_loss   | -0.353   |
|    learning_rate   | 0.001    |
|    n_updates       | 18299    |
---------------------------------
---------------------------------
| rollout/           |          |
|    ep_len_mean     | 50       |
|    ep_rew_mean     | -1.81    |
|    success_rate    | 1        |
| time/              |          |
|    episodes        | 372      |
|    fps             | 111      |
|    time_elapsed    | 166      |
|    total_timesteps | 18600    |
| train/             |          |
|    actor_loss      | 0.734    |
|    critic_loss     | 0.0382   |
|    ent_coef        | 0.00316  |
|    ent_coef_loss   | -1.92    |
|    learning_rate   | 0.001    |
|    n_updates       | 18499    |
---------------------------------
---------------------------------
| rollout/           |          |
|    ep_len_mean     | 50       |
|    ep_rew_mean     | -1.83    |
|    success_rate    | 1        |
| time/              |          |
|    episodes        | 376      |
|    fps             | 111      |
|    time_elapsed    | 168      |
|    total_timesteps | 18800    |
| train/             |          |
|    actor_loss      | 0.549    |
|    critic_loss     | 0.0453   |
|    ent_coef        | 0.00315  |
|    ent_coef_loss   | -0.154   |
|    learning_rate   | 0.001    |
|    n_updates       | 18699    |
---------------------------------
---------------------------------
| rollout/           |          |
|    ep_len_mean     | 50       |
|    ep_rew_mean     | -1.82    |
|    success_rate    | 1        |
| time/              |          |
|    episodes        | 380      |
|    fps             | 111      |
|    time_elapsed    | 170      |
|    total_timesteps | 19000    |
| train/             |          |
|    actor_loss      | 0.779    |
|    critic_loss     | 0.0326   |
|    ent_coef        | 0.00311  |
|    ent_coef_loss   | 3.49     |
|    learning_rate   | 0.001    |
|    n_updates       | 18899    |
---------------------------------
---------------------------------
| rollout/           |          |
|    ep_len_mean     | 50       |
|    ep_rew_mean     | -1.84    |
|    success_rate    | 1        |
| time/              |          |
|    episodes        | 384      |
|    fps             | 111      |
|    time_elapsed    | 172      |
|    total_timesteps | 19200    |
| train/             |          |
|    actor_loss      | 0.689    |
|    critic_loss     | 0.0337   |
|    ent_coef        | 0.00284  |
|    ent_coef_loss   | -1.4     |
|    learning_rate   | 0.001    |
|    n_updates       | 19099    |
---------------------------------
---------------------------------
| rollout/           |          |
|    ep_len_mean     | 50       |
|    ep_rew_mean     | -1.77    |
|    success_rate    | 1        |
| time/              |          |
|    episodes        | 388      |
|    fps             | 111      |
|    time_elapsed    | 173      |
|    total_timesteps | 19400    |
| train/             |          |
|    actor_loss      | 0.534    |
|    critic_loss     | 0.0378   |
|    ent_coef        | 0.00285  |
|    ent_coef_loss   | -0.263   |
|    learning_rate   | 0.001    |
|    n_updates       | 19299    |
---------------------------------
---------------------------------
| rollout/           |          |
|    ep_len_mean     | 50       |
|    ep_rew_mean     | -1.83    |
|    success_rate    | 1        |
| time/              |          |
|    episodes        | 392      |
|    fps             | 111      |
|    time_elapsed    | 175      |
|    total_timesteps | 19600    |
| train/             |          |
|    actor_loss      | 0.903    |
|    critic_loss     | 0.027    |
|    ent_coef        | 0.00287  |
|    ent_coef_loss   | 1.18     |
|    learning_rate   | 0.001    |
|    n_updates       | 19499    |
---------------------------------
---------------------------------
| rollout/           |          |
|    ep_len_mean     | 50       |
|    ep_rew_mean     | -1.84    |
|    success_rate    | 1        |
| time/              |          |
|    episodes        | 396      |
|    fps             | 111      |
|    time_elapsed    | 177      |
|    total_timesteps | 19800    |
| train/             |          |
|    actor_loss      | 0.764    |
|    critic_loss     | 0.0273   |
|    ent_coef        | 0.00282  |
|    ent_coef_loss   | -2.59    |
|    learning_rate   | 0.001    |
|    n_updates       | 19699    |
---------------------------------
---------------------------------
| rollout/           |          |
|    ep_len_mean     | 50       |
|    ep_rew_mean     | -1.85    |
|    success_rate    | 1        |
| time/              |          |
|    episodes        | 400      |
|    fps             | 111      |
|    time_elapsed    | 179      |
|    total_timesteps | 20000    |
| train/             |          |
|    actor_loss      | 0.74     |
|    critic_loss     | 0.0268   |
|    ent_coef        | 0.00255  |
|    ent_coef_loss   | -1.81    |
|    learning_rate   | 0.001    |
|    n_updates       | 19899    |
---------------------------------
Warning: You are sending unauthenticated requests to the HF Hub. Please set a HF_TOKEN to enable higher rate limits and faster downloads.
saved checkpoint to /Users/eoinmca/Projects/lang-goal-rl/experiments/03_language_goal_projection/checkpoints/seed_2.zip
success_rate=1.000 over 50 episodes
Loading weights:   0%|          | 0/103 [00:00<?, ?it/s]Loading weights: 100%|██████████| 103/103 [00:00<00:00, 10515.37it/s]
language_success_rate=0.000 instruction="move your hand to the center" region="center" over 50 episodes
language_success_rate=0.000 instruction="keep the gripper in the middle of the workspace" region="center" over 50 episodes
language_success_rate=0.000 instruction="move your hand forward" region="reach forward" over 50 episodes
language_success_rate=0.000 instruction="reach out in front of you" region="reach forward" over 50 episodes
language_success_rate=0.000 instruction="pull your hand back" region="reach back" over 50 episodes
language_success_rate=0.000 instruction="reach backward toward yourself" region="reach back" over 50 episodes
language_success_rate=0.000 instruction="move your hand to the left" region="reach left" over 50 episodes
language_success_rate=0.000 instruction="reach toward the left side" region="reach left" over 50 episodes
language_success_rate=0.000 instruction="move your hand to the right" region="reach right" over 50 episodes
language_success_rate=0.000 instruction="reach toward the right side" region="reach right" over 50 episodes
language_success_rate=0.000 instruction="reach up high" region="reach up high" over 50 episodes
language_success_rate=0.000 instruction="move your hand upward" region="reach up high" over 50 episodes
language_success_rate=0.000 instruction="reach down low" region="reach down low" over 50 episodes
language_success_rate=0.000 instruction="move your hand downward" region="reach down low" over 50 episodes
