AdroitHandRelocateDense-v1, AdroitHandHammerDense-v1, AdroitHandDoorDense-v1 environment's reward functions were updated in v1.2.1 without an environment version update. Therefore, use gymnasium-robotics==1.2.0 for v1 reproducibility or use v2 in gymnasium-robotics>=1.4.3. See https://github.com/Farama-Foundation/Gymnasium-Robotics/pull/220 for more details
Using cpu device
Wrapping the env with a `Monitor` wrapper
Wrapping the env in a DummyVecEnv.
---------------------------------
| rollout/           |          |
|    ep_len_mean     | 50       |
|    ep_rew_mean     | -48      |
|    success_rate    | 0        |
| time/              |          |
|    episodes        | 4        |
|    fps             | 146      |
|    time_elapsed    | 1        |
|    total_timesteps | 200      |
| train/             |          |
|    actor_loss      | -4.6     |
|    critic_loss     | 0.24     |
|    ent_coef        | 0.907    |
|    ent_coef_loss   | -0.662   |
|    learning_rate   | 0.001    |
|    n_updates       | 99       |
---------------------------------
---------------------------------
| rollout/           |          |
|    ep_len_mean     | 50       |
|    ep_rew_mean     | -48.6    |
|    success_rate    | 0        |
| time/              |          |
|    episodes        | 8        |
|    fps             | 98       |
|    time_elapsed    | 4        |
|    total_timesteps | 400      |
| train/             |          |
|    actor_loss      | -4.67    |
|    critic_loss     | 0.201    |
|    ent_coef        | 0.742    |
|    ent_coef_loss   | -2.01    |
|    learning_rate   | 0.001    |
|    n_updates       | 299      |
---------------------------------
---------------------------------
| rollout/           |          |
|    ep_len_mean     | 50       |
|    ep_rew_mean     | -48.8    |
|    success_rate    | 0.0833   |
| time/              |          |
|    episodes        | 12       |
|    fps             | 89       |
|    time_elapsed    | 6        |
|    total_timesteps | 600      |
| train/             |          |
|    actor_loss      | -4.71    |
|    critic_loss     | 0.196    |
|    ent_coef        | 0.608    |
|    ent_coef_loss   | -3.36    |
|    learning_rate   | 0.001    |
|    n_updates       | 499      |
---------------------------------
---------------------------------
| rollout/           |          |
|    ep_len_mean     | 50       |
|    ep_rew_mean     | -49.1    |
|    success_rate    | 0.0625   |
| time/              |          |
|    episodes        | 16       |
|    fps             | 85       |
|    time_elapsed    | 9        |
|    total_timesteps | 800      |
| train/             |          |
|    actor_loss      | -4.61    |
|    critic_loss     | 0.186    |
|    ent_coef        | 0.497    |
|    ent_coef_loss   | -4.7     |
|    learning_rate   | 0.001    |
|    n_updates       | 699      |
---------------------------------
---------------------------------
| rollout/           |          |
|    ep_len_mean     | 50       |
|    ep_rew_mean     | -49.3    |
|    success_rate    | 0.05     |
| time/              |          |
|    episodes        | 20       |
|    fps             | 83       |
|    time_elapsed    | 12       |
|    total_timesteps | 1000     |
| train/             |          |
|    actor_loss      | -4.27    |
|    critic_loss     | 0.185    |
|    ent_coef        | 0.407    |
|    ent_coef_loss   | -6.05    |
|    learning_rate   | 0.001    |
|    n_updates       | 899      |
---------------------------------
---------------------------------
| rollout/           |          |
|    ep_len_mean     | 50       |
|    ep_rew_mean     | -49.1    |
|    success_rate    | 0.0417   |
| time/              |          |
|    episodes        | 24       |
|    fps             | 82       |
|    time_elapsed    | 14       |
|    total_timesteps | 1200     |
| train/             |          |
|    actor_loss      | -3.98    |
|    critic_loss     | 0.197    |
|    ent_coef        | 0.333    |
|    ent_coef_loss   | -7.42    |
|    learning_rate   | 0.001    |
|    n_updates       | 1099     |
---------------------------------
---------------------------------
| rollout/           |          |
|    ep_len_mean     | 50       |
|    ep_rew_mean     | -49.2    |
|    success_rate    | 0.0357   |
| time/              |          |
|    episodes        | 28       |
|    fps             | 81       |
|    time_elapsed    | 17       |
|    total_timesteps | 1400     |
| train/             |          |
|    actor_loss      | -3.44    |
|    critic_loss     | 0.175    |
|    ent_coef        | 0.273    |
|    ent_coef_loss   | -8.73    |
|    learning_rate   | 0.001    |
|    n_updates       | 1299     |
---------------------------------
---------------------------------
| rollout/           |          |
|    ep_len_mean     | 50       |
|    ep_rew_mean     | -49.1    |
|    success_rate    | 0.0312   |
| time/              |          |
|    episodes        | 32       |
|    fps             | 80       |
|    time_elapsed    | 19       |
|    total_timesteps | 1600     |
| train/             |          |
|    actor_loss      | -2.96    |
|    critic_loss     | 0.169    |
|    ent_coef        | 0.224    |
|    ent_coef_loss   | -10      |
|    learning_rate   | 0.001    |
|    n_updates       | 1499     |
---------------------------------
---------------------------------
| rollout/           |          |
|    ep_len_mean     | 50       |
|    ep_rew_mean     | -49.2    |
|    success_rate    | 0.0278   |
| time/              |          |
|    episodes        | 36       |
|    fps             | 79       |
|    time_elapsed    | 22       |
|    total_timesteps | 1800     |
| train/             |          |
|    actor_loss      | -2.18    |
|    critic_loss     | 0.187    |
|    ent_coef        | 0.183    |
|    ent_coef_loss   | -11.3    |
|    learning_rate   | 0.001    |
|    n_updates       | 1699     |
---------------------------------
---------------------------------
| rollout/           |          |
|    ep_len_mean     | 50       |
|    ep_rew_mean     | -49.3    |
|    success_rate    | 0.025    |
| time/              |          |
|    episodes        | 40       |
|    fps             | 79       |
|    time_elapsed    | 25       |
|    total_timesteps | 2000     |
| train/             |          |
|    actor_loss      | -1.61    |
|    critic_loss     | 0.158    |
|    ent_coef        | 0.15     |
|    ent_coef_loss   | -12.4    |
|    learning_rate   | 0.001    |
|    n_updates       | 1899     |
---------------------------------
---------------------------------
| rollout/           |          |
|    ep_len_mean     | 50       |
|    ep_rew_mean     | -49.1    |
|    success_rate    | 0.0227   |
| time/              |          |
|    episodes        | 44       |
|    fps             | 78       |
|    time_elapsed    | 27       |
|    total_timesteps | 2200     |
| train/             |          |
|    actor_loss      | -1.18    |
|    critic_loss     | 0.128    |
|    ent_coef        | 0.124    |
|    ent_coef_loss   | -13.3    |
|    learning_rate   | 0.001    |
|    n_updates       | 2099     |
---------------------------------
---------------------------------
| rollout/           |          |
|    ep_len_mean     | 50       |
|    ep_rew_mean     | -49.1    |
|    success_rate    | 0.0208   |
| time/              |          |
|    episodes        | 48       |
|    fps             | 78       |
|    time_elapsed    | 30       |
|    total_timesteps | 2400     |
| train/             |          |
|    actor_loss      | -0.912   |
|    critic_loss     | 0.19     |
|    ent_coef        | 0.102    |
|    ent_coef_loss   | -14.2    |
|    learning_rate   | 0.001    |
|    n_updates       | 2299     |
---------------------------------
---------------------------------
| rollout/           |          |
|    ep_len_mean     | 50       |
|    ep_rew_mean     | -49.2    |
|    success_rate    | 0.0192   |
| time/              |          |
|    episodes        | 52       |
|    fps             | 77       |
|    time_elapsed    | 33       |
|    total_timesteps | 2600     |
| train/             |          |
|    actor_loss      | -0.0392  |
|    critic_loss     | 0.141    |
|    ent_coef        | 0.0847   |
|    ent_coef_loss   | -14.7    |
|    learning_rate   | 0.001    |
|    n_updates       | 2499     |
---------------------------------
---------------------------------
| rollout/           |          |
|    ep_len_mean     | 50       |
|    ep_rew_mean     | -49.1    |
|    success_rate    | 0.0179   |
| time/              |          |
|    episodes        | 56       |
|    fps             | 77       |
|    time_elapsed    | 36       |
|    total_timesteps | 2800     |
| train/             |          |
|    actor_loss      | 0.31     |
|    critic_loss     | 0.136    |
|    ent_coef        | 0.0706   |
|    ent_coef_loss   | -15.3    |
|    learning_rate   | 0.001    |
|    n_updates       | 2699     |
---------------------------------
---------------------------------
| rollout/           |          |
|    ep_len_mean     | 50       |
|    ep_rew_mean     | -48.7    |
|    success_rate    | 0.0167   |
| time/              |          |
|    episodes        | 60       |
|    fps             | 77       |
|    time_elapsed    | 38       |
|    total_timesteps | 3000     |
| train/             |          |
|    actor_loss      | 1.11     |
|    critic_loss     | 0.208    |
|    ent_coef        | 0.0592   |
|    ent_coef_loss   | -15.2    |
|    learning_rate   | 0.001    |
|    n_updates       | 2899     |
---------------------------------
---------------------------------
| rollout/           |          |
|    ep_len_mean     | 50       |
|    ep_rew_mean     | -48.5    |
|    success_rate    | 0.0156   |
| time/              |          |
|    episodes        | 64       |
|    fps             | 77       |
|    time_elapsed    | 41       |
|    total_timesteps | 3200     |
| train/             |          |
|    actor_loss      | 1.26     |
|    critic_loss     | 0.149    |
|    ent_coef        | 0.0499   |
|    ent_coef_loss   | -14.7    |
|    learning_rate   | 0.001    |
|    n_updates       | 3099     |
---------------------------------
---------------------------------
| rollout/           |          |
|    ep_len_mean     | 50       |
|    ep_rew_mean     | -48.5    |
|    success_rate    | 0.0147   |
| time/              |          |
|    episodes        | 68       |
|    fps             | 77       |
|    time_elapsed    | 43       |
|    total_timesteps | 3400     |
| train/             |          |
|    actor_loss      | 1.3      |
|    critic_loss     | 0.162    |
|    ent_coef        | 0.0424   |
|    ent_coef_loss   | -14.1    |
|    learning_rate   | 0.001    |
|    n_updates       | 3299     |
---------------------------------
---------------------------------
| rollout/           |          |
|    ep_len_mean     | 50       |
|    ep_rew_mean     | -48.4    |
|    success_rate    | 0.0139   |
| time/              |          |
|    episodes        | 72       |
|    fps             | 77       |
|    time_elapsed    | 46       |
|    total_timesteps | 3600     |
| train/             |          |
|    actor_loss      | 2.09     |
|    critic_loss     | 0.249    |
|    ent_coef        | 0.0368   |
|    ent_coef_loss   | -13.5    |
|    learning_rate   | 0.001    |
|    n_updates       | 3499     |
---------------------------------
---------------------------------
| rollout/           |          |
|    ep_len_mean     | 50       |
|    ep_rew_mean     | -47.6    |
|    success_rate    | 0.0132   |
| time/              |          |
|    episodes        | 76       |
|    fps             | 77       |
|    time_elapsed    | 48       |
|    total_timesteps | 3800     |
| train/             |          |
|    actor_loss      | 2.05     |
|    critic_loss     | 0.158    |
|    ent_coef        | 0.032    |
|    ent_coef_loss   | -8.83    |
|    learning_rate   | 0.001    |
|    n_updates       | 3699     |
---------------------------------
---------------------------------
| rollout/           |          |
|    ep_len_mean     | 50       |
|    ep_rew_mean     | -46.4    |
|    success_rate    | 0.05     |
| time/              |          |
|    episodes        | 80       |
|    fps             | 77       |
|    time_elapsed    | 51       |
|    total_timesteps | 4000     |
| train/             |          |
|    actor_loss      | 1.97     |
|    critic_loss     | 0.137    |
|    ent_coef        | 0.0283   |
|    ent_coef_loss   | -7.25    |
|    learning_rate   | 0.001    |
|    n_updates       | 3899     |
---------------------------------
---------------------------------
| rollout/           |          |
|    ep_len_mean     | 50       |
|    ep_rew_mean     | -44.8    |
|    success_rate    | 0.0952   |
| time/              |          |
|    episodes        | 84       |
|    fps             | 77       |
|    time_elapsed    | 53       |
|    total_timesteps | 4200     |
| train/             |          |
|    actor_loss      | 1.72     |
|    critic_loss     | 0.177    |
|    ent_coef        | 0.0256   |
|    ent_coef_loss   | -9.16    |
|    learning_rate   | 0.001    |
|    n_updates       | 4099     |
---------------------------------
---------------------------------
| rollout/           |          |
|    ep_len_mean     | 50       |
|    ep_rew_mean     | -43.1    |
|    success_rate    | 0.136    |
| time/              |          |
|    episodes        | 88       |
|    fps             | 77       |
|    time_elapsed    | 56       |
|    total_timesteps | 4400     |
| train/             |          |
|    actor_loss      | 1.85     |
|    critic_loss     | 0.127    |
|    ent_coef        | 0.0232   |
|    ent_coef_loss   | -7.89    |
|    learning_rate   | 0.001    |
|    n_updates       | 4299     |
---------------------------------
---------------------------------
| rollout/           |          |
|    ep_len_mean     | 50       |
|    ep_rew_mean     | -41.4    |
|    success_rate    | 0.163    |
| time/              |          |
|    episodes        | 92       |
|    fps             | 77       |
|    time_elapsed    | 59       |
|    total_timesteps | 4600     |
| train/             |          |
|    actor_loss      | 1.56     |
|    critic_loss     | 0.109    |
|    ent_coef        | 0.0214   |
|    ent_coef_loss   | -6.21    |
|    learning_rate   | 0.001    |
|    n_updates       | 4499     |
---------------------------------
---------------------------------
| rollout/           |          |
|    ep_len_mean     | 50       |
|    ep_rew_mean     | -39.8    |
|    success_rate    | 0.198    |
| time/              |          |
|    episodes        | 96       |
|    fps             | 77       |
|    time_elapsed    | 61       |
|    total_timesteps | 4800     |
| train/             |          |
|    actor_loss      | 1.22     |
|    critic_loss     | 0.0772   |
|    ent_coef        | 0.0198   |
|    ent_coef_loss   | -7.49    |
|    learning_rate   | 0.001    |
|    n_updates       | 4699     |
---------------------------------
---------------------------------
| rollout/           |          |
|    ep_len_mean     | 50       |
|    ep_rew_mean     | -38.2    |
|    success_rate    | 0.23     |
| time/              |          |
|    episodes        | 100      |
|    fps             | 77       |
|    time_elapsed    | 64       |
|    total_timesteps | 5000     |
| train/             |          |
|    actor_loss      | 1.27     |
|    critic_loss     | 0.0458   |
|    ent_coef        | 0.0183   |
|    ent_coef_loss   | -6.62    |
|    learning_rate   | 0.001    |
|    n_updates       | 4899     |
---------------------------------
---------------------------------
| rollout/           |          |
|    ep_len_mean     | 50       |
|    ep_rew_mean     | -36.4    |
|    success_rate    | 0.27     |
| time/              |          |
|    episodes        | 104      |
|    fps             | 77       |
|    time_elapsed    | 66       |
|    total_timesteps | 5200     |
| train/             |          |
|    actor_loss      | 1.25     |
|    critic_loss     | 0.0495   |
|    ent_coef        | 0.017    |
|    ent_coef_loss   | -5.2     |
|    learning_rate   | 0.001    |
|    n_updates       | 5099     |
---------------------------------
---------------------------------
| rollout/           |          |
|    ep_len_mean     | 50       |
|    ep_rew_mean     | -34.5    |
|    success_rate    | 0.31     |
| time/              |          |
|    episodes        | 108      |
|    fps             | 77       |
|    time_elapsed    | 69       |
|    total_timesteps | 5400     |
| train/             |          |
|    actor_loss      | 1.1      |
|    critic_loss     | 0.0477   |
|    ent_coef        | 0.0157   |
|    ent_coef_loss   | -5.54    |
|    learning_rate   | 0.001    |
|    n_updates       | 5299     |
---------------------------------
---------------------------------
| rollout/           |          |
|    ep_len_mean     | 50       |
|    ep_rew_mean     | -32.6    |
|    success_rate    | 0.34     |
| time/              |          |
|    episodes        | 112      |
|    fps             | 77       |
|    time_elapsed    | 72       |
|    total_timesteps | 5600     |
| train/             |          |
|    actor_loss      | 1.17     |
|    critic_loss     | 0.0517   |
|    ent_coef        | 0.0145   |
|    ent_coef_loss   | -3.63    |
|    learning_rate   | 0.001    |
|    n_updates       | 5499     |
---------------------------------
---------------------------------
| rollout/           |          |
|    ep_len_mean     | 50       |
|    ep_rew_mean     | -30.7    |
|    success_rate    | 0.38     |
| time/              |          |
|    episodes        | 116      |
|    fps             | 77       |
|    time_elapsed    | 74       |
|    total_timesteps | 5800     |
| train/             |          |
|    actor_loss      | 0.861    |
|    critic_loss     | 0.0515   |
|    ent_coef        | 0.0132   |
|    ent_coef_loss   | -5.4     |
|    learning_rate   | 0.001    |
|    n_updates       | 5699     |
---------------------------------
---------------------------------
| rollout/           |          |
|    ep_len_mean     | 50       |
|    ep_rew_mean     | -28.7    |
|    success_rate    | 0.42     |
| time/              |          |
|    episodes        | 120      |
|    fps             | 77       |
|    time_elapsed    | 77       |
|    total_timesteps | 6000     |
| train/             |          |
|    actor_loss      | 0.924    |
|    critic_loss     | 0.0406   |
|    ent_coef        | 0.012    |
|    ent_coef_loss   | -5.26    |
|    learning_rate   | 0.001    |
|    n_updates       | 5899     |
---------------------------------
---------------------------------
| rollout/           |          |
|    ep_len_mean     | 50       |
|    ep_rew_mean     | -26.9    |
|    success_rate    | 0.46     |
| time/              |          |
|    episodes        | 124      |
|    fps             | 77       |
|    time_elapsed    | 79       |
|    total_timesteps | 6200     |
| train/             |          |
|    actor_loss      | 0.982    |
|    critic_loss     | 0.0334   |
|    ent_coef        | 0.0108   |
|    ent_coef_loss   | -3.68    |
|    learning_rate   | 0.001    |
|    n_updates       | 6099     |
---------------------------------
---------------------------------
| rollout/           |          |
|    ep_len_mean     | 50       |
|    ep_rew_mean     | -24.9    |
|    success_rate    | 0.5      |
| time/              |          |
|    episodes        | 128      |
|    fps             | 77       |
|    time_elapsed    | 82       |
|    total_timesteps | 6400     |
| train/             |          |
|    actor_loss      | 0.844    |
|    critic_loss     | 0.0304   |
|    ent_coef        | 0.00979  |
|    ent_coef_loss   | -3.71    |
|    learning_rate   | 0.001    |
|    n_updates       | 6299     |
---------------------------------
---------------------------------
| rollout/           |          |
|    ep_len_mean     | 50       |
|    ep_rew_mean     | -23.1    |
|    success_rate    | 0.54     |
| time/              |          |
|    episodes        | 132      |
|    fps             | 77       |
|    time_elapsed    | 85       |
|    total_timesteps | 6600     |
| train/             |          |
|    actor_loss      | 0.875    |
|    critic_loss     | 0.0471   |
|    ent_coef        | 0.00883  |
|    ent_coef_loss   | -4.02    |
|    learning_rate   | 0.001    |
|    n_updates       | 6499     |
---------------------------------
---------------------------------
| rollout/           |          |
|    ep_len_mean     | 50       |
|    ep_rew_mean     | -21.2    |
|    success_rate    | 0.58     |
| time/              |          |
|    episodes        | 136      |
|    fps             | 77       |
|    time_elapsed    | 88       |
|    total_timesteps | 6800     |
| train/             |          |
|    actor_loss      | 0.647    |
|    critic_loss     | 0.0359   |
|    ent_coef        | 0.00795  |
|    ent_coef_loss   | -3.7     |
|    learning_rate   | 0.001    |
|    n_updates       | 6699     |
---------------------------------
---------------------------------
| rollout/           |          |
|    ep_len_mean     | 50       |
|    ep_rew_mean     | -19.3    |
|    success_rate    | 0.62     |
| time/              |          |
|    episodes        | 140      |
|    fps             | 77       |
|    time_elapsed    | 90       |
|    total_timesteps | 7000     |
| train/             |          |
|    actor_loss      | 0.447    |
|    critic_loss     | 0.0336   |
|    ent_coef        | 0.00713  |
|    ent_coef_loss   | -7.61    |
|    learning_rate   | 0.001    |
|    n_updates       | 6899     |
---------------------------------
---------------------------------
| rollout/           |          |
|    ep_len_mean     | 50       |
|    ep_rew_mean     | -17.4    |
|    success_rate    | 0.66     |
| time/              |          |
|    episodes        | 144      |
|    fps             | 77       |
|    time_elapsed    | 93       |
|    total_timesteps | 7200     |
| train/             |          |
|    actor_loss      | 0.572    |
|    critic_loss     | 0.0255   |
|    ent_coef        | 0.00649  |
|    ent_coef_loss   | -4.75    |
|    learning_rate   | 0.001    |
|    n_updates       | 7099     |
---------------------------------
---------------------------------
| rollout/           |          |
|    ep_len_mean     | 50       |
|    ep_rew_mean     | -15.5    |
|    success_rate    | 0.7      |
| time/              |          |
|    episodes        | 148      |
|    fps             | 77       |
|    time_elapsed    | 95       |
|    total_timesteps | 7400     |
| train/             |          |
|    actor_loss      | 0.699    |
|    critic_loss     | 0.0423   |
|    ent_coef        | 0.00586  |
|    ent_coef_loss   | -2.47    |
|    learning_rate   | 0.001    |
|    n_updates       | 7299     |
---------------------------------
---------------------------------
| rollout/           |          |
|    ep_len_mean     | 50       |
|    ep_rew_mean     | -13.6    |
|    success_rate    | 0.74     |
| time/              |          |
|    episodes        | 152      |
|    fps             | 77       |
|    time_elapsed    | 98       |
|    total_timesteps | 7600     |
| train/             |          |
|    actor_loss      | 0.71     |
|    critic_loss     | 0.0311   |
|    ent_coef        | 0.00528  |
|    ent_coef_loss   | -3.21    |
|    learning_rate   | 0.001    |
|    n_updates       | 7499     |
---------------------------------
---------------------------------
| rollout/           |          |
|    ep_len_mean     | 50       |
|    ep_rew_mean     | -11.8    |
|    success_rate    | 0.78     |
| time/              |          |
|    episodes        | 156      |
|    fps             | 77       |
|    time_elapsed    | 101      |
|    total_timesteps | 7800     |
| train/             |          |
|    actor_loss      | 0.564    |
|    critic_loss     | 0.0323   |
|    ent_coef        | 0.00474  |
|    ent_coef_loss   | -0.952   |
|    learning_rate   | 0.001    |
|    n_updates       | 7699     |
---------------------------------
---------------------------------
| rollout/           |          |
|    ep_len_mean     | 50       |
|    ep_rew_mean     | -10.1    |
|    success_rate    | 0.82     |
| time/              |          |
|    episodes        | 160      |
|    fps             | 77       |
|    time_elapsed    | 103      |
|    total_timesteps | 8000     |
| train/             |          |
|    actor_loss      | 0.485    |
|    critic_loss     | 0.0186   |
|    ent_coef        | 0.00428  |
|    ent_coef_loss   | -5.82    |
|    learning_rate   | 0.001    |
|    n_updates       | 7899     |
---------------------------------
---------------------------------
| rollout/           |          |
|    ep_len_mean     | 50       |
|    ep_rew_mean     | -8.35    |
|    success_rate    | 0.86     |
| time/              |          |
|    episodes        | 164      |
|    fps             | 77       |
|    time_elapsed    | 106      |
|    total_timesteps | 8200     |
| train/             |          |
|    actor_loss      | 0.767    |
|    critic_loss     | 0.0294   |
|    ent_coef        | 0.00388  |
|    ent_coef_loss   | -0.779   |
|    learning_rate   | 0.001    |
|    n_updates       | 8099     |
---------------------------------
---------------------------------
| rollout/           |          |
|    ep_len_mean     | 50       |
|    ep_rew_mean     | -6.47    |
|    success_rate    | 0.9      |
| time/              |          |
|    episodes        | 168      |
|    fps             | 77       |
|    time_elapsed    | 108      |
|    total_timesteps | 8400     |
| train/             |          |
|    actor_loss      | 0.593    |
|    critic_loss     | 0.021    |
|    ent_coef        | 0.00353  |
|    ent_coef_loss   | -3.61    |
|    learning_rate   | 0.001    |
|    n_updates       | 8299     |
---------------------------------
---------------------------------
| rollout/           |          |
|    ep_len_mean     | 50       |
|    ep_rew_mean     | -4.7     |
|    success_rate    | 0.94     |
| time/              |          |
|    episodes        | 172      |
|    fps             | 77       |
|    time_elapsed    | 111      |
|    total_timesteps | 8600     |
| train/             |          |
|    actor_loss      | 0.771    |
|    critic_loss     | 0.032    |
|    ent_coef        | 0.00326  |
|    ent_coef_loss   | 6.72     |
|    learning_rate   | 0.001    |
|    n_updates       | 8499     |
---------------------------------
---------------------------------
| rollout/           |          |
|    ep_len_mean     | 50       |
|    ep_rew_mean     | -3.45    |
|    success_rate    | 0.98     |
| time/              |          |
|    episodes        | 176      |
|    fps             | 77       |
|    time_elapsed    | 114      |
|    total_timesteps | 8800     |
| train/             |          |
|    actor_loss      | 0.75     |
|    critic_loss     | 0.0248   |
|    ent_coef        | 0.00308  |
|    ent_coef_loss   | -1.63    |
|    learning_rate   | 0.001    |
|    n_updates       | 8699     |
---------------------------------
---------------------------------
| rollout/           |          |
|    ep_len_mean     | 50       |
|    ep_rew_mean     | -2.54    |
|    success_rate    | 0.99     |
| time/              |          |
|    episodes        | 180      |
|    fps             | 77       |
|    time_elapsed    | 116      |
|    total_timesteps | 9000     |
| train/             |          |
|    actor_loss      | 0.507    |
|    critic_loss     | 0.0189   |
|    ent_coef        | 0.00268  |
|    ent_coef_loss   | -7.28    |
|    learning_rate   | 0.001    |
|    n_updates       | 8899     |
---------------------------------
---------------------------------
| rollout/           |          |
|    ep_len_mean     | 50       |
|    ep_rew_mean     | -2.15    |
|    success_rate    | 0.99     |
| time/              |          |
|    episodes        | 184      |
|    fps             | 77       |
|    time_elapsed    | 119      |
|    total_timesteps | 9200     |
| train/             |          |
|    actor_loss      | 0.684    |
|    critic_loss     | 0.0243   |
|    ent_coef        | 0.00239  |
|    ent_coef_loss   | -1.56    |
|    learning_rate   | 0.001    |
|    n_updates       | 9099     |
---------------------------------
---------------------------------
| rollout/           |          |
|    ep_len_mean     | 50       |
|    ep_rew_mean     | -1.93    |
|    success_rate    | 0.99     |
| time/              |          |
|    episodes        | 188      |
|    fps             | 77       |
|    time_elapsed    | 121      |
|    total_timesteps | 9400     |
| train/             |          |
|    actor_loss      | 0.528    |
|    critic_loss     | 0.0223   |
|    ent_coef        | 0.0021   |
|    ent_coef_loss   | -0.0915  |
|    learning_rate   | 0.001    |
|    n_updates       | 9299     |
---------------------------------
---------------------------------
| rollout/           |          |
|    ep_len_mean     | 50       |
|    ep_rew_mean     | -1.85    |
|    success_rate    | 1        |
| time/              |          |
|    episodes        | 192      |
|    fps             | 76       |
|    time_elapsed    | 124      |
|    total_timesteps | 9600     |
| train/             |          |
|    actor_loss      | 0.482    |
|    critic_loss     | 0.0191   |
|    ent_coef        | 0.00193  |
|    ent_coef_loss   | -2.81    |
|    learning_rate   | 0.001    |
|    n_updates       | 9499     |
---------------------------------
---------------------------------
| rollout/           |          |
|    ep_len_mean     | 50       |
|    ep_rew_mean     | -1.97    |
|    success_rate    | 1        |
| time/              |          |
|    episodes        | 196      |
|    fps             | 76       |
|    time_elapsed    | 127      |
|    total_timesteps | 9800     |
| train/             |          |
|    actor_loss      | 0.674    |
|    critic_loss     | 0.0337   |
|    ent_coef        | 0.00236  |
|    ent_coef_loss   | 4.37     |
|    learning_rate   | 0.001    |
|    n_updates       | 9699     |
---------------------------------
---------------------------------
| rollout/           |          |
|    ep_len_mean     | 50       |
|    ep_rew_mean     | -2       |
|    success_rate    | 1        |
| time/              |          |
|    episodes        | 200      |
|    fps             | 76       |
|    time_elapsed    | 130      |
|    total_timesteps | 10000    |
| train/             |          |
|    actor_loss      | 0.465    |
|    critic_loss     | 0.0227   |
|    ent_coef        | 0.00205  |
|    ent_coef_loss   | -3.88    |
|    learning_rate   | 0.001    |
|    n_updates       | 9899     |
---------------------------------
---------------------------------
| rollout/           |          |
|    ep_len_mean     | 50       |
|    ep_rew_mean     | -2       |
|    success_rate    | 1        |
| time/              |          |
|    episodes        | 204      |
|    fps             | 76       |
|    time_elapsed    | 132      |
|    total_timesteps | 10200    |
| train/             |          |
|    actor_loss      | 0.595    |
|    critic_loss     | 0.0285   |
|    ent_coef        | 0.00174  |
|    ent_coef_loss   | -6.69    |
|    learning_rate   | 0.001    |
|    n_updates       | 10099    |
---------------------------------
---------------------------------
| rollout/           |          |
|    ep_len_mean     | 50       |
|    ep_rew_mean     | -1.99    |
|    success_rate    | 1        |
| time/              |          |
|    episodes        | 208      |
|    fps             | 76       |
|    time_elapsed    | 135      |
|    total_timesteps | 10400    |
| train/             |          |
|    actor_loss      | 0.567    |
|    critic_loss     | 0.0184   |
|    ent_coef        | 0.00153  |
|    ent_coef_loss   | -0.848   |
|    learning_rate   | 0.001    |
|    n_updates       | 10299    |
---------------------------------
---------------------------------
| rollout/           |          |
|    ep_len_mean     | 50       |
|    ep_rew_mean     | -1.98    |
|    success_rate    | 1        |
| time/              |          |
|    episodes        | 212      |
|    fps             | 76       |
|    time_elapsed    | 137      |
|    total_timesteps | 10600    |
| train/             |          |
|    actor_loss      | 0.658    |
|    critic_loss     | 0.0187   |
|    ent_coef        | 0.00139  |
|    ent_coef_loss   | -0.672   |
|    learning_rate   | 0.001    |
|    n_updates       | 10499    |
---------------------------------
---------------------------------
| rollout/           |          |
|    ep_len_mean     | 50       |
|    ep_rew_mean     | -2.44    |
|    success_rate    | 0.98     |
| time/              |          |
|    episodes        | 216      |
|    fps             | 76       |
|    time_elapsed    | 140      |
|    total_timesteps | 10800    |
| train/             |          |
|    actor_loss      | 1.94     |
|    critic_loss     | 0.161    |
|    ent_coef        | 0.00168  |
|    ent_coef_loss   | 45.6     |
|    learning_rate   | 0.001    |
|    n_updates       | 10699    |
---------------------------------
---------------------------------
| rollout/           |          |
|    ep_len_mean     | 50       |
|    ep_rew_mean     | -3.13    |
|    success_rate    | 0.97     |
| time/              |          |
|    episodes        | 220      |
|    fps             | 76       |
|    time_elapsed    | 143      |
|    total_timesteps | 11000    |
| train/             |          |
|    actor_loss      | 0.622    |
|    critic_loss     | 0.0149   |
|    ent_coef        | 0.00178  |
|    ent_coef_loss   | -3.11    |
|    learning_rate   | 0.001    |
|    n_updates       | 10899    |
---------------------------------
---------------------------------
| rollout/           |          |
|    ep_len_mean     | 50       |
|    ep_rew_mean     | -3.14    |
|    success_rate    | 0.97     |
| time/              |          |
|    episodes        | 224      |
|    fps             | 76       |
|    time_elapsed    | 145      |
|    total_timesteps | 11200    |
| train/             |          |
|    actor_loss      | 0.379    |
|    critic_loss     | 0.0192   |
|    ent_coef        | 0.00167  |
|    ent_coef_loss   | -8.98    |
|    learning_rate   | 0.001    |
|    n_updates       | 11099    |
---------------------------------
---------------------------------
| rollout/           |          |
|    ep_len_mean     | 50       |
|    ep_rew_mean     | -3.15    |
|    success_rate    | 0.97     |
| time/              |          |
|    episodes        | 228      |
|    fps             | 76       |
|    time_elapsed    | 148      |
|    total_timesteps | 11400    |
| train/             |          |
|    actor_loss      | 0.518    |
|    critic_loss     | 0.0219   |
|    ent_coef        | 0.0015   |
|    ent_coef_loss   | -5.57    |
|    learning_rate   | 0.001    |
|    n_updates       | 11299    |
---------------------------------
---------------------------------
| rollout/           |          |
|    ep_len_mean     | 50       |
|    ep_rew_mean     | -3.13    |
|    success_rate    | 0.97     |
| time/              |          |
|    episodes        | 232      |
|    fps             | 76       |
|    time_elapsed    | 151      |
|    total_timesteps | 11600    |
| train/             |          |
|    actor_loss      | 0.57     |
|    critic_loss     | 0.0197   |
|    ent_coef        | 0.00135  |
|    ent_coef_loss   | -6.8     |
|    learning_rate   | 0.001    |
|    n_updates       | 11499    |
---------------------------------
---------------------------------
| rollout/           |          |
|    ep_len_mean     | 50       |
|    ep_rew_mean     | -3.1     |
|    success_rate    | 0.97     |
| time/              |          |
|    episodes        | 236      |
|    fps             | 76       |
|    time_elapsed    | 153      |
|    total_timesteps | 11800    |
| train/             |          |
|    actor_loss      | 0.497    |
|    critic_loss     | 0.0213   |
|    ent_coef        | 0.00122  |
|    ent_coef_loss   | -6.71    |
|    learning_rate   | 0.001    |
|    n_updates       | 11699    |
---------------------------------
---------------------------------
| rollout/           |          |
|    ep_len_mean     | 50       |
|    ep_rew_mean     | -3.08    |
|    success_rate    | 0.97     |
| time/              |          |
|    episodes        | 240      |
|    fps             | 76       |
|    time_elapsed    | 156      |
|    total_timesteps | 12000    |
| train/             |          |
|    actor_loss      | 0.697    |
|    critic_loss     | 0.0181   |
|    ent_coef        | 0.00114  |
|    ent_coef_loss   | 1.32     |
|    learning_rate   | 0.001    |
|    n_updates       | 11899    |
---------------------------------
---------------------------------
| rollout/           |          |
|    ep_len_mean     | 50       |
|    ep_rew_mean     | -3.12    |
|    success_rate    | 0.97     |
| time/              |          |
|    episodes        | 244      |
|    fps             | 76       |
|    time_elapsed    | 159      |
|    total_timesteps | 12200    |
| train/             |          |
|    actor_loss      | 0.555    |
|    critic_loss     | 0.0287   |
|    ent_coef        | 0.00104  |
|    ent_coef_loss   | -3.8     |
|    learning_rate   | 0.001    |
|    n_updates       | 12099    |
---------------------------------
---------------------------------
| rollout/           |          |
|    ep_len_mean     | 50       |
|    ep_rew_mean     | -3.05    |
|    success_rate    | 0.97     |
| time/              |          |
|    episodes        | 248      |
|    fps             | 76       |
|    time_elapsed    | 162      |
|    total_timesteps | 12400    |
| train/             |          |
|    actor_loss      | 0.527    |
|    critic_loss     | 0.0207   |
|    ent_coef        | 0.000983 |
|    ent_coef_loss   | 2.29     |
|    learning_rate   | 0.001    |
|    n_updates       | 12299    |
---------------------------------
---------------------------------
| rollout/           |          |
|    ep_len_mean     | 50       |
|    ep_rew_mean     | -3.06    |
|    success_rate    | 0.97     |
| time/              |          |
|    episodes        | 252      |
|    fps             | 76       |
|    time_elapsed    | 164      |
|    total_timesteps | 12600    |
| train/             |          |
|    actor_loss      | 0.418    |
|    critic_loss     | 0.0191   |
|    ent_coef        | 0.000981 |
|    ent_coef_loss   | -6.19    |
|    learning_rate   | 0.001    |
|    n_updates       | 12499    |
---------------------------------
---------------------------------
| rollout/           |          |
|    ep_len_mean     | 50       |
|    ep_rew_mean     | -3.09    |
|    success_rate    | 0.97     |
| time/              |          |
|    episodes        | 256      |
|    fps             | 76       |
|    time_elapsed    | 167      |
|    total_timesteps | 12800    |
| train/             |          |
|    actor_loss      | 0.412    |
|    critic_loss     | 0.0148   |
|    ent_coef        | 0.000919 |
|    ent_coef_loss   | -1.52    |
|    learning_rate   | 0.001    |
|    n_updates       | 12699    |
---------------------------------
---------------------------------
| rollout/           |          |
|    ep_len_mean     | 50       |
|    ep_rew_mean     | -3.09    |
|    success_rate    | 0.97     |
| time/              |          |
|    episodes        | 260      |
|    fps             | 76       |
|    time_elapsed    | 170      |
|    total_timesteps | 13000    |
| train/             |          |
|    actor_loss      | 0.432    |
|    critic_loss     | 0.0179   |
|    ent_coef        | 0.000926 |
|    ent_coef_loss   | 1.26     |
|    learning_rate   | 0.001    |
|    n_updates       | 12899    |
---------------------------------
---------------------------------
| rollout/           |          |
|    ep_len_mean     | 50       |
|    ep_rew_mean     | -3.06    |
|    success_rate    | 0.97     |
| time/              |          |
|    episodes        | 264      |
|    fps             | 76       |
|    time_elapsed    | 172      |
|    total_timesteps | 13200    |
| train/             |          |
|    actor_loss      | 0.471    |
|    critic_loss     | 0.0158   |
|    ent_coef        | 0.000992 |
|    ent_coef_loss   | -1.87    |
|    learning_rate   | 0.001    |
|    n_updates       | 13099    |
---------------------------------
---------------------------------
| rollout/           |          |
|    ep_len_mean     | 50       |
|    ep_rew_mean     | -3.02    |
|    success_rate    | 0.97     |
| time/              |          |
|    episodes        | 268      |
|    fps             | 76       |
|    time_elapsed    | 175      |
|    total_timesteps | 13400    |
| train/             |          |
|    actor_loss      | 0.566    |
|    critic_loss     | 0.0153   |
|    ent_coef        | 0.00095  |
|    ent_coef_loss   | 3.98     |
|    learning_rate   | 0.001    |
|    n_updates       | 13299    |
---------------------------------
---------------------------------
| rollout/           |          |
|    ep_len_mean     | 50       |
|    ep_rew_mean     | -3.04    |
|    success_rate    | 0.97     |
| time/              |          |
|    episodes        | 272      |
|    fps             | 76       |
|    time_elapsed    | 178      |
|    total_timesteps | 13600    |
| train/             |          |
|    actor_loss      | 0.459    |
|    critic_loss     | 0.0151   |
|    ent_coef        | 0.000909 |
|    ent_coef_loss   | -7.44    |
|    learning_rate   | 0.001    |
|    n_updates       | 13499    |
---------------------------------
---------------------------------
| rollout/           |          |
|    ep_len_mean     | 50       |
|    ep_rew_mean     | -2.97    |
|    success_rate    | 0.97     |
| time/              |          |
|    episodes        | 276      |
|    fps             | 76       |
|    time_elapsed    | 181      |
|    total_timesteps | 13800    |
| train/             |          |
|    actor_loss      | 0.641    |
|    critic_loss     | 0.0186   |
|    ent_coef        | 0.000955 |
|    ent_coef_loss   | 5.1      |
|    learning_rate   | 0.001    |
|    n_updates       | 13699    |
---------------------------------
---------------------------------
| rollout/           |          |
|    ep_len_mean     | 50       |
|    ep_rew_mean     | -4.39    |
|    success_rate    | 0.94     |
| time/              |          |
|    episodes        | 280      |
|    fps             | 76       |
|    time_elapsed    | 183      |
|    total_timesteps | 14000    |
| train/             |          |
|    actor_loss      | 0.812    |
|    critic_loss     | 0.0391   |
|    ent_coef        | 0.00132  |
|    ent_coef_loss   | 12       |
|    learning_rate   | 0.001    |
|    n_updates       | 13899    |
---------------------------------
---------------------------------
| rollout/           |          |
|    ep_len_mean     | 50       |
|    ep_rew_mean     | -4.37    |
|    success_rate    | 0.94     |
| time/              |          |
|    episodes        | 284      |
|    fps             | 76       |
|    time_elapsed    | 186      |
|    total_timesteps | 14200    |
| train/             |          |
|    actor_loss      | 0.678    |
|    critic_loss     | 0.0212   |
|    ent_coef        | 0.00138  |
|    ent_coef_loss   | -2.38    |
|    learning_rate   | 0.001    |
|    n_updates       | 14099    |
---------------------------------
---------------------------------
| rollout/           |          |
|    ep_len_mean     | 50       |
|    ep_rew_mean     | -4.35    |
|    success_rate    | 0.94     |
| time/              |          |
|    episodes        | 288      |
|    fps             | 76       |
|    time_elapsed    | 189      |
|    total_timesteps | 14400    |
| train/             |          |
|    actor_loss      | 0.532    |
|    critic_loss     | 0.0164   |
|    ent_coef        | 0.00134  |
|    ent_coef_loss   | -4.77    |
|    learning_rate   | 0.001    |
|    n_updates       | 14299    |
---------------------------------
---------------------------------
| rollout/           |          |
|    ep_len_mean     | 50       |
|    ep_rew_mean     | -4.32    |
|    success_rate    | 0.94     |
| time/              |          |
|    episodes        | 292      |
|    fps             | 75       |
|    time_elapsed    | 192      |
|    total_timesteps | 14600    |
| train/             |          |
|    actor_loss      | 0.754    |
|    critic_loss     | 0.0134   |
|    ent_coef        | 0.00124  |
|    ent_coef_loss   | -6.84    |
|    learning_rate   | 0.001    |
|    n_updates       | 14499    |
---------------------------------
---------------------------------
| rollout/           |          |
|    ep_len_mean     | 50       |
|    ep_rew_mean     | -4.13    |
|    success_rate    | 0.94     |
| time/              |          |
|    episodes        | 296      |
|    fps             | 75       |
|    time_elapsed    | 194      |
|    total_timesteps | 14800    |
| train/             |          |
|    actor_loss      | 0.68     |
|    critic_loss     | 0.0173   |
|    ent_coef        | 0.00117  |
|    ent_coef_loss   | -3.42    |
|    learning_rate   | 0.001    |
|    n_updates       | 14699    |
---------------------------------
---------------------------------
| rollout/           |          |
|    ep_len_mean     | 50       |
|    ep_rew_mean     | -4.21    |
|    success_rate    | 0.94     |
| time/              |          |
|    episodes        | 300      |
|    fps             | 75       |
|    time_elapsed    | 197      |
|    total_timesteps | 15000    |
| train/             |          |
|    actor_loss      | 0.924    |
|    critic_loss     | 0.184    |
|    ent_coef        | 0.00115  |
|    ent_coef_loss   | 4.08     |
|    learning_rate   | 0.001    |
|    n_updates       | 14899    |
---------------------------------
---------------------------------
| rollout/           |          |
|    ep_len_mean     | 50       |
|    ep_rew_mean     | -4.24    |
|    success_rate    | 0.94     |
| time/              |          |
|    episodes        | 304      |
|    fps             | 75       |
|    time_elapsed    | 200      |
|    total_timesteps | 15200    |
| train/             |          |
|    actor_loss      | 0.511    |
|    critic_loss     | 0.0214   |
|    ent_coef        | 0.00117  |
|    ent_coef_loss   | -7.57    |
|    learning_rate   | 0.001    |
|    n_updates       | 15099    |
---------------------------------
---------------------------------
| rollout/           |          |
|    ep_len_mean     | 50       |
|    ep_rew_mean     | -4.26    |
|    success_rate    | 0.94     |
| time/              |          |
|    episodes        | 308      |
|    fps             | 75       |
|    time_elapsed    | 204      |
|    total_timesteps | 15400    |
| train/             |          |
|    actor_loss      | 0.473    |
|    critic_loss     | 0.0108   |
|    ent_coef        | 0.00105  |
|    ent_coef_loss   | -8.9     |
|    learning_rate   | 0.001    |
|    n_updates       | 15299    |
---------------------------------
---------------------------------
| rollout/           |          |
|    ep_len_mean     | 50       |
|    ep_rew_mean     | -4.26    |
|    success_rate    | 0.94     |
| time/              |          |
|    episodes        | 312      |
|    fps             | 75       |
|    time_elapsed    | 206      |
|    total_timesteps | 15600    |
| train/             |          |
|    actor_loss      | 0.597    |
|    critic_loss     | 0.0126   |
|    ent_coef        | 0.000922 |
|    ent_coef_loss   | -2.46    |
|    learning_rate   | 0.001    |
|    n_updates       | 15499    |
---------------------------------
---------------------------------
| rollout/           |          |
|    ep_len_mean     | 50       |
|    ep_rew_mean     | -3.77    |
|    success_rate    | 0.96     |
| time/              |          |
|    episodes        | 316      |
|    fps             | 75       |
|    time_elapsed    | 209      |
|    total_timesteps | 15800    |
| train/             |          |
|    actor_loss      | 0.761    |
|    critic_loss     | 0.0125   |
|    ent_coef        | 0.000837 |
|    ent_coef_loss   | -0.151   |
|    learning_rate   | 0.001    |
|    n_updates       | 15699    |
---------------------------------
---------------------------------
| rollout/           |          |
|    ep_len_mean     | 50       |
|    ep_rew_mean     | -3.08    |
|    success_rate    | 0.97     |
| time/              |          |
|    episodes        | 320      |
|    fps             | 75       |
|    time_elapsed    | 212      |
|    total_timesteps | 16000    |
| train/             |          |
|    actor_loss      | 0.688    |
|    critic_loss     | 0.0239   |
|    ent_coef        | 0.000781 |
|    ent_coef_loss   | -4.05    |
|    learning_rate   | 0.001    |
|    n_updates       | 15899    |
---------------------------------
---------------------------------
| rollout/           |          |
|    ep_len_mean     | 50       |
|    ep_rew_mean     | -3.04    |
|    success_rate    | 0.97     |
| time/              |          |
|    episodes        | 324      |
|    fps             | 75       |
|    time_elapsed    | 215      |
|    total_timesteps | 16200    |
| train/             |          |
|    actor_loss      | 0.618    |
|    critic_loss     | 0.0157   |
|    ent_coef        | 0.00073  |
|    ent_coef_loss   | -5.3     |
|    learning_rate   | 0.001    |
|    n_updates       | 16099    |
---------------------------------
---------------------------------
| rollout/           |          |
|    ep_len_mean     | 50       |
|    ep_rew_mean     | -3.06    |
|    success_rate    | 0.97     |
| time/              |          |
|    episodes        | 328      |
|    fps             | 75       |
|    time_elapsed    | 218      |
|    total_timesteps | 16400    |
| train/             |          |
|    actor_loss      | 0.505    |
|    critic_loss     | 0.0219   |
|    ent_coef        | 0.000689 |
|    ent_coef_loss   | -4.49    |
|    learning_rate   | 0.001    |
|    n_updates       | 16299    |
---------------------------------
---------------------------------
| rollout/           |          |
|    ep_len_mean     | 50       |
|    ep_rew_mean     | -3.08    |
|    success_rate    | 0.97     |
| time/              |          |
|    episodes        | 332      |
|    fps             | 75       |
|    time_elapsed    | 220      |
|    total_timesteps | 16600    |
| train/             |          |
|    actor_loss      | 0.463    |
|    critic_loss     | 0.0178   |
|    ent_coef        | 0.000639 |
|    ent_coef_loss   | -1.98    |
|    learning_rate   | 0.001    |
|    n_updates       | 16499    |
---------------------------------
---------------------------------
| rollout/           |          |
|    ep_len_mean     | 50       |
|    ep_rew_mean     | -3.09    |
|    success_rate    | 0.97     |
| time/              |          |
|    episodes        | 336      |
|    fps             | 75       |
|    time_elapsed    | 223      |
|    total_timesteps | 16800    |
| train/             |          |
|    actor_loss      | 0.658    |
|    critic_loss     | 0.0101   |
|    ent_coef        | 0.000623 |
|    ent_coef_loss   | 5.43     |
|    learning_rate   | 0.001    |
|    n_updates       | 16699    |
---------------------------------
---------------------------------
| rollout/           |          |
|    ep_len_mean     | 50       |
|    ep_rew_mean     | -3.09    |
|    success_rate    | 0.97     |
| time/              |          |
|    episodes        | 340      |
|    fps             | 75       |
|    time_elapsed    | 226      |
|    total_timesteps | 17000    |
| train/             |          |
|    actor_loss      | 0.637    |
|    critic_loss     | 0.0239   |
|    ent_coef        | 0.000666 |
|    ent_coef_loss   | 0.12     |
|    learning_rate   | 0.001    |
|    n_updates       | 16899    |
---------------------------------
---------------------------------
| rollout/           |          |
|    ep_len_mean     | 50       |
|    ep_rew_mean     | -3.09    |
|    success_rate    | 0.97     |
| time/              |          |
|    episodes        | 344      |
|    fps             | 75       |
|    time_elapsed    | 229      |
|    total_timesteps | 17200    |
| train/             |          |
|    actor_loss      | 0.71     |
|    critic_loss     | 0.0137   |
|    ent_coef        | 0.000603 |
|    ent_coef_loss   | -0.454   |
|    learning_rate   | 0.001    |
|    n_updates       | 17099    |
---------------------------------
---------------------------------
| rollout/           |          |
|    ep_len_mean     | 50       |
|    ep_rew_mean     | -3.28    |
|    success_rate    | 0.96     |
| time/              |          |
|    episodes        | 348      |
|    fps             | 75       |
|    time_elapsed    | 231      |
|    total_timesteps | 17400    |
| train/             |          |
|    actor_loss      | 1.27     |
|    critic_loss     | 0.213    |
|    ent_coef        | 0.000594 |
|    ent_coef_loss   | 59.4     |
|    learning_rate   | 0.001    |
|    n_updates       | 17299    |
---------------------------------
---------------------------------
| rollout/           |          |
|    ep_len_mean     | 50       |
|    ep_rew_mean     | -4.43    |
|    success_rate    | 0.94     |
| time/              |          |
|    episodes        | 352      |
|    fps             | 75       |
|    time_elapsed    | 234      |
|    total_timesteps | 17600    |
| train/             |          |
|    actor_loss      | 0.75     |
|    critic_loss     | 0.0268   |
|    ent_coef        | 0.00086  |
|    ent_coef_loss   | 18.5     |
|    learning_rate   | 0.001    |
|    n_updates       | 17499    |
---------------------------------
---------------------------------
| rollout/           |          |
|    ep_len_mean     | 50       |
|    ep_rew_mean     | -4.4     |
|    success_rate    | 0.94     |
| time/              |          |
|    episodes        | 356      |
|    fps             | 74       |
|    time_elapsed    | 237      |
|    total_timesteps | 17800    |
| train/             |          |
|    actor_loss      | 0.789    |
|    critic_loss     | 0.0253   |
|    ent_coef        | 0.000916 |
|    ent_coef_loss   | 2.96     |
|    learning_rate   | 0.001    |
|    n_updates       | 17699    |
---------------------------------
---------------------------------
| rollout/           |          |
|    ep_len_mean     | 50       |
|    ep_rew_mean     | -4.39    |
|    success_rate    | 0.94     |
| time/              |          |
|    episodes        | 360      |
|    fps             | 74       |
|    time_elapsed    | 240      |
|    total_timesteps | 18000    |
| train/             |          |
|    actor_loss      | 0.88     |
|    critic_loss     | 0.0147   |
|    ent_coef        | 0.000898 |
|    ent_coef_loss   | 3.11     |
|    learning_rate   | 0.001    |
|    n_updates       | 17899    |
---------------------------------
---------------------------------
| rollout/           |          |
|    ep_len_mean     | 50       |
|    ep_rew_mean     | -4.43    |
|    success_rate    | 0.94     |
| time/              |          |
|    episodes        | 364      |
|    fps             | 74       |
|    time_elapsed    | 242      |
|    total_timesteps | 18200    |
| train/             |          |
|    actor_loss      | 0.604    |
|    critic_loss     | 0.016    |
|    ent_coef        | 0.00086  |
|    ent_coef_loss   | -4.16    |
|    learning_rate   | 0.001    |
|    n_updates       | 18099    |
---------------------------------
---------------------------------
| rollout/           |          |
|    ep_len_mean     | 50       |
|    ep_rew_mean     | -4.44    |
|    success_rate    | 0.94     |
| time/              |          |
|    episodes        | 368      |
|    fps             | 74       |
|    time_elapsed    | 245      |
|    total_timesteps | 18400    |
| train/             |          |
|    actor_loss      | 0.555    |
|    critic_loss     | 0.0171   |
|    ent_coef        | 0.000811 |
|    ent_coef_loss   | -4.98    |
|    learning_rate   | 0.001    |
|    n_updates       | 18299    |
---------------------------------
---------------------------------
| rollout/           |          |
|    ep_len_mean     | 50       |
|    ep_rew_mean     | -4.41    |
|    success_rate    | 0.94     |
| time/              |          |
|    episodes        | 372      |
|    fps             | 74       |
|    time_elapsed    | 248      |
|    total_timesteps | 18600    |
| train/             |          |
|    actor_loss      | 0.633    |
|    critic_loss     | 0.0124   |
|    ent_coef        | 0.000784 |
|    ent_coef_loss   | -3.89    |
|    learning_rate   | 0.001    |
|    n_updates       | 18499    |
---------------------------------
---------------------------------
| rollout/           |          |
|    ep_len_mean     | 50       |
|    ep_rew_mean     | -4.42    |
|    success_rate    | 0.94     |
| time/              |          |
|    episodes        | 376      |
|    fps             | 74       |
|    time_elapsed    | 251      |
|    total_timesteps | 18800    |
| train/             |          |
|    actor_loss      | 0.658    |
|    critic_loss     | 0.0111   |
|    ent_coef        | 0.000731 |
|    ent_coef_loss   | -1.36    |
|    learning_rate   | 0.001    |
|    n_updates       | 18699    |
---------------------------------
---------------------------------
| rollout/           |          |
|    ep_len_mean     | 50       |
|    ep_rew_mean     | -3.03    |
|    success_rate    | 0.97     |
| time/              |          |
|    episodes        | 380      |
|    fps             | 74       |
|    time_elapsed    | 253      |
|    total_timesteps | 19000    |
| train/             |          |
|    actor_loss      | 0.527    |
|    critic_loss     | 0.0172   |
|    ent_coef        | 0.000711 |
|    ent_coef_loss   | -4.07    |
|    learning_rate   | 0.001    |
|    n_updates       | 18899    |
---------------------------------
---------------------------------
| rollout/           |          |
|    ep_len_mean     | 50       |
|    ep_rew_mean     | -3.02    |
|    success_rate    | 0.97     |
| time/              |          |
|    episodes        | 384      |
|    fps             | 74       |
|    time_elapsed    | 256      |
|    total_timesteps | 19200    |
| train/             |          |
|    actor_loss      | 0.518    |
|    critic_loss     | 0.0207   |
|    ent_coef        | 0.000649 |
|    ent_coef_loss   | -3.71    |
|    learning_rate   | 0.001    |
|    n_updates       | 19099    |
---------------------------------
---------------------------------
| rollout/           |          |
|    ep_len_mean     | 50       |
|    ep_rew_mean     | -3.02    |
|    success_rate    | 0.97     |
| time/              |          |
|    episodes        | 388      |
|    fps             | 74       |
|    time_elapsed    | 259      |
|    total_timesteps | 19400    |
| train/             |          |
|    actor_loss      | 0.718    |
|    critic_loss     | 0.0181   |
|    ent_coef        | 0.000609 |
|    ent_coef_loss   | -2.65    |
|    learning_rate   | 0.001    |
|    n_updates       | 19299    |
---------------------------------
---------------------------------
| rollout/           |          |
|    ep_len_mean     | 50       |
|    ep_rew_mean     | -3.03    |
|    success_rate    | 0.97     |
| time/              |          |
|    episodes        | 392      |
|    fps             | 74       |
|    time_elapsed    | 261      |
|    total_timesteps | 19600    |
| train/             |          |
|    actor_loss      | 0.456    |
|    critic_loss     | 0.00773  |
|    ent_coef        | 0.000555 |
|    ent_coef_loss   | -7.57    |
|    learning_rate   | 0.001    |
|    n_updates       | 19499    |
---------------------------------
---------------------------------
| rollout/           |          |
|    ep_len_mean     | 50       |
|    ep_rew_mean     | -3.02    |
|    success_rate    | 0.97     |
| time/              |          |
|    episodes        | 396      |
|    fps             | 74       |
|    time_elapsed    | 264      |
|    total_timesteps | 19800    |
| train/             |          |
|    actor_loss      | 0.56     |
|    critic_loss     | 0.0107   |
|    ent_coef        | 0.000517 |
|    ent_coef_loss   | -7.3     |
|    learning_rate   | 0.001    |
|    n_updates       | 19699    |
---------------------------------
---------------------------------
| rollout/           |          |
|    ep_len_mean     | 50       |
|    ep_rew_mean     | -2.88    |
|    success_rate    | 0.97     |
| time/              |          |
|    episodes        | 400      |
|    fps             | 74       |
|    time_elapsed    | 267      |
|    total_timesteps | 20000    |
| train/             |          |
|    actor_loss      | 0.45     |
|    critic_loss     | 0.0101   |
|    ent_coef        | 0.000493 |
|    ent_coef_loss   | -0.642   |
|    learning_rate   | 0.001    |
|    n_updates       | 19899    |
---------------------------------
success_rate=1.000 over 50 episodes
checkpoint_saved=/Users/eoinmca/Projects/lang-goal-rl/experiments/01_uvfa_her_baseline/checkpoints/seed_6.zip
