AdroitHandRelocateDense-v1, AdroitHandHammerDense-v1, AdroitHandDoorDense-v1 environment's reward functions were updated in v1.2.1 without an environment version update. Therefore, use gymnasium-robotics==1.2.0 for v1 reproducibility or use v2 in gymnasium-robotics>=1.4.3. See https://github.com/Farama-Foundation/Gymnasium-Robotics/pull/220 for more details
Using cpu device
Wrapping the env with a `Monitor` wrapper
Wrapping the env in a DummyVecEnv.
---------------------------------
| rollout/           |          |
|    ep_len_mean     | 50       |
|    ep_rew_mean     | -50      |
|    success_rate    | 0        |
| time/              |          |
|    episodes        | 4        |
|    fps             | 134      |
|    time_elapsed    | 1        |
|    total_timesteps | 200      |
| train/             |          |
|    actor_loss      | -4.43    |
|    critic_loss     | 0.226    |
|    ent_coef        | 0.907    |
|    ent_coef_loss   | -0.661   |
|    learning_rate   | 0.001    |
|    n_updates       | 99       |
---------------------------------
---------------------------------
| rollout/           |          |
|    ep_len_mean     | 50       |
|    ep_rew_mean     | -49.9    |
|    success_rate    | 0        |
| time/              |          |
|    episodes        | 8        |
|    fps             | 86       |
|    time_elapsed    | 4        |
|    total_timesteps | 400      |
| train/             |          |
|    actor_loss      | -4.45    |
|    critic_loss     | 0.197    |
|    ent_coef        | 0.742    |
|    ent_coef_loss   | -2       |
|    learning_rate   | 0.001    |
|    n_updates       | 299      |
---------------------------------
---------------------------------
| rollout/           |          |
|    ep_len_mean     | 50       |
|    ep_rew_mean     | -49.6    |
|    success_rate    | 0        |
| time/              |          |
|    episodes        | 12       |
|    fps             | 79       |
|    time_elapsed    | 7        |
|    total_timesteps | 600      |
| train/             |          |
|    actor_loss      | -4.43    |
|    critic_loss     | 0.198    |
|    ent_coef        | 0.608    |
|    ent_coef_loss   | -3.34    |
|    learning_rate   | 0.001    |
|    n_updates       | 499      |
---------------------------------
---------------------------------
| rollout/           |          |
|    ep_len_mean     | 50       |
|    ep_rew_mean     | -49.7    |
|    success_rate    | 0        |
| time/              |          |
|    episodes        | 16       |
|    fps             | 75       |
|    time_elapsed    | 10       |
|    total_timesteps | 800      |
| train/             |          |
|    actor_loss      | -4.32    |
|    critic_loss     | 0.175    |
|    ent_coef        | 0.497    |
|    ent_coef_loss   | -4.7     |
|    learning_rate   | 0.001    |
|    n_updates       | 699      |
---------------------------------
---------------------------------
| rollout/           |          |
|    ep_len_mean     | 50       |
|    ep_rew_mean     | -49.5    |
|    success_rate    | 0        |
| time/              |          |
|    episodes        | 20       |
|    fps             | 73       |
|    time_elapsed    | 13       |
|    total_timesteps | 1000     |
| train/             |          |
|    actor_loss      | -4.18    |
|    critic_loss     | 0.167    |
|    ent_coef        | 0.407    |
|    ent_coef_loss   | -6.03    |
|    learning_rate   | 0.001    |
|    n_updates       | 899      |
---------------------------------
---------------------------------
| rollout/           |          |
|    ep_len_mean     | 50       |
|    ep_rew_mean     | -49.5    |
|    success_rate    | 0        |
| time/              |          |
|    episodes        | 24       |
|    fps             | 72       |
|    time_elapsed    | 16       |
|    total_timesteps | 1200     |
| train/             |          |
|    actor_loss      | -3.79    |
|    critic_loss     | 0.15     |
|    ent_coef        | 0.334    |
|    ent_coef_loss   | -7.38    |
|    learning_rate   | 0.001    |
|    n_updates       | 1099     |
---------------------------------
---------------------------------
| rollout/           |          |
|    ep_len_mean     | 50       |
|    ep_rew_mean     | -49.2    |
|    success_rate    | 0        |
| time/              |          |
|    episodes        | 28       |
|    fps             | 71       |
|    time_elapsed    | 19       |
|    total_timesteps | 1400     |
| train/             |          |
|    actor_loss      | -3.24    |
|    critic_loss     | 0.141    |
|    ent_coef        | 0.273    |
|    ent_coef_loss   | -8.63    |
|    learning_rate   | 0.001    |
|    n_updates       | 1299     |
---------------------------------
---------------------------------
| rollout/           |          |
|    ep_len_mean     | 50       |
|    ep_rew_mean     | -49.3    |
|    success_rate    | 0        |
| time/              |          |
|    episodes        | 32       |
|    fps             | 71       |
|    time_elapsed    | 22       |
|    total_timesteps | 1600     |
| train/             |          |
|    actor_loss      | -2.86    |
|    critic_loss     | 0.137    |
|    ent_coef        | 0.224    |
|    ent_coef_loss   | -9.85    |
|    learning_rate   | 0.001    |
|    n_updates       | 1499     |
---------------------------------
---------------------------------
| rollout/           |          |
|    ep_len_mean     | 50       |
|    ep_rew_mean     | -49.4    |
|    success_rate    | 0        |
| time/              |          |
|    episodes        | 36       |
|    fps             | 70       |
|    time_elapsed    | 25       |
|    total_timesteps | 1800     |
| train/             |          |
|    actor_loss      | -2.5     |
|    critic_loss     | 0.123    |
|    ent_coef        | 0.184    |
|    ent_coef_loss   | -11      |
|    learning_rate   | 0.001    |
|    n_updates       | 1699     |
---------------------------------
---------------------------------
| rollout/           |          |
|    ep_len_mean     | 50       |
|    ep_rew_mean     | -49.5    |
|    success_rate    | 0        |
| time/              |          |
|    episodes        | 40       |
|    fps             | 69       |
|    time_elapsed    | 28       |
|    total_timesteps | 2000     |
| train/             |          |
|    actor_loss      | -1.91    |
|    critic_loss     | 0.115    |
|    ent_coef        | 0.152    |
|    ent_coef_loss   | -11.8    |
|    learning_rate   | 0.001    |
|    n_updates       | 1899     |
---------------------------------
---------------------------------
| rollout/           |          |
|    ep_len_mean     | 50       |
|    ep_rew_mean     | -49.4    |
|    success_rate    | 0        |
| time/              |          |
|    episodes        | 44       |
|    fps             | 69       |
|    time_elapsed    | 31       |
|    total_timesteps | 2200     |
| train/             |          |
|    actor_loss      | -1.53    |
|    critic_loss     | 0.118    |
|    ent_coef        | 0.127    |
|    ent_coef_loss   | -12.4    |
|    learning_rate   | 0.001    |
|    n_updates       | 2099     |
---------------------------------
---------------------------------
| rollout/           |          |
|    ep_len_mean     | 50       |
|    ep_rew_mean     | -49.4    |
|    success_rate    | 0        |
| time/              |          |
|    episodes        | 48       |
|    fps             | 69       |
|    time_elapsed    | 34       |
|    total_timesteps | 2400     |
| train/             |          |
|    actor_loss      | -0.932   |
|    critic_loss     | 0.141    |
|    ent_coef        | 0.106    |
|    ent_coef_loss   | -11.7    |
|    learning_rate   | 0.001    |
|    n_updates       | 2299     |
---------------------------------
---------------------------------
| rollout/           |          |
|    ep_len_mean     | 50       |
|    ep_rew_mean     | -49.4    |
|    success_rate    | 0        |
| time/              |          |
|    episodes        | 52       |
|    fps             | 68       |
|    time_elapsed    | 37       |
|    total_timesteps | 2600     |
| train/             |          |
|    actor_loss      | -0.337   |
|    critic_loss     | 0.125    |
|    ent_coef        | 0.0896   |
|    ent_coef_loss   | -12.7    |
|    learning_rate   | 0.001    |
|    n_updates       | 2499     |
---------------------------------
---------------------------------
| rollout/           |          |
|    ep_len_mean     | 50       |
|    ep_rew_mean     | -49.3    |
|    success_rate    | 0        |
| time/              |          |
|    episodes        | 56       |
|    fps             | 68       |
|    time_elapsed    | 41       |
|    total_timesteps | 2800     |
| train/             |          |
|    actor_loss      | -0.123   |
|    critic_loss     | 0.148    |
|    ent_coef        | 0.076    |
|    ent_coef_loss   | -12.5    |
|    learning_rate   | 0.001    |
|    n_updates       | 2699     |
---------------------------------
---------------------------------
| rollout/           |          |
|    ep_len_mean     | 50       |
|    ep_rew_mean     | -49      |
|    success_rate    | 0        |
| time/              |          |
|    episodes        | 60       |
|    fps             | 68       |
|    time_elapsed    | 44       |
|    total_timesteps | 3000     |
| train/             |          |
|    actor_loss      | 0.416    |
|    critic_loss     | 0.131    |
|    ent_coef        | 0.0648   |
|    ent_coef_loss   | -13.3    |
|    learning_rate   | 0.001    |
|    n_updates       | 2899     |
---------------------------------
---------------------------------
| rollout/           |          |
|    ep_len_mean     | 50       |
|    ep_rew_mean     | -49      |
|    success_rate    | 0        |
| time/              |          |
|    episodes        | 64       |
|    fps             | 68       |
|    time_elapsed    | 47       |
|    total_timesteps | 3200     |
| train/             |          |
|    actor_loss      | 0.637    |
|    critic_loss     | 0.152    |
|    ent_coef        | 0.0557   |
|    ent_coef_loss   | -11.3    |
|    learning_rate   | 0.001    |
|    n_updates       | 3099     |
---------------------------------
---------------------------------
| rollout/           |          |
|    ep_len_mean     | 50       |
|    ep_rew_mean     | -48.8    |
|    success_rate    | 0        |
| time/              |          |
|    episodes        | 68       |
|    fps             | 67       |
|    time_elapsed    | 50       |
|    total_timesteps | 3400     |
| train/             |          |
|    actor_loss      | 0.974    |
|    critic_loss     | 0.21     |
|    ent_coef        | 0.0482   |
|    ent_coef_loss   | -11.6    |
|    learning_rate   | 0.001    |
|    n_updates       | 3299     |
---------------------------------
---------------------------------
| rollout/           |          |
|    ep_len_mean     | 50       |
|    ep_rew_mean     | -48.8    |
|    success_rate    | 0        |
| time/              |          |
|    episodes        | 72       |
|    fps             | 67       |
|    time_elapsed    | 53       |
|    total_timesteps | 3600     |
| train/             |          |
|    actor_loss      | 1.12     |
|    critic_loss     | 0.205    |
|    ent_coef        | 0.0418   |
|    ent_coef_loss   | -10.6    |
|    learning_rate   | 0.001    |
|    n_updates       | 3499     |
---------------------------------
---------------------------------
| rollout/           |          |
|    ep_len_mean     | 50       |
|    ep_rew_mean     | -48.8    |
|    success_rate    | 0        |
| time/              |          |
|    episodes        | 76       |
|    fps             | 67       |
|    time_elapsed    | 56       |
|    total_timesteps | 3800     |
| train/             |          |
|    actor_loss      | 1.44     |
|    critic_loss     | 0.191    |
|    ent_coef        | 0.0365   |
|    ent_coef_loss   | -9.87    |
|    learning_rate   | 0.001    |
|    n_updates       | 3699     |
---------------------------------
---------------------------------
| rollout/           |          |
|    ep_len_mean     | 50       |
|    ep_rew_mean     | -48.5    |
|    success_rate    | 0        |
| time/              |          |
|    episodes        | 80       |
|    fps             | 67       |
|    time_elapsed    | 59       |
|    total_timesteps | 4000     |
| train/             |          |
|    actor_loss      | 1.3      |
|    critic_loss     | 0.165    |
|    ent_coef        | 0.0323   |
|    ent_coef_loss   | -8.93    |
|    learning_rate   | 0.001    |
|    n_updates       | 3899     |
---------------------------------
---------------------------------
| rollout/           |          |
|    ep_len_mean     | 50       |
|    ep_rew_mean     | -48      |
|    success_rate    | 0.0119   |
| time/              |          |
|    episodes        | 84       |
|    fps             | 67       |
|    time_elapsed    | 61       |
|    total_timesteps | 4200     |
| train/             |          |
|    actor_loss      | 1.83     |
|    critic_loss     | 0.174    |
|    ent_coef        | 0.0288   |
|    ent_coef_loss   | -7.55    |
|    learning_rate   | 0.001    |
|    n_updates       | 4099     |
---------------------------------
---------------------------------
| rollout/           |          |
|    ep_len_mean     | 50       |
|    ep_rew_mean     | -47.3    |
|    success_rate    | 0.0341   |
| time/              |          |
|    episodes        | 88       |
|    fps             | 67       |
|    time_elapsed    | 65       |
|    total_timesteps | 4400     |
| train/             |          |
|    actor_loss      | 1.41     |
|    critic_loss     | 0.14     |
|    ent_coef        | 0.0258   |
|    ent_coef_loss   | -8.83    |
|    learning_rate   | 0.001    |
|    n_updates       | 4299     |
---------------------------------
---------------------------------
| rollout/           |          |
|    ep_len_mean     | 50       |
|    ep_rew_mean     | -46.6    |
|    success_rate    | 0.0543   |
| time/              |          |
|    episodes        | 92       |
|    fps             | 67       |
|    time_elapsed    | 68       |
|    total_timesteps | 4600     |
| train/             |          |
|    actor_loss      | 1.66     |
|    critic_loss     | 0.151    |
|    ent_coef        | 0.0233   |
|    ent_coef_loss   | -6.96    |
|    learning_rate   | 0.001    |
|    n_updates       | 4499     |
---------------------------------
---------------------------------
| rollout/           |          |
|    ep_len_mean     | 50       |
|    ep_rew_mean     | -45.4    |
|    success_rate    | 0.0833   |
| time/              |          |
|    episodes        | 96       |
|    fps             | 67       |
|    time_elapsed    | 71       |
|    total_timesteps | 4800     |
| train/             |          |
|    actor_loss      | 1.8      |
|    critic_loss     | 0.199    |
|    ent_coef        | 0.0212   |
|    ent_coef_loss   | -5.64    |
|    learning_rate   | 0.001    |
|    n_updates       | 4699     |
---------------------------------
---------------------------------
| rollout/           |          |
|    ep_len_mean     | 50       |
|    ep_rew_mean     | -44.2    |
|    success_rate    | 0.11     |
| time/              |          |
|    episodes        | 100      |
|    fps             | 67       |
|    time_elapsed    | 74       |
|    total_timesteps | 5000     |
| train/             |          |
|    actor_loss      | 1.46     |
|    critic_loss     | 0.122    |
|    ent_coef        | 0.0196   |
|    ent_coef_loss   | -1.98    |
|    learning_rate   | 0.001    |
|    n_updates       | 4899     |
---------------------------------
---------------------------------
| rollout/           |          |
|    ep_len_mean     | 50       |
|    ep_rew_mean     | -42.7    |
|    success_rate    | 0.14     |
| time/              |          |
|    episodes        | 104      |
|    fps             | 67       |
|    time_elapsed    | 77       |
|    total_timesteps | 5200     |
| train/             |          |
|    actor_loss      | 1.8      |
|    critic_loss     | 0.148    |
|    ent_coef        | 0.0181   |
|    ent_coef_loss   | -4.81    |
|    learning_rate   | 0.001    |
|    n_updates       | 5099     |
---------------------------------
---------------------------------
| rollout/           |          |
|    ep_len_mean     | 50       |
|    ep_rew_mean     | -41.9    |
|    success_rate    | 0.16     |
| time/              |          |
|    episodes        | 108      |
|    fps             | 67       |
|    time_elapsed    | 80       |
|    total_timesteps | 5400     |
| train/             |          |
|    actor_loss      | 1.52     |
|    critic_loss     | 0.119    |
|    ent_coef        | 0.0168   |
|    ent_coef_loss   | -3.2     |
|    learning_rate   | 0.001    |
|    n_updates       | 5299     |
---------------------------------
---------------------------------
| rollout/           |          |
|    ep_len_mean     | 50       |
|    ep_rew_mean     | -40.1    |
|    success_rate    | 0.2      |
| time/              |          |
|    episodes        | 112      |
|    fps             | 67       |
|    time_elapsed    | 83       |
|    total_timesteps | 5600     |
| train/             |          |
|    actor_loss      | 1.62     |
|    critic_loss     | 0.123    |
|    ent_coef        | 0.0158   |
|    ent_coef_loss   | -3.36    |
|    learning_rate   | 0.001    |
|    n_updates       | 5499     |
---------------------------------
---------------------------------
| rollout/           |          |
|    ep_len_mean     | 50       |
|    ep_rew_mean     | -39.5    |
|    success_rate    | 0.21     |
| time/              |          |
|    episodes        | 116      |
|    fps             | 67       |
|    time_elapsed    | 86       |
|    total_timesteps | 5800     |
| train/             |          |
|    actor_loss      | 1.8      |
|    critic_loss     | 0.153    |
|    ent_coef        | 0.0148   |
|    ent_coef_loss   | -4.04    |
|    learning_rate   | 0.001    |
|    n_updates       | 5699     |
---------------------------------
---------------------------------
| rollout/           |          |
|    ep_len_mean     | 50       |
|    ep_rew_mean     | -38.2    |
|    success_rate    | 0.23     |
| time/              |          |
|    episodes        | 120      |
|    fps             | 66       |
|    time_elapsed    | 89       |
|    total_timesteps | 6000     |
| train/             |          |
|    actor_loss      | 1.66     |
|    critic_loss     | 0.119    |
|    ent_coef        | 0.014    |
|    ent_coef_loss   | -4.29    |
|    learning_rate   | 0.001    |
|    n_updates       | 5899     |
---------------------------------
---------------------------------
| rollout/           |          |
|    ep_len_mean     | 50       |
|    ep_rew_mean     | -37.3    |
|    success_rate    | 0.25     |
| time/              |          |
|    episodes        | 124      |
|    fps             | 66       |
|    time_elapsed    | 92       |
|    total_timesteps | 6200     |
| train/             |          |
|    actor_loss      | 1.81     |
|    critic_loss     | 0.127    |
|    ent_coef        | 0.0132   |
|    ent_coef_loss   | -2.67    |
|    learning_rate   | 0.001    |
|    n_updates       | 6099     |
---------------------------------
---------------------------------
| rollout/           |          |
|    ep_len_mean     | 50       |
|    ep_rew_mean     | -36.4    |
|    success_rate    | 0.27     |
| time/              |          |
|    episodes        | 128      |
|    fps             | 66       |
|    time_elapsed    | 95       |
|    total_timesteps | 6400     |
| train/             |          |
|    actor_loss      | 1.86     |
|    critic_loss     | 0.096    |
|    ent_coef        | 0.0126   |
|    ent_coef_loss   | -0.518   |
|    learning_rate   | 0.001    |
|    n_updates       | 6299     |
---------------------------------
---------------------------------
| rollout/           |          |
|    ep_len_mean     | 50       |
|    ep_rew_mean     | -35.4    |
|    success_rate    | 0.28     |
| time/              |          |
|    episodes        | 132      |
|    fps             | 66       |
|    time_elapsed    | 98       |
|    total_timesteps | 6600     |
| train/             |          |
|    actor_loss      | 1.89     |
|    critic_loss     | 0.18     |
|    ent_coef        | 0.0119   |
|    ent_coef_loss   | -2.13    |
|    learning_rate   | 0.001    |
|    n_updates       | 6499     |
---------------------------------
---------------------------------
| rollout/           |          |
|    ep_len_mean     | 50       |
|    ep_rew_mean     | -33.5    |
|    success_rate    | 0.32     |
| time/              |          |
|    episodes        | 136      |
|    fps             | 66       |
|    time_elapsed    | 102      |
|    total_timesteps | 6800     |
| train/             |          |
|    actor_loss      | 1.77     |
|    critic_loss     | 0.0979   |
|    ent_coef        | 0.0114   |
|    ent_coef_loss   | 0.126    |
|    learning_rate   | 0.001    |
|    n_updates       | 6699     |
---------------------------------
---------------------------------
| rollout/           |          |
|    ep_len_mean     | 50       |
|    ep_rew_mean     | -31.6    |
|    success_rate    | 0.36     |
| time/              |          |
|    episodes        | 140      |
|    fps             | 66       |
|    time_elapsed    | 105      |
|    total_timesteps | 7000     |
| train/             |          |
|    actor_loss      | 1.3      |
|    critic_loss     | 0.107    |
|    ent_coef        | 0.0109   |
|    ent_coef_loss   | -0.528   |
|    learning_rate   | 0.001    |
|    n_updates       | 6899     |
---------------------------------
---------------------------------
| rollout/           |          |
|    ep_len_mean     | 50       |
|    ep_rew_mean     | -30.2    |
|    success_rate    | 0.39     |
| time/              |          |
|    episodes        | 144      |
|    fps             | 66       |
|    time_elapsed    | 108      |
|    total_timesteps | 7200     |
| train/             |          |
|    actor_loss      | 1.56     |
|    critic_loss     | 0.089    |
|    ent_coef        | 0.0105   |
|    ent_coef_loss   | -2.27    |
|    learning_rate   | 0.001    |
|    n_updates       | 7099     |
---------------------------------
---------------------------------
| rollout/           |          |
|    ep_len_mean     | 50       |
|    ep_rew_mean     | -28.8    |
|    success_rate    | 0.41     |
| time/              |          |
|    episodes        | 148      |
|    fps             | 66       |
|    time_elapsed    | 111      |
|    total_timesteps | 7400     |
| train/             |          |
|    actor_loss      | 1.86     |
|    critic_loss     | 0.116    |
|    ent_coef        | 0.0103   |
|    ent_coef_loss   | -1.3     |
|    learning_rate   | 0.001    |
|    n_updates       | 7299     |
---------------------------------
---------------------------------
| rollout/           |          |
|    ep_len_mean     | 50       |
|    ep_rew_mean     | -27.5    |
|    success_rate    | 0.43     |
| time/              |          |
|    episodes        | 152      |
|    fps             | 66       |
|    time_elapsed    | 114      |
|    total_timesteps | 7600     |
| train/             |          |
|    actor_loss      | 1.32     |
|    critic_loss     | 0.104    |
|    ent_coef        | 0.00985  |
|    ent_coef_loss   | -0.852   |
|    learning_rate   | 0.001    |
|    n_updates       | 7499     |
---------------------------------
---------------------------------
| rollout/           |          |
|    ep_len_mean     | 50       |
|    ep_rew_mean     | -25.8    |
|    success_rate    | 0.47     |
| time/              |          |
|    episodes        | 156      |
|    fps             | 66       |
|    time_elapsed    | 117      |
|    total_timesteps | 7800     |
| train/             |          |
|    actor_loss      | 1.22     |
|    critic_loss     | 0.118    |
|    ent_coef        | 0.00949  |
|    ent_coef_loss   | 0.648    |
|    learning_rate   | 0.001    |
|    n_updates       | 7699     |
---------------------------------
---------------------------------
| rollout/           |          |
|    ep_len_mean     | 50       |
|    ep_rew_mean     | -24.7    |
|    success_rate    | 0.49     |
| time/              |          |
|    episodes        | 160      |
|    fps             | 66       |
|    time_elapsed    | 120      |
|    total_timesteps | 8000     |
| train/             |          |
|    actor_loss      | 1.47     |
|    critic_loss     | 0.11     |
|    ent_coef        | 0.00927  |
|    ent_coef_loss   | -1.62    |
|    learning_rate   | 0.001    |
|    n_updates       | 7899     |
---------------------------------
---------------------------------
| rollout/           |          |
|    ep_len_mean     | 50       |
|    ep_rew_mean     | -23.3    |
|    success_rate    | 0.52     |
| time/              |          |
|    episodes        | 164      |
|    fps             | 66       |
|    time_elapsed    | 123      |
|    total_timesteps | 8200     |
| train/             |          |
|    actor_loss      | 1.4      |
|    critic_loss     | 0.113    |
|    ent_coef        | 0.00876  |
|    ent_coef_loss   | 1.75     |
|    learning_rate   | 0.001    |
|    n_updates       | 8099     |
---------------------------------
---------------------------------
| rollout/           |          |
|    ep_len_mean     | 50       |
|    ep_rew_mean     | -21.6    |
|    success_rate    | 0.56     |
| time/              |          |
|    episodes        | 168      |
|    fps             | 66       |
|    time_elapsed    | 126      |
|    total_timesteps | 8400     |
| train/             |          |
|    actor_loss      | 1.32     |
|    critic_loss     | 0.109    |
|    ent_coef        | 0.00853  |
|    ent_coef_loss   | -0.23    |
|    learning_rate   | 0.001    |
|    n_updates       | 8299     |
---------------------------------
---------------------------------
| rollout/           |          |
|    ep_len_mean     | 50       |
|    ep_rew_mean     | -20.2    |
|    success_rate    | 0.59     |
| time/              |          |
|    episodes        | 172      |
|    fps             | 66       |
|    time_elapsed    | 129      |
|    total_timesteps | 8600     |
| train/             |          |
|    actor_loss      | 1.48     |
|    critic_loss     | 0.0859   |
|    ent_coef        | 0.00837  |
|    ent_coef_loss   | -1.86    |
|    learning_rate   | 0.001    |
|    n_updates       | 8499     |
---------------------------------
---------------------------------
| rollout/           |          |
|    ep_len_mean     | 50       |
|    ep_rew_mean     | -18.3    |
|    success_rate    | 0.63     |
| time/              |          |
|    episodes        | 176      |
|    fps             | 66       |
|    time_elapsed    | 132      |
|    total_timesteps | 8800     |
| train/             |          |
|    actor_loss      | 1.02     |
|    critic_loss     | 0.0924   |
|    ent_coef        | 0.00794  |
|    ent_coef_loss   | 0.673    |
|    learning_rate   | 0.001    |
|    n_updates       | 8699     |
---------------------------------
---------------------------------
| rollout/           |          |
|    ep_len_mean     | 50       |
|    ep_rew_mean     | -17.2    |
|    success_rate    | 0.66     |
| time/              |          |
|    episodes        | 180      |
|    fps             | 66       |
|    time_elapsed    | 136      |
|    total_timesteps | 9000     |
| train/             |          |
|    actor_loss      | 1.73     |
|    critic_loss     | 0.098    |
|    ent_coef        | 0.00774  |
|    ent_coef_loss   | -1.4     |
|    learning_rate   | 0.001    |
|    n_updates       | 8899     |
---------------------------------
---------------------------------
| rollout/           |          |
|    ep_len_mean     | 50       |
|    ep_rew_mean     | -16.2    |
|    success_rate    | 0.68     |
| time/              |          |
|    episodes        | 184      |
|    fps             | 66       |
|    time_elapsed    | 139      |
|    total_timesteps | 9200     |
| train/             |          |
|    actor_loss      | 1.35     |
|    critic_loss     | 0.078    |
|    ent_coef        | 0.00753  |
|    ent_coef_loss   | -0.681   |
|    learning_rate   | 0.001    |
|    n_updates       | 9099     |
---------------------------------
---------------------------------
| rollout/           |          |
|    ep_len_mean     | 50       |
|    ep_rew_mean     | -15.1    |
|    success_rate    | 0.7      |
| time/              |          |
|    episodes        | 188      |
|    fps             | 66       |
|    time_elapsed    | 142      |
|    total_timesteps | 9400     |
| train/             |          |
|    actor_loss      | 1.08     |
|    critic_loss     | 0.0849   |
|    ent_coef        | 0.00708  |
|    ent_coef_loss   | -0.735   |
|    learning_rate   | 0.001    |
|    n_updates       | 9299     |
---------------------------------
---------------------------------
| rollout/           |          |
|    ep_len_mean     | 50       |
|    ep_rew_mean     | -14      |
|    success_rate    | 0.72     |
| time/              |          |
|    episodes        | 192      |
|    fps             | 66       |
|    time_elapsed    | 145      |
|    total_timesteps | 9600     |
| train/             |          |
|    actor_loss      | 1.51     |
|    critic_loss     | 0.0936   |
|    ent_coef        | 0.0068   |
|    ent_coef_loss   | 0.446    |
|    learning_rate   | 0.001    |
|    n_updates       | 9499     |
---------------------------------
---------------------------------
| rollout/           |          |
|    ep_len_mean     | 50       |
|    ep_rew_mean     | -13.8    |
|    success_rate    | 0.72     |
| time/              |          |
|    episodes        | 196      |
|    fps             | 65       |
|    time_elapsed    | 148      |
|    total_timesteps | 9800     |
| train/             |          |
|    actor_loss      | 1.4      |
|    critic_loss     | 0.0731   |
|    ent_coef        | 0.00672  |
|    ent_coef_loss   | -0.961   |
|    learning_rate   | 0.001    |
|    n_updates       | 9699     |
---------------------------------
---------------------------------
| rollout/           |          |
|    ep_len_mean     | 50       |
|    ep_rew_mean     | -13.8    |
|    success_rate    | 0.72     |
| time/              |          |
|    episodes        | 200      |
|    fps             | 65       |
|    time_elapsed    | 151      |
|    total_timesteps | 10000    |
| train/             |          |
|    actor_loss      | 1.1      |
|    critic_loss     | 0.0725   |
|    ent_coef        | 0.00661  |
|    ent_coef_loss   | -0.721   |
|    learning_rate   | 0.001    |
|    n_updates       | 9899     |
---------------------------------
---------------------------------
| rollout/           |          |
|    ep_len_mean     | 50       |
|    ep_rew_mean     | -13.4    |
|    success_rate    | 0.73     |
| time/              |          |
|    episodes        | 204      |
|    fps             | 65       |
|    time_elapsed    | 154      |
|    total_timesteps | 10200    |
| train/             |          |
|    actor_loss      | 1.04     |
|    critic_loss     | 0.0643   |
|    ent_coef        | 0.00632  |
|    ent_coef_loss   | -1.07    |
|    learning_rate   | 0.001    |
|    n_updates       | 10099    |
---------------------------------
---------------------------------
| rollout/           |          |
|    ep_len_mean     | 50       |
|    ep_rew_mean     | -12.4    |
|    success_rate    | 0.75     |
| time/              |          |
|    episodes        | 208      |
|    fps             | 65       |
|    time_elapsed    | 158      |
|    total_timesteps | 10400    |
| train/             |          |
|    actor_loss      | 1.52     |
|    critic_loss     | 0.066    |
|    ent_coef        | 0.00614  |
|    ent_coef_loss   | 2.84     |
|    learning_rate   | 0.001    |
|    n_updates       | 10299    |
---------------------------------
---------------------------------
| rollout/           |          |
|    ep_len_mean     | 50       |
|    ep_rew_mean     | -12.8    |
|    success_rate    | 0.74     |
| time/              |          |
|    episodes        | 212      |
|    fps             | 65       |
|    time_elapsed    | 161      |
|    total_timesteps | 10600    |
| train/             |          |
|    actor_loss      | 1.17     |
|    critic_loss     | 0.0727   |
|    ent_coef        | 0.00606  |
|    ent_coef_loss   | -1.46    |
|    learning_rate   | 0.001    |
|    n_updates       | 10499    |
---------------------------------
---------------------------------
| rollout/           |          |
|    ep_len_mean     | 50       |
|    ep_rew_mean     | -11.6    |
|    success_rate    | 0.77     |
| time/              |          |
|    episodes        | 216      |
|    fps             | 65       |
|    time_elapsed    | 164      |
|    total_timesteps | 10800    |
| train/             |          |
|    actor_loss      | 1.12     |
|    critic_loss     | 0.0549   |
|    ent_coef        | 0.00589  |
|    ent_coef_loss   | 0.779    |
|    learning_rate   | 0.001    |
|    n_updates       | 10699    |
---------------------------------
---------------------------------
| rollout/           |          |
|    ep_len_mean     | 50       |
|    ep_rew_mean     | -11.3    |
|    success_rate    | 0.78     |
| time/              |          |
|    episodes        | 220      |
|    fps             | 65       |
|    time_elapsed    | 167      |
|    total_timesteps | 11000    |
| train/             |          |
|    actor_loss      | 0.87     |
|    critic_loss     | 0.0633   |
|    ent_coef        | 0.00573  |
|    ent_coef_loss   | -0.735   |
|    learning_rate   | 0.001    |
|    n_updates       | 10899    |
---------------------------------
---------------------------------
| rollout/           |          |
|    ep_len_mean     | 50       |
|    ep_rew_mean     | -10.8    |
|    success_rate    | 0.79     |
| time/              |          |
|    episodes        | 224      |
|    fps             | 65       |
|    time_elapsed    | 170      |
|    total_timesteps | 11200    |
| train/             |          |
|    actor_loss      | 1.07     |
|    critic_loss     | 0.0624   |
|    ent_coef        | 0.00563  |
|    ent_coef_loss   | -2.36    |
|    learning_rate   | 0.001    |
|    n_updates       | 11099    |
---------------------------------
---------------------------------
| rollout/           |          |
|    ep_len_mean     | 50       |
|    ep_rew_mean     | -9.88    |
|    success_rate    | 0.81     |
| time/              |          |
|    episodes        | 228      |
|    fps             | 65       |
|    time_elapsed    | 173      |
|    total_timesteps | 11400    |
| train/             |          |
|    actor_loss      | 1.12     |
|    critic_loss     | 0.0533   |
|    ent_coef        | 0.00546  |
|    ent_coef_loss   | -0.768   |
|    learning_rate   | 0.001    |
|    n_updates       | 11299    |
---------------------------------
---------------------------------
| rollout/           |          |
|    ep_len_mean     | 50       |
|    ep_rew_mean     | -9.01    |
|    success_rate    | 0.84     |
| time/              |          |
|    episodes        | 232      |
|    fps             | 65       |
|    time_elapsed    | 176      |
|    total_timesteps | 11600    |
| train/             |          |
|    actor_loss      | 1.09     |
|    critic_loss     | 0.0602   |
|    ent_coef        | 0.00532  |
|    ent_coef_loss   | 0.951    |
|    learning_rate   | 0.001    |
|    n_updates       | 11499    |
---------------------------------
---------------------------------
| rollout/           |          |
|    ep_len_mean     | 50       |
|    ep_rew_mean     | -9.26    |
|    success_rate    | 0.84     |
| time/              |          |
|    episodes        | 236      |
|    fps             | 65       |
|    time_elapsed    | 179      |
|    total_timesteps | 11800    |
| train/             |          |
|    actor_loss      | 1.24     |
|    critic_loss     | 0.052    |
|    ent_coef        | 0.00504  |
|    ent_coef_loss   | 0.074    |
|    learning_rate   | 0.001    |
|    n_updates       | 11699    |
---------------------------------
---------------------------------
| rollout/           |          |
|    ep_len_mean     | 50       |
|    ep_rew_mean     | -9.21    |
|    success_rate    | 0.84     |
| time/              |          |
|    episodes        | 240      |
|    fps             | 65       |
|    time_elapsed    | 182      |
|    total_timesteps | 12000    |
| train/             |          |
|    actor_loss      | 0.974    |
|    critic_loss     | 0.0479   |
|    ent_coef        | 0.00475  |
|    ent_coef_loss   | 1.13     |
|    learning_rate   | 0.001    |
|    n_updates       | 11899    |
---------------------------------
---------------------------------
| rollout/           |          |
|    ep_len_mean     | 50       |
|    ep_rew_mean     | -8.7     |
|    success_rate    | 0.85     |
| time/              |          |
|    episodes        | 244      |
|    fps             | 65       |
|    time_elapsed    | 186      |
|    total_timesteps | 12200    |
| train/             |          |
|    actor_loss      | 0.658    |
|    critic_loss     | 0.047    |
|    ent_coef        | 0.0048   |
|    ent_coef_loss   | -0.182   |
|    learning_rate   | 0.001    |
|    n_updates       | 12099    |
---------------------------------
---------------------------------
| rollout/           |          |
|    ep_len_mean     | 50       |
|    ep_rew_mean     | -8.43    |
|    success_rate    | 0.86     |
| time/              |          |
|    episodes        | 248      |
|    fps             | 65       |
|    time_elapsed    | 189      |
|    total_timesteps | 12400    |
| train/             |          |
|    actor_loss      | 0.713    |
|    critic_loss     | 0.0559   |
|    ent_coef        | 0.00473  |
|    ent_coef_loss   | -2.19    |
|    learning_rate   | 0.001    |
|    n_updates       | 12299    |
---------------------------------
---------------------------------
| rollout/           |          |
|    ep_len_mean     | 50       |
|    ep_rew_mean     | -7.91    |
|    success_rate    | 0.87     |
| time/              |          |
|    episodes        | 252      |
|    fps             | 65       |
|    time_elapsed    | 192      |
|    total_timesteps | 12600    |
| train/             |          |
|    actor_loss      | 1.03     |
|    critic_loss     | 0.0423   |
|    ent_coef        | 0.00452  |
|    ent_coef_loss   | 0.0343   |
|    learning_rate   | 0.001    |
|    n_updates       | 12499    |
---------------------------------
---------------------------------
| rollout/           |          |
|    ep_len_mean     | 50       |
|    ep_rew_mean     | -8.01    |
|    success_rate    | 0.86     |
| time/              |          |
|    episodes        | 256      |
|    fps             | 65       |
|    time_elapsed    | 195      |
|    total_timesteps | 12800    |
| train/             |          |
|    actor_loss      | 1.24     |
|    critic_loss     | 0.0571   |
|    ent_coef        | 0.0045   |
|    ent_coef_loss   | 0.705    |
|    learning_rate   | 0.001    |
|    n_updates       | 12699    |
---------------------------------
---------------------------------
| rollout/           |          |
|    ep_len_mean     | 50       |
|    ep_rew_mean     | -7.69    |
|    success_rate    | 0.88     |
| time/              |          |
|    episodes        | 260      |
|    fps             | 65       |
|    time_elapsed    | 198      |
|    total_timesteps | 13000    |
| train/             |          |
|    actor_loss      | 1.13     |
|    critic_loss     | 0.0574   |
|    ent_coef        | 0.00428  |
|    ent_coef_loss   | 1.54     |
|    learning_rate   | 0.001    |
|    n_updates       | 12899    |
---------------------------------
---------------------------------
| rollout/           |          |
|    ep_len_mean     | 50       |
|    ep_rew_mean     | -7.41    |
|    success_rate    | 0.88     |
| time/              |          |
|    episodes        | 264      |
|    fps             | 65       |
|    time_elapsed    | 201      |
|    total_timesteps | 13200    |
| train/             |          |
|    actor_loss      | 1.04     |
|    critic_loss     | 0.0526   |
|    ent_coef        | 0.00417  |
|    ent_coef_loss   | 0.464    |
|    learning_rate   | 0.001    |
|    n_updates       | 13099    |
---------------------------------
---------------------------------
| rollout/           |          |
|    ep_len_mean     | 50       |
|    ep_rew_mean     | -7.44    |
|    success_rate    | 0.88     |
| time/              |          |
|    episodes        | 268      |
|    fps             | 65       |
|    time_elapsed    | 204      |
|    total_timesteps | 13400    |
| train/             |          |
|    actor_loss      | 0.924    |
|    critic_loss     | 0.0458   |
|    ent_coef        | 0.00422  |
|    ent_coef_loss   | -1.33    |
|    learning_rate   | 0.001    |
|    n_updates       | 13299    |
---------------------------------
---------------------------------
| rollout/           |          |
|    ep_len_mean     | 50       |
|    ep_rew_mean     | -6.92    |
|    success_rate    | 0.89     |
| time/              |          |
|    episodes        | 272      |
|    fps             | 65       |
|    time_elapsed    | 207      |
|    total_timesteps | 13600    |
| train/             |          |
|    actor_loss      | 0.684    |
|    critic_loss     | 0.0357   |
|    ent_coef        | 0.00413  |
|    ent_coef_loss   | -0.204   |
|    learning_rate   | 0.001    |
|    n_updates       | 13499    |
---------------------------------
---------------------------------
| rollout/           |          |
|    ep_len_mean     | 50       |
|    ep_rew_mean     | -6.9     |
|    success_rate    | 0.89     |
| time/              |          |
|    episodes        | 276      |
|    fps             | 65       |
|    time_elapsed    | 210      |
|    total_timesteps | 13800    |
| train/             |          |
|    actor_loss      | 0.737    |
|    critic_loss     | 0.0505   |
|    ent_coef        | 0.0042   |
|    ent_coef_loss   | -0.358   |
|    learning_rate   | 0.001    |
|    n_updates       | 13699    |
---------------------------------
---------------------------------
| rollout/           |          |
|    ep_len_mean     | 50       |
|    ep_rew_mean     | -6.4     |
|    success_rate    | 0.9      |
| time/              |          |
|    episodes        | 280      |
|    fps             | 65       |
|    time_elapsed    | 213      |
|    total_timesteps | 14000    |
| train/             |          |
|    actor_loss      | 0.643    |
|    critic_loss     | 0.0453   |
|    ent_coef        | 0.00408  |
|    ent_coef_loss   | -0.452   |
|    learning_rate   | 0.001    |
|    n_updates       | 13899    |
---------------------------------
---------------------------------
| rollout/           |          |
|    ep_len_mean     | 50       |
|    ep_rew_mean     | -6.12    |
|    success_rate    | 0.91     |
| time/              |          |
|    episodes        | 284      |
|    fps             | 65       |
|    time_elapsed    | 216      |
|    total_timesteps | 14200    |
| train/             |          |
|    actor_loss      | 0.654    |
|    critic_loss     | 0.0502   |
|    ent_coef        | 0.00398  |
|    ent_coef_loss   | -0.339   |
|    learning_rate   | 0.001    |
|    n_updates       | 14099    |
---------------------------------
---------------------------------
| rollout/           |          |
|    ep_len_mean     | 50       |
|    ep_rew_mean     | -6.06    |
|    success_rate    | 0.91     |
| time/              |          |
|    episodes        | 288      |
|    fps             | 65       |
|    time_elapsed    | 220      |
|    total_timesteps | 14400    |
| train/             |          |
|    actor_loss      | 0.639    |
|    critic_loss     | 0.0357   |
|    ent_coef        | 0.00386  |
|    ent_coef_loss   | 0.726    |
|    learning_rate   | 0.001    |
|    n_updates       | 14299    |
---------------------------------
---------------------------------
| rollout/           |          |
|    ep_len_mean     | 50       |
|    ep_rew_mean     | -5.89    |
|    success_rate    | 0.91     |
| time/              |          |
|    episodes        | 292      |
|    fps             | 65       |
|    time_elapsed    | 223      |
|    total_timesteps | 14600    |
| train/             |          |
|    actor_loss      | 0.758    |
|    critic_loss     | 0.0402   |
|    ent_coef        | 0.00366  |
|    ent_coef_loss   | -1.7     |
|    learning_rate   | 0.001    |
|    n_updates       | 14499    |
---------------------------------
---------------------------------
| rollout/           |          |
|    ep_len_mean     | 50       |
|    ep_rew_mean     | -5.69    |
|    success_rate    | 0.92     |
| time/              |          |
|    episodes        | 296      |
|    fps             | 65       |
|    time_elapsed    | 226      |
|    total_timesteps | 14800    |
| train/             |          |
|    actor_loss      | 0.905    |
|    critic_loss     | 0.0569   |
|    ent_coef        | 0.00347  |
|    ent_coef_loss   | -0.818   |
|    learning_rate   | 0.001    |
|    n_updates       | 14699    |
---------------------------------
---------------------------------
| rollout/           |          |
|    ep_len_mean     | 50       |
|    ep_rew_mean     | -5.34    |
|    success_rate    | 0.93     |
| time/              |          |
|    episodes        | 300      |
|    fps             | 65       |
|    time_elapsed    | 229      |
|    total_timesteps | 15000    |
| train/             |          |
|    actor_loss      | 0.582    |
|    critic_loss     | 0.0516   |
|    ent_coef        | 0.00339  |
|    ent_coef_loss   | -3.93    |
|    learning_rate   | 0.001    |
|    n_updates       | 14899    |
---------------------------------
---------------------------------
| rollout/           |          |
|    ep_len_mean     | 50       |
|    ep_rew_mean     | -5.35    |
|    success_rate    | 0.93     |
| time/              |          |
|    episodes        | 304      |
|    fps             | 65       |
|    time_elapsed    | 232      |
|    total_timesteps | 15200    |
| train/             |          |
|    actor_loss      | 0.603    |
|    critic_loss     | 0.0579   |
|    ent_coef        | 0.00337  |
|    ent_coef_loss   | 0.713    |
|    learning_rate   | 0.001    |
|    n_updates       | 15099    |
---------------------------------
---------------------------------
| rollout/           |          |
|    ep_len_mean     | 50       |
|    ep_rew_mean     | -5.26    |
|    success_rate    | 0.93     |
| time/              |          |
|    episodes        | 308      |
|    fps             | 65       |
|    time_elapsed    | 235      |
|    total_timesteps | 15400    |
| train/             |          |
|    actor_loss      | 0.687    |
|    critic_loss     | 0.0276   |
|    ent_coef        | 0.0035   |
|    ent_coef_loss   | -1.94    |
|    learning_rate   | 0.001    |
|    n_updates       | 15299    |
---------------------------------
---------------------------------
| rollout/           |          |
|    ep_len_mean     | 50       |
|    ep_rew_mean     | -4.81    |
|    success_rate    | 0.94     |
| time/              |          |
|    episodes        | 312      |
|    fps             | 65       |
|    time_elapsed    | 238      |
|    total_timesteps | 15600    |
| train/             |          |
|    actor_loss      | 0.803    |
|    critic_loss     | 0.0416   |
|    ent_coef        | 0.00338  |
|    ent_coef_loss   | -0.158   |
|    learning_rate   | 0.001    |
|    n_updates       | 15499    |
---------------------------------
---------------------------------
| rollout/           |          |
|    ep_len_mean     | 50       |
|    ep_rew_mean     | -4.72    |
|    success_rate    | 0.94     |
| time/              |          |
|    episodes        | 316      |
|    fps             | 65       |
|    time_elapsed    | 241      |
|    total_timesteps | 15800    |
| train/             |          |
|    actor_loss      | 0.776    |
|    critic_loss     | 0.033    |
|    ent_coef        | 0.00322  |
|    ent_coef_loss   | 3.83     |
|    learning_rate   | 0.001    |
|    n_updates       | 15699    |
---------------------------------
---------------------------------
| rollout/           |          |
|    ep_len_mean     | 50       |
|    ep_rew_mean     | -4.33    |
|    success_rate    | 0.95     |
| time/              |          |
|    episodes        | 320      |
|    fps             | 65       |
|    time_elapsed    | 244      |
|    total_timesteps | 16000    |
| train/             |          |
|    actor_loss      | 0.647    |
|    critic_loss     | 0.05     |
|    ent_coef        | 0.00327  |
|    ent_coef_loss   | 0.567    |
|    learning_rate   | 0.001    |
|    n_updates       | 15899    |
---------------------------------
---------------------------------
| rollout/           |          |
|    ep_len_mean     | 50       |
|    ep_rew_mean     | -3.83    |
|    success_rate    | 0.96     |
| time/              |          |
|    episodes        | 324      |
|    fps             | 65       |
|    time_elapsed    | 248      |
|    total_timesteps | 16200    |
| train/             |          |
|    actor_loss      | 0.668    |
|    critic_loss     | 0.0489   |
|    ent_coef        | 0.00319  |
|    ent_coef_loss   | -1.26    |
|    learning_rate   | 0.001    |
|    n_updates       | 16099    |
---------------------------------
---------------------------------
| rollout/           |          |
|    ep_len_mean     | 50       |
|    ep_rew_mean     | -3.77    |
|    success_rate    | 0.96     |
| time/              |          |
|    episodes        | 328      |
|    fps             | 65       |
|    time_elapsed    | 251      |
|    total_timesteps | 16400    |
| train/             |          |
|    actor_loss      | 0.623    |
|    critic_loss     | 0.0378   |
|    ent_coef        | 0.00301  |
|    ent_coef_loss   | -1.81    |
|    learning_rate   | 0.001    |
|    n_updates       | 16299    |
---------------------------------
---------------------------------
| rollout/           |          |
|    ep_len_mean     | 50       |
|    ep_rew_mean     | -3.73    |
|    success_rate    | 0.96     |
| time/              |          |
|    episodes        | 332      |
|    fps             | 65       |
|    time_elapsed    | 254      |
|    total_timesteps | 16600    |
| train/             |          |
|    actor_loss      | 0.725    |
|    critic_loss     | 0.043    |
|    ent_coef        | 0.00298  |
|    ent_coef_loss   | 3.3      |
|    learning_rate   | 0.001    |
|    n_updates       | 16499    |
---------------------------------
---------------------------------
| rollout/           |          |
|    ep_len_mean     | 50       |
|    ep_rew_mean     | -3.47    |
|    success_rate    | 0.96     |
| time/              |          |
|    episodes        | 336      |
|    fps             | 65       |
|    time_elapsed    | 257      |
|    total_timesteps | 16800    |
| train/             |          |
|    actor_loss      | 0.681    |
|    critic_loss     | 0.0459   |
|    ent_coef        | 0.00285  |
|    ent_coef_loss   | 1.78     |
|    learning_rate   | 0.001    |
|    n_updates       | 16699    |
---------------------------------
---------------------------------
| rollout/           |          |
|    ep_len_mean     | 50       |
|    ep_rew_mean     | -3.49    |
|    success_rate    | 0.96     |
| time/              |          |
|    episodes        | 340      |
|    fps             | 65       |
|    time_elapsed    | 260      |
|    total_timesteps | 17000    |
| train/             |          |
|    actor_loss      | 0.49     |
|    critic_loss     | 0.0252   |
|    ent_coef        | 0.00277  |
|    ent_coef_loss   | -0.577   |
|    learning_rate   | 0.001    |
|    n_updates       | 16899    |
---------------------------------
---------------------------------
| rollout/           |          |
|    ep_len_mean     | 50       |
|    ep_rew_mean     | -3.48    |
|    success_rate    | 0.96     |
| time/              |          |
|    episodes        | 344      |
|    fps             | 65       |
|    time_elapsed    | 263      |
|    total_timesteps | 17200    |
| train/             |          |
|    actor_loss      | 0.67     |
|    critic_loss     | 0.0348   |
|    ent_coef        | 0.00254  |
|    ent_coef_loss   | -0.808   |
|    learning_rate   | 0.001    |
|    n_updates       | 17099    |
---------------------------------
---------------------------------
| rollout/           |          |
|    ep_len_mean     | 50       |
|    ep_rew_mean     | -3.28    |
|    success_rate    | 0.97     |
| time/              |          |
|    episodes        | 348      |
|    fps             | 65       |
|    time_elapsed    | 266      |
|    total_timesteps | 17400    |
| train/             |          |
|    actor_loss      | 0.319    |
|    critic_loss     | 0.0274   |
|    ent_coef        | 0.00253  |
|    ent_coef_loss   | -1.15    |
|    learning_rate   | 0.001    |
|    n_updates       | 17299    |
---------------------------------
---------------------------------
| rollout/           |          |
|    ep_len_mean     | 50       |
|    ep_rew_mean     | -3.22    |
|    success_rate    | 0.98     |
| time/              |          |
|    episodes        | 352      |
|    fps             | 65       |
|    time_elapsed    | 269      |
|    total_timesteps | 17600    |
| train/             |          |
|    actor_loss      | 0.431    |
|    critic_loss     | 0.0278   |
|    ent_coef        | 0.00253  |
|    ent_coef_loss   | -2.47    |
|    learning_rate   | 0.001    |
|    n_updates       | 17499    |
---------------------------------
---------------------------------
| rollout/           |          |
|    ep_len_mean     | 50       |
|    ep_rew_mean     | -2.99    |
|    success_rate    | 0.99     |
| time/              |          |
|    episodes        | 356      |
|    fps             | 65       |
|    time_elapsed    | 273      |
|    total_timesteps | 17800    |
| train/             |          |
|    actor_loss      | 0.638    |
|    critic_loss     | 0.041    |
|    ent_coef        | 0.0024   |
|    ent_coef_loss   | 2.92     |
|    learning_rate   | 0.001    |
|    n_updates       | 17699    |
---------------------------------
---------------------------------
| rollout/           |          |
|    ep_len_mean     | 50       |
|    ep_rew_mean     | -2.73    |
|    success_rate    | 0.99     |
| time/              |          |
|    episodes        | 360      |
|    fps             | 65       |
|    time_elapsed    | 276      |
|    total_timesteps | 18000    |
| train/             |          |
|    actor_loss      | 0.49     |
|    critic_loss     | 0.0382   |
|    ent_coef        | 0.00243  |
|    ent_coef_loss   | -0.882   |
|    learning_rate   | 0.001    |
|    n_updates       | 17899    |
---------------------------------
---------------------------------
| rollout/           |          |
|    ep_len_mean     | 50       |
|    ep_rew_mean     | -2.52    |
|    success_rate    | 1        |
| time/              |          |
|    episodes        | 364      |
|    fps             | 65       |
|    time_elapsed    | 279      |
|    total_timesteps | 18200    |
| train/             |          |
|    actor_loss      | 0.375    |
|    critic_loss     | 0.0262   |
|    ent_coef        | 0.00222  |
|    ent_coef_loss   | -0.664   |
|    learning_rate   | 0.001    |
|    n_updates       | 18099    |
---------------------------------
---------------------------------
| rollout/           |          |
|    ep_len_mean     | 50       |
|    ep_rew_mean     | -2.47    |
|    success_rate    | 1        |
| time/              |          |
|    episodes        | 368      |
|    fps             | 65       |
|    time_elapsed    | 282      |
|    total_timesteps | 18400    |
| train/             |          |
|    actor_loss      | 0.464    |
|    critic_loss     | 0.0324   |
|    ent_coef        | 0.00215  |
|    ent_coef_loss   | -1.47    |
|    learning_rate   | 0.001    |
|    n_updates       | 18299    |
---------------------------------
---------------------------------
| rollout/           |          |
|    ep_len_mean     | 50       |
|    ep_rew_mean     | -2.47    |
|    success_rate    | 1        |
| time/              |          |
|    episodes        | 372      |
|    fps             | 65       |
|    time_elapsed    | 285      |
|    total_timesteps | 18600    |
| train/             |          |
|    actor_loss      | 0.447    |
|    critic_loss     | 0.0314   |
|    ent_coef        | 0.00209  |
|    ent_coef_loss   | 0.0665   |
|    learning_rate   | 0.001    |
|    n_updates       | 18499    |
---------------------------------
---------------------------------
| rollout/           |          |
|    ep_len_mean     | 50       |
|    ep_rew_mean     | -2.46    |
|    success_rate    | 1        |
| time/              |          |
|    episodes        | 376      |
|    fps             | 65       |
|    time_elapsed    | 288      |
|    total_timesteps | 18800    |
| train/             |          |
|    actor_loss      | 0.485    |
|    critic_loss     | 0.0234   |
|    ent_coef        | 0.0021   |
|    ent_coef_loss   | 0.638    |
|    learning_rate   | 0.001    |
|    n_updates       | 18699    |
---------------------------------
---------------------------------
| rollout/           |          |
|    ep_len_mean     | 50       |
|    ep_rew_mean     | -2.46    |
|    success_rate    | 1        |
| time/              |          |
|    episodes        | 380      |
|    fps             | 65       |
|    time_elapsed    | 291      |
|    total_timesteps | 19000    |
| train/             |          |
|    actor_loss      | 0.435    |
|    critic_loss     | 0.0326   |
|    ent_coef        | 0.00207  |
|    ent_coef_loss   | 0.0984   |
|    learning_rate   | 0.001    |
|    n_updates       | 18899    |
---------------------------------
---------------------------------
| rollout/           |          |
|    ep_len_mean     | 50       |
|    ep_rew_mean     | -2.3     |
|    success_rate    | 1        |
| time/              |          |
|    episodes        | 384      |
|    fps             | 65       |
|    time_elapsed    | 294      |
|    total_timesteps | 19200    |
| train/             |          |
|    actor_loss      | 0.504    |
|    critic_loss     | 0.0278   |
|    ent_coef        | 0.00202  |
|    ent_coef_loss   | -0.928   |
|    learning_rate   | 0.001    |
|    n_updates       | 19099    |
---------------------------------
---------------------------------
| rollout/           |          |
|    ep_len_mean     | 50       |
|    ep_rew_mean     | -2.26    |
|    success_rate    | 1        |
| time/              |          |
|    episodes        | 388      |
|    fps             | 65       |
|    time_elapsed    | 297      |
|    total_timesteps | 19400    |
| train/             |          |
|    actor_loss      | 0.266    |
|    critic_loss     | 0.0288   |
|    ent_coef        | 0.00199  |
|    ent_coef_loss   | -3.21    |
|    learning_rate   | 0.001    |
|    n_updates       | 19299    |
---------------------------------
---------------------------------
| rollout/           |          |
|    ep_len_mean     | 50       |
|    ep_rew_mean     | -2.27    |
|    success_rate    | 1        |
| time/              |          |
|    episodes        | 392      |
|    fps             | 65       |
|    time_elapsed    | 300      |
|    total_timesteps | 19600    |
| train/             |          |
|    actor_loss      | 0.399    |
|    critic_loss     | 0.0378   |
|    ent_coef        | 0.00195  |
|    ent_coef_loss   | -1.16    |
|    learning_rate   | 0.001    |
|    n_updates       | 19499    |
---------------------------------
---------------------------------
| rollout/           |          |
|    ep_len_mean     | 50       |
|    ep_rew_mean     | -2.02    |
|    success_rate    | 1        |
| time/              |          |
|    episodes        | 396      |
|    fps             | 65       |
|    time_elapsed    | 304      |
|    total_timesteps | 19800    |
| train/             |          |
|    actor_loss      | 0.466    |
|    critic_loss     | 0.0315   |
|    ent_coef        | 0.00198  |
|    ent_coef_loss   | 3.47     |
|    learning_rate   | 0.001    |
|    n_updates       | 19699    |
---------------------------------
---------------------------------
| rollout/           |          |
|    ep_len_mean     | 50       |
|    ep_rew_mean     | -1.93    |
|    success_rate    | 1        |
| time/              |          |
|    episodes        | 400      |
|    fps             | 65       |
|    time_elapsed    | 307      |
|    total_timesteps | 20000    |
| train/             |          |
|    actor_loss      | 0.415    |
|    critic_loss     | 0.0335   |
|    ent_coef        | 0.00198  |
|    ent_coef_loss   | -3.14    |
|    learning_rate   | 0.001    |
|    n_updates       | 19899    |
---------------------------------
success_rate=0.980 over 50 episodes
