AdroitHandRelocateDense-v1, AdroitHandHammerDense-v1, AdroitHandDoorDense-v1 environment's reward functions were updated in v1.2.1 without an environment version update. Therefore, use gymnasium-robotics==1.2.0 for v1 reproducibility or use v2 in gymnasium-robotics>=1.4.3. See https://github.com/Farama-Foundation/Gymnasium-Robotics/pull/220 for more details
Warning: You are sending unauthenticated requests to the HF Hub. Please set a HF_TOKEN to enable higher rate limits and faster downloads.
loaded attempt-2 projection from /Users/eoinmca/Projects/lang-goal-rl/experiments/03_language_goal_projection/artifacts/language_goal_projection_v2_fixed.pt (no retraining)
Loading weights:   0%|          | 0/103 [00:00<?, ?it/s]Loading weights: 100%|██████████| 103/103 [00:00<00:00, 10455.56it/s]

Per-instruction: cosine similarity to true centroid (attempt-2 projection) vs. mean success rate (attempt-2, 3 seeds x 50 episodes each)

instruction                                   region           cosine_sim  mean_success
move your hand to the center                  center               0.9162        0.1733
keep the gripper in the middle of the workspace center               0.9271        0.3533
move your hand forward                        reach forward        0.9245        0.0467
reach out in front of you                     reach forward        0.9238        0.0200
pull your hand back                           reach back           0.8136        0.0000
reach backward toward yourself                reach back           0.8786        0.0200
move your hand to the left                    reach left           0.9197        0.0000
reach toward the left side                    reach left           0.8046        0.0200
move your hand to the right                   reach right          0.7533        0.0600
reach toward the right side                   reach right          0.7673        0.0400
reach up high                                 reach up high        0.9265        0.0667
move your hand upward                         reach up high        0.7595        0.0467
reach down low                                reach down low       0.8296        0.0933
move your hand downward                       reach down low       0.7650        0.0267

Pearson r (cosine_similarity vs. mean_success_rate, n=14 instructions) = 0.3453

For context (attempt 2's report flagged 'center' scoring higher than other regions): center mean cosine_sim=0.9217, non-center mean cosine_sim=0.8388
