AdroitHandRelocateDense-v1, AdroitHandHammerDense-v1, AdroitHandDoorDense-v1 environment's reward functions were updated in v1.2.1 without an environment version update. Therefore, use gymnasium-robotics==1.2.0 for v1 reproducibility or use v2 in gymnasium-robotics>=1.4.3. See https://github.com/Farama-Foundation/Gymnasium-Robotics/pull/220 for more details
Wrapping the env with a `Monitor` wrapper
Wrapping the env in a DummyVecEnv.
loaded checkpoint from /Users/eoinmca/Projects/lang-goal-rl/experiments/01_uvfa_her_baseline/checkpoints/seed_3.zip (zero-shot, no new training, seed=3)
sanity_check_success_rate=1.000 over 50 episodes (literal control, full 50-step episode, no command pipeline)
goto: pipeline_success_rate=1.000 baseline_success_rate=1.000 over 100 episodes
move: switch_step=10 direction='reach forward' magnitude=small_5cm (0.05m) move_success_rate=1.000 baseline_success_rate=1.000 clip_rate=0.350 over 20 episodes
move: switch_step=10 direction='reach forward' magnitude=medium_15cm (0.15m) move_success_rate=1.000 baseline_success_rate=1.000 clip_rate=0.350 over 20 episodes
move: switch_step=10 direction='reach forward' magnitude=clip_forcing_35cm (0.35m) move_success_rate=1.000 baseline_success_rate=1.000 clip_rate=1.000 over 20 episodes
move: switch_step=10 direction='reach back' magnitude=small_5cm (0.05m) move_success_rate=1.000 baseline_success_rate=1.000 clip_rate=0.150 over 20 episodes
move: switch_step=10 direction='reach back' magnitude=medium_15cm (0.15m) move_success_rate=1.000 baseline_success_rate=1.000 clip_rate=0.400 over 20 episodes
move: switch_step=10 direction='reach back' magnitude=clip_forcing_35cm (0.35m) move_success_rate=1.000 baseline_success_rate=1.000 clip_rate=1.000 over 20 episodes
move: switch_step=10 direction='reach left' magnitude=small_5cm (0.05m) move_success_rate=1.000 baseline_success_rate=1.000 clip_rate=0.000 over 20 episodes
move: switch_step=10 direction='reach left' magnitude=medium_15cm (0.15m) move_success_rate=1.000 baseline_success_rate=1.000 clip_rate=0.550 over 20 episodes
move: switch_step=10 direction='reach left' magnitude=clip_forcing_35cm (0.35m) move_success_rate=1.000 baseline_success_rate=1.000 clip_rate=1.000 over 20 episodes
move: switch_step=10 direction='reach right' magnitude=small_5cm (0.05m) move_success_rate=1.000 baseline_success_rate=1.000 clip_rate=0.250 over 20 episodes
move: switch_step=10 direction='reach right' magnitude=medium_15cm (0.15m) move_success_rate=1.000 baseline_success_rate=1.000 clip_rate=0.650 over 20 episodes
move: switch_step=10 direction='reach right' magnitude=clip_forcing_35cm (0.35m) move_success_rate=1.000 baseline_success_rate=1.000 clip_rate=1.000 over 20 episodes
move: switch_step=10 direction='reach up high' magnitude=small_5cm (0.05m) move_success_rate=1.000 baseline_success_rate=1.000 clip_rate=0.000 over 20 episodes
move: switch_step=10 direction='reach up high' magnitude=medium_15cm (0.15m) move_success_rate=1.000 baseline_success_rate=1.000 clip_rate=0.600 over 20 episodes
move: switch_step=10 direction='reach up high' magnitude=clip_forcing_35cm (0.35m) move_success_rate=1.000 baseline_success_rate=1.000 clip_rate=1.000 over 20 episodes
move: switch_step=10 direction='reach down low' magnitude=small_5cm (0.05m) move_success_rate=1.000 baseline_success_rate=1.000 clip_rate=0.250 over 20 episodes
move: switch_step=10 direction='reach down low' magnitude=medium_15cm (0.15m) move_success_rate=1.000 baseline_success_rate=1.000 clip_rate=0.700 over 20 episodes
move: switch_step=10 direction='reach down low' magnitude=clip_forcing_35cm (0.35m) move_success_rate=1.000 baseline_success_rate=1.000 clip_rate=1.000 over 20 episodes
move: switch_step=25 direction='reach forward' magnitude=small_5cm (0.05m) move_success_rate=1.000 baseline_success_rate=1.000 clip_rate=0.150 over 20 episodes
move: switch_step=25 direction='reach forward' magnitude=medium_15cm (0.15m) move_success_rate=1.000 baseline_success_rate=1.000 clip_rate=0.200 over 20 episodes
move: switch_step=25 direction='reach forward' magnitude=clip_forcing_35cm (0.35m) move_success_rate=1.000 baseline_success_rate=1.000 clip_rate=1.000 over 20 episodes
move: switch_step=25 direction='reach back' magnitude=small_5cm (0.05m) move_success_rate=1.000 baseline_success_rate=1.000 clip_rate=0.250 over 20 episodes
move: switch_step=25 direction='reach back' magnitude=medium_15cm (0.15m) move_success_rate=1.000 baseline_success_rate=1.000 clip_rate=0.600 over 20 episodes
move: switch_step=25 direction='reach back' magnitude=clip_forcing_35cm (0.35m) move_success_rate=1.000 baseline_success_rate=1.000 clip_rate=1.000 over 20 episodes
move: switch_step=25 direction='reach left' magnitude=small_5cm (0.05m) move_success_rate=1.000 baseline_success_rate=1.000 clip_rate=0.350 over 20 episodes
move: switch_step=25 direction='reach left' magnitude=medium_15cm (0.15m) move_success_rate=1.000 baseline_success_rate=1.000 clip_rate=0.300 over 20 episodes
move: switch_step=25 direction='reach left' magnitude=clip_forcing_35cm (0.35m) move_success_rate=1.000 baseline_success_rate=1.000 clip_rate=1.000 over 20 episodes
move: switch_step=25 direction='reach right' magnitude=small_5cm (0.05m) move_success_rate=1.000 baseline_success_rate=1.000 clip_rate=0.050 over 20 episodes
move: switch_step=25 direction='reach right' magnitude=medium_15cm (0.15m) move_success_rate=1.000 baseline_success_rate=1.000 clip_rate=0.650 over 20 episodes
move: switch_step=25 direction='reach right' magnitude=clip_forcing_35cm (0.35m) move_success_rate=1.000 baseline_success_rate=1.000 clip_rate=1.000 over 20 episodes
move: switch_step=25 direction='reach up high' magnitude=small_5cm (0.05m) move_success_rate=1.000 baseline_success_rate=1.000 clip_rate=0.250 over 20 episodes
move: switch_step=25 direction='reach up high' magnitude=medium_15cm (0.15m) move_success_rate=1.000 baseline_success_rate=1.000 clip_rate=0.350 over 20 episodes
move: switch_step=25 direction='reach up high' magnitude=clip_forcing_35cm (0.35m) move_success_rate=1.000 baseline_success_rate=1.000 clip_rate=1.000 over 20 episodes
move: switch_step=25 direction='reach down low' magnitude=small_5cm (0.05m) move_success_rate=1.000 baseline_success_rate=1.000 clip_rate=0.100 over 20 episodes
move: switch_step=25 direction='reach down low' magnitude=medium_15cm (0.15m) move_success_rate=1.000 baseline_success_rate=1.000 clip_rate=0.250 over 20 episodes
move: switch_step=25 direction='reach down low' magnitude=clip_forcing_35cm (0.35m) move_success_rate=1.000 baseline_success_rate=1.000 clip_rate=1.000 over 20 episodes
move: switch_step=40 direction='reach forward' magnitude=small_5cm (0.05m) move_success_rate=1.000 baseline_success_rate=1.000 clip_rate=0.050 over 20 episodes
move: switch_step=40 direction='reach forward' magnitude=medium_15cm (0.15m) move_success_rate=1.000 baseline_success_rate=1.000 clip_rate=0.400 over 20 episodes
move: switch_step=40 direction='reach forward' magnitude=clip_forcing_35cm (0.35m) move_success_rate=0.950 baseline_success_rate=1.000 clip_rate=1.000 over 20 episodes
move: switch_step=40 direction='reach back' magnitude=small_5cm (0.05m) move_success_rate=1.000 baseline_success_rate=1.000 clip_rate=0.250 over 20 episodes
move: switch_step=40 direction='reach back' magnitude=medium_15cm (0.15m) move_success_rate=1.000 baseline_success_rate=1.000 clip_rate=0.450 over 20 episodes
move: switch_step=40 direction='reach back' magnitude=clip_forcing_35cm (0.35m) move_success_rate=1.000 baseline_success_rate=1.000 clip_rate=1.000 over 20 episodes
move: switch_step=40 direction='reach left' magnitude=small_5cm (0.05m) move_success_rate=1.000 baseline_success_rate=1.000 clip_rate=0.350 over 20 episodes
move: switch_step=40 direction='reach left' magnitude=medium_15cm (0.15m) move_success_rate=1.000 baseline_success_rate=1.000 clip_rate=0.550 over 20 episodes
move: switch_step=40 direction='reach left' magnitude=clip_forcing_35cm (0.35m) move_success_rate=1.000 baseline_success_rate=1.000 clip_rate=1.000 over 20 episodes
move: switch_step=40 direction='reach right' magnitude=small_5cm (0.05m) move_success_rate=1.000 baseline_success_rate=1.000 clip_rate=0.150 over 20 episodes
move: switch_step=40 direction='reach right' magnitude=medium_15cm (0.15m) move_success_rate=1.000 baseline_success_rate=1.000 clip_rate=0.500 over 20 episodes
move: switch_step=40 direction='reach right' magnitude=clip_forcing_35cm (0.35m) move_success_rate=1.000 baseline_success_rate=1.000 clip_rate=1.000 over 20 episodes
move: switch_step=40 direction='reach up high' magnitude=small_5cm (0.05m) move_success_rate=1.000 baseline_success_rate=1.000 clip_rate=0.100 over 20 episodes
move: switch_step=40 direction='reach up high' magnitude=medium_15cm (0.15m) move_success_rate=1.000 baseline_success_rate=1.000 clip_rate=0.500 over 20 episodes
move: switch_step=40 direction='reach up high' magnitude=clip_forcing_35cm (0.35m) move_success_rate=1.000 baseline_success_rate=1.000 clip_rate=1.000 over 20 episodes
move: switch_step=40 direction='reach down low' magnitude=small_5cm (0.05m) move_success_rate=1.000 baseline_success_rate=1.000 clip_rate=0.300 over 20 episodes
move: switch_step=40 direction='reach down low' magnitude=medium_15cm (0.15m) move_success_rate=1.000 baseline_success_rate=1.000 clip_rate=0.650 over 20 episodes
move: switch_step=40 direction='reach down low' magnitude=clip_forcing_35cm (0.35m) move_success_rate=1.000 baseline_success_rate=1.000 clip_rate=1.000 over 20 episodes
out_of_bounds_goto: clipped=10/10 crashed=0/10 over 10 episodes
Wrapping the env with a `Monitor` wrapper
Wrapping the env in a DummyVecEnv.
waypoints: kind=literal chain_len=2 budget=tight(9) chain_per_leg=[1.000, 1.000] baseline_per_leg=[1.000, 1.000] all_succeeded_rate=1.000 over 50 episodes
waypoints: kind=literal chain_len=2 budget=generous(18) chain_per_leg=[1.000, 1.000] baseline_per_leg=[1.000, 1.000] all_succeeded_rate=1.000 over 50 episodes
waypoints: kind=literal chain_len=3 budget=tight(9) chain_per_leg=[1.000, 1.000, 0.980] baseline_per_leg=[1.000, 1.000, 1.000] all_succeeded_rate=0.980 over 50 episodes
waypoints: kind=literal chain_len=3 budget=generous(18) chain_per_leg=[1.000, 1.000, 1.000] baseline_per_leg=[1.000, 1.000, 1.000] all_succeeded_rate=1.000 over 50 episodes
waypoints: kind=literal chain_len=5 budget=tight(9) chain_per_leg=[1.000, 1.000, 1.000, 1.000, 1.000] baseline_per_leg=[1.000, 1.000, 1.000, 1.000, 1.000] all_succeeded_rate=1.000 over 50 episodes
waypoints: kind=literal chain_len=5 budget=generous(18) chain_per_leg=[1.000, 1.000, 1.000, 1.000, 1.000] baseline_per_leg=[1.000, 1.000, 1.000, 1.000, 1.000] all_succeeded_rate=1.000 over 50 episodes
waypoints: kind=relative chain_len=2 budget=tight(9) chain_per_leg=[1.000, 1.000] baseline_per_leg=[1.000, 1.000] all_succeeded_rate=1.000 over 50 episodes
waypoints: kind=relative chain_len=2 budget=generous(18) chain_per_leg=[1.000, 1.000] baseline_per_leg=[1.000, 1.000] all_succeeded_rate=1.000 over 50 episodes
waypoints: kind=relative chain_len=3 budget=tight(9) chain_per_leg=[1.000, 1.000, 1.000] baseline_per_leg=[1.000, 1.000, 1.000] all_succeeded_rate=1.000 over 50 episodes
waypoints: kind=relative chain_len=3 budget=generous(18) chain_per_leg=[1.000, 1.000, 1.000] baseline_per_leg=[1.000, 1.000, 1.000] all_succeeded_rate=1.000 over 50 episodes
waypoints: kind=relative chain_len=5 budget=tight(9) chain_per_leg=[1.000, 1.000, 0.960, 1.000, 0.980] baseline_per_leg=[1.000, 1.000, 1.000, 1.000, 1.000] all_succeeded_rate=0.960 over 50 episodes
waypoints: kind=relative chain_len=5 budget=generous(18) chain_per_leg=[1.000, 1.000, 1.000, 1.000, 1.000] baseline_per_leg=[1.000, 1.000, 1.000, 1.000, 1.000] all_succeeded_rate=1.000 over 50 episodes
stop_hold: stop_step=10 drift_k10_mean=0.0116_max=0.0169 drift_k20_mean=0.0117_max=0.0169 over 30 episodes
stop_hold: stop_step=25 drift_k10_mean=0.0120_max=0.0175 drift_k20_mean=0.0120_max=0.0176 over 30 episodes
stop_hold: stop_step=40 drift_k10_mean=0.0128_max=0.0182 drift_k20_mean=0.0129_max=0.0182 over 30 episodes
results_saved=/Users/eoinmca/Projects/lang-goal-rl/experiments/10_typed_command_interface/runs/seed_3/results.json
