AdroitHandRelocateDense-v1, AdroitHandHammerDense-v1, AdroitHandDoorDense-v1 environment's reward functions were updated in v1.2.1 without an environment version update. Therefore, use gymnasium-robotics==1.2.0 for v1 reproducibility or use v2 in gymnasium-robotics>=1.4.3. See https://github.com/Farama-Foundation/Gymnasium-Robotics/pull/220 for more details
Using cpu device
Wrapping the env with a `Monitor` wrapper
Wrapping the env in a DummyVecEnv.
---------------------------------
| rollout/           |          |
|    ep_len_mean     | 50       |
|    ep_rew_mean     | -49.2    |
|    success_rate    | 0.25     |
| time/              |          |
|    episodes        | 4        |
|    fps             | 230      |
|    time_elapsed    | 0        |
|    total_timesteps | 200      |
| train/             |          |
|    actor_loss      | -4.55    |
|    critic_loss     | 0.235    |
|    ent_coef        | 0.907    |
|    ent_coef_loss   | -0.661   |
|    learning_rate   | 0.001    |
|    n_updates       | 99       |
---------------------------------
---------------------------------
| rollout/           |          |
|    ep_len_mean     | 50       |
|    ep_rew_mean     | -49      |
|    success_rate    | 0.125    |
| time/              |          |
|    episodes        | 8        |
|    fps             | 164      |
|    time_elapsed    | 2        |
|    total_timesteps | 400      |
| train/             |          |
|    actor_loss      | -4.54    |
|    critic_loss     | 0.172    |
|    ent_coef        | 0.742    |
|    ent_coef_loss   | -2       |
|    learning_rate   | 0.001    |
|    n_updates       | 299      |
---------------------------------
---------------------------------
| rollout/           |          |
|    ep_len_mean     | 50       |
|    ep_rew_mean     | -49.3    |
|    success_rate    | 0.0833   |
| time/              |          |
|    episodes        | 12       |
|    fps             | 150      |
|    time_elapsed    | 3        |
|    total_timesteps | 600      |
| train/             |          |
|    actor_loss      | -4.53    |
|    critic_loss     | 0.17     |
|    ent_coef        | 0.608    |
|    ent_coef_loss   | -3.35    |
|    learning_rate   | 0.001    |
|    n_updates       | 499      |
---------------------------------
---------------------------------
| rollout/           |          |
|    ep_len_mean     | 50       |
|    ep_rew_mean     | -49.5    |
|    success_rate    | 0.0625   |
| time/              |          |
|    episodes        | 16       |
|    fps             | 144      |
|    time_elapsed    | 5        |
|    total_timesteps | 800      |
| train/             |          |
|    actor_loss      | -4.42    |
|    critic_loss     | 0.166    |
|    ent_coef        | 0.497    |
|    ent_coef_loss   | -4.7     |
|    learning_rate   | 0.001    |
|    n_updates       | 699      |
---------------------------------
---------------------------------
| rollout/           |          |
|    ep_len_mean     | 50       |
|    ep_rew_mean     | -49.6    |
|    success_rate    | 0.05     |
| time/              |          |
|    episodes        | 20       |
|    fps             | 141      |
|    time_elapsed    | 7        |
|    total_timesteps | 1000     |
| train/             |          |
|    actor_loss      | -4.29    |
|    critic_loss     | 0.162    |
|    ent_coef        | 0.407    |
|    ent_coef_loss   | -6.05    |
|    learning_rate   | 0.001    |
|    n_updates       | 899      |
---------------------------------
---------------------------------
| rollout/           |          |
|    ep_len_mean     | 50       |
|    ep_rew_mean     | -49.6    |
|    success_rate    | 0.0417   |
| time/              |          |
|    episodes        | 24       |
|    fps             | 137      |
|    time_elapsed    | 8        |
|    total_timesteps | 1200     |
| train/             |          |
|    actor_loss      | -3.93    |
|    critic_loss     | 0.155    |
|    ent_coef        | 0.334    |
|    ent_coef_loss   | -7.33    |
|    learning_rate   | 0.001    |
|    n_updates       | 1099     |
---------------------------------
---------------------------------
| rollout/           |          |
|    ep_len_mean     | 50       |
|    ep_rew_mean     | -49.4    |
|    success_rate    | 0.0357   |
| time/              |          |
|    episodes        | 28       |
|    fps             | 135      |
|    time_elapsed    | 10       |
|    total_timesteps | 1400     |
| train/             |          |
|    actor_loss      | -3.52    |
|    critic_loss     | 0.126    |
|    ent_coef        | 0.273    |
|    ent_coef_loss   | -8.63    |
|    learning_rate   | 0.001    |
|    n_updates       | 1299     |
---------------------------------
---------------------------------
| rollout/           |          |
|    ep_len_mean     | 50       |
|    ep_rew_mean     | -49.5    |
|    success_rate    | 0.0312   |
| time/              |          |
|    episodes        | 32       |
|    fps             | 134      |
|    time_elapsed    | 11       |
|    total_timesteps | 1600     |
| train/             |          |
|    actor_loss      | -3.04    |
|    critic_loss     | 0.163    |
|    ent_coef        | 0.224    |
|    ent_coef_loss   | -9.87    |
|    learning_rate   | 0.001    |
|    n_updates       | 1499     |
---------------------------------
---------------------------------
| rollout/           |          |
|    ep_len_mean     | 50       |
|    ep_rew_mean     | -49.5    |
|    success_rate    | 0.0278   |
| time/              |          |
|    episodes        | 36       |
|    fps             | 133      |
|    time_elapsed    | 13       |
|    total_timesteps | 1800     |
| train/             |          |
|    actor_loss      | -2.54    |
|    critic_loss     | 0.15     |
|    ent_coef        | 0.184    |
|    ent_coef_loss   | -10.8    |
|    learning_rate   | 0.001    |
|    n_updates       | 1699     |
---------------------------------
---------------------------------
| rollout/           |          |
|    ep_len_mean     | 50       |
|    ep_rew_mean     | -49.5    |
|    success_rate    | 0.025    |
| time/              |          |
|    episodes        | 40       |
|    fps             | 132      |
|    time_elapsed    | 15       |
|    total_timesteps | 2000     |
| train/             |          |
|    actor_loss      | -2.52    |
|    critic_loss     | 0.167    |
|    ent_coef        | 0.152    |
|    ent_coef_loss   | -11.6    |
|    learning_rate   | 0.001    |
|    n_updates       | 1899     |
---------------------------------
---------------------------------
| rollout/           |          |
|    ep_len_mean     | 50       |
|    ep_rew_mean     | -49.4    |
|    success_rate    | 0.0227   |
| time/              |          |
|    episodes        | 44       |
|    fps             | 132      |
|    time_elapsed    | 16       |
|    total_timesteps | 2200     |
| train/             |          |
|    actor_loss      | -2.1     |
|    critic_loss     | 0.183    |
|    ent_coef        | 0.126    |
|    ent_coef_loss   | -12      |
|    learning_rate   | 0.001    |
|    n_updates       | 2099     |
---------------------------------
---------------------------------
| rollout/           |          |
|    ep_len_mean     | 50       |
|    ep_rew_mean     | -49.4    |
|    success_rate    | 0.0208   |
| time/              |          |
|    episodes        | 48       |
|    fps             | 131      |
|    time_elapsed    | 18       |
|    total_timesteps | 2400     |
| train/             |          |
|    actor_loss      | -1.66    |
|    critic_loss     | 0.183    |
|    ent_coef        | 0.106    |
|    ent_coef_loss   | -12.4    |
|    learning_rate   | 0.001    |
|    n_updates       | 2299     |
---------------------------------
---------------------------------
| rollout/           |          |
|    ep_len_mean     | 50       |
|    ep_rew_mean     | -49.4    |
|    success_rate    | 0.0192   |
| time/              |          |
|    episodes        | 52       |
|    fps             | 130      |
|    time_elapsed    | 19       |
|    total_timesteps | 2600     |
| train/             |          |
|    actor_loss      | -1.54    |
|    critic_loss     | 0.183    |
|    ent_coef        | 0.0894   |
|    ent_coef_loss   | -12.8    |
|    learning_rate   | 0.001    |
|    n_updates       | 2499     |
---------------------------------
---------------------------------
| rollout/           |          |
|    ep_len_mean     | 50       |
|    ep_rew_mean     | -49.4    |
|    success_rate    | 0.0179   |
| time/              |          |
|    episodes        | 56       |
|    fps             | 130      |
|    time_elapsed    | 21       |
|    total_timesteps | 2800     |
| train/             |          |
|    actor_loss      | -1.79    |
|    critic_loss     | 0.212    |
|    ent_coef        | 0.0762   |
|    ent_coef_loss   | -12.7    |
|    learning_rate   | 0.001    |
|    n_updates       | 2699     |
---------------------------------
---------------------------------
| rollout/           |          |
|    ep_len_mean     | 50       |
|    ep_rew_mean     | -49.5    |
|    success_rate    | 0.0167   |
| time/              |          |
|    episodes        | 60       |
|    fps             | 130      |
|    time_elapsed    | 23       |
|    total_timesteps | 3000     |
| train/             |          |
|    actor_loss      | -1.36    |
|    critic_loss     | 0.215    |
|    ent_coef        | 0.0652   |
|    ent_coef_loss   | -11.4    |
|    learning_rate   | 0.001    |
|    n_updates       | 2899     |
---------------------------------
---------------------------------
| rollout/           |          |
|    ep_len_mean     | 50       |
|    ep_rew_mean     | -49.4    |
|    success_rate    | 0.0156   |
| time/              |          |
|    episodes        | 64       |
|    fps             | 129      |
|    time_elapsed    | 24       |
|    total_timesteps | 3200     |
| train/             |          |
|    actor_loss      | -1.29    |
|    critic_loss     | 0.222    |
|    ent_coef        | 0.0565   |
|    ent_coef_loss   | -10.2    |
|    learning_rate   | 0.001    |
|    n_updates       | 3099     |
---------------------------------
---------------------------------
| rollout/           |          |
|    ep_len_mean     | 50       |
|    ep_rew_mean     | -49.4    |
|    success_rate    | 0.0147   |
| time/              |          |
|    episodes        | 68       |
|    fps             | 128      |
|    time_elapsed    | 26       |
|    total_timesteps | 3400     |
| train/             |          |
|    actor_loss      | -1.75    |
|    critic_loss     | 0.245    |
|    ent_coef        | 0.0495   |
|    ent_coef_loss   | -7.06    |
|    learning_rate   | 0.001    |
|    n_updates       | 3299     |
---------------------------------
---------------------------------
| rollout/           |          |
|    ep_len_mean     | 50       |
|    ep_rew_mean     | -49.5    |
|    success_rate    | 0.0139   |
| time/              |          |
|    episodes        | 72       |
|    fps             | 128      |
|    time_elapsed    | 28       |
|    total_timesteps | 3600     |
| train/             |          |
|    actor_loss      | -1.41    |
|    critic_loss     | 0.224    |
|    ent_coef        | 0.0442   |
|    ent_coef_loss   | -6.09    |
|    learning_rate   | 0.001    |
|    n_updates       | 3499     |
---------------------------------
---------------------------------
| rollout/           |          |
|    ep_len_mean     | 50       |
|    ep_rew_mean     | -49.5    |
|    success_rate    | 0.0132   |
| time/              |          |
|    episodes        | 76       |
|    fps             | 127      |
|    time_elapsed    | 29       |
|    total_timesteps | 3800     |
| train/             |          |
|    actor_loss      | -1.34    |
|    critic_loss     | 0.29     |
|    ent_coef        | 0.0397   |
|    ent_coef_loss   | -6.37    |
|    learning_rate   | 0.001    |
|    n_updates       | 3699     |
---------------------------------
---------------------------------
| rollout/           |          |
|    ep_len_mean     | 50       |
|    ep_rew_mean     | -49.5    |
|    success_rate    | 0.0125   |
| time/              |          |
|    episodes        | 80       |
|    fps             | 127      |
|    time_elapsed    | 31       |
|    total_timesteps | 4000     |
| train/             |          |
|    actor_loss      | -1.64    |
|    critic_loss     | 0.247    |
|    ent_coef        | 0.0356   |
|    ent_coef_loss   | -5.88    |
|    learning_rate   | 0.001    |
|    n_updates       | 3899     |
---------------------------------
---------------------------------
| rollout/           |          |
|    ep_len_mean     | 50       |
|    ep_rew_mean     | -49.4    |
|    success_rate    | 0.0119   |
| time/              |          |
|    episodes        | 84       |
|    fps             | 127      |
|    time_elapsed    | 32       |
|    total_timesteps | 4200     |
| train/             |          |
|    actor_loss      | -0.584   |
|    critic_loss     | 0.346    |
|    ent_coef        | 0.0322   |
|    ent_coef_loss   | -5.95    |
|    learning_rate   | 0.001    |
|    n_updates       | 4099     |
---------------------------------
---------------------------------
| rollout/           |          |
|    ep_len_mean     | 50       |
|    ep_rew_mean     | -49.4    |
|    success_rate    | 0.0114   |
| time/              |          |
|    episodes        | 88       |
|    fps             | 127      |
|    time_elapsed    | 34       |
|    total_timesteps | 4400     |
| train/             |          |
|    actor_loss      | -1.72    |
|    critic_loss     | 0.239    |
|    ent_coef        | 0.0296   |
|    ent_coef_loss   | -2.27    |
|    learning_rate   | 0.001    |
|    n_updates       | 4299     |
---------------------------------
---------------------------------
| rollout/           |          |
|    ep_len_mean     | 50       |
|    ep_rew_mean     | -49.2    |
|    success_rate    | 0.0109   |
| time/              |          |
|    episodes        | 92       |
|    fps             | 127      |
|    time_elapsed    | 36       |
|    total_timesteps | 4600     |
| train/             |          |
|    actor_loss      | -0.397   |
|    critic_loss     | 0.191    |
|    ent_coef        | 0.0275   |
|    ent_coef_loss   | -5.45    |
|    learning_rate   | 0.001    |
|    n_updates       | 4499     |
---------------------------------
---------------------------------
| rollout/           |          |
|    ep_len_mean     | 50       |
|    ep_rew_mean     | -49      |
|    success_rate    | 0.0104   |
| time/              |          |
|    episodes        | 96       |
|    fps             | 127      |
|    time_elapsed    | 37       |
|    total_timesteps | 4800     |
| train/             |          |
|    actor_loss      | -0.528   |
|    critic_loss     | 0.228    |
|    ent_coef        | 0.0257   |
|    ent_coef_loss   | -4.01    |
|    learning_rate   | 0.001    |
|    n_updates       | 4699     |
---------------------------------
---------------------------------
| rollout/           |          |
|    ep_len_mean     | 50       |
|    ep_rew_mean     | -48.7    |
|    success_rate    | 0.01     |
| time/              |          |
|    episodes        | 100      |
|    fps             | 127      |
|    time_elapsed    | 39       |
|    total_timesteps | 5000     |
| train/             |          |
|    actor_loss      | -0.608   |
|    critic_loss     | 0.252    |
|    ent_coef        | 0.0238   |
|    ent_coef_loss   | -3.51    |
|    learning_rate   | 0.001    |
|    n_updates       | 4899     |
---------------------------------
---------------------------------
| rollout/           |          |
|    ep_len_mean     | 50       |
|    ep_rew_mean     | -47.9    |
|    success_rate    | 0.02     |
| time/              |          |
|    episodes        | 104      |
|    fps             | 127      |
|    time_elapsed    | 40       |
|    total_timesteps | 5200     |
| train/             |          |
|    actor_loss      | -0.29    |
|    critic_loss     | 0.212    |
|    ent_coef        | 0.0226   |
|    ent_coef_loss   | -4.5     |
|    learning_rate   | 0.001    |
|    n_updates       | 5099     |
---------------------------------
---------------------------------
| rollout/           |          |
|    ep_len_mean     | 50       |
|    ep_rew_mean     | -47.5    |
|    success_rate    | 0.03     |
| time/              |          |
|    episodes        | 108      |
|    fps             | 127      |
|    time_elapsed    | 42       |
|    total_timesteps | 5400     |
| train/             |          |
|    actor_loss      | -0.981   |
|    critic_loss     | 0.235    |
|    ent_coef        | 0.0213   |
|    ent_coef_loss   | -2.52    |
|    learning_rate   | 0.001    |
|    n_updates       | 5299     |
---------------------------------
---------------------------------
| rollout/           |          |
|    ep_len_mean     | 50       |
|    ep_rew_mean     | -46.7    |
|    success_rate    | 0.06     |
| time/              |          |
|    episodes        | 112      |
|    fps             | 127      |
|    time_elapsed    | 44       |
|    total_timesteps | 5600     |
| train/             |          |
|    actor_loss      | -0.152   |
|    critic_loss     | 0.215    |
|    ent_coef        | 0.02     |
|    ent_coef_loss   | -2.96    |
|    learning_rate   | 0.001    |
|    n_updates       | 5499     |
---------------------------------
---------------------------------
| rollout/           |          |
|    ep_len_mean     | 50       |
|    ep_rew_mean     | -45.2    |
|    success_rate    | 0.1      |
| time/              |          |
|    episodes        | 116      |
|    fps             | 127      |
|    time_elapsed    | 45       |
|    total_timesteps | 5800     |
| train/             |          |
|    actor_loss      | -0.321   |
|    critic_loss     | 0.172    |
|    ent_coef        | 0.019    |
|    ent_coef_loss   | -3.15    |
|    learning_rate   | 0.001    |
|    n_updates       | 5699     |
---------------------------------
---------------------------------
| rollout/           |          |
|    ep_len_mean     | 50       |
|    ep_rew_mean     | -44      |
|    success_rate    | 0.13     |
| time/              |          |
|    episodes        | 120      |
|    fps             | 127      |
|    time_elapsed    | 47       |
|    total_timesteps | 6000     |
| train/             |          |
|    actor_loss      | 0.282    |
|    critic_loss     | 0.192    |
|    ent_coef        | 0.0181   |
|    ent_coef_loss   | -1.65    |
|    learning_rate   | 0.001    |
|    n_updates       | 5899     |
---------------------------------
---------------------------------
| rollout/           |          |
|    ep_len_mean     | 50       |
|    ep_rew_mean     | -43.4    |
|    success_rate    | 0.15     |
| time/              |          |
|    episodes        | 124      |
|    fps             | 127      |
|    time_elapsed    | 48       |
|    total_timesteps | 6200     |
| train/             |          |
|    actor_loss      | -0.0741  |
|    critic_loss     | 0.174    |
|    ent_coef        | 0.0173   |
|    ent_coef_loss   | -1.07    |
|    learning_rate   | 0.001    |
|    n_updates       | 6099     |
---------------------------------
---------------------------------
| rollout/           |          |
|    ep_len_mean     | 50       |
|    ep_rew_mean     | -42.2    |
|    success_rate    | 0.16     |
| time/              |          |
|    episodes        | 128      |
|    fps             | 127      |
|    time_elapsed    | 50       |
|    total_timesteps | 6400     |
| train/             |          |
|    actor_loss      | 0.79     |
|    critic_loss     | 0.185    |
|    ent_coef        | 0.0163   |
|    ent_coef_loss   | -1.14    |
|    learning_rate   | 0.001    |
|    n_updates       | 6299     |
---------------------------------
---------------------------------
| rollout/           |          |
|    ep_len_mean     | 50       |
|    ep_rew_mean     | -41      |
|    success_rate    | 0.18     |
| time/              |          |
|    episodes        | 132      |
|    fps             | 127      |
|    time_elapsed    | 51       |
|    total_timesteps | 6600     |
| train/             |          |
|    actor_loss      | 0.561    |
|    critic_loss     | 0.179    |
|    ent_coef        | 0.0155   |
|    ent_coef_loss   | -1.75    |
|    learning_rate   | 0.001    |
|    n_updates       | 6499     |
---------------------------------
---------------------------------
| rollout/           |          |
|    ep_len_mean     | 50       |
|    ep_rew_mean     | -40.5    |
|    success_rate    | 0.19     |
| time/              |          |
|    episodes        | 136      |
|    fps             | 127      |
|    time_elapsed    | 53       |
|    total_timesteps | 6800     |
| train/             |          |
|    actor_loss      | 0.961    |
|    critic_loss     | 0.149    |
|    ent_coef        | 0.0149   |
|    ent_coef_loss   | -1       |
|    learning_rate   | 0.001    |
|    n_updates       | 6699     |
---------------------------------
---------------------------------
| rollout/           |          |
|    ep_len_mean     | 50       |
|    ep_rew_mean     | -39.3    |
|    success_rate    | 0.21     |
| time/              |          |
|    episodes        | 140      |
|    fps             | 127      |
|    time_elapsed    | 54       |
|    total_timesteps | 7000     |
| train/             |          |
|    actor_loss      | 0.062    |
|    critic_loss     | 0.154    |
|    ent_coef        | 0.0142   |
|    ent_coef_loss   | 1.6      |
|    learning_rate   | 0.001    |
|    n_updates       | 6899     |
---------------------------------
---------------------------------
| rollout/           |          |
|    ep_len_mean     | 50       |
|    ep_rew_mean     | -37.8    |
|    success_rate    | 0.23     |
| time/              |          |
|    episodes        | 144      |
|    fps             | 127      |
|    time_elapsed    | 56       |
|    total_timesteps | 7200     |
| train/             |          |
|    actor_loss      | 0.988    |
|    critic_loss     | 0.155    |
|    ent_coef        | 0.0138   |
|    ent_coef_loss   | 1.06     |
|    learning_rate   | 0.001    |
|    n_updates       | 7099     |
---------------------------------
---------------------------------
| rollout/           |          |
|    ep_len_mean     | 50       |
|    ep_rew_mean     | -36.2    |
|    success_rate    | 0.27     |
| time/              |          |
|    episodes        | 148      |
|    fps             | 127      |
|    time_elapsed    | 58       |
|    total_timesteps | 7400     |
| train/             |          |
|    actor_loss      | 0.818    |
|    critic_loss     | 0.147    |
|    ent_coef        | 0.0136   |
|    ent_coef_loss   | -1.35    |
|    learning_rate   | 0.001    |
|    n_updates       | 7299     |
---------------------------------
---------------------------------
| rollout/           |          |
|    ep_len_mean     | 50       |
|    ep_rew_mean     | -34.5    |
|    success_rate    | 0.3      |
| time/              |          |
|    episodes        | 152      |
|    fps             | 127      |
|    time_elapsed    | 59       |
|    total_timesteps | 7600     |
| train/             |          |
|    actor_loss      | 1.24     |
|    critic_loss     | 0.123    |
|    ent_coef        | 0.0136   |
|    ent_coef_loss   | -1.34    |
|    learning_rate   | 0.001    |
|    n_updates       | 7499     |
---------------------------------
---------------------------------
| rollout/           |          |
|    ep_len_mean     | 50       |
|    ep_rew_mean     | -33.1    |
|    success_rate    | 0.33     |
| time/              |          |
|    episodes        | 156      |
|    fps             | 127      |
|    time_elapsed    | 61       |
|    total_timesteps | 7800     |
| train/             |          |
|    actor_loss      | 0.695    |
|    critic_loss     | 0.141    |
|    ent_coef        | 0.0137   |
|    ent_coef_loss   | 0.233    |
|    learning_rate   | 0.001    |
|    n_updates       | 7699     |
---------------------------------
---------------------------------
| rollout/           |          |
|    ep_len_mean     | 50       |
|    ep_rew_mean     | -31.6    |
|    success_rate    | 0.36     |
| time/              |          |
|    episodes        | 160      |
|    fps             | 127      |
|    time_elapsed    | 62       |
|    total_timesteps | 8000     |
| train/             |          |
|    actor_loss      | 1.1      |
|    critic_loss     | 0.149    |
|    ent_coef        | 0.0132   |
|    ent_coef_loss   | 0.447    |
|    learning_rate   | 0.001    |
|    n_updates       | 7899     |
---------------------------------
---------------------------------
| rollout/           |          |
|    ep_len_mean     | 50       |
|    ep_rew_mean     | -30.4    |
|    success_rate    | 0.39     |
| time/              |          |
|    episodes        | 164      |
|    fps             | 127      |
|    time_elapsed    | 64       |
|    total_timesteps | 8200     |
| train/             |          |
|    actor_loss      | 1.12     |
|    critic_loss     | 0.17     |
|    ent_coef        | 0.0129   |
|    ent_coef_loss   | -1.03    |
|    learning_rate   | 0.001    |
|    n_updates       | 8099     |
---------------------------------
---------------------------------
| rollout/           |          |
|    ep_len_mean     | 50       |
|    ep_rew_mean     | -28.7    |
|    success_rate    | 0.43     |
| time/              |          |
|    episodes        | 168      |
|    fps             | 127      |
|    time_elapsed    | 65       |
|    total_timesteps | 8400     |
| train/             |          |
|    actor_loss      | 1.21     |
|    critic_loss     | 0.135    |
|    ent_coef        | 0.0121   |
|    ent_coef_loss   | 0.72     |
|    learning_rate   | 0.001    |
|    n_updates       | 8299     |
---------------------------------
---------------------------------
| rollout/           |          |
|    ep_len_mean     | 50       |
|    ep_rew_mean     | -26.8    |
|    success_rate    | 0.47     |
| time/              |          |
|    episodes        | 172      |
|    fps             | 127      |
|    time_elapsed    | 67       |
|    total_timesteps | 8600     |
| train/             |          |
|    actor_loss      | 1.27     |
|    critic_loss     | 0.143    |
|    ent_coef        | 0.0122   |
|    ent_coef_loss   | 0.873    |
|    learning_rate   | 0.001    |
|    n_updates       | 8499     |
---------------------------------
---------------------------------
| rollout/           |          |
|    ep_len_mean     | 50       |
|    ep_rew_mean     | -24.9    |
|    success_rate    | 0.51     |
| time/              |          |
|    episodes        | 176      |
|    fps             | 127      |
|    time_elapsed    | 69       |
|    total_timesteps | 8800     |
| train/             |          |
|    actor_loss      | 1.42     |
|    critic_loss     | 0.125    |
|    ent_coef        | 0.0121   |
|    ent_coef_loss   | -1.8     |
|    learning_rate   | 0.001    |
|    n_updates       | 8699     |
---------------------------------
---------------------------------
| rollout/           |          |
|    ep_len_mean     | 50       |
|    ep_rew_mean     | -23      |
|    success_rate    | 0.55     |
| time/              |          |
|    episodes        | 180      |
|    fps             | 127      |
|    time_elapsed    | 70       |
|    total_timesteps | 9000     |
| train/             |          |
|    actor_loss      | 1.26     |
|    critic_loss     | 0.132    |
|    ent_coef        | 0.0118   |
|    ent_coef_loss   | -0.217   |
|    learning_rate   | 0.001    |
|    n_updates       | 8899     |
---------------------------------
---------------------------------
| rollout/           |          |
|    ep_len_mean     | 50       |
|    ep_rew_mean     | -21.1    |
|    success_rate    | 0.59     |
| time/              |          |
|    episodes        | 184      |
|    fps             | 127      |
|    time_elapsed    | 72       |
|    total_timesteps | 9200     |
| train/             |          |
|    actor_loss      | 0.722    |
|    critic_loss     | 0.109    |
|    ent_coef        | 0.0118   |
|    ent_coef_loss   | -1.05    |
|    learning_rate   | 0.001    |
|    n_updates       | 9099     |
---------------------------------
---------------------------------
| rollout/           |          |
|    ep_len_mean     | 50       |
|    ep_rew_mean     | -19.2    |
|    success_rate    | 0.63     |
| time/              |          |
|    episodes        | 188      |
|    fps             | 127      |
|    time_elapsed    | 73       |
|    total_timesteps | 9400     |
| train/             |          |
|    actor_loss      | 0.911    |
|    critic_loss     | 0.0992   |
|    ent_coef        | 0.0116   |
|    ent_coef_loss   | -2.55    |
|    learning_rate   | 0.001    |
|    n_updates       | 9299     |
---------------------------------
---------------------------------
| rollout/           |          |
|    ep_len_mean     | 50       |
|    ep_rew_mean     | -17.4    |
|    success_rate    | 0.67     |
| time/              |          |
|    episodes        | 192      |
|    fps             | 127      |
|    time_elapsed    | 75       |
|    total_timesteps | 9600     |
| train/             |          |
|    actor_loss      | 1.55     |
|    critic_loss     | 0.117    |
|    ent_coef        | 0.0114   |
|    ent_coef_loss   | -1.35    |
|    learning_rate   | 0.001    |
|    n_updates       | 9499     |
---------------------------------
---------------------------------
| rollout/           |          |
|    ep_len_mean     | 50       |
|    ep_rew_mean     | -15.7    |
|    success_rate    | 0.71     |
| time/              |          |
|    episodes        | 196      |
|    fps             | 127      |
|    time_elapsed    | 77       |
|    total_timesteps | 9800     |
| train/             |          |
|    actor_loss      | 1.19     |
|    critic_loss     | 0.105    |
|    ent_coef        | 0.0108   |
|    ent_coef_loss   | -0.00391 |
|    learning_rate   | 0.001    |
|    n_updates       | 9699     |
---------------------------------
---------------------------------
| rollout/           |          |
|    ep_len_mean     | 50       |
|    ep_rew_mean     | -14.2    |
|    success_rate    | 0.74     |
| time/              |          |
|    episodes        | 200      |
|    fps             | 127      |
|    time_elapsed    | 78       |
|    total_timesteps | 10000    |
| train/             |          |
|    actor_loss      | 0.844    |
|    critic_loss     | 0.115    |
|    ent_coef        | 0.0105   |
|    ent_coef_loss   | 0.11     |
|    learning_rate   | 0.001    |
|    n_updates       | 9899     |
---------------------------------
---------------------------------
| rollout/           |          |
|    ep_len_mean     | 50       |
|    ep_rew_mean     | -13.1    |
|    success_rate    | 0.76     |
| time/              |          |
|    episodes        | 204      |
|    fps             | 127      |
|    time_elapsed    | 80       |
|    total_timesteps | 10200    |
| train/             |          |
|    actor_loss      | 0.891    |
|    critic_loss     | 0.0839   |
|    ent_coef        | 0.00992  |
|    ent_coef_loss   | 0.427    |
|    learning_rate   | 0.001    |
|    n_updates       | 10099    |
---------------------------------
---------------------------------
| rollout/           |          |
|    ep_len_mean     | 50       |
|    ep_rew_mean     | -11.6    |
|    success_rate    | 0.79     |
| time/              |          |
|    episodes        | 208      |
|    fps             | 127      |
|    time_elapsed    | 81       |
|    total_timesteps | 10400    |
| train/             |          |
|    actor_loss      | 0.66     |
|    critic_loss     | 0.0781   |
|    ent_coef        | 0.0102   |
|    ent_coef_loss   | -1.23    |
|    learning_rate   | 0.001    |
|    n_updates       | 10299    |
---------------------------------
---------------------------------
| rollout/           |          |
|    ep_len_mean     | 50       |
|    ep_rew_mean     | -10.4    |
|    success_rate    | 0.8      |
| time/              |          |
|    episodes        | 212      |
|    fps             | 127      |
|    time_elapsed    | 83       |
|    total_timesteps | 10600    |
| train/             |          |
|    actor_loss      | 0.473    |
|    critic_loss     | 0.111    |
|    ent_coef        | 0.0103   |
|    ent_coef_loss   | 1.33     |
|    learning_rate   | 0.001    |
|    n_updates       | 10499    |
---------------------------------
---------------------------------
| rollout/           |          |
|    ep_len_mean     | 50       |
|    ep_rew_mean     | -10.1    |
|    success_rate    | 0.8      |
| time/              |          |
|    episodes        | 216      |
|    fps             | 127      |
|    time_elapsed    | 84       |
|    total_timesteps | 10800    |
| train/             |          |
|    actor_loss      | 0.952    |
|    critic_loss     | 0.0834   |
|    ent_coef        | 0.00972  |
|    ent_coef_loss   | 1.26     |
|    learning_rate   | 0.001    |
|    n_updates       | 10699    |
---------------------------------
---------------------------------
| rollout/           |          |
|    ep_len_mean     | 50       |
|    ep_rew_mean     | -9.34    |
|    success_rate    | 0.81     |
| time/              |          |
|    episodes        | 220      |
|    fps             | 127      |
|    time_elapsed    | 86       |
|    total_timesteps | 11000    |
| train/             |          |
|    actor_loss      | 1.07     |
|    critic_loss     | 0.0802   |
|    ent_coef        | 0.00944  |
|    ent_coef_loss   | 0.0707   |
|    learning_rate   | 0.001    |
|    n_updates       | 10899    |
---------------------------------
---------------------------------
| rollout/           |          |
|    ep_len_mean     | 50       |
|    ep_rew_mean     | -8.08    |
|    success_rate    | 0.83     |
| time/              |          |
|    episodes        | 224      |
|    fps             | 127      |
|    time_elapsed    | 87       |
|    total_timesteps | 11200    |
| train/             |          |
|    actor_loss      | 0.655    |
|    critic_loss     | 0.0681   |
|    ent_coef        | 0.00933  |
|    ent_coef_loss   | -1.13    |
|    learning_rate   | 0.001    |
|    n_updates       | 11099    |
---------------------------------
---------------------------------
| rollout/           |          |
|    ep_len_mean     | 50       |
|    ep_rew_mean     | -7.42    |
|    success_rate    | 0.86     |
| time/              |          |
|    episodes        | 228      |
|    fps             | 127      |
|    time_elapsed    | 89       |
|    total_timesteps | 11400    |
| train/             |          |
|    actor_loss      | 1.04     |
|    critic_loss     | 0.0705   |
|    ent_coef        | 0.00926  |
|    ent_coef_loss   | 0.914    |
|    learning_rate   | 0.001    |
|    n_updates       | 11299    |
---------------------------------
---------------------------------
| rollout/           |          |
|    ep_len_mean     | 50       |
|    ep_rew_mean     | -6.8     |
|    success_rate    | 0.88     |
| time/              |          |
|    episodes        | 232      |
|    fps             | 127      |
|    time_elapsed    | 91       |
|    total_timesteps | 11600    |
| train/             |          |
|    actor_loss      | 0.817    |
|    critic_loss     | 0.0884   |
|    ent_coef        | 0.00913  |
|    ent_coef_loss   | 0.265    |
|    learning_rate   | 0.001    |
|    n_updates       | 11499    |
---------------------------------
---------------------------------
| rollout/           |          |
|    ep_len_mean     | 50       |
|    ep_rew_mean     | -5.38    |
|    success_rate    | 0.9      |
| time/              |          |
|    episodes        | 236      |
|    fps             | 127      |
|    time_elapsed    | 92       |
|    total_timesteps | 11800    |
| train/             |          |
|    actor_loss      | 0.651    |
|    critic_loss     | 0.0789   |
|    ent_coef        | 0.00855  |
|    ent_coef_loss   | 0.0705   |
|    learning_rate   | 0.001    |
|    n_updates       | 11699    |
---------------------------------
---------------------------------
| rollout/           |          |
|    ep_len_mean     | 50       |
|    ep_rew_mean     | -4.7     |
|    success_rate    | 0.92     |
| time/              |          |
|    episodes        | 240      |
|    fps             | 127      |
|    time_elapsed    | 94       |
|    total_timesteps | 12000    |
| train/             |          |
|    actor_loss      | 0.452    |
|    critic_loss     | 0.0691   |
|    ent_coef        | 0.0083   |
|    ent_coef_loss   | -0.991   |
|    learning_rate   | 0.001    |
|    n_updates       | 11899    |
---------------------------------
---------------------------------
| rollout/           |          |
|    ep_len_mean     | 50       |
|    ep_rew_mean     | -4.39    |
|    success_rate    | 0.94     |
| time/              |          |
|    episodes        | 244      |
|    fps             | 127      |
|    time_elapsed    | 95       |
|    total_timesteps | 12200    |
| train/             |          |
|    actor_loss      | 0.435    |
|    critic_loss     | 0.0725   |
|    ent_coef        | 0.00823  |
|    ent_coef_loss   | -1.22    |
|    learning_rate   | 0.001    |
|    n_updates       | 12099    |
---------------------------------
---------------------------------
| rollout/           |          |
|    ep_len_mean     | 50       |
|    ep_rew_mean     | -4.12    |
|    success_rate    | 0.94     |
| time/              |          |
|    episodes        | 248      |
|    fps             | 127      |
|    time_elapsed    | 97       |
|    total_timesteps | 12400    |
| train/             |          |
|    actor_loss      | 0.557    |
|    critic_loss     | 0.0571   |
|    ent_coef        | 0.00797  |
|    ent_coef_loss   | 0.215    |
|    learning_rate   | 0.001    |
|    n_updates       | 12299    |
---------------------------------
---------------------------------
| rollout/           |          |
|    ep_len_mean     | 50       |
|    ep_rew_mean     | -3.9     |
|    success_rate    | 0.95     |
| time/              |          |
|    episodes        | 252      |
|    fps             | 127      |
|    time_elapsed    | 99       |
|    total_timesteps | 12600    |
| train/             |          |
|    actor_loss      | 0.39     |
|    critic_loss     | 0.0629   |
|    ent_coef        | 0.00795  |
|    ent_coef_loss   | -1.24    |
|    learning_rate   | 0.001    |
|    n_updates       | 12499    |
---------------------------------
---------------------------------
| rollout/           |          |
|    ep_len_mean     | 50       |
|    ep_rew_mean     | -3.33    |
|    success_rate    | 0.96     |
| time/              |          |
|    episodes        | 256      |
|    fps             | 127      |
|    time_elapsed    | 100      |
|    total_timesteps | 12800    |
| train/             |          |
|    actor_loss      | 0.542    |
|    critic_loss     | 0.051    |
|    ent_coef        | 0.00722  |
|    ent_coef_loss   | -2.15    |
|    learning_rate   | 0.001    |
|    n_updates       | 12699    |
---------------------------------
---------------------------------
| rollout/           |          |
|    ep_len_mean     | 50       |
|    ep_rew_mean     | -3.03    |
|    success_rate    | 0.97     |
| time/              |          |
|    episodes        | 260      |
|    fps             | 127      |
|    time_elapsed    | 102      |
|    total_timesteps | 13000    |
| train/             |          |
|    actor_loss      | 0.283    |
|    critic_loss     | 0.0594   |
|    ent_coef        | 0.0071   |
|    ent_coef_loss   | 0.748    |
|    learning_rate   | 0.001    |
|    n_updates       | 12899    |
---------------------------------
---------------------------------
| rollout/           |          |
|    ep_len_mean     | 50       |
|    ep_rew_mean     | -2.32    |
|    success_rate    | 0.98     |
| time/              |          |
|    episodes        | 264      |
|    fps             | 127      |
|    time_elapsed    | 103      |
|    total_timesteps | 13200    |
| train/             |          |
|    actor_loss      | 0.423    |
|    critic_loss     | 0.0625   |
|    ent_coef        | 0.00688  |
|    ent_coef_loss   | -1.06    |
|    learning_rate   | 0.001    |
|    n_updates       | 13099    |
---------------------------------
---------------------------------
| rollout/           |          |
|    ep_len_mean     | 50       |
|    ep_rew_mean     | -2.14    |
|    success_rate    | 0.98     |
| time/              |          |
|    episodes        | 268      |
|    fps             | 127      |
|    time_elapsed    | 105      |
|    total_timesteps | 13400    |
| train/             |          |
|    actor_loss      | -0.0114  |
|    critic_loss     | 0.068    |
|    ent_coef        | 0.00683  |
|    ent_coef_loss   | 0.433    |
|    learning_rate   | 0.001    |
|    n_updates       | 13299    |
---------------------------------
---------------------------------
| rollout/           |          |
|    ep_len_mean     | 50       |
|    ep_rew_mean     | -2.12    |
|    success_rate    | 0.98     |
| time/              |          |
|    episodes        | 272      |
|    fps             | 127      |
|    time_elapsed    | 106      |
|    total_timesteps | 13600    |
| train/             |          |
|    actor_loss      | 0.767    |
|    critic_loss     | 0.0602   |
|    ent_coef        | 0.00677  |
|    ent_coef_loss   | 1.16     |
|    learning_rate   | 0.001    |
|    n_updates       | 13499    |
---------------------------------
---------------------------------
| rollout/           |          |
|    ep_len_mean     | 50       |
|    ep_rew_mean     | -2.22    |
|    success_rate    | 0.98     |
| time/              |          |
|    episodes        | 276      |
|    fps             | 127      |
|    time_elapsed    | 108      |
|    total_timesteps | 13800    |
| train/             |          |
|    actor_loss      | 0.261    |
|    critic_loss     | 0.0509   |
|    ent_coef        | 0.00621  |
|    ent_coef_loss   | -1.99    |
|    learning_rate   | 0.001    |
|    n_updates       | 13699    |
---------------------------------
---------------------------------
| rollout/           |          |
|    ep_len_mean     | 50       |
|    ep_rew_mean     | -2.16    |
|    success_rate    | 0.98     |
| time/              |          |
|    episodes        | 280      |
|    fps             | 127      |
|    time_elapsed    | 110      |
|    total_timesteps | 14000    |
| train/             |          |
|    actor_loss      | 0.204    |
|    critic_loss     | 0.0573   |
|    ent_coef        | 0.0062   |
|    ent_coef_loss   | -3.07    |
|    learning_rate   | 0.001    |
|    n_updates       | 13899    |
---------------------------------
---------------------------------
| rollout/           |          |
|    ep_len_mean     | 50       |
|    ep_rew_mean     | -2.18    |
|    success_rate    | 0.98     |
| time/              |          |
|    episodes        | 284      |
|    fps             | 127      |
|    time_elapsed    | 111      |
|    total_timesteps | 14200    |
| train/             |          |
|    actor_loss      | 0.557    |
|    critic_loss     | 0.0508   |
|    ent_coef        | 0.00594  |
|    ent_coef_loss   | 2.82     |
|    learning_rate   | 0.001    |
|    n_updates       | 14099    |
---------------------------------
---------------------------------
| rollout/           |          |
|    ep_len_mean     | 50       |
|    ep_rew_mean     | -2.2     |
|    success_rate    | 0.98     |
| time/              |          |
|    episodes        | 288      |
|    fps             | 127      |
|    time_elapsed    | 113      |
|    total_timesteps | 14400    |
| train/             |          |
|    actor_loss      | 0.503    |
|    critic_loss     | 0.0708   |
|    ent_coef        | 0.0057   |
|    ent_coef_loss   | -1.3     |
|    learning_rate   | 0.001    |
|    n_updates       | 14299    |
---------------------------------
---------------------------------
| rollout/           |          |
|    ep_len_mean     | 50       |
|    ep_rew_mean     | -2.19    |
|    success_rate    | 0.98     |
| time/              |          |
|    episodes        | 292      |
|    fps             | 127      |
|    time_elapsed    | 114      |
|    total_timesteps | 14600    |
| train/             |          |
|    actor_loss      | 0.302    |
|    critic_loss     | 0.052    |
|    ent_coef        | 0.0054   |
|    ent_coef_loss   | -0.395   |
|    learning_rate   | 0.001    |
|    n_updates       | 14499    |
---------------------------------
---------------------------------
| rollout/           |          |
|    ep_len_mean     | 50       |
|    ep_rew_mean     | -2.23    |
|    success_rate    | 0.98     |
| time/              |          |
|    episodes        | 296      |
|    fps             | 127      |
|    time_elapsed    | 116      |
|    total_timesteps | 14800    |
| train/             |          |
|    actor_loss      | 0.101    |
|    critic_loss     | 0.0505   |
|    ent_coef        | 0.00543  |
|    ent_coef_loss   | 1.4      |
|    learning_rate   | 0.001    |
|    n_updates       | 14699    |
---------------------------------
---------------------------------
| rollout/           |          |
|    ep_len_mean     | 50       |
|    ep_rew_mean     | -2.18    |
|    success_rate    | 0.99     |
| time/              |          |
|    episodes        | 300      |
|    fps             | 127      |
|    time_elapsed    | 118      |
|    total_timesteps | 15000    |
| train/             |          |
|    actor_loss      | 0.295    |
|    critic_loss     | 0.0544   |
|    ent_coef        | 0.00519  |
|    ent_coef_loss   | 0.292    |
|    learning_rate   | 0.001    |
|    n_updates       | 14899    |
---------------------------------
---------------------------------
| rollout/           |          |
|    ep_len_mean     | 50       |
|    ep_rew_mean     | -2.16    |
|    success_rate    | 0.99     |
| time/              |          |
|    episodes        | 304      |
|    fps             | 127      |
|    time_elapsed    | 119      |
|    total_timesteps | 15200    |
| train/             |          |
|    actor_loss      | -0.351   |
|    critic_loss     | 0.0518   |
|    ent_coef        | 0.00506  |
|    ent_coef_loss   | -0.688   |
|    learning_rate   | 0.001    |
|    n_updates       | 15099    |
---------------------------------
---------------------------------
| rollout/           |          |
|    ep_len_mean     | 50       |
|    ep_rew_mean     | -2.25    |
|    success_rate    | 0.99     |
| time/              |          |
|    episodes        | 308      |
|    fps             | 127      |
|    time_elapsed    | 121      |
|    total_timesteps | 15400    |
| train/             |          |
|    actor_loss      | 0.422    |
|    critic_loss     | 0.0488   |
|    ent_coef        | 0.00496  |
|    ent_coef_loss   | 0.323    |
|    learning_rate   | 0.001    |
|    n_updates       | 15299    |
---------------------------------
---------------------------------
| rollout/           |          |
|    ep_len_mean     | 50       |
|    ep_rew_mean     | -2.23    |
|    success_rate    | 0.99     |
| time/              |          |
|    episodes        | 312      |
|    fps             | 127      |
|    time_elapsed    | 122      |
|    total_timesteps | 15600    |
| train/             |          |
|    actor_loss      | 0.192    |
|    critic_loss     | 0.0487   |
|    ent_coef        | 0.00463  |
|    ent_coef_loss   | -2.48    |
|    learning_rate   | 0.001    |
|    n_updates       | 15499    |
---------------------------------
---------------------------------
| rollout/           |          |
|    ep_len_mean     | 50       |
|    ep_rew_mean     | -2.2     |
|    success_rate    | 0.99     |
| time/              |          |
|    episodes        | 316      |
|    fps             | 127      |
|    time_elapsed    | 124      |
|    total_timesteps | 15800    |
| train/             |          |
|    actor_loss      | 0.67     |
|    critic_loss     | 0.0506   |
|    ent_coef        | 0.00473  |
|    ent_coef_loss   | 4.71     |
|    learning_rate   | 0.001    |
|    n_updates       | 15699    |
---------------------------------
---------------------------------
| rollout/           |          |
|    ep_len_mean     | 50       |
|    ep_rew_mean     | -2.16    |
|    success_rate    | 0.99     |
| time/              |          |
|    episodes        | 320      |
|    fps             | 127      |
|    time_elapsed    | 125      |
|    total_timesteps | 16000    |
| train/             |          |
|    actor_loss      | 0.203    |
|    critic_loss     | 0.0518   |
|    ent_coef        | 0.00471  |
|    ent_coef_loss   | -1.42    |
|    learning_rate   | 0.001    |
|    n_updates       | 15899    |
---------------------------------
---------------------------------
| rollout/           |          |
|    ep_len_mean     | 50       |
|    ep_rew_mean     | -2.15    |
|    success_rate    | 0.99     |
| time/              |          |
|    episodes        | 324      |
|    fps             | 127      |
|    time_elapsed    | 127      |
|    total_timesteps | 16200    |
| train/             |          |
|    actor_loss      | 0.382    |
|    critic_loss     | 0.0538   |
|    ent_coef        | 0.00443  |
|    ent_coef_loss   | -0.87    |
|    learning_rate   | 0.001    |
|    n_updates       | 16099    |
---------------------------------
---------------------------------
| rollout/           |          |
|    ep_len_mean     | 50       |
|    ep_rew_mean     | -2.11    |
|    success_rate    | 0.99     |
| time/              |          |
|    episodes        | 328      |
|    fps             | 127      |
|    time_elapsed    | 129      |
|    total_timesteps | 16400    |
| train/             |          |
|    actor_loss      | 0.417    |
|    critic_loss     | 0.0441   |
|    ent_coef        | 0.00423  |
|    ent_coef_loss   | -0.967   |
|    learning_rate   | 0.001    |
|    n_updates       | 16299    |
---------------------------------
---------------------------------
| rollout/           |          |
|    ep_len_mean     | 50       |
|    ep_rew_mean     | -1.96    |
|    success_rate    | 0.99     |
| time/              |          |
|    episodes        | 332      |
|    fps             | 127      |
|    time_elapsed    | 130      |
|    total_timesteps | 16600    |
| train/             |          |
|    actor_loss      | 0.23     |
|    critic_loss     | 0.0474   |
|    ent_coef        | 0.00397  |
|    ent_coef_loss   | -0.465   |
|    learning_rate   | 0.001    |
|    n_updates       | 16499    |
---------------------------------
---------------------------------
| rollout/           |          |
|    ep_len_mean     | 50       |
|    ep_rew_mean     | -1.92    |
|    success_rate    | 1        |
| time/              |          |
|    episodes        | 336      |
|    fps             | 127      |
|    time_elapsed    | 132      |
|    total_timesteps | 16800    |
| train/             |          |
|    actor_loss      | 0.303    |
|    critic_loss     | 0.0355   |
|    ent_coef        | 0.00374  |
|    ent_coef_loss   | -1.8     |
|    learning_rate   | 0.001    |
|    n_updates       | 16699    |
---------------------------------
---------------------------------
| rollout/           |          |
|    ep_len_mean     | 50       |
|    ep_rew_mean     | -1.88    |
|    success_rate    | 1        |
| time/              |          |
|    episodes        | 340      |
|    fps             | 127      |
|    time_elapsed    | 133      |
|    total_timesteps | 17000    |
| train/             |          |
|    actor_loss      | 0.0599   |
|    critic_loss     | 0.0393   |
|    ent_coef        | 0.0036   |
|    ent_coef_loss   | -3.2     |
|    learning_rate   | 0.001    |
|    n_updates       | 16899    |
---------------------------------
---------------------------------
| rollout/           |          |
|    ep_len_mean     | 50       |
|    ep_rew_mean     | -1.88    |
|    success_rate    | 1        |
| time/              |          |
|    episodes        | 344      |
|    fps             | 127      |
|    time_elapsed    | 135      |
|    total_timesteps | 17200    |
| train/             |          |
|    actor_loss      | 0.244    |
|    critic_loss     | 0.04     |
|    ent_coef        | 0.00343  |
|    ent_coef_loss   | -0.841   |
|    learning_rate   | 0.001    |
|    n_updates       | 17099    |
---------------------------------
---------------------------------
| rollout/           |          |
|    ep_len_mean     | 50       |
|    ep_rew_mean     | -1.87    |
|    success_rate    | 1        |
| time/              |          |
|    episodes        | 348      |
|    fps             | 126      |
|    time_elapsed    | 137      |
|    total_timesteps | 17400    |
| train/             |          |
|    actor_loss      | 0.236    |
|    critic_loss     | 0.0366   |
|    ent_coef        | 0.00341  |
|    ent_coef_loss   | 1.11     |
|    learning_rate   | 0.001    |
|    n_updates       | 17299    |
---------------------------------
---------------------------------
| rollout/           |          |
|    ep_len_mean     | 50       |
|    ep_rew_mean     | -1.82    |
|    success_rate    | 1        |
| time/              |          |
|    episodes        | 352      |
|    fps             | 126      |
|    time_elapsed    | 138      |
|    total_timesteps | 17600    |
| train/             |          |
|    actor_loss      | 0.276    |
|    critic_loss     | 0.0338   |
|    ent_coef        | 0.0032   |
|    ent_coef_loss   | 0.00991  |
|    learning_rate   | 0.001    |
|    n_updates       | 17499    |
---------------------------------
---------------------------------
| rollout/           |          |
|    ep_len_mean     | 50       |
|    ep_rew_mean     | -1.83    |
|    success_rate    | 1        |
| time/              |          |
|    episodes        | 356      |
|    fps             | 126      |
|    time_elapsed    | 140      |
|    total_timesteps | 17800    |
| train/             |          |
|    actor_loss      | 0.428    |
|    critic_loss     | 0.0367   |
|    ent_coef        | 0.00306  |
|    ent_coef_loss   | -1.25    |
|    learning_rate   | 0.001    |
|    n_updates       | 17699    |
---------------------------------
---------------------------------
| rollout/           |          |
|    ep_len_mean     | 50       |
|    ep_rew_mean     | -1.75    |
|    success_rate    | 1        |
| time/              |          |
|    episodes        | 360      |
|    fps             | 127      |
|    time_elapsed    | 141      |
|    total_timesteps | 18000    |
| train/             |          |
|    actor_loss      | 0.217    |
|    critic_loss     | 0.0282   |
|    ent_coef        | 0.00303  |
|    ent_coef_loss   | -1.89    |
|    learning_rate   | 0.001    |
|    n_updates       | 17899    |
---------------------------------
---------------------------------
| rollout/           |          |
|    ep_len_mean     | 50       |
|    ep_rew_mean     | -1.68    |
|    success_rate    | 1        |
| time/              |          |
|    episodes        | 364      |
|    fps             | 126      |
|    time_elapsed    | 143      |
|    total_timesteps | 18200    |
| train/             |          |
|    actor_loss      | 0.722    |
|    critic_loss     | 0.0453   |
|    ent_coef        | 0.00291  |
|    ent_coef_loss   | -2       |
|    learning_rate   | 0.001    |
|    n_updates       | 18099    |
---------------------------------
---------------------------------
| rollout/           |          |
|    ep_len_mean     | 50       |
|    ep_rew_mean     | -1.66    |
|    success_rate    | 1        |
| time/              |          |
|    episodes        | 368      |
|    fps             | 127      |
|    time_elapsed    | 144      |
|    total_timesteps | 18400    |
| train/             |          |
|    actor_loss      | 0.0809   |
|    critic_loss     | 0.0335   |
|    ent_coef        | 0.00299  |
|    ent_coef_loss   | 1.14     |
|    learning_rate   | 0.001    |
|    n_updates       | 18299    |
---------------------------------
---------------------------------
| rollout/           |          |
|    ep_len_mean     | 50       |
|    ep_rew_mean     | -1.67    |
|    success_rate    | 1        |
| time/              |          |
|    episodes        | 372      |
|    fps             | 127      |
|    time_elapsed    | 146      |
|    total_timesteps | 18600    |
| train/             |          |
|    actor_loss      | 0.116    |
|    critic_loss     | 0.0308   |
|    ent_coef        | 0.0029   |
|    ent_coef_loss   | -0.817   |
|    learning_rate   | 0.001    |
|    n_updates       | 18499    |
---------------------------------
---------------------------------
| rollout/           |          |
|    ep_len_mean     | 50       |
|    ep_rew_mean     | -1.58    |
|    success_rate    | 1        |
| time/              |          |
|    episodes        | 376      |
|    fps             | 127      |
|    time_elapsed    | 148      |
|    total_timesteps | 18800    |
| train/             |          |
|    actor_loss      | -0.0676  |
|    critic_loss     | 0.0365   |
|    ent_coef        | 0.00294  |
|    ent_coef_loss   | 1.51     |
|    learning_rate   | 0.001    |
|    n_updates       | 18699    |
---------------------------------
---------------------------------
| rollout/           |          |
|    ep_len_mean     | 50       |
|    ep_rew_mean     | -1.6     |
|    success_rate    | 1        |
| time/              |          |
|    episodes        | 380      |
|    fps             | 126      |
|    time_elapsed    | 149      |
|    total_timesteps | 19000    |
| train/             |          |
|    actor_loss      | 0.278    |
|    critic_loss     | 0.0422   |
|    ent_coef        | 0.00271  |
|    ent_coef_loss   | -2.49    |
|    learning_rate   | 0.001    |
|    n_updates       | 18899    |
---------------------------------
---------------------------------
| rollout/           |          |
|    ep_len_mean     | 50       |
|    ep_rew_mean     | -1.66    |
|    success_rate    | 1        |
| time/              |          |
|    episodes        | 384      |
|    fps             | 126      |
|    time_elapsed    | 151      |
|    total_timesteps | 19200    |
| train/             |          |
|    actor_loss      | 0.146    |
|    critic_loss     | 0.0414   |
|    ent_coef        | 0.00263  |
|    ent_coef_loss   | -1.56    |
|    learning_rate   | 0.001    |
|    n_updates       | 19099    |
---------------------------------
---------------------------------
| rollout/           |          |
|    ep_len_mean     | 50       |
|    ep_rew_mean     | -1.62    |
|    success_rate    | 1        |
| time/              |          |
|    episodes        | 388      |
|    fps             | 126      |
|    time_elapsed    | 152      |
|    total_timesteps | 19400    |
| train/             |          |
|    actor_loss      | -0.0989  |
|    critic_loss     | 0.031    |
|    ent_coef        | 0.00254  |
|    ent_coef_loss   | -1       |
|    learning_rate   | 0.001    |
|    n_updates       | 19299    |
---------------------------------
---------------------------------
| rollout/           |          |
|    ep_len_mean     | 50       |
|    ep_rew_mean     | -1.66    |
|    success_rate    | 1        |
| time/              |          |
|    episodes        | 392      |
|    fps             | 126      |
|    time_elapsed    | 154      |
|    total_timesteps | 19600    |
| train/             |          |
|    actor_loss      | 0.0504   |
|    critic_loss     | 0.0281   |
|    ent_coef        | 0.00232  |
|    ent_coef_loss   | 0.279    |
|    learning_rate   | 0.001    |
|    n_updates       | 19499    |
---------------------------------
---------------------------------
| rollout/           |          |
|    ep_len_mean     | 50       |
|    ep_rew_mean     | -1.65    |
|    success_rate    | 1        |
| time/              |          |
|    episodes        | 396      |
|    fps             | 126      |
|    time_elapsed    | 155      |
|    total_timesteps | 19800    |
| train/             |          |
|    actor_loss      | -0.152   |
|    critic_loss     | 0.026    |
|    ent_coef        | 0.00234  |
|    ent_coef_loss   | -0.196   |
|    learning_rate   | 0.001    |
|    n_updates       | 19699    |
---------------------------------
---------------------------------
| rollout/           |          |
|    ep_len_mean     | 50       |
|    ep_rew_mean     | -1.62    |
|    success_rate    | 1        |
| time/              |          |
|    episodes        | 400      |
|    fps             | 126      |
|    time_elapsed    | 157      |
|    total_timesteps | 20000    |
| train/             |          |
|    actor_loss      | 0.303    |
|    critic_loss     | 0.0302   |
|    ent_coef        | 0.00233  |
|    ent_coef_loss   | -1.89    |
|    learning_rate   | 0.001    |
|    n_updates       | 19899    |
---------------------------------
success_rate=1.000 over 50 episodes
