AdroitHandRelocateDense-v1, AdroitHandHammerDense-v1, AdroitHandDoorDense-v1 environment's reward functions were updated in v1.2.1 without an environment version update. Therefore, use gymnasium-robotics==1.2.0 for v1 reproducibility or use v2 in gymnasium-robotics>=1.4.3. See https://github.com/Farama-Foundation/Gymnasium-Robotics/pull/220 for more details
Using cpu device
Wrapping the env with a `Monitor` wrapper
Wrapping the env in a DummyVecEnv.
---------------------------------
| rollout/           |          |
|    ep_len_mean     | 50       |
|    ep_rew_mean     | -48      |
|    success_rate    | 0        |
| time/              |          |
|    episodes        | 4        |
|    fps             | 134      |
|    time_elapsed    | 1        |
|    total_timesteps | 200      |
| train/             |          |
|    actor_loss      | -4.49    |
|    critic_loss     | 0.243    |
|    ent_coef        | 0.907    |
|    ent_coef_loss   | -0.66    |
|    learning_rate   | 0.001    |
|    n_updates       | 99       |
---------------------------------
---------------------------------
| rollout/           |          |
|    ep_len_mean     | 50       |
|    ep_rew_mean     | -49      |
|    success_rate    | 0        |
| time/              |          |
|    episodes        | 8        |
|    fps             | 87       |
|    time_elapsed    | 4        |
|    total_timesteps | 400      |
| train/             |          |
|    actor_loss      | -4.53    |
|    critic_loss     | 0.186    |
|    ent_coef        | 0.742    |
|    ent_coef_loss   | -2       |
|    learning_rate   | 0.001    |
|    n_updates       | 299      |
---------------------------------
---------------------------------
| rollout/           |          |
|    ep_len_mean     | 50       |
|    ep_rew_mean     | -49.3    |
|    success_rate    | 0        |
| time/              |          |
|    episodes        | 12       |
|    fps             | 79       |
|    time_elapsed    | 7        |
|    total_timesteps | 600      |
| train/             |          |
|    actor_loss      | -4.59    |
|    critic_loss     | 0.179    |
|    ent_coef        | 0.608    |
|    ent_coef_loss   | -3.35    |
|    learning_rate   | 0.001    |
|    n_updates       | 499      |
---------------------------------
---------------------------------
| rollout/           |          |
|    ep_len_mean     | 50       |
|    ep_rew_mean     | -49.4    |
|    success_rate    | 0        |
| time/              |          |
|    episodes        | 16       |
|    fps             | 75       |
|    time_elapsed    | 10       |
|    total_timesteps | 800      |
| train/             |          |
|    actor_loss      | -4.58    |
|    critic_loss     | 0.202    |
|    ent_coef        | 0.497    |
|    ent_coef_loss   | -4.7     |
|    learning_rate   | 0.001    |
|    n_updates       | 699      |
---------------------------------
---------------------------------
| rollout/           |          |
|    ep_len_mean     | 50       |
|    ep_rew_mean     | -49.5    |
|    success_rate    | 0        |
| time/              |          |
|    episodes        | 20       |
|    fps             | 74       |
|    time_elapsed    | 13       |
|    total_timesteps | 1000     |
| train/             |          |
|    actor_loss      | -4.31    |
|    critic_loss     | 0.174    |
|    ent_coef        | 0.407    |
|    ent_coef_loss   | -6.03    |
|    learning_rate   | 0.001    |
|    n_updates       | 899      |
---------------------------------
---------------------------------
| rollout/           |          |
|    ep_len_mean     | 50       |
|    ep_rew_mean     | -49.5    |
|    success_rate    | 0        |
| time/              |          |
|    episodes        | 24       |
|    fps             | 72       |
|    time_elapsed    | 16       |
|    total_timesteps | 1200     |
| train/             |          |
|    actor_loss      | -4.13    |
|    critic_loss     | 0.185    |
|    ent_coef        | 0.334    |
|    ent_coef_loss   | -7.3     |
|    learning_rate   | 0.001    |
|    n_updates       | 1099     |
---------------------------------
---------------------------------
| rollout/           |          |
|    ep_len_mean     | 50       |
|    ep_rew_mean     | -49.6    |
|    success_rate    | 0        |
| time/              |          |
|    episodes        | 28       |
|    fps             | 71       |
|    time_elapsed    | 19       |
|    total_timesteps | 1400     |
| train/             |          |
|    actor_loss      | -3.53    |
|    critic_loss     | 0.186    |
|    ent_coef        | 0.273    |
|    ent_coef_loss   | -8.64    |
|    learning_rate   | 0.001    |
|    n_updates       | 1299     |
---------------------------------
---------------------------------
| rollout/           |          |
|    ep_len_mean     | 50       |
|    ep_rew_mean     | -49.5    |
|    success_rate    | 0        |
| time/              |          |
|    episodes        | 32       |
|    fps             | 71       |
|    time_elapsed    | 22       |
|    total_timesteps | 1600     |
| train/             |          |
|    actor_loss      | -3.15    |
|    critic_loss     | 0.168    |
|    ent_coef        | 0.224    |
|    ent_coef_loss   | -9.85    |
|    learning_rate   | 0.001    |
|    n_updates       | 1499     |
---------------------------------
---------------------------------
| rollout/           |          |
|    ep_len_mean     | 50       |
|    ep_rew_mean     | -49.6    |
|    success_rate    | 0        |
| time/              |          |
|    episodes        | 36       |
|    fps             | 70       |
|    time_elapsed    | 25       |
|    total_timesteps | 1800     |
| train/             |          |
|    actor_loss      | -2.54    |
|    critic_loss     | 0.149    |
|    ent_coef        | 0.184    |
|    ent_coef_loss   | -10.9    |
|    learning_rate   | 0.001    |
|    n_updates       | 1699     |
---------------------------------
---------------------------------
| rollout/           |          |
|    ep_len_mean     | 50       |
|    ep_rew_mean     | -49.4    |
|    success_rate    | 0        |
| time/              |          |
|    episodes        | 40       |
|    fps             | 70       |
|    time_elapsed    | 28       |
|    total_timesteps | 2000     |
| train/             |          |
|    actor_loss      | -2.13    |
|    critic_loss     | 0.164    |
|    ent_coef        | 0.152    |
|    ent_coef_loss   | -12      |
|    learning_rate   | 0.001    |
|    n_updates       | 1899     |
---------------------------------
---------------------------------
| rollout/           |          |
|    ep_len_mean     | 50       |
|    ep_rew_mean     | -49.5    |
|    success_rate    | 0        |
| time/              |          |
|    episodes        | 44       |
|    fps             | 69       |
|    time_elapsed    | 31       |
|    total_timesteps | 2200     |
| train/             |          |
|    actor_loss      | -1.8     |
|    critic_loss     | 0.131    |
|    ent_coef        | 0.126    |
|    ent_coef_loss   | -12.6    |
|    learning_rate   | 0.001    |
|    n_updates       | 2099     |
---------------------------------
---------------------------------
| rollout/           |          |
|    ep_len_mean     | 50       |
|    ep_rew_mean     | -49.5    |
|    success_rate    | 0        |
| time/              |          |
|    episodes        | 48       |
|    fps             | 69       |
|    time_elapsed    | 34       |
|    total_timesteps | 2400     |
| train/             |          |
|    actor_loss      | -1.71    |
|    critic_loss     | 0.13     |
|    ent_coef        | 0.105    |
|    ent_coef_loss   | -12.9    |
|    learning_rate   | 0.001    |
|    n_updates       | 2299     |
---------------------------------
---------------------------------
| rollout/           |          |
|    ep_len_mean     | 50       |
|    ep_rew_mean     | -49.5    |
|    success_rate    | 0        |
| time/              |          |
|    episodes        | 52       |
|    fps             | 68       |
|    time_elapsed    | 37       |
|    total_timesteps | 2600     |
| train/             |          |
|    actor_loss      | -0.883   |
|    critic_loss     | 0.189    |
|    ent_coef        | 0.0881   |
|    ent_coef_loss   | -13.5    |
|    learning_rate   | 0.001    |
|    n_updates       | 2499     |
---------------------------------
---------------------------------
| rollout/           |          |
|    ep_len_mean     | 50       |
|    ep_rew_mean     | -49.5    |
|    success_rate    | 0        |
| time/              |          |
|    episodes        | 56       |
|    fps             | 68       |
|    time_elapsed    | 40       |
|    total_timesteps | 2800     |
| train/             |          |
|    actor_loss      | -0.46    |
|    critic_loss     | 0.147    |
|    ent_coef        | 0.0744   |
|    ent_coef_loss   | -13      |
|    learning_rate   | 0.001    |
|    n_updates       | 2699     |
---------------------------------
---------------------------------
| rollout/           |          |
|    ep_len_mean     | 50       |
|    ep_rew_mean     | -49.5    |
|    success_rate    | 0        |
| time/              |          |
|    episodes        | 60       |
|    fps             | 68       |
|    time_elapsed    | 44       |
|    total_timesteps | 3000     |
| train/             |          |
|    actor_loss      | -0.343   |
|    critic_loss     | 0.172    |
|    ent_coef        | 0.0633   |
|    ent_coef_loss   | -12.7    |
|    learning_rate   | 0.001    |
|    n_updates       | 2899     |
---------------------------------
---------------------------------
| rollout/           |          |
|    ep_len_mean     | 50       |
|    ep_rew_mean     | -49.5    |
|    success_rate    | 0        |
| time/              |          |
|    episodes        | 64       |
|    fps             | 67       |
|    time_elapsed    | 47       |
|    total_timesteps | 3200     |
| train/             |          |
|    actor_loss      | 0.0226   |
|    critic_loss     | 0.147    |
|    ent_coef        | 0.0545   |
|    ent_coef_loss   | -12.5    |
|    learning_rate   | 0.001    |
|    n_updates       | 3099     |
---------------------------------
---------------------------------
| rollout/           |          |
|    ep_len_mean     | 50       |
|    ep_rew_mean     | -49.3    |
|    success_rate    | 0.0147   |
| time/              |          |
|    episodes        | 68       |
|    fps             | 67       |
|    time_elapsed    | 50       |
|    total_timesteps | 3400     |
| train/             |          |
|    actor_loss      | 0.154    |
|    critic_loss     | 0.132    |
|    ent_coef        | 0.0474   |
|    ent_coef_loss   | -10.7    |
|    learning_rate   | 0.001    |
|    n_updates       | 3299     |
---------------------------------
---------------------------------
| rollout/           |          |
|    ep_len_mean     | 50       |
|    ep_rew_mean     | -49.3    |
|    success_rate    | 0.0139   |
| time/              |          |
|    episodes        | 72       |
|    fps             | 67       |
|    time_elapsed    | 53       |
|    total_timesteps | 3600     |
| train/             |          |
|    actor_loss      | 0.906    |
|    critic_loss     | 0.155    |
|    ent_coef        | 0.0417   |
|    ent_coef_loss   | -10.6    |
|    learning_rate   | 0.001    |
|    n_updates       | 3499     |
---------------------------------
---------------------------------
| rollout/           |          |
|    ep_len_mean     | 50       |
|    ep_rew_mean     | -49.2    |
|    success_rate    | 0.0132   |
| time/              |          |
|    episodes        | 76       |
|    fps             | 67       |
|    time_elapsed    | 56       |
|    total_timesteps | 3800     |
| train/             |          |
|    actor_loss      | 0.895    |
|    critic_loss     | 0.159    |
|    ent_coef        | 0.0368   |
|    ent_coef_loss   | -8.96    |
|    learning_rate   | 0.001    |
|    n_updates       | 3699     |
---------------------------------
---------------------------------
| rollout/           |          |
|    ep_len_mean     | 50       |
|    ep_rew_mean     | -49.1    |
|    success_rate    | 0.0125   |
| time/              |          |
|    episodes        | 80       |
|    fps             | 67       |
|    time_elapsed    | 59       |
|    total_timesteps | 4000     |
| train/             |          |
|    actor_loss      | 1.53     |
|    critic_loss     | 0.155    |
|    ent_coef        | 0.0326   |
|    ent_coef_loss   | -8.98    |
|    learning_rate   | 0.001    |
|    n_updates       | 3899     |
---------------------------------
---------------------------------
| rollout/           |          |
|    ep_len_mean     | 50       |
|    ep_rew_mean     | -48.8    |
|    success_rate    | 0.0119   |
| time/              |          |
|    episodes        | 84       |
|    fps             | 66       |
|    time_elapsed    | 62       |
|    total_timesteps | 4200     |
| train/             |          |
|    actor_loss      | 0.817    |
|    critic_loss     | 0.139    |
|    ent_coef        | 0.0293   |
|    ent_coef_loss   | -6.89    |
|    learning_rate   | 0.001    |
|    n_updates       | 4099     |
---------------------------------
---------------------------------
| rollout/           |          |
|    ep_len_mean     | 50       |
|    ep_rew_mean     | -48.2    |
|    success_rate    | 0.0227   |
| time/              |          |
|    episodes        | 88       |
|    fps             | 67       |
|    time_elapsed    | 65       |
|    total_timesteps | 4400     |
| train/             |          |
|    actor_loss      | 1.05     |
|    critic_loss     | 0.149    |
|    ent_coef        | 0.0265   |
|    ent_coef_loss   | -9.88    |
|    learning_rate   | 0.001    |
|    n_updates       | 4299     |
---------------------------------
---------------------------------
| rollout/           |          |
|    ep_len_mean     | 50       |
|    ep_rew_mean     | -48.1    |
|    success_rate    | 0.0217   |
| time/              |          |
|    episodes        | 92       |
|    fps             | 66       |
|    time_elapsed    | 68       |
|    total_timesteps | 4600     |
| train/             |          |
|    actor_loss      | 1.64     |
|    critic_loss     | 0.193    |
|    ent_coef        | 0.0241   |
|    ent_coef_loss   | -5.96    |
|    learning_rate   | 0.001    |
|    n_updates       | 4499     |
---------------------------------
---------------------------------
| rollout/           |          |
|    ep_len_mean     | 50       |
|    ep_rew_mean     | -48.2    |
|    success_rate    | 0.0208   |
| time/              |          |
|    episodes        | 96       |
|    fps             | 66       |
|    time_elapsed    | 71       |
|    total_timesteps | 4800     |
| train/             |          |
|    actor_loss      | 1.19     |
|    critic_loss     | 0.152    |
|    ent_coef        | 0.0221   |
|    ent_coef_loss   | -5.74    |
|    learning_rate   | 0.001    |
|    n_updates       | 4699     |
---------------------------------
---------------------------------
| rollout/           |          |
|    ep_len_mean     | 50       |
|    ep_rew_mean     | -47.8    |
|    success_rate    | 0.03     |
| time/              |          |
|    episodes        | 100      |
|    fps             | 66       |
|    time_elapsed    | 74       |
|    total_timesteps | 5000     |
| train/             |          |
|    actor_loss      | 1.21     |
|    critic_loss     | 0.186    |
|    ent_coef        | 0.0202   |
|    ent_coef_loss   | -3.81    |
|    learning_rate   | 0.001    |
|    n_updates       | 4899     |
---------------------------------
---------------------------------
| rollout/           |          |
|    ep_len_mean     | 50       |
|    ep_rew_mean     | -47.4    |
|    success_rate    | 0.05     |
| time/              |          |
|    episodes        | 104      |
|    fps             | 66       |
|    time_elapsed    | 77       |
|    total_timesteps | 5200     |
| train/             |          |
|    actor_loss      | 1.29     |
|    critic_loss     | 0.165    |
|    ent_coef        | 0.0187   |
|    ent_coef_loss   | -2.32    |
|    learning_rate   | 0.001    |
|    n_updates       | 5099     |
---------------------------------
---------------------------------
| rollout/           |          |
|    ep_len_mean     | 50       |
|    ep_rew_mean     | -47      |
|    success_rate    | 0.06     |
| time/              |          |
|    episodes        | 108      |
|    fps             | 66       |
|    time_elapsed    | 80       |
|    total_timesteps | 5400     |
| train/             |          |
|    actor_loss      | 1.98     |
|    critic_loss     | 0.148    |
|    ent_coef        | 0.0175   |
|    ent_coef_loss   | -1.78    |
|    learning_rate   | 0.001    |
|    n_updates       | 5299     |
---------------------------------
---------------------------------
| rollout/           |          |
|    ep_len_mean     | 50       |
|    ep_rew_mean     | -46      |
|    success_rate    | 0.07     |
| time/              |          |
|    episodes        | 112      |
|    fps             | 66       |
|    time_elapsed    | 83       |
|    total_timesteps | 5600     |
| train/             |          |
|    actor_loss      | 1.71     |
|    critic_loss     | 0.156    |
|    ent_coef        | 0.0164   |
|    ent_coef_loss   | -4.55    |
|    learning_rate   | 0.001    |
|    n_updates       | 5499     |
---------------------------------
---------------------------------
| rollout/           |          |
|    ep_len_mean     | 50       |
|    ep_rew_mean     | -45.9    |
|    success_rate    | 0.07     |
| time/              |          |
|    episodes        | 116      |
|    fps             | 66       |
|    time_elapsed    | 87       |
|    total_timesteps | 5800     |
| train/             |          |
|    actor_loss      | 1.3      |
|    critic_loss     | 0.172    |
|    ent_coef        | 0.0152   |
|    ent_coef_loss   | -4.89    |
|    learning_rate   | 0.001    |
|    n_updates       | 5699     |
---------------------------------
---------------------------------
| rollout/           |          |
|    ep_len_mean     | 50       |
|    ep_rew_mean     | -45.8    |
|    success_rate    | 0.07     |
| time/              |          |
|    episodes        | 120      |
|    fps             | 66       |
|    time_elapsed    | 90       |
|    total_timesteps | 6000     |
| train/             |          |
|    actor_loss      | 1.84     |
|    critic_loss     | 0.142    |
|    ent_coef        | 0.0144   |
|    ent_coef_loss   | -3.77    |
|    learning_rate   | 0.001    |
|    n_updates       | 5899     |
---------------------------------
---------------------------------
| rollout/           |          |
|    ep_len_mean     | 50       |
|    ep_rew_mean     | -44.8    |
|    success_rate    | 0.09     |
| time/              |          |
|    episodes        | 124      |
|    fps             | 66       |
|    time_elapsed    | 93       |
|    total_timesteps | 6200     |
| train/             |          |
|    actor_loss      | 1.78     |
|    critic_loss     | 0.13     |
|    ent_coef        | 0.0137   |
|    ent_coef_loss   | -2.57    |
|    learning_rate   | 0.001    |
|    n_updates       | 6099     |
---------------------------------
---------------------------------
| rollout/           |          |
|    ep_len_mean     | 50       |
|    ep_rew_mean     | -43.6    |
|    success_rate    | 0.11     |
| time/              |          |
|    episodes        | 128      |
|    fps             | 66       |
|    time_elapsed    | 96       |
|    total_timesteps | 6400     |
| train/             |          |
|    actor_loss      | 2.04     |
|    critic_loss     | 0.138    |
|    ent_coef        | 0.0131   |
|    ent_coef_loss   | -0.0812  |
|    learning_rate   | 0.001    |
|    n_updates       | 6299     |
---------------------------------
---------------------------------
| rollout/           |          |
|    ep_len_mean     | 50       |
|    ep_rew_mean     | -42.4    |
|    success_rate    | 0.14     |
| time/              |          |
|    episodes        | 132      |
|    fps             | 66       |
|    time_elapsed    | 99       |
|    total_timesteps | 6600     |
| train/             |          |
|    actor_loss      | 2.42     |
|    critic_loss     | 0.168    |
|    ent_coef        | 0.0126   |
|    ent_coef_loss   | -1.14    |
|    learning_rate   | 0.001    |
|    n_updates       | 6499     |
---------------------------------
---------------------------------
| rollout/           |          |
|    ep_len_mean     | 50       |
|    ep_rew_mean     | -41.3    |
|    success_rate    | 0.16     |
| time/              |          |
|    episodes        | 136      |
|    fps             | 66       |
|    time_elapsed    | 102      |
|    total_timesteps | 6800     |
| train/             |          |
|    actor_loss      | 2.15     |
|    critic_loss     | 0.139    |
|    ent_coef        | 0.0122   |
|    ent_coef_loss   | -0.066   |
|    learning_rate   | 0.001    |
|    n_updates       | 6699     |
---------------------------------
---------------------------------
| rollout/           |          |
|    ep_len_mean     | 50       |
|    ep_rew_mean     | -40.4    |
|    success_rate    | 0.18     |
| time/              |          |
|    episodes        | 140      |
|    fps             | 66       |
|    time_elapsed    | 105      |
|    total_timesteps | 7000     |
| train/             |          |
|    actor_loss      | 1.96     |
|    critic_loss     | 0.142    |
|    ent_coef        | 0.0121   |
|    ent_coef_loss   | 1.63     |
|    learning_rate   | 0.001    |
|    n_updates       | 6899     |
---------------------------------
---------------------------------
| rollout/           |          |
|    ep_len_mean     | 50       |
|    ep_rew_mean     | -39.4    |
|    success_rate    | 0.2      |
| time/              |          |
|    episodes        | 144      |
|    fps             | 66       |
|    time_elapsed    | 108      |
|    total_timesteps | 7200     |
| train/             |          |
|    actor_loss      | 2.48     |
|    critic_loss     | 0.198    |
|    ent_coef        | 0.0118   |
|    ent_coef_loss   | -3.22    |
|    learning_rate   | 0.001    |
|    n_updates       | 7099     |
---------------------------------
---------------------------------
| rollout/           |          |
|    ep_len_mean     | 50       |
|    ep_rew_mean     | -38.1    |
|    success_rate    | 0.23     |
| time/              |          |
|    episodes        | 148      |
|    fps             | 66       |
|    time_elapsed    | 111      |
|    total_timesteps | 7400     |
| train/             |          |
|    actor_loss      | 2.6      |
|    critic_loss     | 0.138    |
|    ent_coef        | 0.0113   |
|    ent_coef_loss   | -0.558   |
|    learning_rate   | 0.001    |
|    n_updates       | 7299     |
---------------------------------
---------------------------------
| rollout/           |          |
|    ep_len_mean     | 50       |
|    ep_rew_mean     | -37      |
|    success_rate    | 0.25     |
| time/              |          |
|    episodes        | 152      |
|    fps             | 66       |
|    time_elapsed    | 114      |
|    total_timesteps | 7600     |
| train/             |          |
|    actor_loss      | 2.46     |
|    critic_loss     | 0.134    |
|    ent_coef        | 0.011    |
|    ent_coef_loss   | -0.395   |
|    learning_rate   | 0.001    |
|    n_updates       | 7499     |
---------------------------------
---------------------------------
| rollout/           |          |
|    ep_len_mean     | 50       |
|    ep_rew_mean     | -36      |
|    success_rate    | 0.27     |
| time/              |          |
|    episodes        | 156      |
|    fps             | 66       |
|    time_elapsed    | 117      |
|    total_timesteps | 7800     |
| train/             |          |
|    actor_loss      | 2.33     |
|    critic_loss     | 0.126    |
|    ent_coef        | 0.011    |
|    ent_coef_loss   | -0.963   |
|    learning_rate   | 0.001    |
|    n_updates       | 7699     |
---------------------------------
---------------------------------
| rollout/           |          |
|    ep_len_mean     | 50       |
|    ep_rew_mean     | -34.6    |
|    success_rate    | 0.3      |
| time/              |          |
|    episodes        | 160      |
|    fps             | 66       |
|    time_elapsed    | 120      |
|    total_timesteps | 8000     |
| train/             |          |
|    actor_loss      | 1.8      |
|    critic_loss     | 0.126    |
|    ent_coef        | 0.0109   |
|    ent_coef_loss   | 0.527    |
|    learning_rate   | 0.001    |
|    n_updates       | 7899     |
---------------------------------
---------------------------------
| rollout/           |          |
|    ep_len_mean     | 50       |
|    ep_rew_mean     | -32.7    |
|    success_rate    | 0.34     |
| time/              |          |
|    episodes        | 164      |
|    fps             | 66       |
|    time_elapsed    | 124      |
|    total_timesteps | 8200     |
| train/             |          |
|    actor_loss      | 2.39     |
|    critic_loss     | 0.116    |
|    ent_coef        | 0.0106   |
|    ent_coef_loss   | -0.0636  |
|    learning_rate   | 0.001    |
|    n_updates       | 8099     |
---------------------------------
---------------------------------
| rollout/           |          |
|    ep_len_mean     | 50       |
|    ep_rew_mean     | -31      |
|    success_rate    | 0.37     |
| time/              |          |
|    episodes        | 168      |
|    fps             | 66       |
|    time_elapsed    | 127      |
|    total_timesteps | 8400     |
| train/             |          |
|    actor_loss      | 2        |
|    critic_loss     | 0.0746   |
|    ent_coef        | 0.0105   |
|    ent_coef_loss   | -1.59    |
|    learning_rate   | 0.001    |
|    n_updates       | 8299     |
---------------------------------
---------------------------------
| rollout/           |          |
|    ep_len_mean     | 50       |
|    ep_rew_mean     | -29.3    |
|    success_rate    | 0.41     |
| time/              |          |
|    episodes        | 172      |
|    fps             | 66       |
|    time_elapsed    | 130      |
|    total_timesteps | 8600     |
| train/             |          |
|    actor_loss      | 2.07     |
|    critic_loss     | 0.0991   |
|    ent_coef        | 0.01     |
|    ent_coef_loss   | -1.02    |
|    learning_rate   | 0.001    |
|    n_updates       | 8499     |
---------------------------------
---------------------------------
| rollout/           |          |
|    ep_len_mean     | 50       |
|    ep_rew_mean     | -28      |
|    success_rate    | 0.44     |
| time/              |          |
|    episodes        | 176      |
|    fps             | 66       |
|    time_elapsed    | 133      |
|    total_timesteps | 8800     |
| train/             |          |
|    actor_loss      | 2.09     |
|    critic_loss     | 0.0892   |
|    ent_coef        | 0.00978  |
|    ent_coef_loss   | -0.0939  |
|    learning_rate   | 0.001    |
|    n_updates       | 8699     |
---------------------------------
---------------------------------
| rollout/           |          |
|    ep_len_mean     | 50       |
|    ep_rew_mean     | -26.2    |
|    success_rate    | 0.48     |
| time/              |          |
|    episodes        | 180      |
|    fps             | 65       |
|    time_elapsed    | 136      |
|    total_timesteps | 9000     |
| train/             |          |
|    actor_loss      | 2.28     |
|    critic_loss     | 0.0982   |
|    ent_coef        | 0.00934  |
|    ent_coef_loss   | -0.817   |
|    learning_rate   | 0.001    |
|    n_updates       | 8899     |
---------------------------------
---------------------------------
| rollout/           |          |
|    ep_len_mean     | 50       |
|    ep_rew_mean     | -24.5    |
|    success_rate    | 0.52     |
| time/              |          |
|    episodes        | 184      |
|    fps             | 65       |
|    time_elapsed    | 139      |
|    total_timesteps | 9200     |
| train/             |          |
|    actor_loss      | 2.07     |
|    critic_loss     | 0.08     |
|    ent_coef        | 0.00924  |
|    ent_coef_loss   | 1.1      |
|    learning_rate   | 0.001    |
|    n_updates       | 9099     |
---------------------------------
---------------------------------
| rollout/           |          |
|    ep_len_mean     | 50       |
|    ep_rew_mean     | -23.3    |
|    success_rate    | 0.55     |
| time/              |          |
|    episodes        | 188      |
|    fps             | 65       |
|    time_elapsed    | 142      |
|    total_timesteps | 9400     |
| train/             |          |
|    actor_loss      | 1.73     |
|    critic_loss     | 0.0905   |
|    ent_coef        | 0.00965  |
|    ent_coef_loss   | -0.438   |
|    learning_rate   | 0.001    |
|    n_updates       | 9299     |
---------------------------------
---------------------------------
| rollout/           |          |
|    ep_len_mean     | 50       |
|    ep_rew_mean     | -21.6    |
|    success_rate    | 0.59     |
| time/              |          |
|    episodes        | 192      |
|    fps             | 65       |
|    time_elapsed    | 145      |
|    total_timesteps | 9600     |
| train/             |          |
|    actor_loss      | 1.65     |
|    critic_loss     | 0.0972   |
|    ent_coef        | 0.00923  |
|    ent_coef_loss   | -2.66    |
|    learning_rate   | 0.001    |
|    n_updates       | 9499     |
---------------------------------
---------------------------------
| rollout/           |          |
|    ep_len_mean     | 50       |
|    ep_rew_mean     | -19.7    |
|    success_rate    | 0.63     |
| time/              |          |
|    episodes        | 196      |
|    fps             | 65       |
|    time_elapsed    | 148      |
|    total_timesteps | 9800     |
| train/             |          |
|    actor_loss      | 2.05     |
|    critic_loss     | 0.0577   |
|    ent_coef        | 0.00874  |
|    ent_coef_loss   | 5.5      |
|    learning_rate   | 0.001    |
|    n_updates       | 9699     |
---------------------------------
---------------------------------
| rollout/           |          |
|    ep_len_mean     | 50       |
|    ep_rew_mean     | -18.6    |
|    success_rate    | 0.65     |
| time/              |          |
|    episodes        | 200      |
|    fps             | 65       |
|    time_elapsed    | 152      |
|    total_timesteps | 10000    |
| train/             |          |
|    actor_loss      | 2.11     |
|    critic_loss     | 0.0817   |
|    ent_coef        | 0.00886  |
|    ent_coef_loss   | 0.0848   |
|    learning_rate   | 0.001    |
|    n_updates       | 9899     |
---------------------------------
---------------------------------
| rollout/           |          |
|    ep_len_mean     | 50       |
|    ep_rew_mean     | -17.2    |
|    success_rate    | 0.67     |
| time/              |          |
|    episodes        | 204      |
|    fps             | 65       |
|    time_elapsed    | 155      |
|    total_timesteps | 10200    |
| train/             |          |
|    actor_loss      | 1.81     |
|    critic_loss     | 0.0694   |
|    ent_coef        | 0.00872  |
|    ent_coef_loss   | 0.131    |
|    learning_rate   | 0.001    |
|    n_updates       | 10099    |
---------------------------------
---------------------------------
| rollout/           |          |
|    ep_len_mean     | 50       |
|    ep_rew_mean     | -15.7    |
|    success_rate    | 0.7      |
| time/              |          |
|    episodes        | 208      |
|    fps             | 65       |
|    time_elapsed    | 158      |
|    total_timesteps | 10400    |
| train/             |          |
|    actor_loss      | 1.76     |
|    critic_loss     | 0.0881   |
|    ent_coef        | 0.0083   |
|    ent_coef_loss   | 2.88     |
|    learning_rate   | 0.001    |
|    n_updates       | 10299    |
---------------------------------
---------------------------------
| rollout/           |          |
|    ep_len_mean     | 50       |
|    ep_rew_mean     | -14.9    |
|    success_rate    | 0.73     |
| time/              |          |
|    episodes        | 212      |
|    fps             | 65       |
|    time_elapsed    | 161      |
|    total_timesteps | 10600    |
| train/             |          |
|    actor_loss      | 1.85     |
|    critic_loss     | 0.0531   |
|    ent_coef        | 0.00795  |
|    ent_coef_loss   | 1.32     |
|    learning_rate   | 0.001    |
|    n_updates       | 10499    |
---------------------------------
---------------------------------
| rollout/           |          |
|    ep_len_mean     | 50       |
|    ep_rew_mean     | -13.2    |
|    success_rate    | 0.77     |
| time/              |          |
|    episodes        | 216      |
|    fps             | 65       |
|    time_elapsed    | 164      |
|    total_timesteps | 10800    |
| train/             |          |
|    actor_loss      | 1.62     |
|    critic_loss     | 0.0653   |
|    ent_coef        | 0.00788  |
|    ent_coef_loss   | 0.774    |
|    learning_rate   | 0.001    |
|    n_updates       | 10699    |
---------------------------------
---------------------------------
| rollout/           |          |
|    ep_len_mean     | 50       |
|    ep_rew_mean     | -11.3    |
|    success_rate    | 0.81     |
| time/              |          |
|    episodes        | 220      |
|    fps             | 65       |
|    time_elapsed    | 167      |
|    total_timesteps | 11000    |
| train/             |          |
|    actor_loss      | 1.39     |
|    critic_loss     | 0.0635   |
|    ent_coef        | 0.00753  |
|    ent_coef_loss   | -0.618   |
|    learning_rate   | 0.001    |
|    n_updates       | 10899    |
---------------------------------
---------------------------------
| rollout/           |          |
|    ep_len_mean     | 50       |
|    ep_rew_mean     | -10.4    |
|    success_rate    | 0.83     |
| time/              |          |
|    episodes        | 224      |
|    fps             | 65       |
|    time_elapsed    | 170      |
|    total_timesteps | 11200    |
| train/             |          |
|    actor_loss      | 1.17     |
|    critic_loss     | 0.0491   |
|    ent_coef        | 0.00723  |
|    ent_coef_loss   | -1.24    |
|    learning_rate   | 0.001    |
|    n_updates       | 11099    |
---------------------------------
---------------------------------
| rollout/           |          |
|    ep_len_mean     | 50       |
|    ep_rew_mean     | -9.7     |
|    success_rate    | 0.85     |
| time/              |          |
|    episodes        | 228      |
|    fps             | 65       |
|    time_elapsed    | 173      |
|    total_timesteps | 11400    |
| train/             |          |
|    actor_loss      | 1.39     |
|    critic_loss     | 0.059    |
|    ent_coef        | 0.00709  |
|    ent_coef_loss   | -3.39    |
|    learning_rate   | 0.001    |
|    n_updates       | 11299    |
---------------------------------
---------------------------------
| rollout/           |          |
|    ep_len_mean     | 50       |
|    ep_rew_mean     | -8.99    |
|    success_rate    | 0.86     |
| time/              |          |
|    episodes        | 232      |
|    fps             | 65       |
|    time_elapsed    | 176      |
|    total_timesteps | 11600    |
| train/             |          |
|    actor_loss      | 1.33     |
|    critic_loss     | 0.0546   |
|    ent_coef        | 0.00686  |
|    ent_coef_loss   | 1.04     |
|    learning_rate   | 0.001    |
|    n_updates       | 11499    |
---------------------------------
---------------------------------
| rollout/           |          |
|    ep_len_mean     | 50       |
|    ep_rew_mean     | -8.13    |
|    success_rate    | 0.88     |
| time/              |          |
|    episodes        | 236      |
|    fps             | 65       |
|    time_elapsed    | 180      |
|    total_timesteps | 11800    |
| train/             |          |
|    actor_loss      | 1.34     |
|    critic_loss     | 0.0642   |
|    ent_coef        | 0.00657  |
|    ent_coef_loss   | -1.32    |
|    learning_rate   | 0.001    |
|    n_updates       | 11699    |
---------------------------------
---------------------------------
| rollout/           |          |
|    ep_len_mean     | 50       |
|    ep_rew_mean     | -7.17    |
|    success_rate    | 0.9      |
| time/              |          |
|    episodes        | 240      |
|    fps             | 65       |
|    time_elapsed    | 183      |
|    total_timesteps | 12000    |
| train/             |          |
|    actor_loss      | 1.63     |
|    critic_loss     | 0.0488   |
|    ent_coef        | 0.00649  |
|    ent_coef_loss   | 1.29     |
|    learning_rate   | 0.001    |
|    n_updates       | 11899    |
---------------------------------
---------------------------------
| rollout/           |          |
|    ep_len_mean     | 50       |
|    ep_rew_mean     | -6.3     |
|    success_rate    | 0.92     |
| time/              |          |
|    episodes        | 244      |
|    fps             | 65       |
|    time_elapsed    | 186      |
|    total_timesteps | 12200    |
| train/             |          |
|    actor_loss      | 1.2      |
|    critic_loss     | 0.058    |
|    ent_coef        | 0.00606  |
|    ent_coef_loss   | -0.0583  |
|    learning_rate   | 0.001    |
|    n_updates       | 12099    |
---------------------------------
---------------------------------
| rollout/           |          |
|    ep_len_mean     | 50       |
|    ep_rew_mean     | -5.53    |
|    success_rate    | 0.93     |
| time/              |          |
|    episodes        | 248      |
|    fps             | 65       |
|    time_elapsed    | 189      |
|    total_timesteps | 12400    |
| train/             |          |
|    actor_loss      | 1.38     |
|    critic_loss     | 0.0642   |
|    ent_coef        | 0.00571  |
|    ent_coef_loss   | 1.11     |
|    learning_rate   | 0.001    |
|    n_updates       | 12299    |
---------------------------------
---------------------------------
| rollout/           |          |
|    ep_len_mean     | 50       |
|    ep_rew_mean     | -4.78    |
|    success_rate    | 0.95     |
| time/              |          |
|    episodes        | 252      |
|    fps             | 65       |
|    time_elapsed    | 192      |
|    total_timesteps | 12600    |
| train/             |          |
|    actor_loss      | 0.941    |
|    critic_loss     | 0.0574   |
|    ent_coef        | 0.00544  |
|    ent_coef_loss   | -2.62    |
|    learning_rate   | 0.001    |
|    n_updates       | 12499    |
---------------------------------
---------------------------------
| rollout/           |          |
|    ep_len_mean     | 50       |
|    ep_rew_mean     | -3.87    |
|    success_rate    | 0.97     |
| time/              |          |
|    episodes        | 256      |
|    fps             | 65       |
|    time_elapsed    | 195      |
|    total_timesteps | 12800    |
| train/             |          |
|    actor_loss      | 1.13     |
|    critic_loss     | 0.0463   |
|    ent_coef        | 0.00537  |
|    ent_coef_loss   | -2.86    |
|    learning_rate   | 0.001    |
|    n_updates       | 12699    |
---------------------------------
---------------------------------
| rollout/           |          |
|    ep_len_mean     | 50       |
|    ep_rew_mean     | -3.35    |
|    success_rate    | 0.98     |
| time/              |          |
|    episodes        | 260      |
|    fps             | 65       |
|    time_elapsed    | 198      |
|    total_timesteps | 13000    |
| train/             |          |
|    actor_loss      | 1.06     |
|    critic_loss     | 0.0406   |
|    ent_coef        | 0.00522  |
|    ent_coef_loss   | -0.547   |
|    learning_rate   | 0.001    |
|    n_updates       | 12899    |
---------------------------------
---------------------------------
| rollout/           |          |
|    ep_len_mean     | 50       |
|    ep_rew_mean     | -3.32    |
|    success_rate    | 0.98     |
| time/              |          |
|    episodes        | 264      |
|    fps             | 65       |
|    time_elapsed    | 201      |
|    total_timesteps | 13200    |
| train/             |          |
|    actor_loss      | 0.983    |
|    critic_loss     | 0.0426   |
|    ent_coef        | 0.00496  |
|    ent_coef_loss   | -1.26    |
|    learning_rate   | 0.001    |
|    n_updates       | 13099    |
---------------------------------
---------------------------------
| rollout/           |          |
|    ep_len_mean     | 50       |
|    ep_rew_mean     | -3.26    |
|    success_rate    | 0.98     |
| time/              |          |
|    episodes        | 268      |
|    fps             | 65       |
|    time_elapsed    | 204      |
|    total_timesteps | 13400    |
| train/             |          |
|    actor_loss      | 1.12     |
|    critic_loss     | 0.0499   |
|    ent_coef        | 0.00484  |
|    ent_coef_loss   | -0.081   |
|    learning_rate   | 0.001    |
|    n_updates       | 13299    |
---------------------------------
---------------------------------
| rollout/           |          |
|    ep_len_mean     | 50       |
|    ep_rew_mean     | -3.05    |
|    success_rate    | 0.98     |
| time/              |          |
|    episodes        | 272      |
|    fps             | 65       |
|    time_elapsed    | 208      |
|    total_timesteps | 13600    |
| train/             |          |
|    actor_loss      | 1.26     |
|    critic_loss     | 0.0442   |
|    ent_coef        | 0.00455  |
|    ent_coef_loss   | -0.567   |
|    learning_rate   | 0.001    |
|    n_updates       | 13499    |
---------------------------------
---------------------------------
| rollout/           |          |
|    ep_len_mean     | 50       |
|    ep_rew_mean     | -2.53    |
|    success_rate    | 0.99     |
| time/              |          |
|    episodes        | 276      |
|    fps             | 65       |
|    time_elapsed    | 211      |
|    total_timesteps | 13800    |
| train/             |          |
|    actor_loss      | 1.16     |
|    critic_loss     | 0.0435   |
|    ent_coef        | 0.00439  |
|    ent_coef_loss   | 1.58     |
|    learning_rate   | 0.001    |
|    n_updates       | 13699    |
---------------------------------
---------------------------------
| rollout/           |          |
|    ep_len_mean     | 50       |
|    ep_rew_mean     | -2.49    |
|    success_rate    | 0.99     |
| time/              |          |
|    episodes        | 280      |
|    fps             | 65       |
|    time_elapsed    | 214      |
|    total_timesteps | 14000    |
| train/             |          |
|    actor_loss      | 1.07     |
|    critic_loss     | 0.0361   |
|    ent_coef        | 0.00427  |
|    ent_coef_loss   | 0.828    |
|    learning_rate   | 0.001    |
|    n_updates       | 13899    |
---------------------------------
---------------------------------
| rollout/           |          |
|    ep_len_mean     | 50       |
|    ep_rew_mean     | -2.47    |
|    success_rate    | 0.99     |
| time/              |          |
|    episodes        | 284      |
|    fps             | 65       |
|    time_elapsed    | 217      |
|    total_timesteps | 14200    |
| train/             |          |
|    actor_loss      | 1.08     |
|    critic_loss     | 0.038    |
|    ent_coef        | 0.00415  |
|    ent_coef_loss   | -3.83    |
|    learning_rate   | 0.001    |
|    n_updates       | 14099    |
---------------------------------
---------------------------------
| rollout/           |          |
|    ep_len_mean     | 50       |
|    ep_rew_mean     | -2.35    |
|    success_rate    | 0.99     |
| time/              |          |
|    episodes        | 288      |
|    fps             | 65       |
|    time_elapsed    | 220      |
|    total_timesteps | 14400    |
| train/             |          |
|    actor_loss      | 0.918    |
|    critic_loss     | 0.0401   |
|    ent_coef        | 0.00389  |
|    ent_coef_loss   | 1.24     |
|    learning_rate   | 0.001    |
|    n_updates       | 14299    |
---------------------------------
---------------------------------
| rollout/           |          |
|    ep_len_mean     | 50       |
|    ep_rew_mean     | -2.26    |
|    success_rate    | 0.99     |
| time/              |          |
|    episodes        | 292      |
|    fps             | 65       |
|    time_elapsed    | 223      |
|    total_timesteps | 14600    |
| train/             |          |
|    actor_loss      | 0.859    |
|    critic_loss     | 0.0399   |
|    ent_coef        | 0.00369  |
|    ent_coef_loss   | -3.61    |
|    learning_rate   | 0.001    |
|    n_updates       | 14499    |
---------------------------------
---------------------------------
| rollout/           |          |
|    ep_len_mean     | 50       |
|    ep_rew_mean     | -2.25    |
|    success_rate    | 0.99     |
| time/              |          |
|    episodes        | 296      |
|    fps             | 65       |
|    time_elapsed    | 226      |
|    total_timesteps | 14800    |
| train/             |          |
|    actor_loss      | 0.933    |
|    critic_loss     | 0.0269   |
|    ent_coef        | 0.00366  |
|    ent_coef_loss   | -2.31    |
|    learning_rate   | 0.001    |
|    n_updates       | 14699    |
---------------------------------
---------------------------------
| rollout/           |          |
|    ep_len_mean     | 50       |
|    ep_rew_mean     | -1.82    |
|    success_rate    | 1        |
| time/              |          |
|    episodes        | 300      |
|    fps             | 65       |
|    time_elapsed    | 229      |
|    total_timesteps | 15000    |
| train/             |          |
|    actor_loss      | 0.996    |
|    critic_loss     | 0.0331   |
|    ent_coef        | 0.0037   |
|    ent_coef_loss   | -0.61    |
|    learning_rate   | 0.001    |
|    n_updates       | 14899    |
---------------------------------
---------------------------------
| rollout/           |          |
|    ep_len_mean     | 50       |
|    ep_rew_mean     | -1.83    |
|    success_rate    | 1        |
| time/              |          |
|    episodes        | 304      |
|    fps             | 65       |
|    time_elapsed    | 232      |
|    total_timesteps | 15200    |
| train/             |          |
|    actor_loss      | 0.859    |
|    critic_loss     | 0.0328   |
|    ent_coef        | 0.00338  |
|    ent_coef_loss   | -0.373   |
|    learning_rate   | 0.001    |
|    n_updates       | 15099    |
---------------------------------
---------------------------------
| rollout/           |          |
|    ep_len_mean     | 50       |
|    ep_rew_mean     | -1.78    |
|    success_rate    | 1        |
| time/              |          |
|    episodes        | 308      |
|    fps             | 65       |
|    time_elapsed    | 235      |
|    total_timesteps | 15400    |
| train/             |          |
|    actor_loss      | 0.91     |
|    critic_loss     | 0.0294   |
|    ent_coef        | 0.0031   |
|    ent_coef_loss   | -1.3     |
|    learning_rate   | 0.001    |
|    n_updates       | 15299    |
---------------------------------
---------------------------------
| rollout/           |          |
|    ep_len_mean     | 50       |
|    ep_rew_mean     | -1.61    |
|    success_rate    | 1        |
| time/              |          |
|    episodes        | 312      |
|    fps             | 65       |
|    time_elapsed    | 238      |
|    total_timesteps | 15600    |
| train/             |          |
|    actor_loss      | 1.04     |
|    critic_loss     | 0.0346   |
|    ent_coef        | 0.00311  |
|    ent_coef_loss   | 1.5      |
|    learning_rate   | 0.001    |
|    n_updates       | 15499    |
---------------------------------
---------------------------------
| rollout/           |          |
|    ep_len_mean     | 50       |
|    ep_rew_mean     | -1.59    |
|    success_rate    | 1        |
| time/              |          |
|    episodes        | 316      |
|    fps             | 65       |
|    time_elapsed    | 241      |
|    total_timesteps | 15800    |
| train/             |          |
|    actor_loss      | 0.986    |
|    critic_loss     | 0.0298   |
|    ent_coef        | 0.00301  |
|    ent_coef_loss   | -0.175   |
|    learning_rate   | 0.001    |
|    n_updates       | 15699    |
---------------------------------
---------------------------------
| rollout/           |          |
|    ep_len_mean     | 50       |
|    ep_rew_mean     | -1.59    |
|    success_rate    | 1        |
| time/              |          |
|    episodes        | 320      |
|    fps             | 65       |
|    time_elapsed    | 245      |
|    total_timesteps | 16000    |
| train/             |          |
|    actor_loss      | 0.95     |
|    critic_loss     | 0.0301   |
|    ent_coef        | 0.00294  |
|    ent_coef_loss   | -0.569   |
|    learning_rate   | 0.001    |
|    n_updates       | 15899    |
---------------------------------
---------------------------------
| rollout/           |          |
|    ep_len_mean     | 50       |
|    ep_rew_mean     | -1.54    |
|    success_rate    | 1        |
| time/              |          |
|    episodes        | 324      |
|    fps             | 65       |
|    time_elapsed    | 248      |
|    total_timesteps | 16200    |
| train/             |          |
|    actor_loss      | 0.94     |
|    critic_loss     | 0.0357   |
|    ent_coef        | 0.00278  |
|    ent_coef_loss   | -1.21    |
|    learning_rate   | 0.001    |
|    n_updates       | 16099    |
---------------------------------
---------------------------------
| rollout/           |          |
|    ep_len_mean     | 50       |
|    ep_rew_mean     | -1.55    |
|    success_rate    | 1        |
| time/              |          |
|    episodes        | 328      |
|    fps             | 65       |
|    time_elapsed    | 251      |
|    total_timesteps | 16400    |
| train/             |          |
|    actor_loss      | 1.02     |
|    critic_loss     | 0.0279   |
|    ent_coef        | 0.00269  |
|    ent_coef_loss   | 1.88     |
|    learning_rate   | 0.001    |
|    n_updates       | 16299    |
---------------------------------
---------------------------------
| rollout/           |          |
|    ep_len_mean     | 50       |
|    ep_rew_mean     | -1.58    |
|    success_rate    | 1        |
| time/              |          |
|    episodes        | 332      |
|    fps             | 65       |
|    time_elapsed    | 254      |
|    total_timesteps | 16600    |
| train/             |          |
|    actor_loss      | 0.889    |
|    critic_loss     | 0.0375   |
|    ent_coef        | 0.00272  |
|    ent_coef_loss   | -0.807   |
|    learning_rate   | 0.001    |
|    n_updates       | 16499    |
---------------------------------
---------------------------------
| rollout/           |          |
|    ep_len_mean     | 50       |
|    ep_rew_mean     | -1.59    |
|    success_rate    | 1        |
| time/              |          |
|    episodes        | 336      |
|    fps             | 65       |
|    time_elapsed    | 257      |
|    total_timesteps | 16800    |
| train/             |          |
|    actor_loss      | 0.809    |
|    critic_loss     | 0.0344   |
|    ent_coef        | 0.00267  |
|    ent_coef_loss   | 1.26     |
|    learning_rate   | 0.001    |
|    n_updates       | 16699    |
---------------------------------
---------------------------------
| rollout/           |          |
|    ep_len_mean     | 50       |
|    ep_rew_mean     | -1.59    |
|    success_rate    | 1        |
| time/              |          |
|    episodes        | 340      |
|    fps             | 65       |
|    time_elapsed    | 260      |
|    total_timesteps | 17000    |
| train/             |          |
|    actor_loss      | 0.759    |
|    critic_loss     | 0.0303   |
|    ent_coef        | 0.00251  |
|    ent_coef_loss   | -0.528   |
|    learning_rate   | 0.001    |
|    n_updates       | 16899    |
---------------------------------
---------------------------------
| rollout/           |          |
|    ep_len_mean     | 50       |
|    ep_rew_mean     | -1.59    |
|    success_rate    | 1        |
| time/              |          |
|    episodes        | 344      |
|    fps             | 65       |
|    time_elapsed    | 263      |
|    total_timesteps | 17200    |
| train/             |          |
|    actor_loss      | 0.992    |
|    critic_loss     | 0.0301   |
|    ent_coef        | 0.00247  |
|    ent_coef_loss   | -1.56    |
|    learning_rate   | 0.001    |
|    n_updates       | 17099    |
---------------------------------
---------------------------------
| rollout/           |          |
|    ep_len_mean     | 50       |
|    ep_rew_mean     | -1.64    |
|    success_rate    | 1        |
| time/              |          |
|    episodes        | 348      |
|    fps             | 65       |
|    time_elapsed    | 266      |
|    total_timesteps | 17400    |
| train/             |          |
|    actor_loss      | 0.986    |
|    critic_loss     | 0.0239   |
|    ent_coef        | 0.00247  |
|    ent_coef_loss   | 1.26     |
|    learning_rate   | 0.001    |
|    n_updates       | 17299    |
---------------------------------
---------------------------------
| rollout/           |          |
|    ep_len_mean     | 50       |
|    ep_rew_mean     | -1.65    |
|    success_rate    | 1        |
| time/              |          |
|    episodes        | 352      |
|    fps             | 65       |
|    time_elapsed    | 269      |
|    total_timesteps | 17600    |
| train/             |          |
|    actor_loss      | 0.911    |
|    critic_loss     | 0.0284   |
|    ent_coef        | 0.00235  |
|    ent_coef_loss   | 0.503    |
|    learning_rate   | 0.001    |
|    n_updates       | 17499    |
---------------------------------
---------------------------------
| rollout/           |          |
|    ep_len_mean     | 50       |
|    ep_rew_mean     | -1.61    |
|    success_rate    | 1        |
| time/              |          |
|    episodes        | 356      |
|    fps             | 65       |
|    time_elapsed    | 272      |
|    total_timesteps | 17800    |
| train/             |          |
|    actor_loss      | 0.792    |
|    critic_loss     | 0.0297   |
|    ent_coef        | 0.0023   |
|    ent_coef_loss   | -0.685   |
|    learning_rate   | 0.001    |
|    n_updates       | 17699    |
---------------------------------
---------------------------------
| rollout/           |          |
|    ep_len_mean     | 50       |
|    ep_rew_mean     | -1.6     |
|    success_rate    | 1        |
| time/              |          |
|    episodes        | 360      |
|    fps             | 65       |
|    time_elapsed    | 276      |
|    total_timesteps | 18000    |
| train/             |          |
|    actor_loss      | 0.849    |
|    critic_loss     | 0.018    |
|    ent_coef        | 0.0023   |
|    ent_coef_loss   | 1.62     |
|    learning_rate   | 0.001    |
|    n_updates       | 17899    |
---------------------------------
---------------------------------
| rollout/           |          |
|    ep_len_mean     | 50       |
|    ep_rew_mean     | -1.63    |
|    success_rate    | 1        |
| time/              |          |
|    episodes        | 364      |
|    fps             | 65       |
|    time_elapsed    | 279      |
|    total_timesteps | 18200    |
| train/             |          |
|    actor_loss      | 0.741    |
|    critic_loss     | 0.0199   |
|    ent_coef        | 0.0022   |
|    ent_coef_loss   | -3.05    |
|    learning_rate   | 0.001    |
|    n_updates       | 18099    |
---------------------------------
---------------------------------
| rollout/           |          |
|    ep_len_mean     | 50       |
|    ep_rew_mean     | -1.64    |
|    success_rate    | 1        |
| time/              |          |
|    episodes        | 368      |
|    fps             | 65       |
|    time_elapsed    | 282      |
|    total_timesteps | 18400    |
| train/             |          |
|    actor_loss      | 0.74     |
|    critic_loss     | 0.022    |
|    ent_coef        | 0.00214  |
|    ent_coef_loss   | -0.454   |
|    learning_rate   | 0.001    |
|    n_updates       | 18299    |
---------------------------------
---------------------------------
| rollout/           |          |
|    ep_len_mean     | 50       |
|    ep_rew_mean     | -1.62    |
|    success_rate    | 1        |
| time/              |          |
|    episodes        | 372      |
|    fps             | 65       |
|    time_elapsed    | 285      |
|    total_timesteps | 18600    |
| train/             |          |
|    actor_loss      | 1.01     |
|    critic_loss     | 0.0272   |
|    ent_coef        | 0.00204  |
|    ent_coef_loss   | 1.75     |
|    learning_rate   | 0.001    |
|    n_updates       | 18499    |
---------------------------------
---------------------------------
| rollout/           |          |
|    ep_len_mean     | 50       |
|    ep_rew_mean     | -1.63    |
|    success_rate    | 1        |
| time/              |          |
|    episodes        | 376      |
|    fps             | 65       |
|    time_elapsed    | 288      |
|    total_timesteps | 18800    |
| train/             |          |
|    actor_loss      | 0.841    |
|    critic_loss     | 0.0277   |
|    ent_coef        | 0.00195  |
|    ent_coef_loss   | -0.269   |
|    learning_rate   | 0.001    |
|    n_updates       | 18699    |
---------------------------------
---------------------------------
| rollout/           |          |
|    ep_len_mean     | 50       |
|    ep_rew_mean     | -1.64    |
|    success_rate    | 1        |
| time/              |          |
|    episodes        | 380      |
|    fps             | 65       |
|    time_elapsed    | 291      |
|    total_timesteps | 19000    |
| train/             |          |
|    actor_loss      | 0.728    |
|    critic_loss     | 0.03     |
|    ent_coef        | 0.00195  |
|    ent_coef_loss   | 1.05     |
|    learning_rate   | 0.001    |
|    n_updates       | 18899    |
---------------------------------
---------------------------------
| rollout/           |          |
|    ep_len_mean     | 50       |
|    ep_rew_mean     | -1.63    |
|    success_rate    | 1        |
| time/              |          |
|    episodes        | 384      |
|    fps             | 65       |
|    time_elapsed    | 294      |
|    total_timesteps | 19200    |
| train/             |          |
|    actor_loss      | 0.661    |
|    critic_loss     | 0.0173   |
|    ent_coef        | 0.00192  |
|    ent_coef_loss   | -3.51    |
|    learning_rate   | 0.001    |
|    n_updates       | 19099    |
---------------------------------
---------------------------------
| rollout/           |          |
|    ep_len_mean     | 50       |
|    ep_rew_mean     | -1.66    |
|    success_rate    | 1        |
| time/              |          |
|    episodes        | 388      |
|    fps             | 65       |
|    time_elapsed    | 297      |
|    total_timesteps | 19400    |
| train/             |          |
|    actor_loss      | 0.888    |
|    critic_loss     | 0.0209   |
|    ent_coef        | 0.00194  |
|    ent_coef_loss   | 0.388    |
|    learning_rate   | 0.001    |
|    n_updates       | 19299    |
---------------------------------
---------------------------------
| rollout/           |          |
|    ep_len_mean     | 50       |
|    ep_rew_mean     | -1.67    |
|    success_rate    | 1        |
| time/              |          |
|    episodes        | 392      |
|    fps             | 65       |
|    time_elapsed    | 300      |
|    total_timesteps | 19600    |
| train/             |          |
|    actor_loss      | 0.72     |
|    critic_loss     | 0.0183   |
|    ent_coef        | 0.00173  |
|    ent_coef_loss   | -3.19    |
|    learning_rate   | 0.001    |
|    n_updates       | 19499    |
---------------------------------
---------------------------------
| rollout/           |          |
|    ep_len_mean     | 50       |
|    ep_rew_mean     | -1.65    |
|    success_rate    | 1        |
| time/              |          |
|    episodes        | 396      |
|    fps             | 65       |
|    time_elapsed    | 303      |
|    total_timesteps | 19800    |
| train/             |          |
|    actor_loss      | 0.712    |
|    critic_loss     | 0.0233   |
|    ent_coef        | 0.00173  |
|    ent_coef_loss   | 2.34     |
|    learning_rate   | 0.001    |
|    n_updates       | 19699    |
---------------------------------
---------------------------------
| rollout/           |          |
|    ep_len_mean     | 50       |
|    ep_rew_mean     | -1.63    |
|    success_rate    | 1        |
| time/              |          |
|    episodes        | 400      |
|    fps             | 65       |
|    time_elapsed    | 307      |
|    total_timesteps | 20000    |
| train/             |          |
|    actor_loss      | 0.706    |
|    critic_loss     | 0.017    |
|    ent_coef        | 0.00166  |
|    ent_coef_loss   | -3.76    |
|    learning_rate   | 0.001    |
|    n_updates       | 19899    |
---------------------------------
success_rate=1.000 over 50 episodes
