AdroitHandRelocateDense-v1, AdroitHandHammerDense-v1, AdroitHandDoorDense-v1 environment's reward functions were updated in v1.2.1 without an environment version update. Therefore, use gymnasium-robotics==1.2.0 for v1 reproducibility or use v2 in gymnasium-robotics>=1.4.3. See https://github.com/Farama-Foundation/Gymnasium-Robotics/pull/220 for more details
Using cpu device
Wrapping the env with a `Monitor` wrapper
Wrapping the env in a DummyVecEnv.
---------------------------------
| rollout/           |          |
|    ep_len_mean     | 50       |
|    ep_rew_mean     | -50      |
|    success_rate    | 0        |
| time/              |          |
|    episodes        | 4        |
|    fps             | 144      |
|    time_elapsed    | 1        |
|    total_timesteps | 200      |
| train/             |          |
|    actor_loss      | -4.62    |
|    critic_loss     | 0.236    |
|    ent_coef        | 0.907    |
|    ent_coef_loss   | -0.66    |
|    learning_rate   | 0.001    |
|    n_updates       | 99       |
---------------------------------
---------------------------------
| rollout/           |          |
|    ep_len_mean     | 50       |
|    ep_rew_mean     | -50      |
|    success_rate    | 0        |
| time/              |          |
|    episodes        | 8        |
|    fps             | 97       |
|    time_elapsed    | 4        |
|    total_timesteps | 400      |
| train/             |          |
|    actor_loss      | -4.66    |
|    critic_loss     | 0.235    |
|    ent_coef        | 0.742    |
|    ent_coef_loss   | -2.01    |
|    learning_rate   | 0.001    |
|    n_updates       | 299      |
---------------------------------
---------------------------------
| rollout/           |          |
|    ep_len_mean     | 50       |
|    ep_rew_mean     | -50      |
|    success_rate    | 0        |
| time/              |          |
|    episodes        | 12       |
|    fps             | 88       |
|    time_elapsed    | 6        |
|    total_timesteps | 600      |
| train/             |          |
|    actor_loss      | -4.75    |
|    critic_loss     | 0.207    |
|    ent_coef        | 0.608    |
|    ent_coef_loss   | -3.36    |
|    learning_rate   | 0.001    |
|    n_updates       | 499      |
---------------------------------
---------------------------------
| rollout/           |          |
|    ep_len_mean     | 50       |
|    ep_rew_mean     | -49.4    |
|    success_rate    | 0        |
| time/              |          |
|    episodes        | 16       |
|    fps             | 84       |
|    time_elapsed    | 9        |
|    total_timesteps | 800      |
| train/             |          |
|    actor_loss      | -4.55    |
|    critic_loss     | 0.179    |
|    ent_coef        | 0.497    |
|    ent_coef_loss   | -4.7     |
|    learning_rate   | 0.001    |
|    n_updates       | 699      |
---------------------------------
---------------------------------
| rollout/           |          |
|    ep_len_mean     | 50       |
|    ep_rew_mean     | -48.2    |
|    success_rate    | 0        |
| time/              |          |
|    episodes        | 20       |
|    fps             | 82       |
|    time_elapsed    | 12       |
|    total_timesteps | 1000     |
| train/             |          |
|    actor_loss      | -4.4     |
|    critic_loss     | 0.178    |
|    ent_coef        | 0.407    |
|    ent_coef_loss   | -6.08    |
|    learning_rate   | 0.001    |
|    n_updates       | 899      |
---------------------------------
---------------------------------
| rollout/           |          |
|    ep_len_mean     | 50       |
|    ep_rew_mean     | -48.4    |
|    success_rate    | 0        |
| time/              |          |
|    episodes        | 24       |
|    fps             | 81       |
|    time_elapsed    | 14       |
|    total_timesteps | 1200     |
| train/             |          |
|    actor_loss      | -4.11    |
|    critic_loss     | 0.189    |
|    ent_coef        | 0.333    |
|    ent_coef_loss   | -7.37    |
|    learning_rate   | 0.001    |
|    n_updates       | 1099     |
---------------------------------
---------------------------------
| rollout/           |          |
|    ep_len_mean     | 50       |
|    ep_rew_mean     | -48.6    |
|    success_rate    | 0        |
| time/              |          |
|    episodes        | 28       |
|    fps             | 81       |
|    time_elapsed    | 17       |
|    total_timesteps | 1400     |
| train/             |          |
|    actor_loss      | -3.63    |
|    critic_loss     | 0.19     |
|    ent_coef        | 0.273    |
|    ent_coef_loss   | -8.73    |
|    learning_rate   | 0.001    |
|    n_updates       | 1299     |
---------------------------------
---------------------------------
| rollout/           |          |
|    ep_len_mean     | 50       |
|    ep_rew_mean     | -48.8    |
|    success_rate    | 0        |
| time/              |          |
|    episodes        | 32       |
|    fps             | 80       |
|    time_elapsed    | 19       |
|    total_timesteps | 1600     |
| train/             |          |
|    actor_loss      | -3.14    |
|    critic_loss     | 0.185    |
|    ent_coef        | 0.224    |
|    ent_coef_loss   | -10.1    |
|    learning_rate   | 0.001    |
|    n_updates       | 1499     |
---------------------------------
---------------------------------
| rollout/           |          |
|    ep_len_mean     | 50       |
|    ep_rew_mean     | -48.9    |
|    success_rate    | 0        |
| time/              |          |
|    episodes        | 36       |
|    fps             | 79       |
|    time_elapsed    | 22       |
|    total_timesteps | 1800     |
| train/             |          |
|    actor_loss      | -2.57    |
|    critic_loss     | 0.175    |
|    ent_coef        | 0.183    |
|    ent_coef_loss   | -11.3    |
|    learning_rate   | 0.001    |
|    n_updates       | 1699     |
---------------------------------
---------------------------------
| rollout/           |          |
|    ep_len_mean     | 50       |
|    ep_rew_mean     | -49      |
|    success_rate    | 0        |
| time/              |          |
|    episodes        | 40       |
|    fps             | 79       |
|    time_elapsed    | 25       |
|    total_timesteps | 2000     |
| train/             |          |
|    actor_loss      | -1.92    |
|    critic_loss     | 0.174    |
|    ent_coef        | 0.15     |
|    ent_coef_loss   | -12.5    |
|    learning_rate   | 0.001    |
|    n_updates       | 1899     |
---------------------------------
---------------------------------
| rollout/           |          |
|    ep_len_mean     | 50       |
|    ep_rew_mean     | -49      |
|    success_rate    | 0        |
| time/              |          |
|    episodes        | 44       |
|    fps             | 78       |
|    time_elapsed    | 27       |
|    total_timesteps | 2200     |
| train/             |          |
|    actor_loss      | -1.28    |
|    critic_loss     | 0.169    |
|    ent_coef        | 0.123    |
|    ent_coef_loss   | -14      |
|    learning_rate   | 0.001    |
|    n_updates       | 2099     |
---------------------------------
---------------------------------
| rollout/           |          |
|    ep_len_mean     | 50       |
|    ep_rew_mean     | -49.1    |
|    success_rate    | 0        |
| time/              |          |
|    episodes        | 48       |
|    fps             | 78       |
|    time_elapsed    | 30       |
|    total_timesteps | 2400     |
| train/             |          |
|    actor_loss      | -0.675   |
|    critic_loss     | 0.14     |
|    ent_coef        | 0.102    |
|    ent_coef_loss   | -14.5    |
|    learning_rate   | 0.001    |
|    n_updates       | 2299     |
---------------------------------
---------------------------------
| rollout/           |          |
|    ep_len_mean     | 50       |
|    ep_rew_mean     | -49.1    |
|    success_rate    | 0        |
| time/              |          |
|    episodes        | 52       |
|    fps             | 77       |
|    time_elapsed    | 33       |
|    total_timesteps | 2600     |
| train/             |          |
|    actor_loss      | -0.125   |
|    critic_loss     | 0.12     |
|    ent_coef        | 0.0842   |
|    ent_coef_loss   | -14.8    |
|    learning_rate   | 0.001    |
|    n_updates       | 2499     |
---------------------------------
---------------------------------
| rollout/           |          |
|    ep_len_mean     | 50       |
|    ep_rew_mean     | -49.1    |
|    success_rate    | 0        |
| time/              |          |
|    episodes        | 56       |
|    fps             | 76       |
|    time_elapsed    | 36       |
|    total_timesteps | 2800     |
| train/             |          |
|    actor_loss      | 0.355    |
|    critic_loss     | 0.141    |
|    ent_coef        | 0.0702   |
|    ent_coef_loss   | -15.5    |
|    learning_rate   | 0.001    |
|    n_updates       | 2699     |
---------------------------------
---------------------------------
| rollout/           |          |
|    ep_len_mean     | 50       |
|    ep_rew_mean     | -49      |
|    success_rate    | 0        |
| time/              |          |
|    episodes        | 60       |
|    fps             | 77       |
|    time_elapsed    | 38       |
|    total_timesteps | 3000     |
| train/             |          |
|    actor_loss      | 0.634    |
|    critic_loss     | 0.19     |
|    ent_coef        | 0.0588   |
|    ent_coef_loss   | -14.2    |
|    learning_rate   | 0.001    |
|    n_updates       | 2899     |
---------------------------------
---------------------------------
| rollout/           |          |
|    ep_len_mean     | 50       |
|    ep_rew_mean     | -48.9    |
|    success_rate    | 0        |
| time/              |          |
|    episodes        | 64       |
|    fps             | 77       |
|    time_elapsed    | 41       |
|    total_timesteps | 3200     |
| train/             |          |
|    actor_loss      | 1.26     |
|    critic_loss     | 0.156    |
|    ent_coef        | 0.0495   |
|    ent_coef_loss   | -15.8    |
|    learning_rate   | 0.001    |
|    n_updates       | 3099     |
---------------------------------
---------------------------------
| rollout/           |          |
|    ep_len_mean     | 50       |
|    ep_rew_mean     | -48.9    |
|    success_rate    | 0        |
| time/              |          |
|    episodes        | 68       |
|    fps             | 77       |
|    time_elapsed    | 44       |
|    total_timesteps | 3400     |
| train/             |          |
|    actor_loss      | 2.08     |
|    critic_loss     | 0.28     |
|    ent_coef        | 0.0418   |
|    ent_coef_loss   | -10.9    |
|    learning_rate   | 0.001    |
|    n_updates       | 3299     |
---------------------------------
---------------------------------
| rollout/           |          |
|    ep_len_mean     | 50       |
|    ep_rew_mean     | -48.9    |
|    success_rate    | 0        |
| time/              |          |
|    episodes        | 72       |
|    fps             | 77       |
|    time_elapsed    | 46       |
|    total_timesteps | 3600     |
| train/             |          |
|    actor_loss      | 2.53     |
|    critic_loss     | 0.23     |
|    ent_coef        | 0.0356   |
|    ent_coef_loss   | -15.6    |
|    learning_rate   | 0.001    |
|    n_updates       | 3499     |
---------------------------------
---------------------------------
| rollout/           |          |
|    ep_len_mean     | 50       |
|    ep_rew_mean     | -48.7    |
|    success_rate    | 0        |
| time/              |          |
|    episodes        | 76       |
|    fps             | 77       |
|    time_elapsed    | 49       |
|    total_timesteps | 3800     |
| train/             |          |
|    actor_loss      | 2.91     |
|    critic_loss     | 0.322    |
|    ent_coef        | 0.0304   |
|    ent_coef_loss   | -15.2    |
|    learning_rate   | 0.001    |
|    n_updates       | 3699     |
---------------------------------
---------------------------------
| rollout/           |          |
|    ep_len_mean     | 50       |
|    ep_rew_mean     | -48.5    |
|    success_rate    | 0        |
| time/              |          |
|    episodes        | 80       |
|    fps             | 77       |
|    time_elapsed    | 51       |
|    total_timesteps | 4000     |
| train/             |          |
|    actor_loss      | 3.26     |
|    critic_loss     | 0.457    |
|    ent_coef        | 0.0265   |
|    ent_coef_loss   | -16.1    |
|    learning_rate   | 0.001    |
|    n_updates       | 3899     |
---------------------------------
---------------------------------
| rollout/           |          |
|    ep_len_mean     | 50       |
|    ep_rew_mean     | -47.9    |
|    success_rate    | 0.0119   |
| time/              |          |
|    episodes        | 84       |
|    fps             | 77       |
|    time_elapsed    | 54       |
|    total_timesteps | 4200     |
| train/             |          |
|    actor_loss      | 2.88     |
|    critic_loss     | 0.296    |
|    ent_coef        | 0.023    |
|    ent_coef_loss   | -16.7    |
|    learning_rate   | 0.001    |
|    n_updates       | 4099     |
---------------------------------
---------------------------------
| rollout/           |          |
|    ep_len_mean     | 50       |
|    ep_rew_mean     | -47.2    |
|    success_rate    | 0.0114   |
| time/              |          |
|    episodes        | 88       |
|    fps             | 77       |
|    time_elapsed    | 56       |
|    total_timesteps | 4400     |
| train/             |          |
|    actor_loss      | 3.44     |
|    critic_loss     | 0.312    |
|    ent_coef        | 0.0204   |
|    ent_coef_loss   | -10.4    |
|    learning_rate   | 0.001    |
|    n_updates       | 4299     |
---------------------------------
---------------------------------
| rollout/           |          |
|    ep_len_mean     | 50       |
|    ep_rew_mean     | -46.7    |
|    success_rate    | 0.0217   |
| time/              |          |
|    episodes        | 92       |
|    fps             | 77       |
|    time_elapsed    | 59       |
|    total_timesteps | 4600     |
| train/             |          |
|    actor_loss      | 3.25     |
|    critic_loss     | 0.186    |
|    ent_coef        | 0.0181   |
|    ent_coef_loss   | -9.59    |
|    learning_rate   | 0.001    |
|    n_updates       | 4499     |
---------------------------------
---------------------------------
| rollout/           |          |
|    ep_len_mean     | 50       |
|    ep_rew_mean     | -46.1    |
|    success_rate    | 0.0417   |
| time/              |          |
|    episodes        | 96       |
|    fps             | 77       |
|    time_elapsed    | 61       |
|    total_timesteps | 4800     |
| train/             |          |
|    actor_loss      | 3.79     |
|    critic_loss     | 0.185    |
|    ent_coef        | 0.0163   |
|    ent_coef_loss   | -4.77    |
|    learning_rate   | 0.001    |
|    n_updates       | 4699     |
---------------------------------
---------------------------------
| rollout/           |          |
|    ep_len_mean     | 50       |
|    ep_rew_mean     | -45.8    |
|    success_rate    | 0.05     |
| time/              |          |
|    episodes        | 100      |
|    fps             | 77       |
|    time_elapsed    | 64       |
|    total_timesteps | 5000     |
| train/             |          |
|    actor_loss      | 4.27     |
|    critic_loss     | 0.315    |
|    ent_coef        | 0.0149   |
|    ent_coef_loss   | -4.85    |
|    learning_rate   | 0.001    |
|    n_updates       | 4899     |
---------------------------------
---------------------------------
| rollout/           |          |
|    ep_len_mean     | 50       |
|    ep_rew_mean     | -44.8    |
|    success_rate    | 0.07     |
| time/              |          |
|    episodes        | 104      |
|    fps             | 77       |
|    time_elapsed    | 67       |
|    total_timesteps | 5200     |
| train/             |          |
|    actor_loss      | 3.31     |
|    critic_loss     | 0.169    |
|    ent_coef        | 0.0135   |
|    ent_coef_loss   | -7.59    |
|    learning_rate   | 0.001    |
|    n_updates       | 5099     |
---------------------------------
---------------------------------
| rollout/           |          |
|    ep_len_mean     | 50       |
|    ep_rew_mean     | -43.6    |
|    success_rate    | 0.09     |
| time/              |          |
|    episodes        | 108      |
|    fps             | 77       |
|    time_elapsed    | 69       |
|    total_timesteps | 5400     |
| train/             |          |
|    actor_loss      | 3.17     |
|    critic_loss     | 0.18     |
|    ent_coef        | 0.0127   |
|    ent_coef_loss   | -1.89    |
|    learning_rate   | 0.001    |
|    n_updates       | 5299     |
---------------------------------
---------------------------------
| rollout/           |          |
|    ep_len_mean     | 50       |
|    ep_rew_mean     | -42.5    |
|    success_rate    | 0.12     |
| time/              |          |
|    episodes        | 112      |
|    fps             | 77       |
|    time_elapsed    | 72       |
|    total_timesteps | 5600     |
| train/             |          |
|    actor_loss      | 3.08     |
|    critic_loss     | 0.0896   |
|    ent_coef        | 0.0122   |
|    ent_coef_loss   | -4.18    |
|    learning_rate   | 0.001    |
|    n_updates       | 5499     |
---------------------------------
---------------------------------
| rollout/           |          |
|    ep_len_mean     | 50       |
|    ep_rew_mean     | -41.2    |
|    success_rate    | 0.16     |
| time/              |          |
|    episodes        | 116      |
|    fps             | 77       |
|    time_elapsed    | 74       |
|    total_timesteps | 5800     |
| train/             |          |
|    actor_loss      | 3.11     |
|    critic_loss     | 0.126    |
|    ent_coef        | 0.0116   |
|    ent_coef_loss   | -1.17    |
|    learning_rate   | 0.001    |
|    n_updates       | 5699     |
---------------------------------
---------------------------------
| rollout/           |          |
|    ep_len_mean     | 50       |
|    ep_rew_mean     | -39.7    |
|    success_rate    | 0.19     |
| time/              |          |
|    episodes        | 120      |
|    fps             | 77       |
|    time_elapsed    | 77       |
|    total_timesteps | 6000     |
| train/             |          |
|    actor_loss      | 3.1      |
|    critic_loss     | 0.0831   |
|    ent_coef        | 0.0111   |
|    ent_coef_loss   | -0.312   |
|    learning_rate   | 0.001    |
|    n_updates       | 5899     |
---------------------------------
---------------------------------
| rollout/           |          |
|    ep_len_mean     | 50       |
|    ep_rew_mean     | -37.8    |
|    success_rate    | 0.23     |
| time/              |          |
|    episodes        | 124      |
|    fps             | 77       |
|    time_elapsed    | 80       |
|    total_timesteps | 6200     |
| train/             |          |
|    actor_loss      | 2.67     |
|    critic_loss     | 0.0639   |
|    ent_coef        | 0.0113   |
|    ent_coef_loss   | 1.18     |
|    learning_rate   | 0.001    |
|    n_updates       | 6099     |
---------------------------------
---------------------------------
| rollout/           |          |
|    ep_len_mean     | 50       |
|    ep_rew_mean     | -35.8    |
|    success_rate    | 0.27     |
| time/              |          |
|    episodes        | 128      |
|    fps             | 77       |
|    time_elapsed    | 82       |
|    total_timesteps | 6400     |
| train/             |          |
|    actor_loss      | 2.63     |
|    critic_loss     | 0.059    |
|    ent_coef        | 0.0117   |
|    ent_coef_loss   | 1.77     |
|    learning_rate   | 0.001    |
|    n_updates       | 6299     |
---------------------------------
---------------------------------
| rollout/           |          |
|    ep_len_mean     | 50       |
|    ep_rew_mean     | -33.9    |
|    success_rate    | 0.31     |
| time/              |          |
|    episodes        | 132      |
|    fps             | 77       |
|    time_elapsed    | 85       |
|    total_timesteps | 6600     |
| train/             |          |
|    actor_loss      | 2.61     |
|    critic_loss     | 0.0602   |
|    ent_coef        | 0.0118   |
|    ent_coef_loss   | 0.299    |
|    learning_rate   | 0.001    |
|    n_updates       | 6499     |
---------------------------------
---------------------------------
| rollout/           |          |
|    ep_len_mean     | 50       |
|    ep_rew_mean     | -32      |
|    success_rate    | 0.35     |
| time/              |          |
|    episodes        | 136      |
|    fps             | 77       |
|    time_elapsed    | 88       |
|    total_timesteps | 6800     |
| train/             |          |
|    actor_loss      | 2.45     |
|    critic_loss     | 0.0604   |
|    ent_coef        | 0.0118   |
|    ent_coef_loss   | -0.926   |
|    learning_rate   | 0.001    |
|    n_updates       | 6699     |
---------------------------------
---------------------------------
| rollout/           |          |
|    ep_len_mean     | 50       |
|    ep_rew_mean     | -30.1    |
|    success_rate    | 0.39     |
| time/              |          |
|    episodes        | 140      |
|    fps             | 77       |
|    time_elapsed    | 90       |
|    total_timesteps | 7000     |
| train/             |          |
|    actor_loss      | 2.46     |
|    critic_loss     | 0.0387   |
|    ent_coef        | 0.0114   |
|    ent_coef_loss   | -0.426   |
|    learning_rate   | 0.001    |
|    n_updates       | 6899     |
---------------------------------
---------------------------------
| rollout/           |          |
|    ep_len_mean     | 50       |
|    ep_rew_mean     | -28.1    |
|    success_rate    | 0.43     |
| time/              |          |
|    episodes        | 144      |
|    fps             | 77       |
|    time_elapsed    | 93       |
|    total_timesteps | 7200     |
| train/             |          |
|    actor_loss      | 2.48     |
|    critic_loss     | 0.0574   |
|    ent_coef        | 0.0107   |
|    ent_coef_loss   | -1.52    |
|    learning_rate   | 0.001    |
|    n_updates       | 7099     |
---------------------------------
---------------------------------
| rollout/           |          |
|    ep_len_mean     | 50       |
|    ep_rew_mean     | -26.2    |
|    success_rate    | 0.47     |
| time/              |          |
|    episodes        | 148      |
|    fps             | 77       |
|    time_elapsed    | 95       |
|    total_timesteps | 7400     |
| train/             |          |
|    actor_loss      | 2.04     |
|    critic_loss     | 0.0467   |
|    ent_coef        | 0.01     |
|    ent_coef_loss   | -2.53    |
|    learning_rate   | 0.001    |
|    n_updates       | 7299     |
---------------------------------
---------------------------------
| rollout/           |          |
|    ep_len_mean     | 50       |
|    ep_rew_mean     | -24.3    |
|    success_rate    | 0.51     |
| time/              |          |
|    episodes        | 152      |
|    fps             | 77       |
|    time_elapsed    | 98       |
|    total_timesteps | 7600     |
| train/             |          |
|    actor_loss      | 1.86     |
|    critic_loss     | 0.033    |
|    ent_coef        | 0.00908  |
|    ent_coef_loss   | -1.97    |
|    learning_rate   | 0.001    |
|    n_updates       | 7499     |
---------------------------------
---------------------------------
| rollout/           |          |
|    ep_len_mean     | 50       |
|    ep_rew_mean     | -22.4    |
|    success_rate    | 0.55     |
| time/              |          |
|    episodes        | 156      |
|    fps             | 77       |
|    time_elapsed    | 101      |
|    total_timesteps | 7800     |
| train/             |          |
|    actor_loss      | 2.09     |
|    critic_loss     | 0.0454   |
|    ent_coef        | 0.00827  |
|    ent_coef_loss   | -0.354   |
|    learning_rate   | 0.001    |
|    n_updates       | 7699     |
---------------------------------
---------------------------------
| rollout/           |          |
|    ep_len_mean     | 50       |
|    ep_rew_mean     | -20.6    |
|    success_rate    | 0.59     |
| time/              |          |
|    episodes        | 160      |
|    fps             | 77       |
|    time_elapsed    | 103      |
|    total_timesteps | 8000     |
| train/             |          |
|    actor_loss      | 1.83     |
|    critic_loss     | 0.0367   |
|    ent_coef        | 0.00747  |
|    ent_coef_loss   | -1.95    |
|    learning_rate   | 0.001    |
|    n_updates       | 7899     |
---------------------------------
---------------------------------
| rollout/           |          |
|    ep_len_mean     | 50       |
|    ep_rew_mean     | -18.8    |
|    success_rate    | 0.63     |
| time/              |          |
|    episodes        | 164      |
|    fps             | 77       |
|    time_elapsed    | 106      |
|    total_timesteps | 8200     |
| train/             |          |
|    actor_loss      | 1.81     |
|    critic_loss     | 0.0278   |
|    ent_coef        | 0.00681  |
|    ent_coef_loss   | -1.12    |
|    learning_rate   | 0.001    |
|    n_updates       | 8099     |
---------------------------------
---------------------------------
| rollout/           |          |
|    ep_len_mean     | 50       |
|    ep_rew_mean     | -17.6    |
|    success_rate    | 0.65     |
| time/              |          |
|    episodes        | 168      |
|    fps             | 77       |
|    time_elapsed    | 108      |
|    total_timesteps | 8400     |
| train/             |          |
|    actor_loss      | 2.76     |
|    critic_loss     | 0.142    |
|    ent_coef        | 0.00661  |
|    ent_coef_loss   | -22      |
|    learning_rate   | 0.001    |
|    n_updates       | 8299     |
---------------------------------
---------------------------------
| rollout/           |          |
|    ep_len_mean     | 50       |
|    ep_rew_mean     | -16.1    |
|    success_rate    | 0.67     |
| time/              |          |
|    episodes        | 172      |
|    fps             | 77       |
|    time_elapsed    | 111      |
|    total_timesteps | 8600     |
| train/             |          |
|    actor_loss      | 2.27     |
|    critic_loss     | 0.129    |
|    ent_coef        | 0.00567  |
|    ent_coef_loss   | 0.0243   |
|    learning_rate   | 0.001    |
|    n_updates       | 8499     |
---------------------------------
---------------------------------
| rollout/           |          |
|    ep_len_mean     | 50       |
|    ep_rew_mean     | -14.7    |
|    success_rate    | 0.71     |
| time/              |          |
|    episodes        | 176      |
|    fps             | 77       |
|    time_elapsed    | 114      |
|    total_timesteps | 8800     |
| train/             |          |
|    actor_loss      | 2.25     |
|    critic_loss     | 0.132    |
|    ent_coef        | 0.00528  |
|    ent_coef_loss   | 0.403    |
|    learning_rate   | 0.001    |
|    n_updates       | 8699     |
---------------------------------
---------------------------------
| rollout/           |          |
|    ep_len_mean     | 50       |
|    ep_rew_mean     | -13      |
|    success_rate    | 0.75     |
| time/              |          |
|    episodes        | 180      |
|    fps             | 77       |
|    time_elapsed    | 116      |
|    total_timesteps | 9000     |
| train/             |          |
|    actor_loss      | 1.83     |
|    critic_loss     | 0.0268   |
|    ent_coef        | 0.00502  |
|    ent_coef_loss   | 0.612    |
|    learning_rate   | 0.001    |
|    n_updates       | 8899     |
---------------------------------
---------------------------------
| rollout/           |          |
|    ep_len_mean     | 50       |
|    ep_rew_mean     | -11.6    |
|    success_rate    | 0.78     |
| time/              |          |
|    episodes        | 184      |
|    fps             | 77       |
|    time_elapsed    | 119      |
|    total_timesteps | 9200     |
| train/             |          |
|    actor_loss      | 1.58     |
|    critic_loss     | 0.0276   |
|    ent_coef        | 0.00475  |
|    ent_coef_loss   | -2.54    |
|    learning_rate   | 0.001    |
|    n_updates       | 9099     |
---------------------------------
---------------------------------
| rollout/           |          |
|    ep_len_mean     | 50       |
|    ep_rew_mean     | -10.3    |
|    success_rate    | 0.82     |
| time/              |          |
|    episodes        | 188      |
|    fps             | 77       |
|    time_elapsed    | 121      |
|    total_timesteps | 9400     |
| train/             |          |
|    actor_loss      | 1.45     |
|    critic_loss     | 0.0256   |
|    ent_coef        | 0.00453  |
|    ent_coef_loss   | -3.49    |
|    learning_rate   | 0.001    |
|    n_updates       | 9299     |
---------------------------------
---------------------------------
| rollout/           |          |
|    ep_len_mean     | 50       |
|    ep_rew_mean     | -8.89    |
|    success_rate    | 0.85     |
| time/              |          |
|    episodes        | 192      |
|    fps             | 77       |
|    time_elapsed    | 124      |
|    total_timesteps | 9600     |
| train/             |          |
|    actor_loss      | 1.68     |
|    critic_loss     | 0.0251   |
|    ent_coef        | 0.00423  |
|    ent_coef_loss   | -1.2     |
|    learning_rate   | 0.001    |
|    n_updates       | 9499     |
---------------------------------
---------------------------------
| rollout/           |          |
|    ep_len_mean     | 50       |
|    ep_rew_mean     | -7.63    |
|    success_rate    | 0.87     |
| time/              |          |
|    episodes        | 196      |
|    fps             | 76       |
|    time_elapsed    | 127      |
|    total_timesteps | 9800     |
| train/             |          |
|    actor_loss      | 1.63     |
|    critic_loss     | 0.0307   |
|    ent_coef        | 0.0039   |
|    ent_coef_loss   | 0.593    |
|    learning_rate   | 0.001    |
|    n_updates       | 9699     |
---------------------------------
---------------------------------
| rollout/           |          |
|    ep_len_mean     | 50       |
|    ep_rew_mean     | -6.23    |
|    success_rate    | 0.9      |
| time/              |          |
|    episodes        | 200      |
|    fps             | 76       |
|    time_elapsed    | 130      |
|    total_timesteps | 10000    |
| train/             |          |
|    actor_loss      | 1.44     |
|    critic_loss     | 0.0275   |
|    ent_coef        | 0.00353  |
|    ent_coef_loss   | -1.95    |
|    learning_rate   | 0.001    |
|    n_updates       | 9899     |
---------------------------------
---------------------------------
| rollout/           |          |
|    ep_len_mean     | 50       |
|    ep_rew_mean     | -5.3     |
|    success_rate    | 0.92     |
| time/              |          |
|    episodes        | 204      |
|    fps             | 76       |
|    time_elapsed    | 132      |
|    total_timesteps | 10200    |
| train/             |          |
|    actor_loss      | 1.27     |
|    critic_loss     | 0.0288   |
|    ent_coef        | 0.00316  |
|    ent_coef_loss   | -2.04    |
|    learning_rate   | 0.001    |
|    n_updates       | 10099    |
---------------------------------
---------------------------------
| rollout/           |          |
|    ep_len_mean     | 50       |
|    ep_rew_mean     | -4.47    |
|    success_rate    | 0.94     |
| time/              |          |
|    episodes        | 208      |
|    fps             | 76       |
|    time_elapsed    | 135      |
|    total_timesteps | 10400    |
| train/             |          |
|    actor_loss      | 1.21     |
|    critic_loss     | 0.0213   |
|    ent_coef        | 0.00287  |
|    ent_coef_loss   | -1.95    |
|    learning_rate   | 0.001    |
|    n_updates       | 10299    |
---------------------------------
---------------------------------
| rollout/           |          |
|    ep_len_mean     | 50       |
|    ep_rew_mean     | -3.72    |
|    success_rate    | 0.95     |
| time/              |          |
|    episodes        | 212      |
|    fps             | 76       |
|    time_elapsed    | 137      |
|    total_timesteps | 10600    |
| train/             |          |
|    actor_loss      | 1.29     |
|    critic_loss     | 0.0334   |
|    ent_coef        | 0.00272  |
|    ent_coef_loss   | 1.02     |
|    learning_rate   | 0.001    |
|    n_updates       | 10499    |
---------------------------------
---------------------------------
| rollout/           |          |
|    ep_len_mean     | 50       |
|    ep_rew_mean     | -3.12    |
|    success_rate    | 0.95     |
| time/              |          |
|    episodes        | 216      |
|    fps             | 76       |
|    time_elapsed    | 140      |
|    total_timesteps | 10800    |
| train/             |          |
|    actor_loss      | 1.3      |
|    critic_loss     | 0.0241   |
|    ent_coef        | 0.00272  |
|    ent_coef_loss   | 0.961    |
|    learning_rate   | 0.001    |
|    n_updates       | 10699    |
---------------------------------
---------------------------------
| rollout/           |          |
|    ep_len_mean     | 50       |
|    ep_rew_mean     | -2.98    |
|    success_rate    | 0.96     |
| time/              |          |
|    episodes        | 220      |
|    fps             | 76       |
|    time_elapsed    | 143      |
|    total_timesteps | 11000    |
| train/             |          |
|    actor_loss      | 1.16     |
|    critic_loss     | 0.0402   |
|    ent_coef        | 0.00272  |
|    ent_coef_loss   | -0.657   |
|    learning_rate   | 0.001    |
|    n_updates       | 10899    |
---------------------------------
---------------------------------
| rollout/           |          |
|    ep_len_mean     | 50       |
|    ep_rew_mean     | -2.98    |
|    success_rate    | 0.96     |
| time/              |          |
|    episodes        | 224      |
|    fps             | 76       |
|    time_elapsed    | 145      |
|    total_timesteps | 11200    |
| train/             |          |
|    actor_loss      | 1.07     |
|    critic_loss     | 0.0262   |
|    ent_coef        | 0.00256  |
|    ent_coef_loss   | -4.94    |
|    learning_rate   | 0.001    |
|    n_updates       | 11099    |
---------------------------------
---------------------------------
| rollout/           |          |
|    ep_len_mean     | 50       |
|    ep_rew_mean     | -3.04    |
|    success_rate    | 0.96     |
| time/              |          |
|    episodes        | 228      |
|    fps             | 76       |
|    time_elapsed    | 148      |
|    total_timesteps | 11400    |
| train/             |          |
|    actor_loss      | 1.14     |
|    critic_loss     | 0.0232   |
|    ent_coef        | 0.00236  |
|    ent_coef_loss   | -1.67    |
|    learning_rate   | 0.001    |
|    n_updates       | 11299    |
---------------------------------
---------------------------------
| rollout/           |          |
|    ep_len_mean     | 50       |
|    ep_rew_mean     | -3.09    |
|    success_rate    | 0.96     |
| time/              |          |
|    episodes        | 232      |
|    fps             | 76       |
|    time_elapsed    | 151      |
|    total_timesteps | 11600    |
| train/             |          |
|    actor_loss      | 1.22     |
|    critic_loss     | 0.0258   |
|    ent_coef        | 0.00243  |
|    ent_coef_loss   | 0.93     |
|    learning_rate   | 0.001    |
|    n_updates       | 11499    |
---------------------------------
---------------------------------
| rollout/           |          |
|    ep_len_mean     | 50       |
|    ep_rew_mean     | -3.06    |
|    success_rate    | 0.96     |
| time/              |          |
|    episodes        | 236      |
|    fps             | 76       |
|    time_elapsed    | 153      |
|    total_timesteps | 11800    |
| train/             |          |
|    actor_loss      | 1.11     |
|    critic_loss     | 0.0177   |
|    ent_coef        | 0.00243  |
|    ent_coef_loss   | 0.945    |
|    learning_rate   | 0.001    |
|    n_updates       | 11699    |
---------------------------------
---------------------------------
| rollout/           |          |
|    ep_len_mean     | 50       |
|    ep_rew_mean     | -3.04    |
|    success_rate    | 0.96     |
| time/              |          |
|    episodes        | 240      |
|    fps             | 76       |
|    time_elapsed    | 156      |
|    total_timesteps | 12000    |
| train/             |          |
|    actor_loss      | 0.952    |
|    critic_loss     | 0.0253   |
|    ent_coef        | 0.00233  |
|    ent_coef_loss   | -4.36    |
|    learning_rate   | 0.001    |
|    n_updates       | 11899    |
---------------------------------
---------------------------------
| rollout/           |          |
|    ep_len_mean     | 50       |
|    ep_rew_mean     | -3.03    |
|    success_rate    | 0.96     |
| time/              |          |
|    episodes        | 244      |
|    fps             | 76       |
|    time_elapsed    | 159      |
|    total_timesteps | 12200    |
| train/             |          |
|    actor_loss      | 1.01     |
|    critic_loss     | 0.036    |
|    ent_coef        | 0.00226  |
|    ent_coef_loss   | -2.14    |
|    learning_rate   | 0.001    |
|    n_updates       | 12099    |
---------------------------------
---------------------------------
| rollout/           |          |
|    ep_len_mean     | 50       |
|    ep_rew_mean     | -3.04    |
|    success_rate    | 0.96     |
| time/              |          |
|    episodes        | 248      |
|    fps             | 76       |
|    time_elapsed    | 162      |
|    total_timesteps | 12400    |
| train/             |          |
|    actor_loss      | 1.04     |
|    critic_loss     | 0.0185   |
|    ent_coef        | 0.00204  |
|    ent_coef_loss   | 0.173    |
|    learning_rate   | 0.001    |
|    n_updates       | 12299    |
---------------------------------
---------------------------------
| rollout/           |          |
|    ep_len_mean     | 50       |
|    ep_rew_mean     | -3.02    |
|    success_rate    | 0.96     |
| time/              |          |
|    episodes        | 252      |
|    fps             | 76       |
|    time_elapsed    | 164      |
|    total_timesteps | 12600    |
| train/             |          |
|    actor_loss      | 0.921    |
|    critic_loss     | 0.0212   |
|    ent_coef        | 0.00207  |
|    ent_coef_loss   | -3.73    |
|    learning_rate   | 0.001    |
|    n_updates       | 12499    |
---------------------------------
---------------------------------
| rollout/           |          |
|    ep_len_mean     | 50       |
|    ep_rew_mean     | -2.98    |
|    success_rate    | 0.96     |
| time/              |          |
|    episodes        | 256      |
|    fps             | 76       |
|    time_elapsed    | 167      |
|    total_timesteps | 12800    |
| train/             |          |
|    actor_loss      | 0.956    |
|    critic_loss     | 0.0219   |
|    ent_coef        | 0.002    |
|    ent_coef_loss   | 9.95     |
|    learning_rate   | 0.001    |
|    n_updates       | 12699    |
---------------------------------
---------------------------------
| rollout/           |          |
|    ep_len_mean     | 50       |
|    ep_rew_mean     | -2.99    |
|    success_rate    | 0.96     |
| time/              |          |
|    episodes        | 260      |
|    fps             | 76       |
|    time_elapsed    | 170      |
|    total_timesteps | 13000    |
| train/             |          |
|    actor_loss      | 0.805    |
|    critic_loss     | 0.0157   |
|    ent_coef        | 0.00189  |
|    ent_coef_loss   | -5.03    |
|    learning_rate   | 0.001    |
|    n_updates       | 12899    |
---------------------------------
---------------------------------
| rollout/           |          |
|    ep_len_mean     | 50       |
|    ep_rew_mean     | -3.02    |
|    success_rate    | 0.96     |
| time/              |          |
|    episodes        | 264      |
|    fps             | 76       |
|    time_elapsed    | 172      |
|    total_timesteps | 13200    |
| train/             |          |
|    actor_loss      | 0.938    |
|    critic_loss     | 0.0495   |
|    ent_coef        | 0.00182  |
|    ent_coef_loss   | -3.27    |
|    learning_rate   | 0.001    |
|    n_updates       | 13099    |
---------------------------------
---------------------------------
| rollout/           |          |
|    ep_len_mean     | 50       |
|    ep_rew_mean     | -2.24    |
|    success_rate    | 0.98     |
| time/              |          |
|    episodes        | 268      |
|    fps             | 76       |
|    time_elapsed    | 175      |
|    total_timesteps | 13400    |
| train/             |          |
|    actor_loss      | 0.877    |
|    critic_loss     | 0.0214   |
|    ent_coef        | 0.00192  |
|    ent_coef_loss   | -1.44    |
|    learning_rate   | 0.001    |
|    n_updates       | 13299    |
---------------------------------
---------------------------------
| rollout/           |          |
|    ep_len_mean     | 50       |
|    ep_rew_mean     | -1.91    |
|    success_rate    | 1        |
| time/              |          |
|    episodes        | 272      |
|    fps             | 76       |
|    time_elapsed    | 178      |
|    total_timesteps | 13600    |
| train/             |          |
|    actor_loss      | 0.868    |
|    critic_loss     | 0.0176   |
|    ent_coef        | 0.00178  |
|    ent_coef_loss   | -4.03    |
|    learning_rate   | 0.001    |
|    n_updates       | 13499    |
---------------------------------
---------------------------------
| rollout/           |          |
|    ep_len_mean     | 50       |
|    ep_rew_mean     | -1.64    |
|    success_rate    | 1        |
| time/              |          |
|    episodes        | 276      |
|    fps             | 76       |
|    time_elapsed    | 181      |
|    total_timesteps | 13800    |
| train/             |          |
|    actor_loss      | 0.753    |
|    critic_loss     | 0.0185   |
|    ent_coef        | 0.00163  |
|    ent_coef_loss   | -2.76    |
|    learning_rate   | 0.001    |
|    n_updates       | 13699    |
---------------------------------
---------------------------------
| rollout/           |          |
|    ep_len_mean     | 50       |
|    ep_rew_mean     | -1.58    |
|    success_rate    | 1        |
| time/              |          |
|    episodes        | 280      |
|    fps             | 76       |
|    time_elapsed    | 183      |
|    total_timesteps | 14000    |
| train/             |          |
|    actor_loss      | 0.79     |
|    critic_loss     | 0.0171   |
|    ent_coef        | 0.00152  |
|    ent_coef_loss   | -3.79    |
|    learning_rate   | 0.001    |
|    n_updates       | 13899    |
---------------------------------
---------------------------------
| rollout/           |          |
|    ep_len_mean     | 50       |
|    ep_rew_mean     | -1.6     |
|    success_rate    | 1        |
| time/              |          |
|    episodes        | 284      |
|    fps             | 76       |
|    time_elapsed    | 186      |
|    total_timesteps | 14200    |
| train/             |          |
|    actor_loss      | 0.862    |
|    critic_loss     | 0.0211   |
|    ent_coef        | 0.00146  |
|    ent_coef_loss   | 4.96     |
|    learning_rate   | 0.001    |
|    n_updates       | 14099    |
---------------------------------
---------------------------------
| rollout/           |          |
|    ep_len_mean     | 50       |
|    ep_rew_mean     | -2.42    |
|    success_rate    | 0.98     |
| time/              |          |
|    episodes        | 288      |
|    fps             | 75       |
|    time_elapsed    | 189      |
|    total_timesteps | 14400    |
| train/             |          |
|    actor_loss      | 1.95     |
|    critic_loss     | 0.136    |
|    ent_coef        | 0.00209  |
|    ent_coef_loss   | -16.7    |
|    learning_rate   | 0.001    |
|    n_updates       | 14299    |
---------------------------------
---------------------------------
| rollout/           |          |
|    ep_len_mean     | 50       |
|    ep_rew_mean     | -3       |
|    success_rate    | 0.97     |
| time/              |          |
|    episodes        | 292      |
|    fps             | 75       |
|    time_elapsed    | 192      |
|    total_timesteps | 14600    |
| train/             |          |
|    actor_loss      | 1.15     |
|    critic_loss     | 0.0411   |
|    ent_coef        | 0.00195  |
|    ent_coef_loss   | 4.81     |
|    learning_rate   | 0.001    |
|    n_updates       | 14499    |
---------------------------------
---------------------------------
| rollout/           |          |
|    ep_len_mean     | 50       |
|    ep_rew_mean     | -3.69    |
|    success_rate    | 0.95     |
| time/              |          |
|    episodes        | 296      |
|    fps             | 75       |
|    time_elapsed    | 195      |
|    total_timesteps | 14800    |
| train/             |          |
|    actor_loss      | 1.84     |
|    critic_loss     | 0.141    |
|    ent_coef        | 0.00203  |
|    ent_coef_loss   | 10       |
|    learning_rate   | 0.001    |
|    n_updates       | 14699    |
---------------------------------
---------------------------------
| rollout/           |          |
|    ep_len_mean     | 50       |
|    ep_rew_mean     | -4.11    |
|    success_rate    | 0.95     |
| time/              |          |
|    episodes        | 300      |
|    fps             | 75       |
|    time_elapsed    | 197      |
|    total_timesteps | 15000    |
| train/             |          |
|    actor_loss      | 1.1      |
|    critic_loss     | 0.0445   |
|    ent_coef        | 0.00197  |
|    ent_coef_loss   | 11.1     |
|    learning_rate   | 0.001    |
|    n_updates       | 14899    |
---------------------------------
---------------------------------
| rollout/           |          |
|    ep_len_mean     | 50       |
|    ep_rew_mean     | -4.38    |
|    success_rate    | 0.94     |
| time/              |          |
|    episodes        | 304      |
|    fps             | 75       |
|    time_elapsed    | 201      |
|    total_timesteps | 15200    |
| train/             |          |
|    actor_loss      | 0.688    |
|    critic_loss     | 0.0219   |
|    ent_coef        | 0.00212  |
|    ent_coef_loss   | -2.73    |
|    learning_rate   | 0.001    |
|    n_updates       | 15099    |
---------------------------------
---------------------------------
| rollout/           |          |
|    ep_len_mean     | 50       |
|    ep_rew_mean     | -4.43    |
|    success_rate    | 0.94     |
| time/              |          |
|    episodes        | 308      |
|    fps             | 75       |
|    time_elapsed    | 204      |
|    total_timesteps | 15400    |
| train/             |          |
|    actor_loss      | 1.09     |
|    critic_loss     | 0.0218   |
|    ent_coef        | 0.00194  |
|    ent_coef_loss   | 1.42     |
|    learning_rate   | 0.001    |
|    n_updates       | 15299    |
---------------------------------
---------------------------------
| rollout/           |          |
|    ep_len_mean     | 50       |
|    ep_rew_mean     | -4.42    |
|    success_rate    | 0.94     |
| time/              |          |
|    episodes        | 312      |
|    fps             | 75       |
|    time_elapsed    | 207      |
|    total_timesteps | 15600    |
| train/             |          |
|    actor_loss      | 0.854    |
|    critic_loss     | 0.0128   |
|    ent_coef        | 0.00175  |
|    ent_coef_loss   | -3.65    |
|    learning_rate   | 0.001    |
|    n_updates       | 15499    |
---------------------------------
---------------------------------
| rollout/           |          |
|    ep_len_mean     | 50       |
|    ep_rew_mean     | -4.4     |
|    success_rate    | 0.94     |
| time/              |          |
|    episodes        | 316      |
|    fps             | 75       |
|    time_elapsed    | 210      |
|    total_timesteps | 15800    |
| train/             |          |
|    actor_loss      | 0.922    |
|    critic_loss     | 0.0175   |
|    ent_coef        | 0.00156  |
|    ent_coef_loss   | -1.33    |
|    learning_rate   | 0.001    |
|    n_updates       | 15699    |
---------------------------------
---------------------------------
| rollout/           |          |
|    ep_len_mean     | 50       |
|    ep_rew_mean     | -4.37    |
|    success_rate    | 0.94     |
| time/              |          |
|    episodes        | 320      |
|    fps             | 75       |
|    time_elapsed    | 212      |
|    total_timesteps | 16000    |
| train/             |          |
|    actor_loss      | 0.7      |
|    critic_loss     | 0.0142   |
|    ent_coef        | 0.00138  |
|    ent_coef_loss   | -3.17    |
|    learning_rate   | 0.001    |
|    n_updates       | 15899    |
---------------------------------
---------------------------------
| rollout/           |          |
|    ep_len_mean     | 50       |
|    ep_rew_mean     | -4.36    |
|    success_rate    | 0.94     |
| time/              |          |
|    episodes        | 324      |
|    fps             | 75       |
|    time_elapsed    | 215      |
|    total_timesteps | 16200    |
| train/             |          |
|    actor_loss      | 0.823    |
|    critic_loss     | 0.014    |
|    ent_coef        | 0.00121  |
|    ent_coef_loss   | -1.92    |
|    learning_rate   | 0.001    |
|    n_updates       | 16099    |
---------------------------------
---------------------------------
| rollout/           |          |
|    ep_len_mean     | 50       |
|    ep_rew_mean     | -4.33    |
|    success_rate    | 0.94     |
| time/              |          |
|    episodes        | 328      |
|    fps             | 75       |
|    time_elapsed    | 218      |
|    total_timesteps | 16400    |
| train/             |          |
|    actor_loss      | 0.799    |
|    critic_loss     | 0.0168   |
|    ent_coef        | 0.0011   |
|    ent_coef_loss   | -3.67    |
|    learning_rate   | 0.001    |
|    n_updates       | 16299    |
---------------------------------
---------------------------------
| rollout/           |          |
|    ep_len_mean     | 50       |
|    ep_rew_mean     | -4.3     |
|    success_rate    | 0.94     |
| time/              |          |
|    episodes        | 332      |
|    fps             | 74       |
|    time_elapsed    | 221      |
|    total_timesteps | 16600    |
| train/             |          |
|    actor_loss      | 0.799    |
|    critic_loss     | 0.0142   |
|    ent_coef        | 0.00104  |
|    ent_coef_loss   | -0.0218  |
|    learning_rate   | 0.001    |
|    n_updates       | 16499    |
---------------------------------
---------------------------------
| rollout/           |          |
|    ep_len_mean     | 50       |
|    ep_rew_mean     | -4.28    |
|    success_rate    | 0.94     |
| time/              |          |
|    episodes        | 336      |
|    fps             | 74       |
|    time_elapsed    | 224      |
|    total_timesteps | 16800    |
| train/             |          |
|    actor_loss      | 0.689    |
|    critic_loss     | 0.0175   |
|    ent_coef        | 0.000982 |
|    ent_coef_loss   | -4.15    |
|    learning_rate   | 0.001    |
|    n_updates       | 16699    |
---------------------------------
---------------------------------
| rollout/           |          |
|    ep_len_mean     | 50       |
|    ep_rew_mean     | -4.26    |
|    success_rate    | 0.94     |
| time/              |          |
|    episodes        | 340      |
|    fps             | 74       |
|    time_elapsed    | 226      |
|    total_timesteps | 17000    |
| train/             |          |
|    actor_loss      | 0.685    |
|    critic_loss     | 0.016    |
|    ent_coef        | 0.000901 |
|    ent_coef_loss   | 0.409    |
|    learning_rate   | 0.001    |
|    n_updates       | 16899    |
---------------------------------
---------------------------------
| rollout/           |          |
|    ep_len_mean     | 50       |
|    ep_rew_mean     | -4.28    |
|    success_rate    | 0.94     |
| time/              |          |
|    episodes        | 344      |
|    fps             | 74       |
|    time_elapsed    | 229      |
|    total_timesteps | 17200    |
| train/             |          |
|    actor_loss      | 0.704    |
|    critic_loss     | 0.0185   |
|    ent_coef        | 0.000995 |
|    ent_coef_loss   | -0.885   |
|    learning_rate   | 0.001    |
|    n_updates       | 17099    |
---------------------------------
---------------------------------
| rollout/           |          |
|    ep_len_mean     | 50       |
|    ep_rew_mean     | -4.27    |
|    success_rate    | 0.94     |
| time/              |          |
|    episodes        | 348      |
|    fps             | 74       |
|    time_elapsed    | 232      |
|    total_timesteps | 17400    |
| train/             |          |
|    actor_loss      | 0.64     |
|    critic_loss     | 0.0173   |
|    ent_coef        | 0.000881 |
|    ent_coef_loss   | -1.54    |
|    learning_rate   | 0.001    |
|    n_updates       | 17299    |
---------------------------------
---------------------------------
| rollout/           |          |
|    ep_len_mean     | 50       |
|    ep_rew_mean     | -4.28    |
|    success_rate    | 0.94     |
| time/              |          |
|    episodes        | 352      |
|    fps             | 74       |
|    time_elapsed    | 235      |
|    total_timesteps | 17600    |
| train/             |          |
|    actor_loss      | 0.656    |
|    critic_loss     | 0.0255   |
|    ent_coef        | 0.000872 |
|    ent_coef_loss   | -0.189   |
|    learning_rate   | 0.001    |
|    n_updates       | 17499    |
---------------------------------
---------------------------------
| rollout/           |          |
|    ep_len_mean     | 50       |
|    ep_rew_mean     | -4.29    |
|    success_rate    | 0.94     |
| time/              |          |
|    episodes        | 356      |
|    fps             | 74       |
|    time_elapsed    | 237      |
|    total_timesteps | 17800    |
| train/             |          |
|    actor_loss      | 0.765    |
|    critic_loss     | 0.0355   |
|    ent_coef        | 0.000969 |
|    ent_coef_loss   | 12.2     |
|    learning_rate   | 0.001    |
|    n_updates       | 17699    |
---------------------------------
---------------------------------
| rollout/           |          |
|    ep_len_mean     | 50       |
|    ep_rew_mean     | -4.57    |
|    success_rate    | 0.94     |
| time/              |          |
|    episodes        | 360      |
|    fps             | 74       |
|    time_elapsed    | 240      |
|    total_timesteps | 18000    |
| train/             |          |
|    actor_loss      | 0.604    |
|    critic_loss     | 0.0196   |
|    ent_coef        | 0.00141  |
|    ent_coef_loss   | 0.119    |
|    learning_rate   | 0.001    |
|    n_updates       | 17899    |
---------------------------------
---------------------------------
| rollout/           |          |
|    ep_len_mean     | 50       |
|    ep_rew_mean     | -4.5     |
|    success_rate    | 0.94     |
| time/              |          |
|    episodes        | 364      |
|    fps             | 74       |
|    time_elapsed    | 243      |
|    total_timesteps | 18200    |
| train/             |          |
|    actor_loss      | 0.78     |
|    critic_loss     | 0.0192   |
|    ent_coef        | 0.00125  |
|    ent_coef_loss   | 0.411    |
|    learning_rate   | 0.001    |
|    n_updates       | 18099    |
---------------------------------
---------------------------------
| rollout/           |          |
|    ep_len_mean     | 50       |
|    ep_rew_mean     | -4.52    |
|    success_rate    | 0.94     |
| time/              |          |
|    episodes        | 368      |
|    fps             | 74       |
|    time_elapsed    | 246      |
|    total_timesteps | 18400    |
| train/             |          |
|    actor_loss      | 0.548    |
|    critic_loss     | 0.0221   |
|    ent_coef        | 0.00112  |
|    ent_coef_loss   | -6.97    |
|    learning_rate   | 0.001    |
|    n_updates       | 18299    |
---------------------------------
---------------------------------
| rollout/           |          |
|    ep_len_mean     | 50       |
|    ep_rew_mean     | -4.53    |
|    success_rate    | 0.94     |
| time/              |          |
|    episodes        | 372      |
|    fps             | 74       |
|    time_elapsed    | 248      |
|    total_timesteps | 18600    |
| train/             |          |
|    actor_loss      | 0.623    |
|    critic_loss     | 0.0148   |
|    ent_coef        | 0.001    |
|    ent_coef_loss   | -4.44    |
|    learning_rate   | 0.001    |
|    n_updates       | 18499    |
---------------------------------
---------------------------------
| rollout/           |          |
|    ep_len_mean     | 50       |
|    ep_rew_mean     | -4.52    |
|    success_rate    | 0.94     |
| time/              |          |
|    episodes        | 376      |
|    fps             | 74       |
|    time_elapsed    | 251      |
|    total_timesteps | 18800    |
| train/             |          |
|    actor_loss      | 0.642    |
|    critic_loss     | 0.0121   |
|    ent_coef        | 0.000957 |
|    ent_coef_loss   | -1.09    |
|    learning_rate   | 0.001    |
|    n_updates       | 18699    |
---------------------------------
---------------------------------
| rollout/           |          |
|    ep_len_mean     | 50       |
|    ep_rew_mean     | -4.54    |
|    success_rate    | 0.94     |
| time/              |          |
|    episodes        | 380      |
|    fps             | 74       |
|    time_elapsed    | 254      |
|    total_timesteps | 19000    |
| train/             |          |
|    actor_loss      | 0.623    |
|    critic_loss     | 0.0217   |
|    ent_coef        | 0.000906 |
|    ent_coef_loss   | -2.71    |
|    learning_rate   | 0.001    |
|    n_updates       | 18899    |
---------------------------------
---------------------------------
| rollout/           |          |
|    ep_len_mean     | 50       |
|    ep_rew_mean     | -4.58    |
|    success_rate    | 0.94     |
| time/              |          |
|    episodes        | 384      |
|    fps             | 74       |
|    time_elapsed    | 257      |
|    total_timesteps | 19200    |
| train/             |          |
|    actor_loss      | 0.516    |
|    critic_loss     | 0.0158   |
|    ent_coef        | 0.00081  |
|    ent_coef_loss   | -5.69    |
|    learning_rate   | 0.001    |
|    n_updates       | 19099    |
---------------------------------
---------------------------------
| rollout/           |          |
|    ep_len_mean     | 50       |
|    ep_rew_mean     | -3.76    |
|    success_rate    | 0.96     |
| time/              |          |
|    episodes        | 388      |
|    fps             | 74       |
|    time_elapsed    | 259      |
|    total_timesteps | 19400    |
| train/             |          |
|    actor_loss      | 0.576    |
|    critic_loss     | 0.0185   |
|    ent_coef        | 0.000716 |
|    ent_coef_loss   | -0.0926  |
|    learning_rate   | 0.001    |
|    n_updates       | 19299    |
---------------------------------
---------------------------------
| rollout/           |          |
|    ep_len_mean     | 50       |
|    ep_rew_mean     | -4.17    |
|    success_rate    | 0.95     |
| time/              |          |
|    episodes        | 392      |
|    fps             | 74       |
|    time_elapsed    | 262      |
|    total_timesteps | 19600    |
| train/             |          |
|    actor_loss      | 1.16     |
|    critic_loss     | 0.0977   |
|    ent_coef        | 0.000955 |
|    ent_coef_loss   | -16.3    |
|    learning_rate   | 0.001    |
|    n_updates       | 19499    |
---------------------------------
---------------------------------
| rollout/           |          |
|    ep_len_mean     | 50       |
|    ep_rew_mean     | -4.45    |
|    success_rate    | 0.96     |
| time/              |          |
|    episodes        | 396      |
|    fps             | 74       |
|    time_elapsed    | 265      |
|    total_timesteps | 19800    |
| train/             |          |
|    actor_loss      | 0.751    |
|    critic_loss     | 0.0456   |
|    ent_coef        | 0.00103  |
|    ent_coef_loss   | 9.64     |
|    learning_rate   | 0.001    |
|    n_updates       | 19699    |
---------------------------------
---------------------------------
| rollout/           |          |
|    ep_len_mean     | 50       |
|    ep_rew_mean     | -4.56    |
|    success_rate    | 0.95     |
| time/              |          |
|    episodes        | 400      |
|    fps             | 74       |
|    time_elapsed    | 268      |
|    total_timesteps | 20000    |
| train/             |          |
|    actor_loss      | 0.765    |
|    critic_loss     | 0.0215   |
|    ent_coef        | 0.00113  |
|    ent_coef_loss   | 4.4      |
|    learning_rate   | 0.001    |
|    n_updates       | 19899    |
---------------------------------
success_rate=1.000 over 50 episodes
checkpoint_saved=/Users/eoinmca/Projects/lang-goal-rl/experiments/01_uvfa_her_baseline/checkpoints/seed_8.zip
