AdroitHandRelocateDense-v1, AdroitHandHammerDense-v1, AdroitHandDoorDense-v1 environment's reward functions were updated in v1.2.1 without an environment version update. Therefore, use gymnasium-robotics==1.2.0 for v1 reproducibility or use v2 in gymnasium-robotics>=1.4.3. See https://github.com/Farama-Foundation/Gymnasium-Robotics/pull/220 for more details
Using cpu device
Wrapping the env with a `Monitor` wrapper
Wrapping the env in a DummyVecEnv.
---------------------------------
| rollout/           |          |
|    ep_len_mean     | 50       |
|    ep_rew_mean     | -49      |
|    success_rate    | 0        |
| time/              |          |
|    episodes        | 4        |
|    fps             | 134      |
|    time_elapsed    | 1        |
|    total_timesteps | 200      |
| train/             |          |
|    actor_loss      | -4.51    |
|    critic_loss     | 0.218    |
|    ent_coef        | 0.907    |
|    ent_coef_loss   | -0.661   |
|    learning_rate   | 0.001    |
|    n_updates       | 99       |
---------------------------------
---------------------------------
| rollout/           |          |
|    ep_len_mean     | 50       |
|    ep_rew_mean     | -49.5    |
|    success_rate    | 0        |
| time/              |          |
|    episodes        | 8        |
|    fps             | 87       |
|    time_elapsed    | 4        |
|    total_timesteps | 400      |
| train/             |          |
|    actor_loss      | -4.54    |
|    critic_loss     | 0.23     |
|    ent_coef        | 0.742    |
|    ent_coef_loss   | -2.01    |
|    learning_rate   | 0.001    |
|    n_updates       | 299      |
---------------------------------
---------------------------------
| rollout/           |          |
|    ep_len_mean     | 50       |
|    ep_rew_mean     | -49.7    |
|    success_rate    | 0        |
| time/              |          |
|    episodes        | 12       |
|    fps             | 78       |
|    time_elapsed    | 7        |
|    total_timesteps | 600      |
| train/             |          |
|    actor_loss      | -4.53    |
|    critic_loss     | 0.169    |
|    ent_coef        | 0.608    |
|    ent_coef_loss   | -3.37    |
|    learning_rate   | 0.001    |
|    n_updates       | 499      |
---------------------------------
---------------------------------
| rollout/           |          |
|    ep_len_mean     | 50       |
|    ep_rew_mean     | -49.8    |
|    success_rate    | 0        |
| time/              |          |
|    episodes        | 16       |
|    fps             | 75       |
|    time_elapsed    | 10       |
|    total_timesteps | 800      |
| train/             |          |
|    actor_loss      | -4.32    |
|    critic_loss     | 0.137    |
|    ent_coef        | 0.498    |
|    ent_coef_loss   | -4.7     |
|    learning_rate   | 0.001    |
|    n_updates       | 699      |
---------------------------------
---------------------------------
| rollout/           |          |
|    ep_len_mean     | 50       |
|    ep_rew_mean     | -49.5    |
|    success_rate    | 0        |
| time/              |          |
|    episodes        | 20       |
|    fps             | 73       |
|    time_elapsed    | 13       |
|    total_timesteps | 1000     |
| train/             |          |
|    actor_loss      | -4.26    |
|    critic_loss     | 0.178    |
|    ent_coef        | 0.407    |
|    ent_coef_loss   | -6.05    |
|    learning_rate   | 0.001    |
|    n_updates       | 899      |
---------------------------------
---------------------------------
| rollout/           |          |
|    ep_len_mean     | 50       |
|    ep_rew_mean     | -49.6    |
|    success_rate    | 0        |
| time/              |          |
|    episodes        | 24       |
|    fps             | 72       |
|    time_elapsed    | 16       |
|    total_timesteps | 1200     |
| train/             |          |
|    actor_loss      | -3.77    |
|    critic_loss     | 0.154    |
|    ent_coef        | 0.334    |
|    ent_coef_loss   | -7.4     |
|    learning_rate   | 0.001    |
|    n_updates       | 1099     |
---------------------------------
---------------------------------
| rollout/           |          |
|    ep_len_mean     | 50       |
|    ep_rew_mean     | -49.7    |
|    success_rate    | 0        |
| time/              |          |
|    episodes        | 28       |
|    fps             | 71       |
|    time_elapsed    | 19       |
|    total_timesteps | 1400     |
| train/             |          |
|    actor_loss      | -3.32    |
|    critic_loss     | 0.163    |
|    ent_coef        | 0.273    |
|    ent_coef_loss   | -8.58    |
|    learning_rate   | 0.001    |
|    n_updates       | 1299     |
---------------------------------
---------------------------------
| rollout/           |          |
|    ep_len_mean     | 50       |
|    ep_rew_mean     | -49.7    |
|    success_rate    | 0        |
| time/              |          |
|    episodes        | 32       |
|    fps             | 70       |
|    time_elapsed    | 22       |
|    total_timesteps | 1600     |
| train/             |          |
|    actor_loss      | -3       |
|    critic_loss     | 0.17     |
|    ent_coef        | 0.224    |
|    ent_coef_loss   | -9.8     |
|    learning_rate   | 0.001    |
|    n_updates       | 1499     |
---------------------------------
---------------------------------
| rollout/           |          |
|    ep_len_mean     | 50       |
|    ep_rew_mean     | -49.8    |
|    success_rate    | 0        |
| time/              |          |
|    episodes        | 36       |
|    fps             | 70       |
|    time_elapsed    | 25       |
|    total_timesteps | 1800     |
| train/             |          |
|    actor_loss      | -2.53    |
|    critic_loss     | 0.164    |
|    ent_coef        | 0.184    |
|    ent_coef_loss   | -11.1    |
|    learning_rate   | 0.001    |
|    n_updates       | 1699     |
---------------------------------
---------------------------------
| rollout/           |          |
|    ep_len_mean     | 50       |
|    ep_rew_mean     | -49.7    |
|    success_rate    | 0        |
| time/              |          |
|    episodes        | 40       |
|    fps             | 69       |
|    time_elapsed    | 28       |
|    total_timesteps | 2000     |
| train/             |          |
|    actor_loss      | -2       |
|    critic_loss     | 0.132    |
|    ent_coef        | 0.152    |
|    ent_coef_loss   | -12.2    |
|    learning_rate   | 0.001    |
|    n_updates       | 1899     |
---------------------------------
---------------------------------
| rollout/           |          |
|    ep_len_mean     | 50       |
|    ep_rew_mean     | -49.8    |
|    success_rate    | 0        |
| time/              |          |
|    episodes        | 44       |
|    fps             | 69       |
|    time_elapsed    | 31       |
|    total_timesteps | 2200     |
| train/             |          |
|    actor_loss      | -1.5     |
|    critic_loss     | 0.161    |
|    ent_coef        | 0.126    |
|    ent_coef_loss   | -12.3    |
|    learning_rate   | 0.001    |
|    n_updates       | 2099     |
---------------------------------
---------------------------------
| rollout/           |          |
|    ep_len_mean     | 50       |
|    ep_rew_mean     | -49.7    |
|    success_rate    | 0        |
| time/              |          |
|    episodes        | 48       |
|    fps             | 68       |
|    time_elapsed    | 34       |
|    total_timesteps | 2400     |
| train/             |          |
|    actor_loss      | -1.79    |
|    critic_loss     | 0.12     |
|    ent_coef        | 0.106    |
|    ent_coef_loss   | -11.9    |
|    learning_rate   | 0.001    |
|    n_updates       | 2299     |
---------------------------------
---------------------------------
| rollout/           |          |
|    ep_len_mean     | 50       |
|    ep_rew_mean     | -49.8    |
|    success_rate    | 0        |
| time/              |          |
|    episodes        | 52       |
|    fps             | 68       |
|    time_elapsed    | 38       |
|    total_timesteps | 2600     |
| train/             |          |
|    actor_loss      | -1.07    |
|    critic_loss     | 0.124    |
|    ent_coef        | 0.0898   |
|    ent_coef_loss   | -11.5    |
|    learning_rate   | 0.001    |
|    n_updates       | 2499     |
---------------------------------
---------------------------------
| rollout/           |          |
|    ep_len_mean     | 50       |
|    ep_rew_mean     | -49.8    |
|    success_rate    | 0        |
| time/              |          |
|    episodes        | 56       |
|    fps             | 67       |
|    time_elapsed    | 41       |
|    total_timesteps | 2800     |
| train/             |          |
|    actor_loss      | -0.516   |
|    critic_loss     | 0.158    |
|    ent_coef        | 0.0768   |
|    ent_coef_loss   | -10.6    |
|    learning_rate   | 0.001    |
|    n_updates       | 2699     |
---------------------------------
---------------------------------
| rollout/           |          |
|    ep_len_mean     | 50       |
|    ep_rew_mean     | -49.7    |
|    success_rate    | 0        |
| time/              |          |
|    episodes        | 60       |
|    fps             | 67       |
|    time_elapsed    | 44       |
|    total_timesteps | 3000     |
| train/             |          |
|    actor_loss      | -0.568   |
|    critic_loss     | 0.123    |
|    ent_coef        | 0.0657   |
|    ent_coef_loss   | -12.2    |
|    learning_rate   | 0.001    |
|    n_updates       | 2899     |
---------------------------------
---------------------------------
| rollout/           |          |
|    ep_len_mean     | 50       |
|    ep_rew_mean     | -49.6    |
|    success_rate    | 0        |
| time/              |          |
|    episodes        | 64       |
|    fps             | 67       |
|    time_elapsed    | 47       |
|    total_timesteps | 3200     |
| train/             |          |
|    actor_loss      | -0.401   |
|    critic_loss     | 0.159    |
|    ent_coef        | 0.0561   |
|    ent_coef_loss   | -12.7    |
|    learning_rate   | 0.001    |
|    n_updates       | 3099     |
---------------------------------
---------------------------------
| rollout/           |          |
|    ep_len_mean     | 50       |
|    ep_rew_mean     | -49.7    |
|    success_rate    | 0        |
| time/              |          |
|    episodes        | 68       |
|    fps             | 67       |
|    time_elapsed    | 50       |
|    total_timesteps | 3400     |
| train/             |          |
|    actor_loss      | 0.228    |
|    critic_loss     | 0.134    |
|    ent_coef        | 0.0479   |
|    ent_coef_loss   | -11.8    |
|    learning_rate   | 0.001    |
|    n_updates       | 3299     |
---------------------------------
---------------------------------
| rollout/           |          |
|    ep_len_mean     | 50       |
|    ep_rew_mean     | -49.7    |
|    success_rate    | 0        |
| time/              |          |
|    episodes        | 72       |
|    fps             | 67       |
|    time_elapsed    | 53       |
|    total_timesteps | 3600     |
| train/             |          |
|    actor_loss      | 0.504    |
|    critic_loss     | 0.168    |
|    ent_coef        | 0.041    |
|    ent_coef_loss   | -12.6    |
|    learning_rate   | 0.001    |
|    n_updates       | 3499     |
---------------------------------
---------------------------------
| rollout/           |          |
|    ep_len_mean     | 50       |
|    ep_rew_mean     | -49.7    |
|    success_rate    | 0        |
| time/              |          |
|    episodes        | 76       |
|    fps             | 67       |
|    time_elapsed    | 56       |
|    total_timesteps | 3800     |
| train/             |          |
|    actor_loss      | 1.02     |
|    critic_loss     | 0.166    |
|    ent_coef        | 0.0353   |
|    ent_coef_loss   | -12      |
|    learning_rate   | 0.001    |
|    n_updates       | 3699     |
---------------------------------
---------------------------------
| rollout/           |          |
|    ep_len_mean     | 50       |
|    ep_rew_mean     | -49.6    |
|    success_rate    | 0        |
| time/              |          |
|    episodes        | 80       |
|    fps             | 66       |
|    time_elapsed    | 59       |
|    total_timesteps | 4000     |
| train/             |          |
|    actor_loss      | 0.994    |
|    critic_loss     | 0.14     |
|    ent_coef        | 0.0308   |
|    ent_coef_loss   | -9.78    |
|    learning_rate   | 0.001    |
|    n_updates       | 3899     |
---------------------------------
---------------------------------
| rollout/           |          |
|    ep_len_mean     | 50       |
|    ep_rew_mean     | -49.6    |
|    success_rate    | 0        |
| time/              |          |
|    episodes        | 84       |
|    fps             | 66       |
|    time_elapsed    | 62       |
|    total_timesteps | 4200     |
| train/             |          |
|    actor_loss      | 0.504    |
|    critic_loss     | 0.183    |
|    ent_coef        | 0.027    |
|    ent_coef_loss   | -11.1    |
|    learning_rate   | 0.001    |
|    n_updates       | 4099     |
---------------------------------
---------------------------------
| rollout/           |          |
|    ep_len_mean     | 50       |
|    ep_rew_mean     | -49.5    |
|    success_rate    | 0        |
| time/              |          |
|    episodes        | 88       |
|    fps             | 66       |
|    time_elapsed    | 65       |
|    total_timesteps | 4400     |
| train/             |          |
|    actor_loss      | 1.05     |
|    critic_loss     | 0.161    |
|    ent_coef        | 0.0237   |
|    ent_coef_loss   | -8.62    |
|    learning_rate   | 0.001    |
|    n_updates       | 4299     |
---------------------------------
---------------------------------
| rollout/           |          |
|    ep_len_mean     | 50       |
|    ep_rew_mean     | -49.3    |
|    success_rate    | 0.0109   |
| time/              |          |
|    episodes        | 92       |
|    fps             | 66       |
|    time_elapsed    | 68       |
|    total_timesteps | 4600     |
| train/             |          |
|    actor_loss      | 1.89     |
|    critic_loss     | 0.159    |
|    ent_coef        | 0.0212   |
|    ent_coef_loss   | -7.77    |
|    learning_rate   | 0.001    |
|    n_updates       | 4499     |
---------------------------------
---------------------------------
| rollout/           |          |
|    ep_len_mean     | 50       |
|    ep_rew_mean     | -49.2    |
|    success_rate    | 0.0104   |
| time/              |          |
|    episodes        | 96       |
|    fps             | 66       |
|    time_elapsed    | 71       |
|    total_timesteps | 4800     |
| train/             |          |
|    actor_loss      | 1.68     |
|    critic_loss     | 0.232    |
|    ent_coef        | 0.0193   |
|    ent_coef_loss   | -6.49    |
|    learning_rate   | 0.001    |
|    n_updates       | 4699     |
---------------------------------
---------------------------------
| rollout/           |          |
|    ep_len_mean     | 50       |
|    ep_rew_mean     | -49      |
|    success_rate    | 0.02     |
| time/              |          |
|    episodes        | 100      |
|    fps             | 66       |
|    time_elapsed    | 74       |
|    total_timesteps | 5000     |
| train/             |          |
|    actor_loss      | 2.01     |
|    critic_loss     | 0.177    |
|    ent_coef        | 0.0177   |
|    ent_coef_loss   | -5.05    |
|    learning_rate   | 0.001    |
|    n_updates       | 4899     |
---------------------------------
---------------------------------
| rollout/           |          |
|    ep_len_mean     | 50       |
|    ep_rew_mean     | -48.3    |
|    success_rate    | 0.04     |
| time/              |          |
|    episodes        | 104      |
|    fps             | 66       |
|    time_elapsed    | 77       |
|    total_timesteps | 5200     |
| train/             |          |
|    actor_loss      | 1.83     |
|    critic_loss     | 0.174    |
|    ent_coef        | 0.0165   |
|    ent_coef_loss   | -5.68    |
|    learning_rate   | 0.001    |
|    n_updates       | 5099     |
---------------------------------
---------------------------------
| rollout/           |          |
|    ep_len_mean     | 50       |
|    ep_rew_mean     | -47.8    |
|    success_rate    | 0.05     |
| time/              |          |
|    episodes        | 108      |
|    fps             | 66       |
|    time_elapsed    | 81       |
|    total_timesteps | 5400     |
| train/             |          |
|    actor_loss      | 1.75     |
|    critic_loss     | 0.2      |
|    ent_coef        | 0.0153   |
|    ent_coef_loss   | -4.67    |
|    learning_rate   | 0.001    |
|    n_updates       | 5299     |
---------------------------------
---------------------------------
| rollout/           |          |
|    ep_len_mean     | 50       |
|    ep_rew_mean     | -47.6    |
|    success_rate    | 0.05     |
| time/              |          |
|    episodes        | 112      |
|    fps             | 66       |
|    time_elapsed    | 84       |
|    total_timesteps | 5600     |
| train/             |          |
|    actor_loss      | 2.01     |
|    critic_loss     | 0.227    |
|    ent_coef        | 0.0141   |
|    ent_coef_loss   | -4.9     |
|    learning_rate   | 0.001    |
|    n_updates       | 5499     |
---------------------------------
---------------------------------
| rollout/           |          |
|    ep_len_mean     | 50       |
|    ep_rew_mean     | -46.9    |
|    success_rate    | 0.07     |
| time/              |          |
|    episodes        | 116      |
|    fps             | 66       |
|    time_elapsed    | 87       |
|    total_timesteps | 5800     |
| train/             |          |
|    actor_loss      | 2.04     |
|    critic_loss     | 0.13     |
|    ent_coef        | 0.013    |
|    ent_coef_loss   | -5.85    |
|    learning_rate   | 0.001    |
|    n_updates       | 5699     |
---------------------------------
---------------------------------
| rollout/           |          |
|    ep_len_mean     | 50       |
|    ep_rew_mean     | -46.4    |
|    success_rate    | 0.08     |
| time/              |          |
|    episodes        | 120      |
|    fps             | 66       |
|    time_elapsed    | 90       |
|    total_timesteps | 6000     |
| train/             |          |
|    actor_loss      | 2.74     |
|    critic_loss     | 0.164    |
|    ent_coef        | 0.0122   |
|    ent_coef_loss   | -3.05    |
|    learning_rate   | 0.001    |
|    n_updates       | 5899     |
---------------------------------
---------------------------------
| rollout/           |          |
|    ep_len_mean     | 50       |
|    ep_rew_mean     | -45.6    |
|    success_rate    | 0.09     |
| time/              |          |
|    episodes        | 124      |
|    fps             | 66       |
|    time_elapsed    | 93       |
|    total_timesteps | 6200     |
| train/             |          |
|    actor_loss      | 2.08     |
|    critic_loss     | 0.198    |
|    ent_coef        | 0.0115   |
|    ent_coef_loss   | -3.82    |
|    learning_rate   | 0.001    |
|    n_updates       | 6099     |
---------------------------------
---------------------------------
| rollout/           |          |
|    ep_len_mean     | 50       |
|    ep_rew_mean     | -45      |
|    success_rate    | 0.09     |
| time/              |          |
|    episodes        | 128      |
|    fps             | 66       |
|    time_elapsed    | 96       |
|    total_timesteps | 6400     |
| train/             |          |
|    actor_loss      | 2.27     |
|    critic_loss     | 0.195    |
|    ent_coef        | 0.0111   |
|    ent_coef_loss   | -0.884   |
|    learning_rate   | 0.001    |
|    n_updates       | 6299     |
---------------------------------
---------------------------------
| rollout/           |          |
|    ep_len_mean     | 50       |
|    ep_rew_mean     | -44.5    |
|    success_rate    | 0.09     |
| time/              |          |
|    episodes        | 132      |
|    fps             | 66       |
|    time_elapsed    | 99       |
|    total_timesteps | 6600     |
| train/             |          |
|    actor_loss      | 2.45     |
|    critic_loss     | 0.152    |
|    ent_coef        | 0.0109   |
|    ent_coef_loss   | -1.35    |
|    learning_rate   | 0.001    |
|    n_updates       | 6499     |
---------------------------------
---------------------------------
| rollout/           |          |
|    ep_len_mean     | 50       |
|    ep_rew_mean     | -43.3    |
|    success_rate    | 0.11     |
| time/              |          |
|    episodes        | 136      |
|    fps             | 66       |
|    time_elapsed    | 102      |
|    total_timesteps | 6800     |
| train/             |          |
|    actor_loss      | 2.7      |
|    critic_loss     | 0.164    |
|    ent_coef        | 0.0105   |
|    ent_coef_loss   | -0.625   |
|    learning_rate   | 0.001    |
|    n_updates       | 6699     |
---------------------------------
---------------------------------
| rollout/           |          |
|    ep_len_mean     | 50       |
|    ep_rew_mean     | -41.5    |
|    success_rate    | 0.15     |
| time/              |          |
|    episodes        | 140      |
|    fps             | 66       |
|    time_elapsed    | 105      |
|    total_timesteps | 7000     |
| train/             |          |
|    actor_loss      | 2.49     |
|    critic_loss     | 0.173    |
|    ent_coef        | 0.0103   |
|    ent_coef_loss   | -0.113   |
|    learning_rate   | 0.001    |
|    n_updates       | 6899     |
---------------------------------
---------------------------------
| rollout/           |          |
|    ep_len_mean     | 50       |
|    ep_rew_mean     | -40      |
|    success_rate    | 0.19     |
| time/              |          |
|    episodes        | 144      |
|    fps             | 66       |
|    time_elapsed    | 108      |
|    total_timesteps | 7200     |
| train/             |          |
|    actor_loss      | 2.41     |
|    critic_loss     | 0.154    |
|    ent_coef        | 0.0102   |
|    ent_coef_loss   | -1.54    |
|    learning_rate   | 0.001    |
|    n_updates       | 7099     |
---------------------------------
---------------------------------
| rollout/           |          |
|    ep_len_mean     | 50       |
|    ep_rew_mean     | -38.1    |
|    success_rate    | 0.23     |
| time/              |          |
|    episodes        | 148      |
|    fps             | 66       |
|    time_elapsed    | 111      |
|    total_timesteps | 7400     |
| train/             |          |
|    actor_loss      | 2.15     |
|    critic_loss     | 0.141    |
|    ent_coef        | 0.00993  |
|    ent_coef_loss   | -0.827   |
|    learning_rate   | 0.001    |
|    n_updates       | 7299     |
---------------------------------
---------------------------------
| rollout/           |          |
|    ep_len_mean     | 50       |
|    ep_rew_mean     | -36.4    |
|    success_rate    | 0.26     |
| time/              |          |
|    episodes        | 152      |
|    fps             | 66       |
|    time_elapsed    | 115      |
|    total_timesteps | 7600     |
| train/             |          |
|    actor_loss      | 2.44     |
|    critic_loss     | 0.107    |
|    ent_coef        | 0.00987  |
|    ent_coef_loss   | -0.276   |
|    learning_rate   | 0.001    |
|    n_updates       | 7499     |
---------------------------------
---------------------------------
| rollout/           |          |
|    ep_len_mean     | 50       |
|    ep_rew_mean     | -34.5    |
|    success_rate    | 0.3      |
| time/              |          |
|    episodes        | 156      |
|    fps             | 66       |
|    time_elapsed    | 118      |
|    total_timesteps | 7800     |
| train/             |          |
|    actor_loss      | 2.37     |
|    critic_loss     | 0.134    |
|    ent_coef        | 0.00986  |
|    ent_coef_loss   | -0.956   |
|    learning_rate   | 0.001    |
|    n_updates       | 7699     |
---------------------------------
---------------------------------
| rollout/           |          |
|    ep_len_mean     | 50       |
|    ep_rew_mean     | -32.8    |
|    success_rate    | 0.33     |
| time/              |          |
|    episodes        | 160      |
|    fps             | 65       |
|    time_elapsed    | 121      |
|    total_timesteps | 8000     |
| train/             |          |
|    actor_loss      | 2.55     |
|    critic_loss     | 0.133    |
|    ent_coef        | 0.00986  |
|    ent_coef_loss   | 2.55     |
|    learning_rate   | 0.001    |
|    n_updates       | 7899     |
---------------------------------
---------------------------------
| rollout/           |          |
|    ep_len_mean     | 50       |
|    ep_rew_mean     | -31.1    |
|    success_rate    | 0.36     |
| time/              |          |
|    episodes        | 164      |
|    fps             | 65       |
|    time_elapsed    | 124      |
|    total_timesteps | 8200     |
| train/             |          |
|    actor_loss      | 2.18     |
|    critic_loss     | 0.0894   |
|    ent_coef        | 0.00984  |
|    ent_coef_loss   | -0.684   |
|    learning_rate   | 0.001    |
|    n_updates       | 8099     |
---------------------------------
---------------------------------
| rollout/           |          |
|    ep_len_mean     | 50       |
|    ep_rew_mean     | -29.2    |
|    success_rate    | 0.4      |
| time/              |          |
|    episodes        | 168      |
|    fps             | 65       |
|    time_elapsed    | 127      |
|    total_timesteps | 8400     |
| train/             |          |
|    actor_loss      | 2.46     |
|    critic_loss     | 0.113    |
|    ent_coef        | 0.00983  |
|    ent_coef_loss   | 1.44     |
|    learning_rate   | 0.001    |
|    n_updates       | 8299     |
---------------------------------
---------------------------------
| rollout/           |          |
|    ep_len_mean     | 50       |
|    ep_rew_mean     | -27.2    |
|    success_rate    | 0.44     |
| time/              |          |
|    episodes        | 172      |
|    fps             | 65       |
|    time_elapsed    | 130      |
|    total_timesteps | 8600     |
| train/             |          |
|    actor_loss      | 1.98     |
|    critic_loss     | 0.103    |
|    ent_coef        | 0.0097   |
|    ent_coef_loss   | -1.33    |
|    learning_rate   | 0.001    |
|    n_updates       | 8499     |
---------------------------------
---------------------------------
| rollout/           |          |
|    ep_len_mean     | 50       |
|    ep_rew_mean     | -25.3    |
|    success_rate    | 0.48     |
| time/              |          |
|    episodes        | 176      |
|    fps             | 65       |
|    time_elapsed    | 133      |
|    total_timesteps | 8800     |
| train/             |          |
|    actor_loss      | 2.08     |
|    critic_loss     | 0.099    |
|    ent_coef        | 0.00965  |
|    ent_coef_loss   | 0.39     |
|    learning_rate   | 0.001    |
|    n_updates       | 8699     |
---------------------------------
---------------------------------
| rollout/           |          |
|    ep_len_mean     | 50       |
|    ep_rew_mean     | -23.4    |
|    success_rate    | 0.52     |
| time/              |          |
|    episodes        | 180      |
|    fps             | 65       |
|    time_elapsed    | 136      |
|    total_timesteps | 9000     |
| train/             |          |
|    actor_loss      | 1.94     |
|    critic_loss     | 0.0883   |
|    ent_coef        | 0.00961  |
|    ent_coef_loss   | -0.0917  |
|    learning_rate   | 0.001    |
|    n_updates       | 8899     |
---------------------------------
---------------------------------
| rollout/           |          |
|    ep_len_mean     | 50       |
|    ep_rew_mean     | -21.6    |
|    success_rate    | 0.56     |
| time/              |          |
|    episodes        | 184      |
|    fps             | 65       |
|    time_elapsed    | 139      |
|    total_timesteps | 9200     |
| train/             |          |
|    actor_loss      | 2.2      |
|    critic_loss     | 0.0858   |
|    ent_coef        | 0.00938  |
|    ent_coef_loss   | -0.948   |
|    learning_rate   | 0.001    |
|    n_updates       | 9099     |
---------------------------------
---------------------------------
| rollout/           |          |
|    ep_len_mean     | 50       |
|    ep_rew_mean     | -19.8    |
|    success_rate    | 0.6      |
| time/              |          |
|    episodes        | 188      |
|    fps             | 65       |
|    time_elapsed    | 143      |
|    total_timesteps | 9400     |
| train/             |          |
|    actor_loss      | 1.75     |
|    critic_loss     | 0.111    |
|    ent_coef        | 0.00926  |
|    ent_coef_loss   | 1.17     |
|    learning_rate   | 0.001    |
|    n_updates       | 9299     |
---------------------------------
---------------------------------
| rollout/           |          |
|    ep_len_mean     | 50       |
|    ep_rew_mean     | -18.2    |
|    success_rate    | 0.63     |
| time/              |          |
|    episodes        | 192      |
|    fps             | 65       |
|    time_elapsed    | 146      |
|    total_timesteps | 9600     |
| train/             |          |
|    actor_loss      | 2.14     |
|    critic_loss     | 0.0742   |
|    ent_coef        | 0.00903  |
|    ent_coef_loss   | -0.346   |
|    learning_rate   | 0.001    |
|    n_updates       | 9499     |
---------------------------------
---------------------------------
| rollout/           |          |
|    ep_len_mean     | 50       |
|    ep_rew_mean     | -16.4    |
|    success_rate    | 0.67     |
| time/              |          |
|    episodes        | 196      |
|    fps             | 65       |
|    time_elapsed    | 149      |
|    total_timesteps | 9800     |
| train/             |          |
|    actor_loss      | 2.05     |
|    critic_loss     | 0.0787   |
|    ent_coef        | 0.00871  |
|    ent_coef_loss   | 1.65     |
|    learning_rate   | 0.001    |
|    n_updates       | 9699     |
---------------------------------
---------------------------------
| rollout/           |          |
|    ep_len_mean     | 50       |
|    ep_rew_mean     | -14.7    |
|    success_rate    | 0.7      |
| time/              |          |
|    episodes        | 200      |
|    fps             | 65       |
|    time_elapsed    | 152      |
|    total_timesteps | 10000    |
| train/             |          |
|    actor_loss      | 2.04     |
|    critic_loss     | 0.0994   |
|    ent_coef        | 0.00849  |
|    ent_coef_loss   | 1.18     |
|    learning_rate   | 0.001    |
|    n_updates       | 9899     |
---------------------------------
---------------------------------
| rollout/           |          |
|    ep_len_mean     | 50       |
|    ep_rew_mean     | -13.5    |
|    success_rate    | 0.72     |
| time/              |          |
|    episodes        | 204      |
|    fps             | 65       |
|    time_elapsed    | 155      |
|    total_timesteps | 10200    |
| train/             |          |
|    actor_loss      | 1.72     |
|    critic_loss     | 0.0658   |
|    ent_coef        | 0.00846  |
|    ent_coef_loss   | -0.673   |
|    learning_rate   | 0.001    |
|    n_updates       | 10099    |
---------------------------------
---------------------------------
| rollout/           |          |
|    ep_len_mean     | 50       |
|    ep_rew_mean     | -12.1    |
|    success_rate    | 0.75     |
| time/              |          |
|    episodes        | 208      |
|    fps             | 65       |
|    time_elapsed    | 159      |
|    total_timesteps | 10400    |
| train/             |          |
|    actor_loss      | 1.9      |
|    critic_loss     | 0.0649   |
|    ent_coef        | 0.00864  |
|    ent_coef_loss   | -0.0695  |
|    learning_rate   | 0.001    |
|    n_updates       | 10299    |
---------------------------------
---------------------------------
| rollout/           |          |
|    ep_len_mean     | 50       |
|    ep_rew_mean     | -10.4    |
|    success_rate    | 0.79     |
| time/              |          |
|    episodes        | 212      |
|    fps             | 65       |
|    time_elapsed    | 162      |
|    total_timesteps | 10600    |
| train/             |          |
|    actor_loss      | 1.83     |
|    critic_loss     | 0.078    |
|    ent_coef        | 0.00845  |
|    ent_coef_loss   | -0.466   |
|    learning_rate   | 0.001    |
|    n_updates       | 10499    |
---------------------------------
---------------------------------
| rollout/           |          |
|    ep_len_mean     | 50       |
|    ep_rew_mean     | -9.18    |
|    success_rate    | 0.81     |
| time/              |          |
|    episodes        | 216      |
|    fps             | 65       |
|    time_elapsed    | 165      |
|    total_timesteps | 10800    |
| train/             |          |
|    actor_loss      | 1.59     |
|    critic_loss     | 0.0638   |
|    ent_coef        | 0.00786  |
|    ent_coef_loss   | -2.33    |
|    learning_rate   | 0.001    |
|    n_updates       | 10699    |
---------------------------------
---------------------------------
| rollout/           |          |
|    ep_len_mean     | 50       |
|    ep_rew_mean     | -7.78    |
|    success_rate    | 0.84     |
| time/              |          |
|    episodes        | 220      |
|    fps             | 65       |
|    time_elapsed    | 168      |
|    total_timesteps | 11000    |
| train/             |          |
|    actor_loss      | 1.79     |
|    critic_loss     | 0.0589   |
|    ent_coef        | 0.0077   |
|    ent_coef_loss   | 0.0211   |
|    learning_rate   | 0.001    |
|    n_updates       | 10899    |
---------------------------------
---------------------------------
| rollout/           |          |
|    ep_len_mean     | 50       |
|    ep_rew_mean     | -6.62    |
|    success_rate    | 0.87     |
| time/              |          |
|    episodes        | 224      |
|    fps             | 65       |
|    time_elapsed    | 171      |
|    total_timesteps | 11200    |
| train/             |          |
|    actor_loss      | 1.35     |
|    critic_loss     | 0.0813   |
|    ent_coef        | 0.00745  |
|    ent_coef_loss   | -0.399   |
|    learning_rate   | 0.001    |
|    n_updates       | 11099    |
---------------------------------
---------------------------------
| rollout/           |          |
|    ep_len_mean     | 50       |
|    ep_rew_mean     | -5.3     |
|    success_rate    | 0.91     |
| time/              |          |
|    episodes        | 228      |
|    fps             | 65       |
|    time_elapsed    | 174      |
|    total_timesteps | 11400    |
| train/             |          |
|    actor_loss      | 1.42     |
|    critic_loss     | 0.0589   |
|    ent_coef        | 0.00739  |
|    ent_coef_loss   | -0.944   |
|    learning_rate   | 0.001    |
|    n_updates       | 11299    |
---------------------------------
---------------------------------
| rollout/           |          |
|    ep_len_mean     | 50       |
|    ep_rew_mean     | -3.79    |
|    success_rate    | 0.95     |
| time/              |          |
|    episodes        | 232      |
|    fps             | 65       |
|    time_elapsed    | 178      |
|    total_timesteps | 11600    |
| train/             |          |
|    actor_loss      | 1.28     |
|    critic_loss     | 0.0523   |
|    ent_coef        | 0.00687  |
|    ent_coef_loss   | 0.853    |
|    learning_rate   | 0.001    |
|    n_updates       | 11499    |
---------------------------------
---------------------------------
| rollout/           |          |
|    ep_len_mean     | 50       |
|    ep_rew_mean     | -3.1     |
|    success_rate    | 0.97     |
| time/              |          |
|    episodes        | 236      |
|    fps             | 65       |
|    time_elapsed    | 181      |
|    total_timesteps | 11800    |
| train/             |          |
|    actor_loss      | 1.21     |
|    critic_loss     | 0.0501   |
|    ent_coef        | 0.00674  |
|    ent_coef_loss   | -1.87    |
|    learning_rate   | 0.001    |
|    n_updates       | 11699    |
---------------------------------
---------------------------------
| rollout/           |          |
|    ep_len_mean     | 50       |
|    ep_rew_mean     | -3.1     |
|    success_rate    | 0.97     |
| time/              |          |
|    episodes        | 240      |
|    fps             | 65       |
|    time_elapsed    | 184      |
|    total_timesteps | 12000    |
| train/             |          |
|    actor_loss      | 1.57     |
|    critic_loss     | 0.0498   |
|    ent_coef        | 0.00659  |
|    ent_coef_loss   | -1.43    |
|    learning_rate   | 0.001    |
|    n_updates       | 11899    |
---------------------------------
---------------------------------
| rollout/           |          |
|    ep_len_mean     | 50       |
|    ep_rew_mean     | -2.69    |
|    success_rate    | 0.97     |
| time/              |          |
|    episodes        | 244      |
|    fps             | 64       |
|    time_elapsed    | 187      |
|    total_timesteps | 12200    |
| train/             |          |
|    actor_loss      | 1.35     |
|    critic_loss     | 0.0538   |
|    ent_coef        | 0.00621  |
|    ent_coef_loss   | 1.85     |
|    learning_rate   | 0.001    |
|    n_updates       | 12099    |
---------------------------------
---------------------------------
| rollout/           |          |
|    ep_len_mean     | 50       |
|    ep_rew_mean     | -2.7     |
|    success_rate    | 0.97     |
| time/              |          |
|    episodes        | 248      |
|    fps             | 64       |
|    time_elapsed    | 190      |
|    total_timesteps | 12400    |
| train/             |          |
|    actor_loss      | 1.22     |
|    critic_loss     | 0.0617   |
|    ent_coef        | 0.00604  |
|    ent_coef_loss   | 1.26     |
|    learning_rate   | 0.001    |
|    n_updates       | 12299    |
---------------------------------
---------------------------------
| rollout/           |          |
|    ep_len_mean     | 50       |
|    ep_rew_mean     | -2.54    |
|    success_rate    | 0.98     |
| time/              |          |
|    episodes        | 252      |
|    fps             | 64       |
|    time_elapsed    | 193      |
|    total_timesteps | 12600    |
| train/             |          |
|    actor_loss      | 1.14     |
|    critic_loss     | 0.0363   |
|    ent_coef        | 0.00598  |
|    ent_coef_loss   | -2.09    |
|    learning_rate   | 0.001    |
|    n_updates       | 12499    |
---------------------------------
---------------------------------
| rollout/           |          |
|    ep_len_mean     | 50       |
|    ep_rew_mean     | -2.55    |
|    success_rate    | 0.98     |
| time/              |          |
|    episodes        | 256      |
|    fps             | 64       |
|    time_elapsed    | 197      |
|    total_timesteps | 12800    |
| train/             |          |
|    actor_loss      | 1.13     |
|    critic_loss     | 0.0567   |
|    ent_coef        | 0.00596  |
|    ent_coef_loss   | -1.28    |
|    learning_rate   | 0.001    |
|    n_updates       | 12699    |
---------------------------------
---------------------------------
| rollout/           |          |
|    ep_len_mean     | 50       |
|    ep_rew_mean     | -2.26    |
|    success_rate    | 0.99     |
| time/              |          |
|    episodes        | 260      |
|    fps             | 64       |
|    time_elapsed    | 200      |
|    total_timesteps | 13000    |
| train/             |          |
|    actor_loss      | 1.24     |
|    critic_loss     | 0.0494   |
|    ent_coef        | 0.00558  |
|    ent_coef_loss   | -0.155   |
|    learning_rate   | 0.001    |
|    n_updates       | 12899    |
---------------------------------
---------------------------------
| rollout/           |          |
|    ep_len_mean     | 50       |
|    ep_rew_mean     | -2.12    |
|    success_rate    | 1        |
| time/              |          |
|    episodes        | 264      |
|    fps             | 64       |
|    time_elapsed    | 203      |
|    total_timesteps | 13200    |
| train/             |          |
|    actor_loss      | 1.1      |
|    critic_loss     | 0.0414   |
|    ent_coef        | 0.00536  |
|    ent_coef_loss   | -1.74    |
|    learning_rate   | 0.001    |
|    n_updates       | 13099    |
---------------------------------
---------------------------------
| rollout/           |          |
|    ep_len_mean     | 50       |
|    ep_rew_mean     | -2.17    |
|    success_rate    | 1        |
| time/              |          |
|    episodes        | 268      |
|    fps             | 64       |
|    time_elapsed    | 206      |
|    total_timesteps | 13400    |
| train/             |          |
|    actor_loss      | 1.23     |
|    critic_loss     | 0.0569   |
|    ent_coef        | 0.00528  |
|    ent_coef_loss   | 0.873    |
|    learning_rate   | 0.001    |
|    n_updates       | 13299    |
---------------------------------
---------------------------------
| rollout/           |          |
|    ep_len_mean     | 50       |
|    ep_rew_mean     | -2.17    |
|    success_rate    | 1        |
| time/              |          |
|    episodes        | 272      |
|    fps             | 64       |
|    time_elapsed    | 209      |
|    total_timesteps | 13600    |
| train/             |          |
|    actor_loss      | 1.26     |
|    critic_loss     | 0.0467   |
|    ent_coef        | 0.00479  |
|    ent_coef_loss   | -2.19    |
|    learning_rate   | 0.001    |
|    n_updates       | 13499    |
---------------------------------
---------------------------------
| rollout/           |          |
|    ep_len_mean     | 50       |
|    ep_rew_mean     | -2.16    |
|    success_rate    | 1        |
| time/              |          |
|    episodes        | 276      |
|    fps             | 64       |
|    time_elapsed    | 212      |
|    total_timesteps | 13800    |
| train/             |          |
|    actor_loss      | 1.25     |
|    critic_loss     | 0.0443   |
|    ent_coef        | 0.0046   |
|    ent_coef_loss   | 1.52     |
|    learning_rate   | 0.001    |
|    n_updates       | 13699    |
---------------------------------
---------------------------------
| rollout/           |          |
|    ep_len_mean     | 50       |
|    ep_rew_mean     | -2.15    |
|    success_rate    | 1        |
| time/              |          |
|    episodes        | 280      |
|    fps             | 64       |
|    time_elapsed    | 215      |
|    total_timesteps | 14000    |
| train/             |          |
|    actor_loss      | 1.1      |
|    critic_loss     | 0.0489   |
|    ent_coef        | 0.00476  |
|    ent_coef_loss   | 2.66     |
|    learning_rate   | 0.001    |
|    n_updates       | 13899    |
---------------------------------
---------------------------------
| rollout/           |          |
|    ep_len_mean     | 50       |
|    ep_rew_mean     | -2.13    |
|    success_rate    | 1        |
| time/              |          |
|    episodes        | 284      |
|    fps             | 64       |
|    time_elapsed    | 218      |
|    total_timesteps | 14200    |
| train/             |          |
|    actor_loss      | 1.01     |
|    critic_loss     | 0.0279   |
|    ent_coef        | 0.00459  |
|    ent_coef_loss   | -1.27    |
|    learning_rate   | 0.001    |
|    n_updates       | 14099    |
---------------------------------
---------------------------------
| rollout/           |          |
|    ep_len_mean     | 50       |
|    ep_rew_mean     | -2.1     |
|    success_rate    | 1        |
| time/              |          |
|    episodes        | 288      |
|    fps             | 64       |
|    time_elapsed    | 221      |
|    total_timesteps | 14400    |
| train/             |          |
|    actor_loss      | 1.06     |
|    critic_loss     | 0.0499   |
|    ent_coef        | 0.00429  |
|    ent_coef_loss   | 2.4      |
|    learning_rate   | 0.001    |
|    n_updates       | 14299    |
---------------------------------
---------------------------------
| rollout/           |          |
|    ep_len_mean     | 50       |
|    ep_rew_mean     | -1.99    |
|    success_rate    | 1        |
| time/              |          |
|    episodes        | 292      |
|    fps             | 64       |
|    time_elapsed    | 225      |
|    total_timesteps | 14600    |
| train/             |          |
|    actor_loss      | 1.02     |
|    critic_loss     | 0.0362   |
|    ent_coef        | 0.00429  |
|    ent_coef_loss   | 0.0656   |
|    learning_rate   | 0.001    |
|    n_updates       | 14499    |
---------------------------------
---------------------------------
| rollout/           |          |
|    ep_len_mean     | 50       |
|    ep_rew_mean     | -1.97    |
|    success_rate    | 1        |
| time/              |          |
|    episodes        | 296      |
|    fps             | 64       |
|    time_elapsed    | 228      |
|    total_timesteps | 14800    |
| train/             |          |
|    actor_loss      | 1.14     |
|    critic_loss     | 0.0361   |
|    ent_coef        | 0.00376  |
|    ent_coef_loss   | -1.33    |
|    learning_rate   | 0.001    |
|    n_updates       | 14699    |
---------------------------------
---------------------------------
| rollout/           |          |
|    ep_len_mean     | 50       |
|    ep_rew_mean     | -1.97    |
|    success_rate    | 1        |
| time/              |          |
|    episodes        | 300      |
|    fps             | 64       |
|    time_elapsed    | 231      |
|    total_timesteps | 15000    |
| train/             |          |
|    actor_loss      | 1.09     |
|    critic_loss     | 0.0316   |
|    ent_coef        | 0.00363  |
|    ent_coef_loss   | 0.894    |
|    learning_rate   | 0.001    |
|    n_updates       | 14899    |
---------------------------------
---------------------------------
| rollout/           |          |
|    ep_len_mean     | 50       |
|    ep_rew_mean     | -2       |
|    success_rate    | 1        |
| time/              |          |
|    episodes        | 304      |
|    fps             | 64       |
|    time_elapsed    | 234      |
|    total_timesteps | 15200    |
| train/             |          |
|    actor_loss      | 1.09     |
|    critic_loss     | 0.027    |
|    ent_coef        | 0.0034   |
|    ent_coef_loss   | -0.342   |
|    learning_rate   | 0.001    |
|    n_updates       | 15099    |
---------------------------------
---------------------------------
| rollout/           |          |
|    ep_len_mean     | 50       |
|    ep_rew_mean     | -1.96    |
|    success_rate    | 1        |
| time/              |          |
|    episodes        | 308      |
|    fps             | 64       |
|    time_elapsed    | 237      |
|    total_timesteps | 15400    |
| train/             |          |
|    actor_loss      | 0.771    |
|    critic_loss     | 0.0373   |
|    ent_coef        | 0.00346  |
|    ent_coef_loss   | -2.08    |
|    learning_rate   | 0.001    |
|    n_updates       | 15299    |
---------------------------------
---------------------------------
| rollout/           |          |
|    ep_len_mean     | 50       |
|    ep_rew_mean     | -1.94    |
|    success_rate    | 1        |
| time/              |          |
|    episodes        | 312      |
|    fps             | 64       |
|    time_elapsed    | 240      |
|    total_timesteps | 15600    |
| train/             |          |
|    actor_loss      | 1.01     |
|    critic_loss     | 0.0352   |
|    ent_coef        | 0.00334  |
|    ent_coef_loss   | 0.667    |
|    learning_rate   | 0.001    |
|    n_updates       | 15499    |
---------------------------------
---------------------------------
| rollout/           |          |
|    ep_len_mean     | 50       |
|    ep_rew_mean     | -1.96    |
|    success_rate    | 1        |
| time/              |          |
|    episodes        | 316      |
|    fps             | 64       |
|    time_elapsed    | 243      |
|    total_timesteps | 15800    |
| train/             |          |
|    actor_loss      | 0.903    |
|    critic_loss     | 0.0342   |
|    ent_coef        | 0.00309  |
|    ent_coef_loss   | 1.06     |
|    learning_rate   | 0.001    |
|    n_updates       | 15699    |
---------------------------------
---------------------------------
| rollout/           |          |
|    ep_len_mean     | 50       |
|    ep_rew_mean     | -2       |
|    success_rate    | 1        |
| time/              |          |
|    episodes        | 320      |
|    fps             | 64       |
|    time_elapsed    | 246      |
|    total_timesteps | 16000    |
| train/             |          |
|    actor_loss      | 1.05     |
|    critic_loss     | 0.0342   |
|    ent_coef        | 0.00301  |
|    ent_coef_loss   | 1.19     |
|    learning_rate   | 0.001    |
|    n_updates       | 15899    |
---------------------------------
---------------------------------
| rollout/           |          |
|    ep_len_mean     | 50       |
|    ep_rew_mean     | -2.06    |
|    success_rate    | 1        |
| time/              |          |
|    episodes        | 324      |
|    fps             | 64       |
|    time_elapsed    | 250      |
|    total_timesteps | 16200    |
| train/             |          |
|    actor_loss      | 0.869    |
|    critic_loss     | 0.0292   |
|    ent_coef        | 0.00303  |
|    ent_coef_loss   | 1.24     |
|    learning_rate   | 0.001    |
|    n_updates       | 16099    |
---------------------------------
---------------------------------
| rollout/           |          |
|    ep_len_mean     | 50       |
|    ep_rew_mean     | -2.08    |
|    success_rate    | 1        |
| time/              |          |
|    episodes        | 328      |
|    fps             | 64       |
|    time_elapsed    | 253      |
|    total_timesteps | 16400    |
| train/             |          |
|    actor_loss      | 1.11     |
|    critic_loss     | 0.0397   |
|    ent_coef        | 0.00301  |
|    ent_coef_loss   | -0.596   |
|    learning_rate   | 0.001    |
|    n_updates       | 16299    |
---------------------------------
---------------------------------
| rollout/           |          |
|    ep_len_mean     | 50       |
|    ep_rew_mean     | -2.07    |
|    success_rate    | 1        |
| time/              |          |
|    episodes        | 332      |
|    fps             | 64       |
|    time_elapsed    | 256      |
|    total_timesteps | 16600    |
| train/             |          |
|    actor_loss      | 0.812    |
|    critic_loss     | 0.0263   |
|    ent_coef        | 0.00287  |
|    ent_coef_loss   | -1.88    |
|    learning_rate   | 0.001    |
|    n_updates       | 16499    |
---------------------------------
---------------------------------
| rollout/           |          |
|    ep_len_mean     | 50       |
|    ep_rew_mean     | -2.08    |
|    success_rate    | 1        |
| time/              |          |
|    episodes        | 336      |
|    fps             | 64       |
|    time_elapsed    | 259      |
|    total_timesteps | 16800    |
| train/             |          |
|    actor_loss      | 0.766    |
|    critic_loss     | 0.0228   |
|    ent_coef        | 0.00278  |
|    ent_coef_loss   | 0.787    |
|    learning_rate   | 0.001    |
|    n_updates       | 16699    |
---------------------------------
---------------------------------
| rollout/           |          |
|    ep_len_mean     | 50       |
|    ep_rew_mean     | -2.01    |
|    success_rate    | 1        |
| time/              |          |
|    episodes        | 340      |
|    fps             | 64       |
|    time_elapsed    | 262      |
|    total_timesteps | 17000    |
| train/             |          |
|    actor_loss      | 0.94     |
|    critic_loss     | 0.0294   |
|    ent_coef        | 0.00264  |
|    ent_coef_loss   | -1.92    |
|    learning_rate   | 0.001    |
|    n_updates       | 16899    |
---------------------------------
---------------------------------
| rollout/           |          |
|    ep_len_mean     | 50       |
|    ep_rew_mean     | -1.96    |
|    success_rate    | 1        |
| time/              |          |
|    episodes        | 344      |
|    fps             | 64       |
|    time_elapsed    | 265      |
|    total_timesteps | 17200    |
| train/             |          |
|    actor_loss      | 0.959    |
|    critic_loss     | 0.0343   |
|    ent_coef        | 0.00262  |
|    ent_coef_loss   | 2.89     |
|    learning_rate   | 0.001    |
|    n_updates       | 17099    |
---------------------------------
---------------------------------
| rollout/           |          |
|    ep_len_mean     | 50       |
|    ep_rew_mean     | -1.94    |
|    success_rate    | 1        |
| time/              |          |
|    episodes        | 348      |
|    fps             | 64       |
|    time_elapsed    | 268      |
|    total_timesteps | 17400    |
| train/             |          |
|    actor_loss      | 0.941    |
|    critic_loss     | 0.035    |
|    ent_coef        | 0.00261  |
|    ent_coef_loss   | -3.36    |
|    learning_rate   | 0.001    |
|    n_updates       | 17299    |
---------------------------------
---------------------------------
| rollout/           |          |
|    ep_len_mean     | 50       |
|    ep_rew_mean     | -1.94    |
|    success_rate    | 1        |
| time/              |          |
|    episodes        | 352      |
|    fps             | 64       |
|    time_elapsed    | 271      |
|    total_timesteps | 17600    |
| train/             |          |
|    actor_loss      | 0.956    |
|    critic_loss     | 0.0277   |
|    ent_coef        | 0.00246  |
|    ent_coef_loss   | 1.38     |
|    learning_rate   | 0.001    |
|    n_updates       | 17499    |
---------------------------------
---------------------------------
| rollout/           |          |
|    ep_len_mean     | 50       |
|    ep_rew_mean     | -1.92    |
|    success_rate    | 1        |
| time/              |          |
|    episodes        | 356      |
|    fps             | 64       |
|    time_elapsed    | 274      |
|    total_timesteps | 17800    |
| train/             |          |
|    actor_loss      | 1.02     |
|    critic_loss     | 0.0393   |
|    ent_coef        | 0.00242  |
|    ent_coef_loss   | 3.38     |
|    learning_rate   | 0.001    |
|    n_updates       | 17699    |
---------------------------------
---------------------------------
| rollout/           |          |
|    ep_len_mean     | 50       |
|    ep_rew_mean     | -1.96    |
|    success_rate    | 1        |
| time/              |          |
|    episodes        | 360      |
|    fps             | 64       |
|    time_elapsed    | 278      |
|    total_timesteps | 18000    |
| train/             |          |
|    actor_loss      | 0.9      |
|    critic_loss     | 0.0267   |
|    ent_coef        | 0.00226  |
|    ent_coef_loss   | -0.145   |
|    learning_rate   | 0.001    |
|    n_updates       | 17899    |
---------------------------------
---------------------------------
| rollout/           |          |
|    ep_len_mean     | 50       |
|    ep_rew_mean     | -2.01    |
|    success_rate    | 1        |
| time/              |          |
|    episodes        | 364      |
|    fps             | 64       |
|    time_elapsed    | 281      |
|    total_timesteps | 18200    |
| train/             |          |
|    actor_loss      | 0.918    |
|    critic_loss     | 0.0258   |
|    ent_coef        | 0.00217  |
|    ent_coef_loss   | -0.458   |
|    learning_rate   | 0.001    |
|    n_updates       | 18099    |
---------------------------------
---------------------------------
| rollout/           |          |
|    ep_len_mean     | 50       |
|    ep_rew_mean     | -1.98    |
|    success_rate    | 1        |
| time/              |          |
|    episodes        | 368      |
|    fps             | 64       |
|    time_elapsed    | 284      |
|    total_timesteps | 18400    |
| train/             |          |
|    actor_loss      | 0.72     |
|    critic_loss     | 0.0276   |
|    ent_coef        | 0.00215  |
|    ent_coef_loss   | -0.351   |
|    learning_rate   | 0.001    |
|    n_updates       | 18299    |
---------------------------------
---------------------------------
| rollout/           |          |
|    ep_len_mean     | 50       |
|    ep_rew_mean     | -1.97    |
|    success_rate    | 1        |
| time/              |          |
|    episodes        | 372      |
|    fps             | 64       |
|    time_elapsed    | 287      |
|    total_timesteps | 18600    |
| train/             |          |
|    actor_loss      | 0.79     |
|    critic_loss     | 0.0195   |
|    ent_coef        | 0.00207  |
|    ent_coef_loss   | 2.11     |
|    learning_rate   | 0.001    |
|    n_updates       | 18499    |
---------------------------------
---------------------------------
| rollout/           |          |
|    ep_len_mean     | 50       |
|    ep_rew_mean     | -1.97    |
|    success_rate    | 1        |
| time/              |          |
|    episodes        | 376      |
|    fps             | 64       |
|    time_elapsed    | 290      |
|    total_timesteps | 18800    |
| train/             |          |
|    actor_loss      | 0.986    |
|    critic_loss     | 0.0315   |
|    ent_coef        | 0.00201  |
|    ent_coef_loss   | -1.53    |
|    learning_rate   | 0.001    |
|    n_updates       | 18699    |
---------------------------------
---------------------------------
| rollout/           |          |
|    ep_len_mean     | 50       |
|    ep_rew_mean     | -2.01    |
|    success_rate    | 1        |
| time/              |          |
|    episodes        | 380      |
|    fps             | 64       |
|    time_elapsed    | 293      |
|    total_timesteps | 19000    |
| train/             |          |
|    actor_loss      | 0.723    |
|    critic_loss     | 0.0184   |
|    ent_coef        | 0.00195  |
|    ent_coef_loss   | -3.17    |
|    learning_rate   | 0.001    |
|    n_updates       | 18899    |
---------------------------------
---------------------------------
| rollout/           |          |
|    ep_len_mean     | 50       |
|    ep_rew_mean     | -1.99    |
|    success_rate    | 1        |
| time/              |          |
|    episodes        | 384      |
|    fps             | 64       |
|    time_elapsed    | 296      |
|    total_timesteps | 19200    |
| train/             |          |
|    actor_loss      | 0.897    |
|    critic_loss     | 0.0142   |
|    ent_coef        | 0.00184  |
|    ent_coef_loss   | -1.22    |
|    learning_rate   | 0.001    |
|    n_updates       | 19099    |
---------------------------------
---------------------------------
| rollout/           |          |
|    ep_len_mean     | 50       |
|    ep_rew_mean     | -2.02    |
|    success_rate    | 1        |
| time/              |          |
|    episodes        | 388      |
|    fps             | 64       |
|    time_elapsed    | 300      |
|    total_timesteps | 19400    |
| train/             |          |
|    actor_loss      | 0.813    |
|    critic_loss     | 0.0227   |
|    ent_coef        | 0.00183  |
|    ent_coef_loss   | -0.275   |
|    learning_rate   | 0.001    |
|    n_updates       | 19299    |
---------------------------------
---------------------------------
| rollout/           |          |
|    ep_len_mean     | 50       |
|    ep_rew_mean     | -2.04    |
|    success_rate    | 1        |
| time/              |          |
|    episodes        | 392      |
|    fps             | 64       |
|    time_elapsed    | 303      |
|    total_timesteps | 19600    |
| train/             |          |
|    actor_loss      | 0.889    |
|    critic_loss     | 0.0204   |
|    ent_coef        | 0.00181  |
|    ent_coef_loss   | -1.59    |
|    learning_rate   | 0.001    |
|    n_updates       | 19499    |
---------------------------------
---------------------------------
| rollout/           |          |
|    ep_len_mean     | 50       |
|    ep_rew_mean     | -2.03    |
|    success_rate    | 1        |
| time/              |          |
|    episodes        | 396      |
|    fps             | 64       |
|    time_elapsed    | 306      |
|    total_timesteps | 19800    |
| train/             |          |
|    actor_loss      | 0.73     |
|    critic_loss     | 0.0176   |
|    ent_coef        | 0.00178  |
|    ent_coef_loss   | -2.42    |
|    learning_rate   | 0.001    |
|    n_updates       | 19699    |
---------------------------------
---------------------------------
| rollout/           |          |
|    ep_len_mean     | 50       |
|    ep_rew_mean     | -2.04    |
|    success_rate    | 1        |
| time/              |          |
|    episodes        | 400      |
|    fps             | 64       |
|    time_elapsed    | 308      |
|    total_timesteps | 20000    |
| train/             |          |
|    actor_loss      | 0.843    |
|    critic_loss     | 0.0233   |
|    ent_coef        | 0.00174  |
|    ent_coef_loss   | 4.25     |
|    learning_rate   | 0.001    |
|    n_updates       | 19899    |
---------------------------------
success_rate=1.000 over 50 episodes
