AdroitHandRelocateDense-v1, AdroitHandHammerDense-v1, AdroitHandDoorDense-v1 environment's reward functions were updated in v1.2.1 without an environment version update. Therefore, use gymnasium-robotics==1.2.0 for v1 reproducibility or use v2 in gymnasium-robotics>=1.4.3. See https://github.com/Farama-Foundation/Gymnasium-Robotics/pull/220 for more details
Warning: You are sending unauthenticated requests to the HF Hub. Please set a HF_TOKEN to enable higher rate limits and faster downloads.
combined reference set: 84 instructions (84 unique, 14 original + 70 augmented)
Loading weights:   0%|          | 0/103 [00:00<?, ?it/s]Loading weights: 100%|██████████| 103/103 [00:00<00:00, 7023.12it/s]
Nearest-neighbor classification over the COMBINED 84-sentence reference set (attempt 4, zero-training)
Prior baselines (for comparison, not re-derived here):
  attempt-1 MLP (14-sentence vocab) = 0.286 (4/14)
  attempt-2 MLP (70-sentence vocab) = 0.643 (9/14)
  14-sentence NN-ceiling, k=1 = 0.714 (10/14)

=== k=1 ===
SemanticNeighborReport: accuracy=0.571 over 14 labeled instruction(s)
  [correct] 'settle into the middle of the workspace' -> nearest='center' true='center' distances={'center': 0.0, 'reach forward': 0.03437253460288048, 'reach back': 0.0295803751796484, 'reach left': 0.03260061517357826, 'reach right': 0.03693179041147232, 'reach up high': 0.04241205379366875, 'reach down low': 0.03775773569941521}
  [WRONG] 'return your hand to a neutral position' -> nearest='reach back' true='center' distances={'center': 0.0295803751796484, 'reach forward': 0.035240288823843, 'reach back': 0.0, 'reach left': 0.028700733557343483, 'reach right': 0.027171457186341286, 'reach up high': 0.031684353947639465, 'reach down low': 0.026589205488562584}
  [WRONG] 'push your arm out in front of you' -> nearest='reach back' true='reach forward' distances={'center': 0.0295803751796484, 'reach forward': 0.035240288823843, 'reach back': 0.0, 'reach left': 0.028700733557343483, 'reach right': 0.027171457186341286, 'reach up high': 0.031684353947639465, 'reach down low': 0.026589205488562584}
  [WRONG] 'extend forward away from your body' -> nearest='reach up high' true='reach forward' distances={'center': 0.04241205379366875, 'reach forward': 0.03219200298190117, 'reach back': 0.031684353947639465, 'reach left': 0.031286127865314484, 'reach right': 0.031511515378952026, 'reach up high': 0.0, 'reach down low': 0.02068088762462139}
  [correct] 'draw your hand back toward yourself' -> nearest='reach back' true='reach back' distances={'center': 0.0295803751796484, 'reach forward': 0.035240288823843, 'reach back': 0.0, 'reach left': 0.028700733557343483, 'reach right': 0.027171457186341286, 'reach up high': 0.031684353947639465, 'reach down low': 0.026589205488562584}
  [WRONG] 'retreat away from the front of the workspace' -> nearest='reach forward' true='reach back' distances={'center': 0.03437253460288048, 'reach forward': 0.0, 'reach back': 0.035240288823843, 'reach left': 0.03182316571474075, 'reach right': 0.030689440667629242, 'reach up high': 0.03219200298190117, 'reach down low': 0.027789968997240067}
  [correct] 'swing your arm over to the left' -> nearest='reach left' true='reach left' distances={'center': 0.03260061517357826, 'reach forward': 0.03182316571474075, 'reach back': 0.028700733557343483, 'reach left': 0.0, 'reach right': 0.02799249440431595, 'reach up high': 0.031286127865314484, 'reach down low': 0.03221704810857773}
  [correct] 'shift your gripper toward the left edge' -> nearest='reach left' true='reach left' distances={'center': 0.03260061517357826, 'reach forward': 0.03182316571474075, 'reach back': 0.028700733557343483, 'reach left': 0.0, 'reach right': 0.02799249440431595, 'reach up high': 0.031286127865314484, 'reach down low': 0.03221704810857773}
  [correct] 'swing your arm over to the right' -> nearest='reach right' true='reach right' distances={'center': 0.03693179041147232, 'reach forward': 0.030689440667629242, 'reach back': 0.027171457186341286, 'reach left': 0.02799249440431595, 'reach right': 0.0, 'reach up high': 0.031511515378952026, 'reach down low': 0.028362471610307693}
  [WRONG] 'shift your gripper toward the right edge' -> nearest='reach left' true='reach right' distances={'center': 0.03260061517357826, 'reach forward': 0.03182316571474075, 'reach back': 0.028700733557343483, 'reach left': 0.0, 'reach right': 0.02799249440431595, 'reach up high': 0.031286127865314484, 'reach down low': 0.03221704810857773}
  [WRONG] 'raise your arm as high as it will go' -> nearest='reach down low' true='reach up high' distances={'center': 0.03775773569941521, 'reach forward': 0.027789968997240067, 'reach back': 0.026589205488562584, 'reach left': 0.03221704810857773, 'reach right': 0.028362471610307693, 'reach up high': 0.02068088762462139, 'reach down low': 0.0}
  [correct] 'extend upward toward the ceiling' -> nearest='reach up high' true='reach up high' distances={'center': 0.04241205379366875, 'reach forward': 0.03219200298190117, 'reach back': 0.031684353947639465, 'reach left': 0.031286127865314484, 'reach right': 0.031511515378952026, 'reach up high': 0.0, 'reach down low': 0.02068088762462139}
  [correct] 'lower your arm toward the floor' -> nearest='reach down low' true='reach down low' distances={'center': 0.03775773569941521, 'reach forward': 0.027789968997240067, 'reach back': 0.026589205488562584, 'reach left': 0.03221704810857773, 'reach right': 0.028362471610307693, 'reach up high': 0.02068088762462139, 'reach down low': 0.0}
  [correct] 'drop your gripper down low' -> nearest='reach down low' true='reach down low' distances={'center': 0.03775773569941521, 'reach forward': 0.027789968997240067, 'reach back': 0.026589205488562584, 'reach left': 0.03221704810857773, 'reach right': 0.028362471610307693, 'reach up high': 0.02068088762462139, 'reach down low': 0.0}

=== k=3 ===
SemanticNeighborReport: accuracy=0.714 over 14 labeled instruction(s)
  [correct] 'settle into the middle of the workspace' -> nearest='center' true='center' distances={'center': 0.013591410592198372, 'reach forward': 0.027262508869171143, 'reach back': 0.022903988137841225, 'reach left': 0.025380603969097137, 'reach right': 0.029212307184934616, 'reach up high': 0.028820645064115524, 'reach down low': 0.026723213493824005}
  [WRONG] 'return your hand to a neutral position' -> nearest='reach right' true='center' distances={'center': 0.02846723422408104, 'reach forward': 0.020283477380871773, 'reach back': 0.017994718626141548, 'reach left': 0.0234040766954422, 'reach right': 0.015462212264537811, 'reach up high': 0.02619318664073944, 'reach down low': 0.020865052938461304}
  [WRONG] 'push your arm out in front of you' -> nearest='reach down low' true='reach forward' distances={'center': 0.029187580570578575, 'reach forward': 0.019658129662275314, 'reach back': 0.01812419295310974, 'reach left': 0.025540314614772797, 'reach right': 0.02286587655544281, 'reach up high': 0.022854136303067207, 'reach down low': 0.013890182599425316}
  [correct] 'extend forward away from your body' -> nearest='reach forward' true='reach forward' distances={'center': 0.03407735750079155, 'reach forward': 0.011214382946491241, 'reach back': 0.030392836779356003, 'reach left': 0.027670491486787796, 'reach right': 0.026914749294519424, 'reach up high': 0.020977620035409927, 'reach down low': 0.02042039856314659}
  [correct] 'draw your hand back toward yourself' -> nearest='reach back' true='reach back' distances={'center': 0.026572788134217262, 'reach forward': 0.024662094190716743, 'reach back': 0.010578195564448833, 'reach left': 0.024891339242458344, 'reach right': 0.023205794394016266, 'reach up high': 0.027436314150691032, 'reach down low': 0.02158021554350853}
  [correct] 'retreat away from the front of the workspace' -> nearest='reach back' true='reach back' distances={'center': 0.018573952838778496, 'reach forward': 0.020293133333325386, 'reach back': 0.01856345310807228, 'reach left': 0.024420207366347313, 'reach right': 0.025212028995156288, 'reach up high': 0.02987607568502426, 'reach down low': 0.02416224777698517}
  [correct] 'swing your arm over to the left' -> nearest='reach left' true='reach left' distances={'center': 0.03145459666848183, 'reach forward': 0.02850564941763878, 'reach back': 0.024872198700904846, 'reach left': 0.009535751305520535, 'reach right': 0.01845674216747284, 'reach up high': 0.02841908670961857, 'reach down low': 0.027971301227808}
  [WRONG] 'shift your gripper toward the left edge' -> nearest='reach right' true='reach left' distances={'center': 0.032934676855802536, 'reach forward': 0.028102798387408257, 'reach back': 0.024314511567354202, 'reach left': 0.018422381952404976, 'reach right': 0.009570111520588398, 'reach up high': 0.028492674231529236, 'reach down low': 0.02660747431218624}
  [correct] 'swing your arm over to the right' -> nearest='reach right' true='reach right' distances={'center': 0.03150487318634987, 'reach forward': 0.02489582449197769, 'reach back': 0.02158261463046074, 'reach left': 0.017706342041492462, 'reach right': 0.01518693845719099, 'reach up high': 0.02268548123538494, 'reach down low': 0.01820428855717182}
  [correct] 'shift your gripper toward the right edge' -> nearest='reach right' true='reach right' distances={'center': 0.03299960866570473, 'reach forward': 0.028127899393439293, 'reach back': 0.02434121072292328, 'reach left': 0.018638314679265022, 'reach right': 0.0093541806563735, 'reach up high': 0.028528930619359016, 'reach down low': 0.026610421016812325}
  [WRONG] 'raise your arm as high as it will go' -> nearest='reach down low' true='reach up high' distances={'center': 0.03814103826880455, 'reach forward': 0.027660895138978958, 'reach back': 0.026659905910491943, 'reach left': 0.0303875133395195, 'reach right': 0.02778824046254158, 'reach up high': 0.013809005729854107, 'reach down low': 0.006871882360428572}
  [correct] 'extend upward toward the ceiling' -> nearest='reach up high' true='reach up high' distances={'center': 0.037421807646751404, 'reach forward': 0.022672047838568687, 'reach back': 0.02929910644888878, 'reach left': 0.02780301310122013, 'reach right': 0.027604661881923676, 'reach up high': 0.00951995700597763, 'reach down low': 0.017713380977511406}
  [correct] 'lower your arm toward the floor' -> nearest='reach down low' true='reach down low' distances={'center': 0.03791160136461258, 'reach forward': 0.02752578631043434, 'reach back': 0.026462869718670845, 'reach left': 0.030749741941690445, 'reach right': 0.027778513729572296, 'reach up high': 0.015703411772847176, 'reach down low': 0.004977474920451641}
  [correct] 'drop your gripper down low' -> nearest='reach down low' true='reach down low' distances={'center': 0.03430004045367241, 'reach forward': 0.018737826496362686, 'reach back': 0.02667585201561451, 'reach left': 0.029327532276511192, 'reach right': 0.02606860361993313, 'reach up high': 0.021361926570534706, 'reach down low': 0.00905214436352253}

