AdroitHandRelocateDense-v1, AdroitHandHammerDense-v1, AdroitHandDoorDense-v1 environment's reward functions were updated in v1.2.1 without an environment version update. Therefore, use gymnasium-robotics==1.2.0 for v1 reproducibility or use v2 in gymnasium-robotics>=1.4.3. See https://github.com/Farama-Foundation/Gymnasium-Robotics/pull/220 for more details
Using cpu device
Wrapping the env with a `Monitor` wrapper
Wrapping the env in a DummyVecEnv.
---------------------------------
| rollout/           |          |
|    ep_len_mean     | 50       |
|    ep_rew_mean     | -49      |
|    success_rate    | 0        |
| time/              |          |
|    episodes        | 4        |
|    fps             | 143      |
|    time_elapsed    | 1        |
|    total_timesteps | 200      |
| train/             |          |
|    actor_loss      | -4.57    |
|    critic_loss     | 0.233    |
|    ent_coef        | 0.907    |
|    ent_coef_loss   | -0.659   |
|    learning_rate   | 0.001    |
|    n_updates       | 99       |
---------------------------------
---------------------------------
| rollout/           |          |
|    ep_len_mean     | 50       |
|    ep_rew_mean     | -49.5    |
|    success_rate    | 0        |
| time/              |          |
|    episodes        | 8        |
|    fps             | 98       |
|    time_elapsed    | 4        |
|    total_timesteps | 400      |
| train/             |          |
|    actor_loss      | -4.64    |
|    critic_loss     | 0.216    |
|    ent_coef        | 0.742    |
|    ent_coef_loss   | -2.01    |
|    learning_rate   | 0.001    |
|    n_updates       | 299      |
---------------------------------
---------------------------------
| rollout/           |          |
|    ep_len_mean     | 50       |
|    ep_rew_mean     | -49.3    |
|    success_rate    | 0        |
| time/              |          |
|    episodes        | 12       |
|    fps             | 88       |
|    time_elapsed    | 6        |
|    total_timesteps | 600      |
| train/             |          |
|    actor_loss      | -4.53    |
|    critic_loss     | 0.201    |
|    ent_coef        | 0.608    |
|    ent_coef_loss   | -3.37    |
|    learning_rate   | 0.001    |
|    n_updates       | 499      |
---------------------------------
---------------------------------
| rollout/           |          |
|    ep_len_mean     | 50       |
|    ep_rew_mean     | -49.3    |
|    success_rate    | 0        |
| time/              |          |
|    episodes        | 16       |
|    fps             | 85       |
|    time_elapsed    | 9        |
|    total_timesteps | 800      |
| train/             |          |
|    actor_loss      | -4.59    |
|    critic_loss     | 0.168    |
|    ent_coef        | 0.497    |
|    ent_coef_loss   | -4.7     |
|    learning_rate   | 0.001    |
|    n_updates       | 699      |
---------------------------------
---------------------------------
| rollout/           |          |
|    ep_len_mean     | 50       |
|    ep_rew_mean     | -49.4    |
|    success_rate    | 0        |
| time/              |          |
|    episodes        | 20       |
|    fps             | 82       |
|    time_elapsed    | 12       |
|    total_timesteps | 1000     |
| train/             |          |
|    actor_loss      | -4.23    |
|    critic_loss     | 0.187    |
|    ent_coef        | 0.407    |
|    ent_coef_loss   | -6.06    |
|    learning_rate   | 0.001    |
|    n_updates       | 899      |
---------------------------------
---------------------------------
| rollout/           |          |
|    ep_len_mean     | 50       |
|    ep_rew_mean     | -49.5    |
|    success_rate    | 0        |
| time/              |          |
|    episodes        | 24       |
|    fps             | 81       |
|    time_elapsed    | 14       |
|    total_timesteps | 1200     |
| train/             |          |
|    actor_loss      | -3.8     |
|    critic_loss     | 0.179    |
|    ent_coef        | 0.334    |
|    ent_coef_loss   | -7.39    |
|    learning_rate   | 0.001    |
|    n_updates       | 1099     |
---------------------------------
---------------------------------
| rollout/           |          |
|    ep_len_mean     | 50       |
|    ep_rew_mean     | -49.5    |
|    success_rate    | 0        |
| time/              |          |
|    episodes        | 28       |
|    fps             | 81       |
|    time_elapsed    | 17       |
|    total_timesteps | 1400     |
| train/             |          |
|    actor_loss      | -3.53    |
|    critic_loss     | 0.214    |
|    ent_coef        | 0.273    |
|    ent_coef_loss   | -8.75    |
|    learning_rate   | 0.001    |
|    n_updates       | 1299     |
---------------------------------
---------------------------------
| rollout/           |          |
|    ep_len_mean     | 50       |
|    ep_rew_mean     | -49.4    |
|    success_rate    | 0        |
| time/              |          |
|    episodes        | 32       |
|    fps             | 80       |
|    time_elapsed    | 19       |
|    total_timesteps | 1600     |
| train/             |          |
|    actor_loss      | -2.98    |
|    critic_loss     | 0.194    |
|    ent_coef        | 0.224    |
|    ent_coef_loss   | -10.1    |
|    learning_rate   | 0.001    |
|    n_updates       | 1499     |
---------------------------------
---------------------------------
| rollout/           |          |
|    ep_len_mean     | 50       |
|    ep_rew_mean     | -49.5    |
|    success_rate    | 0        |
| time/              |          |
|    episodes        | 36       |
|    fps             | 79       |
|    time_elapsed    | 22       |
|    total_timesteps | 1800     |
| train/             |          |
|    actor_loss      | -2.31    |
|    critic_loss     | 0.197    |
|    ent_coef        | 0.183    |
|    ent_coef_loss   | -11.3    |
|    learning_rate   | 0.001    |
|    n_updates       | 1699     |
---------------------------------
---------------------------------
| rollout/           |          |
|    ep_len_mean     | 50       |
|    ep_rew_mean     | -49.3    |
|    success_rate    | 0        |
| time/              |          |
|    episodes        | 40       |
|    fps             | 78       |
|    time_elapsed    | 25       |
|    total_timesteps | 2000     |
| train/             |          |
|    actor_loss      | -1.75    |
|    critic_loss     | 0.153    |
|    ent_coef        | 0.15     |
|    ent_coef_loss   | -12.6    |
|    learning_rate   | 0.001    |
|    n_updates       | 1899     |
---------------------------------
---------------------------------
| rollout/           |          |
|    ep_len_mean     | 50       |
|    ep_rew_mean     | -49.3    |
|    success_rate    | 0        |
| time/              |          |
|    episodes        | 44       |
|    fps             | 78       |
|    time_elapsed    | 28       |
|    total_timesteps | 2200     |
| train/             |          |
|    actor_loss      | -1.42    |
|    critic_loss     | 0.148    |
|    ent_coef        | 0.123    |
|    ent_coef_loss   | -13.4    |
|    learning_rate   | 0.001    |
|    n_updates       | 2099     |
---------------------------------
---------------------------------
| rollout/           |          |
|    ep_len_mean     | 50       |
|    ep_rew_mean     | -49.4    |
|    success_rate    | 0        |
| time/              |          |
|    episodes        | 48       |
|    fps             | 77       |
|    time_elapsed    | 30       |
|    total_timesteps | 2400     |
| train/             |          |
|    actor_loss      | -0.733   |
|    critic_loss     | 0.0989   |
|    ent_coef        | 0.102    |
|    ent_coef_loss   | -14      |
|    learning_rate   | 0.001    |
|    n_updates       | 2299     |
---------------------------------
---------------------------------
| rollout/           |          |
|    ep_len_mean     | 50       |
|    ep_rew_mean     | -49.4    |
|    success_rate    | 0        |
| time/              |          |
|    episodes        | 52       |
|    fps             | 76       |
|    time_elapsed    | 33       |
|    total_timesteps | 2600     |
| train/             |          |
|    actor_loss      | -0.321   |
|    critic_loss     | 0.113    |
|    ent_coef        | 0.0846   |
|    ent_coef_loss   | -15.6    |
|    learning_rate   | 0.001    |
|    n_updates       | 2499     |
---------------------------------
---------------------------------
| rollout/           |          |
|    ep_len_mean     | 50       |
|    ep_rew_mean     | -49.3    |
|    success_rate    | 0        |
| time/              |          |
|    episodes        | 56       |
|    fps             | 76       |
|    time_elapsed    | 36       |
|    total_timesteps | 2800     |
| train/             |          |
|    actor_loss      | 0.215    |
|    critic_loss     | 0.121    |
|    ent_coef        | 0.0707   |
|    ent_coef_loss   | -12.9    |
|    learning_rate   | 0.001    |
|    n_updates       | 2699     |
---------------------------------
---------------------------------
| rollout/           |          |
|    ep_len_mean     | 50       |
|    ep_rew_mean     | -49.2    |
|    success_rate    | 0        |
| time/              |          |
|    episodes        | 60       |
|    fps             | 76       |
|    time_elapsed    | 38       |
|    total_timesteps | 3000     |
| train/             |          |
|    actor_loss      | 0.763    |
|    critic_loss     | 0.107    |
|    ent_coef        | 0.0595   |
|    ent_coef_loss   | -14.4    |
|    learning_rate   | 0.001    |
|    n_updates       | 2899     |
---------------------------------
---------------------------------
| rollout/           |          |
|    ep_len_mean     | 50       |
|    ep_rew_mean     | -49.3    |
|    success_rate    | 0        |
| time/              |          |
|    episodes        | 64       |
|    fps             | 76       |
|    time_elapsed    | 41       |
|    total_timesteps | 3200     |
| train/             |          |
|    actor_loss      | 0.858    |
|    critic_loss     | 0.112    |
|    ent_coef        | 0.0506   |
|    ent_coef_loss   | -15      |
|    learning_rate   | 0.001    |
|    n_updates       | 3099     |
---------------------------------
---------------------------------
| rollout/           |          |
|    ep_len_mean     | 50       |
|    ep_rew_mean     | -49.2    |
|    success_rate    | 0        |
| time/              |          |
|    episodes        | 68       |
|    fps             | 76       |
|    time_elapsed    | 44       |
|    total_timesteps | 3400     |
| train/             |          |
|    actor_loss      | 1.32     |
|    critic_loss     | 0.204    |
|    ent_coef        | 0.0431   |
|    ent_coef_loss   | -15      |
|    learning_rate   | 0.001    |
|    n_updates       | 3299     |
---------------------------------
---------------------------------
| rollout/           |          |
|    ep_len_mean     | 50       |
|    ep_rew_mean     | -48.9    |
|    success_rate    | 0        |
| time/              |          |
|    episodes        | 72       |
|    fps             | 76       |
|    time_elapsed    | 46       |
|    total_timesteps | 3600     |
| train/             |          |
|    actor_loss      | 1.75     |
|    critic_loss     | 0.148    |
|    ent_coef        | 0.037    |
|    ent_coef_loss   | -12.2    |
|    learning_rate   | 0.001    |
|    n_updates       | 3499     |
---------------------------------
---------------------------------
| rollout/           |          |
|    ep_len_mean     | 50       |
|    ep_rew_mean     | -48.8    |
|    success_rate    | 0        |
| time/              |          |
|    episodes        | 76       |
|    fps             | 76       |
|    time_elapsed    | 49       |
|    total_timesteps | 3800     |
| train/             |          |
|    actor_loss      | 2.11     |
|    critic_loss     | 0.238    |
|    ent_coef        | 0.032    |
|    ent_coef_loss   | -10.8    |
|    learning_rate   | 0.001    |
|    n_updates       | 3699     |
---------------------------------
---------------------------------
| rollout/           |          |
|    ep_len_mean     | 50       |
|    ep_rew_mean     | -48.2    |
|    success_rate    | 0.025    |
| time/              |          |
|    episodes        | 80       |
|    fps             | 76       |
|    time_elapsed    | 51       |
|    total_timesteps | 4000     |
| train/             |          |
|    actor_loss      | 1.89     |
|    critic_loss     | 0.218    |
|    ent_coef        | 0.0279   |
|    ent_coef_loss   | -11.5    |
|    learning_rate   | 0.001    |
|    n_updates       | 3899     |
---------------------------------
---------------------------------
| rollout/           |          |
|    ep_len_mean     | 50       |
|    ep_rew_mean     | -47.7    |
|    success_rate    | 0.0238   |
| time/              |          |
|    episodes        | 84       |
|    fps             | 77       |
|    time_elapsed    | 54       |
|    total_timesteps | 4200     |
| train/             |          |
|    actor_loss      | 2.46     |
|    critic_loss     | 0.192    |
|    ent_coef        | 0.0245   |
|    ent_coef_loss   | -12.3    |
|    learning_rate   | 0.001    |
|    n_updates       | 4099     |
---------------------------------
---------------------------------
| rollout/           |          |
|    ep_len_mean     | 50       |
|    ep_rew_mean     | -46.7    |
|    success_rate    | 0.0568   |
| time/              |          |
|    episodes        | 88       |
|    fps             | 77       |
|    time_elapsed    | 57       |
|    total_timesteps | 4400     |
| train/             |          |
|    actor_loss      | 2.69     |
|    critic_loss     | 0.268    |
|    ent_coef        | 0.0216   |
|    ent_coef_loss   | -8.71    |
|    learning_rate   | 0.001    |
|    n_updates       | 4299     |
---------------------------------
---------------------------------
| rollout/           |          |
|    ep_len_mean     | 50       |
|    ep_rew_mean     | -45.8    |
|    success_rate    | 0.0761   |
| time/              |          |
|    episodes        | 92       |
|    fps             | 77       |
|    time_elapsed    | 59       |
|    total_timesteps | 4600     |
| train/             |          |
|    actor_loss      | 3.25     |
|    critic_loss     | 0.218    |
|    ent_coef        | 0.0195   |
|    ent_coef_loss   | -2.79    |
|    learning_rate   | 0.001    |
|    n_updates       | 4499     |
---------------------------------
---------------------------------
| rollout/           |          |
|    ep_len_mean     | 50       |
|    ep_rew_mean     | -45.2    |
|    success_rate    | 0.0938   |
| time/              |          |
|    episodes        | 96       |
|    fps             | 76       |
|    time_elapsed    | 62       |
|    total_timesteps | 4800     |
| train/             |          |
|    actor_loss      | 3.12     |
|    critic_loss     | 0.17     |
|    ent_coef        | 0.0176   |
|    ent_coef_loss   | -8.59    |
|    learning_rate   | 0.001    |
|    n_updates       | 4699     |
---------------------------------
---------------------------------
| rollout/           |          |
|    ep_len_mean     | 50       |
|    ep_rew_mean     | -43.9    |
|    success_rate    | 0.12     |
| time/              |          |
|    episodes        | 100      |
|    fps             | 76       |
|    time_elapsed    | 64       |
|    total_timesteps | 5000     |
| train/             |          |
|    actor_loss      | 2.8      |
|    critic_loss     | 0.229    |
|    ent_coef        | 0.0159   |
|    ent_coef_loss   | -6.45    |
|    learning_rate   | 0.001    |
|    n_updates       | 4899     |
---------------------------------
---------------------------------
| rollout/           |          |
|    ep_len_mean     | 50       |
|    ep_rew_mean     | -42.5    |
|    success_rate    | 0.15     |
| time/              |          |
|    episodes        | 104      |
|    fps             | 77       |
|    time_elapsed    | 67       |
|    total_timesteps | 5200     |
| train/             |          |
|    actor_loss      | 3.16     |
|    critic_loss     | 0.238    |
|    ent_coef        | 0.0147   |
|    ent_coef_loss   | -6.06    |
|    learning_rate   | 0.001    |
|    n_updates       | 5099     |
---------------------------------
---------------------------------
| rollout/           |          |
|    ep_len_mean     | 50       |
|    ep_rew_mean     | -40.9    |
|    success_rate    | 0.19     |
| time/              |          |
|    episodes        | 108      |
|    fps             | 77       |
|    time_elapsed    | 70       |
|    total_timesteps | 5400     |
| train/             |          |
|    actor_loss      | 2.58     |
|    critic_loss     | 0.216    |
|    ent_coef        | 0.0135   |
|    ent_coef_loss   | -3.27    |
|    learning_rate   | 0.001    |
|    n_updates       | 5299     |
---------------------------------
---------------------------------
| rollout/           |          |
|    ep_len_mean     | 50       |
|    ep_rew_mean     | -39.1    |
|    success_rate    | 0.23     |
| time/              |          |
|    episodes        | 112      |
|    fps             | 77       |
|    time_elapsed    | 72       |
|    total_timesteps | 5600     |
| train/             |          |
|    actor_loss      | 2.76     |
|    critic_loss     | 0.192    |
|    ent_coef        | 0.0125   |
|    ent_coef_loss   | -5.35    |
|    learning_rate   | 0.001    |
|    n_updates       | 5499     |
---------------------------------
---------------------------------
| rollout/           |          |
|    ep_len_mean     | 50       |
|    ep_rew_mean     | -37.7    |
|    success_rate    | 0.25     |
| time/              |          |
|    episodes        | 116      |
|    fps             | 76       |
|    time_elapsed    | 75       |
|    total_timesteps | 5800     |
| train/             |          |
|    actor_loss      | 2.68     |
|    critic_loss     | 0.166    |
|    ent_coef        | 0.0116   |
|    ent_coef_loss   | -5.36    |
|    learning_rate   | 0.001    |
|    n_updates       | 5699     |
---------------------------------
---------------------------------
| rollout/           |          |
|    ep_len_mean     | 50       |
|    ep_rew_mean     | -35.8    |
|    success_rate    | 0.29     |
| time/              |          |
|    episodes        | 120      |
|    fps             | 77       |
|    time_elapsed    | 77       |
|    total_timesteps | 6000     |
| train/             |          |
|    actor_loss      | 2.39     |
|    critic_loss     | 0.0777   |
|    ent_coef        | 0.0107   |
|    ent_coef_loss   | -2.97    |
|    learning_rate   | 0.001    |
|    n_updates       | 5899     |
---------------------------------
---------------------------------
| rollout/           |          |
|    ep_len_mean     | 50       |
|    ep_rew_mean     | -33.9    |
|    success_rate    | 0.33     |
| time/              |          |
|    episodes        | 124      |
|    fps             | 77       |
|    time_elapsed    | 80       |
|    total_timesteps | 6200     |
| train/             |          |
|    actor_loss      | 2.32     |
|    critic_loss     | 0.0797   |
|    ent_coef        | 0.0105   |
|    ent_coef_loss   | 0.253    |
|    learning_rate   | 0.001    |
|    n_updates       | 6099     |
---------------------------------
---------------------------------
| rollout/           |          |
|    ep_len_mean     | 50       |
|    ep_rew_mean     | -32      |
|    success_rate    | 0.37     |
| time/              |          |
|    episodes        | 128      |
|    fps             | 76       |
|    time_elapsed    | 83       |
|    total_timesteps | 6400     |
| train/             |          |
|    actor_loss      | 2.09     |
|    critic_loss     | 0.0582   |
|    ent_coef        | 0.0107   |
|    ent_coef_loss   | 0.827    |
|    learning_rate   | 0.001    |
|    n_updates       | 6299     |
---------------------------------
---------------------------------
| rollout/           |          |
|    ep_len_mean     | 50       |
|    ep_rew_mean     | -30.1    |
|    success_rate    | 0.41     |
| time/              |          |
|    episodes        | 132      |
|    fps             | 76       |
|    time_elapsed    | 85       |
|    total_timesteps | 6600     |
| train/             |          |
|    actor_loss      | 1.71     |
|    critic_loss     | 0.0581   |
|    ent_coef        | 0.0111   |
|    ent_coef_loss   | 0.124    |
|    learning_rate   | 0.001    |
|    n_updates       | 6499     |
---------------------------------
---------------------------------
| rollout/           |          |
|    ep_len_mean     | 50       |
|    ep_rew_mean     | -28.2    |
|    success_rate    | 0.45     |
| time/              |          |
|    episodes        | 136      |
|    fps             | 76       |
|    time_elapsed    | 88       |
|    total_timesteps | 6800     |
| train/             |          |
|    actor_loss      | 1.83     |
|    critic_loss     | 0.0486   |
|    ent_coef        | 0.0112   |
|    ent_coef_loss   | -0.267   |
|    learning_rate   | 0.001    |
|    n_updates       | 6699     |
---------------------------------
---------------------------------
| rollout/           |          |
|    ep_len_mean     | 50       |
|    ep_rew_mean     | -26.4    |
|    success_rate    | 0.49     |
| time/              |          |
|    episodes        | 140      |
|    fps             | 76       |
|    time_elapsed    | 91       |
|    total_timesteps | 7000     |
| train/             |          |
|    actor_loss      | 1.49     |
|    critic_loss     | 0.0492   |
|    ent_coef        | 0.0111   |
|    ent_coef_loss   | -2.03    |
|    learning_rate   | 0.001    |
|    n_updates       | 6899     |
---------------------------------
---------------------------------
| rollout/           |          |
|    ep_len_mean     | 50       |
|    ep_rew_mean     | -24.5    |
|    success_rate    | 0.53     |
| time/              |          |
|    episodes        | 144      |
|    fps             | 76       |
|    time_elapsed    | 93       |
|    total_timesteps | 7200     |
| train/             |          |
|    actor_loss      | 1.62     |
|    critic_loss     | 0.0535   |
|    ent_coef        | 0.0108   |
|    ent_coef_loss   | -0.463   |
|    learning_rate   | 0.001    |
|    n_updates       | 7099     |
---------------------------------
---------------------------------
| rollout/           |          |
|    ep_len_mean     | 50       |
|    ep_rew_mean     | -22.5    |
|    success_rate    | 0.57     |
| time/              |          |
|    episodes        | 148      |
|    fps             | 76       |
|    time_elapsed    | 96       |
|    total_timesteps | 7400     |
| train/             |          |
|    actor_loss      | 1.57     |
|    critic_loss     | 0.0473   |
|    ent_coef        | 0.0104   |
|    ent_coef_loss   | -0.565   |
|    learning_rate   | 0.001    |
|    n_updates       | 7299     |
---------------------------------
---------------------------------
| rollout/           |          |
|    ep_len_mean     | 50       |
|    ep_rew_mean     | -20.6    |
|    success_rate    | 0.61     |
| time/              |          |
|    episodes        | 152      |
|    fps             | 76       |
|    time_elapsed    | 99       |
|    total_timesteps | 7600     |
| train/             |          |
|    actor_loss      | 1.41     |
|    critic_loss     | 0.0523   |
|    ent_coef        | 0.00981  |
|    ent_coef_loss   | -1.89    |
|    learning_rate   | 0.001    |
|    n_updates       | 7499     |
---------------------------------
---------------------------------
| rollout/           |          |
|    ep_len_mean     | 50       |
|    ep_rew_mean     | -18.8    |
|    success_rate    | 0.65     |
| time/              |          |
|    episodes        | 156      |
|    fps             | 76       |
|    time_elapsed    | 101      |
|    total_timesteps | 7800     |
| train/             |          |
|    actor_loss      | 1.2      |
|    critic_loss     | 0.0405   |
|    ent_coef        | 0.00913  |
|    ent_coef_loss   | -1.94    |
|    learning_rate   | 0.001    |
|    n_updates       | 7699     |
---------------------------------
---------------------------------
| rollout/           |          |
|    ep_len_mean     | 50       |
|    ep_rew_mean     | -16.9    |
|    success_rate    | 0.69     |
| time/              |          |
|    episodes        | 160      |
|    fps             | 76       |
|    time_elapsed    | 104      |
|    total_timesteps | 8000     |
| train/             |          |
|    actor_loss      | 1.3      |
|    critic_loss     | 0.0511   |
|    ent_coef        | 0.00839  |
|    ent_coef_loss   | -0.372   |
|    learning_rate   | 0.001    |
|    n_updates       | 7899     |
---------------------------------
---------------------------------
| rollout/           |          |
|    ep_len_mean     | 50       |
|    ep_rew_mean     | -14.9    |
|    success_rate    | 0.73     |
| time/              |          |
|    episodes        | 164      |
|    fps             | 76       |
|    time_elapsed    | 106      |
|    total_timesteps | 8200     |
| train/             |          |
|    actor_loss      | 1.28     |
|    critic_loss     | 0.05     |
|    ent_coef        | 0.00768  |
|    ent_coef_loss   | -0.509   |
|    learning_rate   | 0.001    |
|    n_updates       | 8099     |
---------------------------------
---------------------------------
| rollout/           |          |
|    ep_len_mean     | 50       |
|    ep_rew_mean     | -13.1    |
|    success_rate    | 0.77     |
| time/              |          |
|    episodes        | 168      |
|    fps             | 76       |
|    time_elapsed    | 109      |
|    total_timesteps | 8400     |
| train/             |          |
|    actor_loss      | 1.05     |
|    critic_loss     | 0.039    |
|    ent_coef        | 0.00704  |
|    ent_coef_loss   | -1.31    |
|    learning_rate   | 0.001    |
|    n_updates       | 8299     |
---------------------------------
---------------------------------
| rollout/           |          |
|    ep_len_mean     | 50       |
|    ep_rew_mean     | -11.4    |
|    success_rate    | 0.81     |
| time/              |          |
|    episodes        | 172      |
|    fps             | 76       |
|    time_elapsed    | 112      |
|    total_timesteps | 8600     |
| train/             |          |
|    actor_loss      | 1.21     |
|    critic_loss     | 0.0379   |
|    ent_coef        | 0.00646  |
|    ent_coef_loss   | -0.955   |
|    learning_rate   | 0.001    |
|    n_updates       | 8499     |
---------------------------------
---------------------------------
| rollout/           |          |
|    ep_len_mean     | 50       |
|    ep_rew_mean     | -9.58    |
|    success_rate    | 0.85     |
| time/              |          |
|    episodes        | 176      |
|    fps             | 76       |
|    time_elapsed    | 114      |
|    total_timesteps | 8800     |
| train/             |          |
|    actor_loss      | 0.992    |
|    critic_loss     | 0.0645   |
|    ent_coef        | 0.00603  |
|    ent_coef_loss   | -0.469   |
|    learning_rate   | 0.001    |
|    n_updates       | 8699     |
---------------------------------
---------------------------------
| rollout/           |          |
|    ep_len_mean     | 50       |
|    ep_rew_mean     | -8.2     |
|    success_rate    | 0.87     |
| time/              |          |
|    episodes        | 180      |
|    fps             | 76       |
|    time_elapsed    | 117      |
|    total_timesteps | 9000     |
| train/             |          |
|    actor_loss      | 1.05     |
|    critic_loss     | 0.0288   |
|    ent_coef        | 0.00545  |
|    ent_coef_loss   | -3.38    |
|    learning_rate   | 0.001    |
|    n_updates       | 8899     |
---------------------------------
---------------------------------
| rollout/           |          |
|    ep_len_mean     | 50       |
|    ep_rew_mean     | -6.74    |
|    success_rate    | 0.91     |
| time/              |          |
|    episodes        | 184      |
|    fps             | 76       |
|    time_elapsed    | 120      |
|    total_timesteps | 9200     |
| train/             |          |
|    actor_loss      | 1.02     |
|    critic_loss     | 0.0294   |
|    ent_coef        | 0.00493  |
|    ent_coef_loss   | -2.32    |
|    learning_rate   | 0.001    |
|    n_updates       | 9099     |
---------------------------------
---------------------------------
| rollout/           |          |
|    ep_len_mean     | 50       |
|    ep_rew_mean     | -5.74    |
|    success_rate    | 0.92     |
| time/              |          |
|    episodes        | 188      |
|    fps             | 76       |
|    time_elapsed    | 122      |
|    total_timesteps | 9400     |
| train/             |          |
|    actor_loss      | 1.07     |
|    critic_loss     | 0.0326   |
|    ent_coef        | 0.00449  |
|    ent_coef_loss   | 0.375    |
|    learning_rate   | 0.001    |
|    n_updates       | 9299     |
---------------------------------
---------------------------------
| rollout/           |          |
|    ep_len_mean     | 50       |
|    ep_rew_mean     | -4.79    |
|    success_rate    | 0.94     |
| time/              |          |
|    episodes        | 192      |
|    fps             | 76       |
|    time_elapsed    | 125      |
|    total_timesteps | 9600     |
| train/             |          |
|    actor_loss      | 0.884    |
|    critic_loss     | 0.0444   |
|    ent_coef        | 0.00433  |
|    ent_coef_loss   | -1.18    |
|    learning_rate   | 0.001    |
|    n_updates       | 9499     |
---------------------------------
---------------------------------
| rollout/           |          |
|    ep_len_mean     | 50       |
|    ep_rew_mean     | -3.61    |
|    success_rate    | 0.96     |
| time/              |          |
|    episodes        | 196      |
|    fps             | 76       |
|    time_elapsed    | 128      |
|    total_timesteps | 9800     |
| train/             |          |
|    actor_loss      | 1.03     |
|    critic_loss     | 0.0319   |
|    ent_coef        | 0.00393  |
|    ent_coef_loss   | 1.82     |
|    learning_rate   | 0.001    |
|    n_updates       | 9699     |
---------------------------------
---------------------------------
| rollout/           |          |
|    ep_len_mean     | 50       |
|    ep_rew_mean     | -3.25    |
|    success_rate    | 0.97     |
| time/              |          |
|    episodes        | 200      |
|    fps             | 76       |
|    time_elapsed    | 130      |
|    total_timesteps | 10000    |
| train/             |          |
|    actor_loss      | 0.882    |
|    critic_loss     | 0.0308   |
|    ent_coef        | 0.00368  |
|    ent_coef_loss   | -1.75    |
|    learning_rate   | 0.001    |
|    n_updates       | 9899     |
---------------------------------
---------------------------------
| rollout/           |          |
|    ep_len_mean     | 50       |
|    ep_rew_mean     | -2.74    |
|    success_rate    | 0.98     |
| time/              |          |
|    episodes        | 204      |
|    fps             | 76       |
|    time_elapsed    | 133      |
|    total_timesteps | 10200    |
| train/             |          |
|    actor_loss      | 1.03     |
|    critic_loss     | 0.0291   |
|    ent_coef        | 0.00311  |
|    ent_coef_loss   | -0.216   |
|    learning_rate   | 0.001    |
|    n_updates       | 10099    |
---------------------------------
---------------------------------
| rollout/           |          |
|    ep_len_mean     | 50       |
|    ep_rew_mean     | -2.4     |
|    success_rate    | 0.98     |
| time/              |          |
|    episodes        | 208      |
|    fps             | 76       |
|    time_elapsed    | 136      |
|    total_timesteps | 10400    |
| train/             |          |
|    actor_loss      | 0.783    |
|    critic_loss     | 0.0284   |
|    ent_coef        | 0.00293  |
|    ent_coef_loss   | -3.39    |
|    learning_rate   | 0.001    |
|    n_updates       | 10299    |
---------------------------------
---------------------------------
| rollout/           |          |
|    ep_len_mean     | 50       |
|    ep_rew_mean     | -2.24    |
|    success_rate    | 0.98     |
| time/              |          |
|    episodes        | 212      |
|    fps             | 76       |
|    time_elapsed    | 138      |
|    total_timesteps | 10600    |
| train/             |          |
|    actor_loss      | 0.726    |
|    critic_loss     | 0.0324   |
|    ent_coef        | 0.00297  |
|    ent_coef_loss   | -0.727   |
|    learning_rate   | 0.001    |
|    n_updates       | 10499    |
---------------------------------
---------------------------------
| rollout/           |          |
|    ep_len_mean     | 50       |
|    ep_rew_mean     | -1.77    |
|    success_rate    | 1        |
| time/              |          |
|    episodes        | 216      |
|    fps             | 76       |
|    time_elapsed    | 141      |
|    total_timesteps | 10800    |
| train/             |          |
|    actor_loss      | 0.811    |
|    critic_loss     | 0.0339   |
|    ent_coef        | 0.00275  |
|    ent_coef_loss   | -0.763   |
|    learning_rate   | 0.001    |
|    n_updates       | 10699    |
---------------------------------
---------------------------------
| rollout/           |          |
|    ep_len_mean     | 50       |
|    ep_rew_mean     | -1.72    |
|    success_rate    | 1        |
| time/              |          |
|    episodes        | 220      |
|    fps             | 76       |
|    time_elapsed    | 143      |
|    total_timesteps | 11000    |
| train/             |          |
|    actor_loss      | 0.726    |
|    critic_loss     | 0.0293   |
|    ent_coef        | 0.00251  |
|    ent_coef_loss   | 1.07     |
|    learning_rate   | 0.001    |
|    n_updates       | 10899    |
---------------------------------
---------------------------------
| rollout/           |          |
|    ep_len_mean     | 50       |
|    ep_rew_mean     | -1.67    |
|    success_rate    | 1        |
| time/              |          |
|    episodes        | 224      |
|    fps             | 76       |
|    time_elapsed    | 146      |
|    total_timesteps | 11200    |
| train/             |          |
|    actor_loss      | 0.911    |
|    critic_loss     | 0.034    |
|    ent_coef        | 0.00259  |
|    ent_coef_loss   | 4.68     |
|    learning_rate   | 0.001    |
|    n_updates       | 11099    |
---------------------------------
---------------------------------
| rollout/           |          |
|    ep_len_mean     | 50       |
|    ep_rew_mean     | -1.66    |
|    success_rate    | 1        |
| time/              |          |
|    episodes        | 228      |
|    fps             | 76       |
|    time_elapsed    | 149      |
|    total_timesteps | 11400    |
| train/             |          |
|    actor_loss      | 0.733    |
|    critic_loss     | 0.0324   |
|    ent_coef        | 0.00234  |
|    ent_coef_loss   | 2.2      |
|    learning_rate   | 0.001    |
|    n_updates       | 11299    |
---------------------------------
---------------------------------
| rollout/           |          |
|    ep_len_mean     | 50       |
|    ep_rew_mean     | -1.63    |
|    success_rate    | 1        |
| time/              |          |
|    episodes        | 232      |
|    fps             | 76       |
|    time_elapsed    | 152      |
|    total_timesteps | 11600    |
| train/             |          |
|    actor_loss      | 0.817    |
|    critic_loss     | 0.0276   |
|    ent_coef        | 0.00217  |
|    ent_coef_loss   | 6.23     |
|    learning_rate   | 0.001    |
|    n_updates       | 11499    |
---------------------------------
---------------------------------
| rollout/           |          |
|    ep_len_mean     | 50       |
|    ep_rew_mean     | -1.63    |
|    success_rate    | 1        |
| time/              |          |
|    episodes        | 236      |
|    fps             | 76       |
|    time_elapsed    | 154      |
|    total_timesteps | 11800    |
| train/             |          |
|    actor_loss      | 0.718    |
|    critic_loss     | 0.022    |
|    ent_coef        | 0.00218  |
|    ent_coef_loss   | -3.78    |
|    learning_rate   | 0.001    |
|    n_updates       | 11699    |
---------------------------------
---------------------------------
| rollout/           |          |
|    ep_len_mean     | 50       |
|    ep_rew_mean     | -1.61    |
|    success_rate    | 1        |
| time/              |          |
|    episodes        | 240      |
|    fps             | 76       |
|    time_elapsed    | 157      |
|    total_timesteps | 12000    |
| train/             |          |
|    actor_loss      | 0.557    |
|    critic_loss     | 0.0172   |
|    ent_coef        | 0.00199  |
|    ent_coef_loss   | -1.52    |
|    learning_rate   | 0.001    |
|    n_updates       | 11899    |
---------------------------------
---------------------------------
| rollout/           |          |
|    ep_len_mean     | 50       |
|    ep_rew_mean     | -1.61    |
|    success_rate    | 1        |
| time/              |          |
|    episodes        | 244      |
|    fps             | 76       |
|    time_elapsed    | 160      |
|    total_timesteps | 12200    |
| train/             |          |
|    actor_loss      | 0.581    |
|    critic_loss     | 0.0201   |
|    ent_coef        | 0.00202  |
|    ent_coef_loss   | -5.88    |
|    learning_rate   | 0.001    |
|    n_updates       | 12099    |
---------------------------------
---------------------------------
| rollout/           |          |
|    ep_len_mean     | 50       |
|    ep_rew_mean     | -1.61    |
|    success_rate    | 1        |
| time/              |          |
|    episodes        | 248      |
|    fps             | 76       |
|    time_elapsed    | 163      |
|    total_timesteps | 12400    |
| train/             |          |
|    actor_loss      | 0.753    |
|    critic_loss     | 0.0288   |
|    ent_coef        | 0.00187  |
|    ent_coef_loss   | -0.353   |
|    learning_rate   | 0.001    |
|    n_updates       | 12299    |
---------------------------------
---------------------------------
| rollout/           |          |
|    ep_len_mean     | 50       |
|    ep_rew_mean     | -1.64    |
|    success_rate    | 1        |
| time/              |          |
|    episodes        | 252      |
|    fps             | 75       |
|    time_elapsed    | 165      |
|    total_timesteps | 12600    |
| train/             |          |
|    actor_loss      | 0.645    |
|    critic_loss     | 0.0157   |
|    ent_coef        | 0.00179  |
|    ent_coef_loss   | -2.04    |
|    learning_rate   | 0.001    |
|    n_updates       | 12499    |
---------------------------------
---------------------------------
| rollout/           |          |
|    ep_len_mean     | 50       |
|    ep_rew_mean     | -1.65    |
|    success_rate    | 1        |
| time/              |          |
|    episodes        | 256      |
|    fps             | 75       |
|    time_elapsed    | 168      |
|    total_timesteps | 12800    |
| train/             |          |
|    actor_loss      | 0.592    |
|    critic_loss     | 0.0251   |
|    ent_coef        | 0.00196  |
|    ent_coef_loss   | -2.55    |
|    learning_rate   | 0.001    |
|    n_updates       | 12699    |
---------------------------------
---------------------------------
| rollout/           |          |
|    ep_len_mean     | 50       |
|    ep_rew_mean     | -1.66    |
|    success_rate    | 1        |
| time/              |          |
|    episodes        | 260      |
|    fps             | 75       |
|    time_elapsed    | 171      |
|    total_timesteps | 13000    |
| train/             |          |
|    actor_loss      | 0.765    |
|    critic_loss     | 0.0277   |
|    ent_coef        | 0.00216  |
|    ent_coef_loss   | 0.404    |
|    learning_rate   | 0.001    |
|    n_updates       | 12899    |
---------------------------------
---------------------------------
| rollout/           |          |
|    ep_len_mean     | 50       |
|    ep_rew_mean     | -1.7     |
|    success_rate    | 1        |
| time/              |          |
|    episodes        | 264      |
|    fps             | 75       |
|    time_elapsed    | 173      |
|    total_timesteps | 13200    |
| train/             |          |
|    actor_loss      | 0.667    |
|    critic_loss     | 0.0273   |
|    ent_coef        | 0.00193  |
|    ent_coef_loss   | -2.33    |
|    learning_rate   | 0.001    |
|    n_updates       | 13099    |
---------------------------------
---------------------------------
| rollout/           |          |
|    ep_len_mean     | 50       |
|    ep_rew_mean     | -2.36    |
|    success_rate    | 0.98     |
| time/              |          |
|    episodes        | 268      |
|    fps             | 75       |
|    time_elapsed    | 176      |
|    total_timesteps | 13400    |
| train/             |          |
|    actor_loss      | 0.523    |
|    critic_loss     | 0.0223   |
|    ent_coef        | 0.00216  |
|    ent_coef_loss   | 3.54     |
|    learning_rate   | 0.001    |
|    n_updates       | 13299    |
---------------------------------
---------------------------------
| rollout/           |          |
|    ep_len_mean     | 50       |
|    ep_rew_mean     | -2.32    |
|    success_rate    | 0.98     |
| time/              |          |
|    episodes        | 272      |
|    fps             | 75       |
|    time_elapsed    | 179      |
|    total_timesteps | 13600    |
| train/             |          |
|    actor_loss      | 0.633    |
|    critic_loss     | 0.0289   |
|    ent_coef        | 0.0025   |
|    ent_coef_loss   | 1.08     |
|    learning_rate   | 0.001    |
|    n_updates       | 13499    |
---------------------------------
---------------------------------
| rollout/           |          |
|    ep_len_mean     | 50       |
|    ep_rew_mean     | -2.31    |
|    success_rate    | 0.98     |
| time/              |          |
|    episodes        | 276      |
|    fps             | 75       |
|    time_elapsed    | 182      |
|    total_timesteps | 13800    |
| train/             |          |
|    actor_loss      | 0.518    |
|    critic_loss     | 0.0205   |
|    ent_coef        | 0.00244  |
|    ent_coef_loss   | -2.18    |
|    learning_rate   | 0.001    |
|    n_updates       | 13699    |
---------------------------------
---------------------------------
| rollout/           |          |
|    ep_len_mean     | 50       |
|    ep_rew_mean     | -2.32    |
|    success_rate    | 0.98     |
| time/              |          |
|    episodes        | 280      |
|    fps             | 75       |
|    time_elapsed    | 184      |
|    total_timesteps | 14000    |
| train/             |          |
|    actor_loss      | 0.404    |
|    critic_loss     | 0.0216   |
|    ent_coef        | 0.00227  |
|    ent_coef_loss   | -4.59    |
|    learning_rate   | 0.001    |
|    n_updates       | 13899    |
---------------------------------
---------------------------------
| rollout/           |          |
|    ep_len_mean     | 50       |
|    ep_rew_mean     | -2.3     |
|    success_rate    | 0.98     |
| time/              |          |
|    episodes        | 284      |
|    fps             | 75       |
|    time_elapsed    | 187      |
|    total_timesteps | 14200    |
| train/             |          |
|    actor_loss      | 0.606    |
|    critic_loss     | 0.0195   |
|    ent_coef        | 0.00205  |
|    ent_coef_loss   | -1.3     |
|    learning_rate   | 0.001    |
|    n_updates       | 14099    |
---------------------------------
---------------------------------
| rollout/           |          |
|    ep_len_mean     | 50       |
|    ep_rew_mean     | -2.31    |
|    success_rate    | 0.98     |
| time/              |          |
|    episodes        | 288      |
|    fps             | 75       |
|    time_elapsed    | 190      |
|    total_timesteps | 14400    |
| train/             |          |
|    actor_loss      | 0.388    |
|    critic_loss     | 0.0163   |
|    ent_coef        | 0.0018   |
|    ent_coef_loss   | -5.07    |
|    learning_rate   | 0.001    |
|    n_updates       | 14299    |
---------------------------------
---------------------------------
| rollout/           |          |
|    ep_len_mean     | 50       |
|    ep_rew_mean     | -2.31    |
|    success_rate    | 0.98     |
| time/              |          |
|    episodes        | 292      |
|    fps             | 75       |
|    time_elapsed    | 193      |
|    total_timesteps | 14600    |
| train/             |          |
|    actor_loss      | 0.451    |
|    critic_loss     | 0.0291   |
|    ent_coef        | 0.00159  |
|    ent_coef_loss   | -8.36    |
|    learning_rate   | 0.001    |
|    n_updates       | 14499    |
---------------------------------
---------------------------------
| rollout/           |          |
|    ep_len_mean     | 50       |
|    ep_rew_mean     | -2.29    |
|    success_rate    | 0.98     |
| time/              |          |
|    episodes        | 296      |
|    fps             | 75       |
|    time_elapsed    | 195      |
|    total_timesteps | 14800    |
| train/             |          |
|    actor_loss      | 0.569    |
|    critic_loss     | 0.0198   |
|    ent_coef        | 0.0014   |
|    ent_coef_loss   | -2.21    |
|    learning_rate   | 0.001    |
|    n_updates       | 14699    |
---------------------------------
---------------------------------
| rollout/           |          |
|    ep_len_mean     | 50       |
|    ep_rew_mean     | -2.25    |
|    success_rate    | 0.98     |
| time/              |          |
|    episodes        | 300      |
|    fps             | 75       |
|    time_elapsed    | 198      |
|    total_timesteps | 15000    |
| train/             |          |
|    actor_loss      | 0.506    |
|    critic_loss     | 0.0227   |
|    ent_coef        | 0.00146  |
|    ent_coef_loss   | 1.09     |
|    learning_rate   | 0.001    |
|    n_updates       | 14899    |
---------------------------------
---------------------------------
| rollout/           |          |
|    ep_len_mean     | 50       |
|    ep_rew_mean     | -2.25    |
|    success_rate    | 0.98     |
| time/              |          |
|    episodes        | 304      |
|    fps             | 75       |
|    time_elapsed    | 202      |
|    total_timesteps | 15200    |
| train/             |          |
|    actor_loss      | 0.539    |
|    critic_loss     | 0.0172   |
|    ent_coef        | 0.00131  |
|    ent_coef_loss   | -0.909   |
|    learning_rate   | 0.001    |
|    n_updates       | 15099    |
---------------------------------
---------------------------------
| rollout/           |          |
|    ep_len_mean     | 50       |
|    ep_rew_mean     | -2.25    |
|    success_rate    | 0.98     |
| time/              |          |
|    episodes        | 308      |
|    fps             | 74       |
|    time_elapsed    | 205      |
|    total_timesteps | 15400    |
| train/             |          |
|    actor_loss      | 0.344    |
|    critic_loss     | 0.0154   |
|    ent_coef        | 0.00122  |
|    ent_coef_loss   | -3.23    |
|    learning_rate   | 0.001    |
|    n_updates       | 15299    |
---------------------------------
---------------------------------
| rollout/           |          |
|    ep_len_mean     | 50       |
|    ep_rew_mean     | -2.59    |
|    success_rate    | 0.97     |
| time/              |          |
|    episodes        | 312      |
|    fps             | 74       |
|    time_elapsed    | 208      |
|    total_timesteps | 15600    |
| train/             |          |
|    actor_loss      | 0.526    |
|    critic_loss     | 0.0164   |
|    ent_coef        | 0.00154  |
|    ent_coef_loss   | 2.63     |
|    learning_rate   | 0.001    |
|    n_updates       | 15499    |
---------------------------------
---------------------------------
| rollout/           |          |
|    ep_len_mean     | 50       |
|    ep_rew_mean     | -2.62    |
|    success_rate    | 0.97     |
| time/              |          |
|    episodes        | 316      |
|    fps             | 74       |
|    time_elapsed    | 211      |
|    total_timesteps | 15800    |
| train/             |          |
|    actor_loss      | 0.531    |
|    critic_loss     | 0.0196   |
|    ent_coef        | 0.0013   |
|    ent_coef_loss   | -4.09    |
|    learning_rate   | 0.001    |
|    n_updates       | 15699    |
---------------------------------
---------------------------------
| rollout/           |          |
|    ep_len_mean     | 50       |
|    ep_rew_mean     | -2.65    |
|    success_rate    | 0.97     |
| time/              |          |
|    episodes        | 320      |
|    fps             | 74       |
|    time_elapsed    | 214      |
|    total_timesteps | 16000    |
| train/             |          |
|    actor_loss      | 0.355    |
|    critic_loss     | 0.0213   |
|    ent_coef        | 0.00108  |
|    ent_coef_loss   | -3.45    |
|    learning_rate   | 0.001    |
|    n_updates       | 15899    |
---------------------------------
---------------------------------
| rollout/           |          |
|    ep_len_mean     | 50       |
|    ep_rew_mean     | -2.65    |
|    success_rate    | 0.97     |
| time/              |          |
|    episodes        | 324      |
|    fps             | 74       |
|    time_elapsed    | 216      |
|    total_timesteps | 16200    |
| train/             |          |
|    actor_loss      | 0.282    |
|    critic_loss     | 0.0262   |
|    ent_coef        | 0.00104  |
|    ent_coef_loss   | -5.93    |
|    learning_rate   | 0.001    |
|    n_updates       | 16099    |
---------------------------------
---------------------------------
| rollout/           |          |
|    ep_len_mean     | 50       |
|    ep_rew_mean     | -2.65    |
|    success_rate    | 0.97     |
| time/              |          |
|    episodes        | 328      |
|    fps             | 74       |
|    time_elapsed    | 219      |
|    total_timesteps | 16400    |
| train/             |          |
|    actor_loss      | 0.607    |
|    critic_loss     | 0.0169   |
|    ent_coef        | 0.001    |
|    ent_coef_loss   | 3.83     |
|    learning_rate   | 0.001    |
|    n_updates       | 16299    |
---------------------------------
---------------------------------
| rollout/           |          |
|    ep_len_mean     | 50       |
|    ep_rew_mean     | -2.66    |
|    success_rate    | 0.97     |
| time/              |          |
|    episodes        | 332      |
|    fps             | 74       |
|    time_elapsed    | 222      |
|    total_timesteps | 16600    |
| train/             |          |
|    actor_loss      | 0.39     |
|    critic_loss     | 0.0114   |
|    ent_coef        | 0.000947 |
|    ent_coef_loss   | -3.96    |
|    learning_rate   | 0.001    |
|    n_updates       | 16499    |
---------------------------------
---------------------------------
| rollout/           |          |
|    ep_len_mean     | 50       |
|    ep_rew_mean     | -2.61    |
|    success_rate    | 0.97     |
| time/              |          |
|    episodes        | 336      |
|    fps             | 74       |
|    time_elapsed    | 225      |
|    total_timesteps | 16800    |
| train/             |          |
|    actor_loss      | 0.424    |
|    critic_loss     | 0.0139   |
|    ent_coef        | 0.000902 |
|    ent_coef_loss   | -3.01    |
|    learning_rate   | 0.001    |
|    n_updates       | 16699    |
---------------------------------
---------------------------------
| rollout/           |          |
|    ep_len_mean     | 50       |
|    ep_rew_mean     | -2.65    |
|    success_rate    | 0.97     |
| time/              |          |
|    episodes        | 340      |
|    fps             | 74       |
|    time_elapsed    | 227      |
|    total_timesteps | 17000    |
| train/             |          |
|    actor_loss      | 0.414    |
|    critic_loss     | 0.0184   |
|    ent_coef        | 0.000887 |
|    ent_coef_loss   | -1.28    |
|    learning_rate   | 0.001    |
|    n_updates       | 16899    |
---------------------------------
---------------------------------
| rollout/           |          |
|    ep_len_mean     | 50       |
|    ep_rew_mean     | -2.67    |
|    success_rate    | 0.97     |
| time/              |          |
|    episodes        | 344      |
|    fps             | 74       |
|    time_elapsed    | 230      |
|    total_timesteps | 17200    |
| train/             |          |
|    actor_loss      | 0.312    |
|    critic_loss     | 0.0191   |
|    ent_coef        | 0.000853 |
|    ent_coef_loss   | -2.47    |
|    learning_rate   | 0.001    |
|    n_updates       | 17099    |
---------------------------------
---------------------------------
| rollout/           |          |
|    ep_len_mean     | 50       |
|    ep_rew_mean     | -2.66    |
|    success_rate    | 0.97     |
| time/              |          |
|    episodes        | 348      |
|    fps             | 74       |
|    time_elapsed    | 233      |
|    total_timesteps | 17400    |
| train/             |          |
|    actor_loss      | 0.419    |
|    critic_loss     | 0.0162   |
|    ent_coef        | 0.000795 |
|    ent_coef_loss   | 4.11     |
|    learning_rate   | 0.001    |
|    n_updates       | 17299    |
---------------------------------
---------------------------------
| rollout/           |          |
|    ep_len_mean     | 50       |
|    ep_rew_mean     | -2.63    |
|    success_rate    | 0.97     |
| time/              |          |
|    episodes        | 352      |
|    fps             | 74       |
|    time_elapsed    | 236      |
|    total_timesteps | 17600    |
| train/             |          |
|    actor_loss      | 0.405    |
|    critic_loss     | 0.0144   |
|    ent_coef        | 0.000865 |
|    ent_coef_loss   | -4.75    |
|    learning_rate   | 0.001    |
|    n_updates       | 17499    |
---------------------------------
---------------------------------
| rollout/           |          |
|    ep_len_mean     | 50       |
|    ep_rew_mean     | -2.74    |
|    success_rate    | 0.96     |
| time/              |          |
|    episodes        | 356      |
|    fps             | 74       |
|    time_elapsed    | 239      |
|    total_timesteps | 17800    |
| train/             |          |
|    actor_loss      | 1.24     |
|    critic_loss     | 0.599    |
|    ent_coef        | 0.000906 |
|    ent_coef_loss   | 105      |
|    learning_rate   | 0.001    |
|    n_updates       | 17699    |
---------------------------------
---------------------------------
| rollout/           |          |
|    ep_len_mean     | 50       |
|    ep_rew_mean     | -4.66    |
|    success_rate    | 0.92     |
| time/              |          |
|    episodes        | 360      |
|    fps             | 74       |
|    time_elapsed    | 241      |
|    total_timesteps | 18000    |
| train/             |          |
|    actor_loss      | 1.15     |
|    critic_loss     | 0.157    |
|    ent_coef        | 0.00156  |
|    ent_coef_loss   | -14.6    |
|    learning_rate   | 0.001    |
|    n_updates       | 17899    |
---------------------------------
---------------------------------
| rollout/           |          |
|    ep_len_mean     | 50       |
|    ep_rew_mean     | -5.61    |
|    success_rate    | 0.89     |
| time/              |          |
|    episodes        | 364      |
|    fps             | 74       |
|    time_elapsed    | 244      |
|    total_timesteps | 18200    |
| train/             |          |
|    actor_loss      | 0.995    |
|    critic_loss     | 0.0322   |
|    ent_coef        | 0.00154  |
|    ent_coef_loss   | -1.68    |
|    learning_rate   | 0.001    |
|    n_updates       | 18099    |
---------------------------------
---------------------------------
| rollout/           |          |
|    ep_len_mean     | 50       |
|    ep_rew_mean     | -4.93    |
|    success_rate    | 0.91     |
| time/              |          |
|    episodes        | 368      |
|    fps             | 74       |
|    time_elapsed    | 247      |
|    total_timesteps | 18400    |
| train/             |          |
|    actor_loss      | 0.716    |
|    critic_loss     | 0.0234   |
|    ent_coef        | 0.00155  |
|    ent_coef_loss   | -1.21    |
|    learning_rate   | 0.001    |
|    n_updates       | 18299    |
---------------------------------
---------------------------------
| rollout/           |          |
|    ep_len_mean     | 50       |
|    ep_rew_mean     | -4.95    |
|    success_rate    | 0.91     |
| time/              |          |
|    episodes        | 372      |
|    fps             | 74       |
|    time_elapsed    | 250      |
|    total_timesteps | 18600    |
| train/             |          |
|    actor_loss      | 0.748    |
|    critic_loss     | 0.0167   |
|    ent_coef        | 0.00153  |
|    ent_coef_loss   | -1.32    |
|    learning_rate   | 0.001    |
|    n_updates       | 18499    |
---------------------------------
---------------------------------
| rollout/           |          |
|    ep_len_mean     | 50       |
|    ep_rew_mean     | -4.96    |
|    success_rate    | 0.91     |
| time/              |          |
|    episodes        | 376      |
|    fps             | 74       |
|    time_elapsed    | 253      |
|    total_timesteps | 18800    |
| train/             |          |
|    actor_loss      | 0.675    |
|    critic_loss     | 0.0158   |
|    ent_coef        | 0.0015   |
|    ent_coef_loss   | -5.26    |
|    learning_rate   | 0.001    |
|    n_updates       | 18699    |
---------------------------------
---------------------------------
| rollout/           |          |
|    ep_len_mean     | 50       |
|    ep_rew_mean     | -4.94    |
|    success_rate    | 0.91     |
| time/              |          |
|    episodes        | 380      |
|    fps             | 74       |
|    time_elapsed    | 255      |
|    total_timesteps | 19000    |
| train/             |          |
|    actor_loss      | 0.75     |
|    critic_loss     | 0.0115   |
|    ent_coef        | 0.00145  |
|    ent_coef_loss   | -4.56    |
|    learning_rate   | 0.001    |
|    n_updates       | 18899    |
---------------------------------
---------------------------------
| rollout/           |          |
|    ep_len_mean     | 50       |
|    ep_rew_mean     | -4.99    |
|    success_rate    | 0.91     |
| time/              |          |
|    episodes        | 384      |
|    fps             | 74       |
|    time_elapsed    | 258      |
|    total_timesteps | 19200    |
| train/             |          |
|    actor_loss      | 0.701    |
|    critic_loss     | 0.0132   |
|    ent_coef        | 0.00139  |
|    ent_coef_loss   | -4.4     |
|    learning_rate   | 0.001    |
|    n_updates       | 19099    |
---------------------------------
---------------------------------
| rollout/           |          |
|    ep_len_mean     | 50       |
|    ep_rew_mean     | -5.01    |
|    success_rate    | 0.91     |
| time/              |          |
|    episodes        | 388      |
|    fps             | 74       |
|    time_elapsed    | 261      |
|    total_timesteps | 19400    |
| train/             |          |
|    actor_loss      | 0.669    |
|    critic_loss     | 0.0113   |
|    ent_coef        | 0.00134  |
|    ent_coef_loss   | -2.84    |
|    learning_rate   | 0.001    |
|    n_updates       | 19299    |
---------------------------------
---------------------------------
| rollout/           |          |
|    ep_len_mean     | 50       |
|    ep_rew_mean     | -4.98    |
|    success_rate    | 0.91     |
| time/              |          |
|    episodes        | 392      |
|    fps             | 74       |
|    time_elapsed    | 264      |
|    total_timesteps | 19600    |
| train/             |          |
|    actor_loss      | 0.677    |
|    critic_loss     | 0.0128   |
|    ent_coef        | 0.00128  |
|    ent_coef_loss   | -2.62    |
|    learning_rate   | 0.001    |
|    n_updates       | 19499    |
---------------------------------
---------------------------------
| rollout/           |          |
|    ep_len_mean     | 50       |
|    ep_rew_mean     | -4.96    |
|    success_rate    | 0.91     |
| time/              |          |
|    episodes        | 396      |
|    fps             | 74       |
|    time_elapsed    | 266      |
|    total_timesteps | 19800    |
| train/             |          |
|    actor_loss      | 0.696    |
|    critic_loss     | 0.0188   |
|    ent_coef        | 0.00124  |
|    ent_coef_loss   | 0.0186   |
|    learning_rate   | 0.001    |
|    n_updates       | 19699    |
---------------------------------
---------------------------------
| rollout/           |          |
|    ep_len_mean     | 50       |
|    ep_rew_mean     | -4.99    |
|    success_rate    | 0.91     |
| time/              |          |
|    episodes        | 400      |
|    fps             | 74       |
|    time_elapsed    | 269      |
|    total_timesteps | 20000    |
| train/             |          |
|    actor_loss      | 0.471    |
|    critic_loss     | 0.0138   |
|    ent_coef        | 0.00118  |
|    ent_coef_loss   | -4.15    |
|    learning_rate   | 0.001    |
|    n_updates       | 19899    |
---------------------------------
success_rate=1.000 over 50 episodes
checkpoint_saved=/Users/eoinmca/Projects/lang-goal-rl/experiments/01_uvfa_her_baseline/checkpoints/seed_4.zip
