AdroitHandRelocateDense-v1, AdroitHandHammerDense-v1, AdroitHandDoorDense-v1 environment's reward functions were updated in v1.2.1 without an environment version update. Therefore, use gymnasium-robotics==1.2.0 for v1 reproducibility or use v2 in gymnasium-robotics>=1.4.3. See https://github.com/Farama-Foundation/Gymnasium-Robotics/pull/220 for more details
Using cpu device
Wrapping the env with a `Monitor` wrapper
Wrapping the env in a DummyVecEnv.
---------------------------------
| rollout/           |          |
|    ep_len_mean     | 50       |
|    ep_rew_mean     | -49.8    |
|    success_rate    | 0        |
| time/              |          |
|    episodes        | 4        |
|    fps             | 215      |
|    time_elapsed    | 0        |
|    total_timesteps | 200      |
| train/             |          |
|    actor_loss      | -4.61    |
|    critic_loss     | 0.228    |
|    ent_coef        | 0.907    |
|    ent_coef_loss   | -0.658   |
|    learning_rate   | 0.001    |
|    n_updates       | 99       |
---------------------------------
---------------------------------
| rollout/           |          |
|    ep_len_mean     | 50       |
|    ep_rew_mean     | -49.5    |
|    success_rate    | 0        |
| time/              |          |
|    episodes        | 8        |
|    fps             | 153      |
|    time_elapsed    | 2        |
|    total_timesteps | 400      |
| train/             |          |
|    actor_loss      | -4.69    |
|    critic_loss     | 0.232    |
|    ent_coef        | 0.742    |
|    ent_coef_loss   | -2.01    |
|    learning_rate   | 0.001    |
|    n_updates       | 299      |
---------------------------------
---------------------------------
| rollout/           |          |
|    ep_len_mean     | 50       |
|    ep_rew_mean     | -49.7    |
|    success_rate    | 0        |
| time/              |          |
|    episodes        | 12       |
|    fps             | 139      |
|    time_elapsed    | 4        |
|    total_timesteps | 600      |
| train/             |          |
|    actor_loss      | -4.74    |
|    critic_loss     | 0.201    |
|    ent_coef        | 0.608    |
|    ent_coef_loss   | -3.35    |
|    learning_rate   | 0.001    |
|    n_updates       | 499      |
---------------------------------
---------------------------------
| rollout/           |          |
|    ep_len_mean     | 50       |
|    ep_rew_mean     | -49.8    |
|    success_rate    | 0        |
| time/              |          |
|    episodes        | 16       |
|    fps             | 134      |
|    time_elapsed    | 5        |
|    total_timesteps | 800      |
| train/             |          |
|    actor_loss      | -4.62    |
|    critic_loss     | 0.209    |
|    ent_coef        | 0.498    |
|    ent_coef_loss   | -4.69    |
|    learning_rate   | 0.001    |
|    n_updates       | 699      |
---------------------------------
---------------------------------
| rollout/           |          |
|    ep_len_mean     | 50       |
|    ep_rew_mean     | -49.8    |
|    success_rate    | 0        |
| time/              |          |
|    episodes        | 20       |
|    fps             | 130      |
|    time_elapsed    | 7        |
|    total_timesteps | 1000     |
| train/             |          |
|    actor_loss      | -4.49    |
|    critic_loss     | 0.199    |
|    ent_coef        | 0.407    |
|    ent_coef_loss   | -6.03    |
|    learning_rate   | 0.001    |
|    n_updates       | 899      |
---------------------------------
---------------------------------
| rollout/           |          |
|    ep_len_mean     | 50       |
|    ep_rew_mean     | -49.8    |
|    success_rate    | 0        |
| time/              |          |
|    episodes        | 24       |
|    fps             | 129      |
|    time_elapsed    | 9        |
|    total_timesteps | 1200     |
| train/             |          |
|    actor_loss      | -4.06    |
|    critic_loss     | 0.194    |
|    ent_coef        | 0.333    |
|    ent_coef_loss   | -7.43    |
|    learning_rate   | 0.001    |
|    n_updates       | 1099     |
---------------------------------
---------------------------------
| rollout/           |          |
|    ep_len_mean     | 50       |
|    ep_rew_mean     | -49.8    |
|    success_rate    | 0        |
| time/              |          |
|    episodes        | 28       |
|    fps             | 127      |
|    time_elapsed    | 10       |
|    total_timesteps | 1400     |
| train/             |          |
|    actor_loss      | -3.64    |
|    critic_loss     | 0.201    |
|    ent_coef        | 0.273    |
|    ent_coef_loss   | -8.76    |
|    learning_rate   | 0.001    |
|    n_updates       | 1299     |
---------------------------------
---------------------------------
| rollout/           |          |
|    ep_len_mean     | 50       |
|    ep_rew_mean     | -49.8    |
|    success_rate    | 0        |
| time/              |          |
|    episodes        | 32       |
|    fps             | 126      |
|    time_elapsed    | 12       |
|    total_timesteps | 1600     |
| train/             |          |
|    actor_loss      | -3.03    |
|    critic_loss     | 0.189    |
|    ent_coef        | 0.224    |
|    ent_coef_loss   | -10.1    |
|    learning_rate   | 0.001    |
|    n_updates       | 1499     |
---------------------------------
---------------------------------
| rollout/           |          |
|    ep_len_mean     | 50       |
|    ep_rew_mean     | -49.8    |
|    success_rate    | 0        |
| time/              |          |
|    episodes        | 36       |
|    fps             | 125      |
|    time_elapsed    | 14       |
|    total_timesteps | 1800     |
| train/             |          |
|    actor_loss      | -2.36    |
|    critic_loss     | 0.174    |
|    ent_coef        | 0.183    |
|    ent_coef_loss   | -11.4    |
|    learning_rate   | 0.001    |
|    n_updates       | 1699     |
---------------------------------
---------------------------------
| rollout/           |          |
|    ep_len_mean     | 50       |
|    ep_rew_mean     | -49.7    |
|    success_rate    | 0        |
| time/              |          |
|    episodes        | 40       |
|    fps             | 125      |
|    time_elapsed    | 15       |
|    total_timesteps | 2000     |
| train/             |          |
|    actor_loss      | -1.7     |
|    critic_loss     | 0.15     |
|    ent_coef        | 0.15     |
|    ent_coef_loss   | -12.7    |
|    learning_rate   | 0.001    |
|    n_updates       | 1899     |
---------------------------------
---------------------------------
| rollout/           |          |
|    ep_len_mean     | 50       |
|    ep_rew_mean     | -49.4    |
|    success_rate    | 0        |
| time/              |          |
|    episodes        | 44       |
|    fps             | 124      |
|    time_elapsed    | 17       |
|    total_timesteps | 2200     |
| train/             |          |
|    actor_loss      | -1.18    |
|    critic_loss     | 0.165    |
|    ent_coef        | 0.123    |
|    ent_coef_loss   | -13.9    |
|    learning_rate   | 0.001    |
|    n_updates       | 2099     |
---------------------------------
---------------------------------
| rollout/           |          |
|    ep_len_mean     | 50       |
|    ep_rew_mean     | -49.5    |
|    success_rate    | 0        |
| time/              |          |
|    episodes        | 48       |
|    fps             | 124      |
|    time_elapsed    | 19       |
|    total_timesteps | 2400     |
| train/             |          |
|    actor_loss      | -0.502   |
|    critic_loss     | 0.165    |
|    ent_coef        | 0.101    |
|    ent_coef_loss   | -15.1    |
|    learning_rate   | 0.001    |
|    n_updates       | 2299     |
---------------------------------
---------------------------------
| rollout/           |          |
|    ep_len_mean     | 50       |
|    ep_rew_mean     | -49.2    |
|    success_rate    | 0        |
| time/              |          |
|    episodes        | 52       |
|    fps             | 124      |
|    time_elapsed    | 20       |
|    total_timesteps | 2600     |
| train/             |          |
|    actor_loss      | 0.0707   |
|    critic_loss     | 0.188    |
|    ent_coef        | 0.0828   |
|    ent_coef_loss   | -16.4    |
|    learning_rate   | 0.001    |
|    n_updates       | 2499     |
---------------------------------
---------------------------------
| rollout/           |          |
|    ep_len_mean     | 50       |
|    ep_rew_mean     | -49.1    |
|    success_rate    | 0        |
| time/              |          |
|    episodes        | 56       |
|    fps             | 123      |
|    time_elapsed    | 22       |
|    total_timesteps | 2800     |
| train/             |          |
|    actor_loss      | 0.522    |
|    critic_loss     | 0.136    |
|    ent_coef        | 0.0684   |
|    ent_coef_loss   | -17.6    |
|    learning_rate   | 0.001    |
|    n_updates       | 2699     |
---------------------------------
---------------------------------
| rollout/           |          |
|    ep_len_mean     | 50       |
|    ep_rew_mean     | -49      |
|    success_rate    | 0        |
| time/              |          |
|    episodes        | 60       |
|    fps             | 123      |
|    time_elapsed    | 24       |
|    total_timesteps | 3000     |
| train/             |          |
|    actor_loss      | 1.27     |
|    critic_loss     | 0.181    |
|    ent_coef        | 0.0569   |
|    ent_coef_loss   | -18      |
|    learning_rate   | 0.001    |
|    n_updates       | 2899     |
---------------------------------
---------------------------------
| rollout/           |          |
|    ep_len_mean     | 50       |
|    ep_rew_mean     | -48.9    |
|    success_rate    | 0.0156   |
| time/              |          |
|    episodes        | 64       |
|    fps             | 123      |
|    time_elapsed    | 25       |
|    total_timesteps | 3200     |
| train/             |          |
|    actor_loss      | 1.58     |
|    critic_loss     | 0.19     |
|    ent_coef        | 0.0477   |
|    ent_coef_loss   | -17.4    |
|    learning_rate   | 0.001    |
|    n_updates       | 3099     |
---------------------------------
---------------------------------
| rollout/           |          |
|    ep_len_mean     | 50       |
|    ep_rew_mean     | -48.6    |
|    success_rate    | 0.0294   |
| time/              |          |
|    episodes        | 68       |
|    fps             | 122      |
|    time_elapsed    | 27       |
|    total_timesteps | 3400     |
| train/             |          |
|    actor_loss      | 2.11     |
|    critic_loss     | 0.297    |
|    ent_coef        | 0.0404   |
|    ent_coef_loss   | -14.3    |
|    learning_rate   | 0.001    |
|    n_updates       | 3299     |
---------------------------------
---------------------------------
| rollout/           |          |
|    ep_len_mean     | 50       |
|    ep_rew_mean     | -48.1    |
|    success_rate    | 0.0417   |
| time/              |          |
|    episodes        | 72       |
|    fps             | 122      |
|    time_elapsed    | 29       |
|    total_timesteps | 3600     |
| train/             |          |
|    actor_loss      | 3.28     |
|    critic_loss     | 0.494    |
|    ent_coef        | 0.0345   |
|    ent_coef_loss   | -11.7    |
|    learning_rate   | 0.001    |
|    n_updates       | 3499     |
---------------------------------
---------------------------------
| rollout/           |          |
|    ep_len_mean     | 50       |
|    ep_rew_mean     | -47.6    |
|    success_rate    | 0.0526   |
| time/              |          |
|    episodes        | 76       |
|    fps             | 122      |
|    time_elapsed    | 31       |
|    total_timesteps | 3800     |
| train/             |          |
|    actor_loss      | 2.87     |
|    critic_loss     | 0.315    |
|    ent_coef        | 0.0295   |
|    ent_coef_loss   | -14.8    |
|    learning_rate   | 0.001    |
|    n_updates       | 3699     |
---------------------------------
---------------------------------
| rollout/           |          |
|    ep_len_mean     | 50       |
|    ep_rew_mean     | -47.2    |
|    success_rate    | 0.05     |
| time/              |          |
|    episodes        | 80       |
|    fps             | 122      |
|    time_elapsed    | 32       |
|    total_timesteps | 4000     |
| train/             |          |
|    actor_loss      | 3.14     |
|    critic_loss     | 0.584    |
|    ent_coef        | 0.0255   |
|    ent_coef_loss   | -14.5    |
|    learning_rate   | 0.001    |
|    n_updates       | 3899     |
---------------------------------
---------------------------------
| rollout/           |          |
|    ep_len_mean     | 50       |
|    ep_rew_mean     | -46.3    |
|    success_rate    | 0.0714   |
| time/              |          |
|    episodes        | 84       |
|    fps             | 122      |
|    time_elapsed    | 34       |
|    total_timesteps | 4200     |
| train/             |          |
|    actor_loss      | 3.2      |
|    critic_loss     | 0.329    |
|    ent_coef        | 0.0224   |
|    ent_coef_loss   | -12.3    |
|    learning_rate   | 0.001    |
|    n_updates       | 4099     |
---------------------------------
---------------------------------
| rollout/           |          |
|    ep_len_mean     | 50       |
|    ep_rew_mean     | -45.5    |
|    success_rate    | 0.102    |
| time/              |          |
|    episodes        | 88       |
|    fps             | 121      |
|    time_elapsed    | 36       |
|    total_timesteps | 4400     |
| train/             |          |
|    actor_loss      | 2.96     |
|    critic_loss     | 0.231    |
|    ent_coef        | 0.02     |
|    ent_coef_loss   | -12.5    |
|    learning_rate   | 0.001    |
|    n_updates       | 4299     |
---------------------------------
---------------------------------
| rollout/           |          |
|    ep_len_mean     | 50       |
|    ep_rew_mean     | -44.8    |
|    success_rate    | 0.109    |
| time/              |          |
|    episodes        | 92       |
|    fps             | 121      |
|    time_elapsed    | 37       |
|    total_timesteps | 4600     |
| train/             |          |
|    actor_loss      | 3.12     |
|    critic_loss     | 0.45     |
|    ent_coef        | 0.018    |
|    ent_coef_loss   | -12.5    |
|    learning_rate   | 0.001    |
|    n_updates       | 4499     |
---------------------------------
---------------------------------
| rollout/           |          |
|    ep_len_mean     | 50       |
|    ep_rew_mean     | -44.1    |
|    success_rate    | 0.125    |
| time/              |          |
|    episodes        | 96       |
|    fps             | 121      |
|    time_elapsed    | 39       |
|    total_timesteps | 4800     |
| train/             |          |
|    actor_loss      | 2.95     |
|    critic_loss     | 0.248    |
|    ent_coef        | 0.0158   |
|    ent_coef_loss   | -10.5    |
|    learning_rate   | 0.001    |
|    n_updates       | 4699     |
---------------------------------
---------------------------------
| rollout/           |          |
|    ep_len_mean     | 50       |
|    ep_rew_mean     | -42.8    |
|    success_rate    | 0.16     |
| time/              |          |
|    episodes        | 100      |
|    fps             | 121      |
|    time_elapsed    | 41       |
|    total_timesteps | 5000     |
| train/             |          |
|    actor_loss      | 2.99     |
|    critic_loss     | 0.187    |
|    ent_coef        | 0.0146   |
|    ent_coef_loss   | -3.21    |
|    learning_rate   | 0.001    |
|    n_updates       | 4899     |
---------------------------------
---------------------------------
| rollout/           |          |
|    ep_len_mean     | 50       |
|    ep_rew_mean     | -41.8    |
|    success_rate    | 0.18     |
| time/              |          |
|    episodes        | 104      |
|    fps             | 121      |
|    time_elapsed    | 42       |
|    total_timesteps | 5200     |
| train/             |          |
|    actor_loss      | 3.45     |
|    critic_loss     | 0.276    |
|    ent_coef        | 0.0137   |
|    ent_coef_loss   | -5.18    |
|    learning_rate   | 0.001    |
|    n_updates       | 5099     |
---------------------------------
---------------------------------
| rollout/           |          |
|    ep_len_mean     | 50       |
|    ep_rew_mean     | -40.3    |
|    success_rate    | 0.22     |
| time/              |          |
|    episodes        | 108      |
|    fps             | 120      |
|    time_elapsed    | 44       |
|    total_timesteps | 5400     |
| train/             |          |
|    actor_loss      | 2.84     |
|    critic_loss     | 0.226    |
|    ent_coef        | 0.0127   |
|    ent_coef_loss   | -4.8     |
|    learning_rate   | 0.001    |
|    n_updates       | 5299     |
---------------------------------
---------------------------------
| rollout/           |          |
|    ep_len_mean     | 50       |
|    ep_rew_mean     | -38.6    |
|    success_rate    | 0.25     |
| time/              |          |
|    episodes        | 112      |
|    fps             | 120      |
|    time_elapsed    | 46       |
|    total_timesteps | 5600     |
| train/             |          |
|    actor_loss      | 2.54     |
|    critic_loss     | 0.095    |
|    ent_coef        | 0.012    |
|    ent_coef_loss   | -0.542   |
|    learning_rate   | 0.001    |
|    n_updates       | 5499     |
---------------------------------
---------------------------------
| rollout/           |          |
|    ep_len_mean     | 50       |
|    ep_rew_mean     | -37.1    |
|    success_rate    | 0.27     |
| time/              |          |
|    episodes        | 116      |
|    fps             | 120      |
|    time_elapsed    | 48       |
|    total_timesteps | 5800     |
| train/             |          |
|    actor_loss      | 2.52     |
|    critic_loss     | 0.0828   |
|    ent_coef        | 0.0115   |
|    ent_coef_loss   | -5.37    |
|    learning_rate   | 0.001    |
|    n_updates       | 5699     |
---------------------------------
---------------------------------
| rollout/           |          |
|    ep_len_mean     | 50       |
|    ep_rew_mean     | -35.2    |
|    success_rate    | 0.31     |
| time/              |          |
|    episodes        | 120      |
|    fps             | 120      |
|    time_elapsed    | 49       |
|    total_timesteps | 6000     |
| train/             |          |
|    actor_loss      | 2.17     |
|    critic_loss     | 0.0577   |
|    ent_coef        | 0.0112   |
|    ent_coef_loss   | -1.45    |
|    learning_rate   | 0.001    |
|    n_updates       | 5899     |
---------------------------------
---------------------------------
| rollout/           |          |
|    ep_len_mean     | 50       |
|    ep_rew_mean     | -33.3    |
|    success_rate    | 0.35     |
| time/              |          |
|    episodes        | 124      |
|    fps             | 120      |
|    time_elapsed    | 51       |
|    total_timesteps | 6200     |
| train/             |          |
|    actor_loss      | 2.15     |
|    critic_loss     | 0.0677   |
|    ent_coef        | 0.0113   |
|    ent_coef_loss   | 1.04     |
|    learning_rate   | 0.001    |
|    n_updates       | 6099     |
---------------------------------
---------------------------------
| rollout/           |          |
|    ep_len_mean     | 50       |
|    ep_rew_mean     | -31.3    |
|    success_rate    | 0.39     |
| time/              |          |
|    episodes        | 128      |
|    fps             | 120      |
|    time_elapsed    | 53       |
|    total_timesteps | 6400     |
| train/             |          |
|    actor_loss      | 1.77     |
|    critic_loss     | 0.0523   |
|    ent_coef        | 0.0113   |
|    ent_coef_loss   | -1.41    |
|    learning_rate   | 0.001    |
|    n_updates       | 6299     |
---------------------------------
---------------------------------
| rollout/           |          |
|    ep_len_mean     | 50       |
|    ep_rew_mean     | -29.4    |
|    success_rate    | 0.43     |
| time/              |          |
|    episodes        | 132      |
|    fps             | 120      |
|    time_elapsed    | 54       |
|    total_timesteps | 6600     |
| train/             |          |
|    actor_loss      | 1.64     |
|    critic_loss     | 0.0661   |
|    ent_coef        | 0.0114   |
|    ent_coef_loss   | -0.332   |
|    learning_rate   | 0.001    |
|    n_updates       | 6499     |
---------------------------------
---------------------------------
| rollout/           |          |
|    ep_len_mean     | 50       |
|    ep_rew_mean     | -27.5    |
|    success_rate    | 0.47     |
| time/              |          |
|    episodes        | 136      |
|    fps             | 120      |
|    time_elapsed    | 56       |
|    total_timesteps | 6800     |
| train/             |          |
|    actor_loss      | 1.84     |
|    critic_loss     | 0.0491   |
|    ent_coef        | 0.0113   |
|    ent_coef_loss   | -2.13    |
|    learning_rate   | 0.001    |
|    n_updates       | 6699     |
---------------------------------
---------------------------------
| rollout/           |          |
|    ep_len_mean     | 50       |
|    ep_rew_mean     | -25.6    |
|    success_rate    | 0.51     |
| time/              |          |
|    episodes        | 140      |
|    fps             | 120      |
|    time_elapsed    | 58       |
|    total_timesteps | 7000     |
| train/             |          |
|    actor_loss      | 1.62     |
|    critic_loss     | 0.0572   |
|    ent_coef        | 0.0108   |
|    ent_coef_loss   | -1.34    |
|    learning_rate   | 0.001    |
|    n_updates       | 6899     |
---------------------------------
---------------------------------
| rollout/           |          |
|    ep_len_mean     | 50       |
|    ep_rew_mean     | -23.8    |
|    success_rate    | 0.55     |
| time/              |          |
|    episodes        | 144      |
|    fps             | 120      |
|    time_elapsed    | 59       |
|    total_timesteps | 7200     |
| train/             |          |
|    actor_loss      | 1.44     |
|    critic_loss     | 0.0444   |
|    ent_coef        | 0.0103   |
|    ent_coef_loss   | -3.08    |
|    learning_rate   | 0.001    |
|    n_updates       | 7099     |
---------------------------------
---------------------------------
| rollout/           |          |
|    ep_len_mean     | 50       |
|    ep_rew_mean     | -21.8    |
|    success_rate    | 0.59     |
| time/              |          |
|    episodes        | 148      |
|    fps             | 120      |
|    time_elapsed    | 61       |
|    total_timesteps | 7400     |
| train/             |          |
|    actor_loss      | 1.57     |
|    critic_loss     | 0.0477   |
|    ent_coef        | 0.0098   |
|    ent_coef_loss   | -1.28    |
|    learning_rate   | 0.001    |
|    n_updates       | 7299     |
---------------------------------
---------------------------------
| rollout/           |          |
|    ep_len_mean     | 50       |
|    ep_rew_mean     | -20.1    |
|    success_rate    | 0.63     |
| time/              |          |
|    episodes        | 152      |
|    fps             | 120      |
|    time_elapsed    | 63       |
|    total_timesteps | 7600     |
| train/             |          |
|    actor_loss      | 1.37     |
|    critic_loss     | 0.0463   |
|    ent_coef        | 0.00917  |
|    ent_coef_loss   | -3.36    |
|    learning_rate   | 0.001    |
|    n_updates       | 7499     |
---------------------------------
---------------------------------
| rollout/           |          |
|    ep_len_mean     | 50       |
|    ep_rew_mean     | -18.2    |
|    success_rate    | 0.67     |
| time/              |          |
|    episodes        | 156      |
|    fps             | 120      |
|    time_elapsed    | 64       |
|    total_timesteps | 7800     |
| train/             |          |
|    actor_loss      | 1.26     |
|    critic_loss     | 0.0435   |
|    ent_coef        | 0.00843  |
|    ent_coef_loss   | -2.45    |
|    learning_rate   | 0.001    |
|    n_updates       | 7699     |
---------------------------------
---------------------------------
| rollout/           |          |
|    ep_len_mean     | 50       |
|    ep_rew_mean     | -16.4    |
|    success_rate    | 0.71     |
| time/              |          |
|    episodes        | 160      |
|    fps             | 120      |
|    time_elapsed    | 66       |
|    total_timesteps | 8000     |
| train/             |          |
|    actor_loss      | 1.43     |
|    critic_loss     | 0.0308   |
|    ent_coef        | 0.00767  |
|    ent_coef_loss   | -2.76    |
|    learning_rate   | 0.001    |
|    n_updates       | 7899     |
---------------------------------
---------------------------------
| rollout/           |          |
|    ep_len_mean     | 50       |
|    ep_rew_mean     | -14.6    |
|    success_rate    | 0.74     |
| time/              |          |
|    episodes        | 164      |
|    fps             | 120      |
|    time_elapsed    | 68       |
|    total_timesteps | 8200     |
| train/             |          |
|    actor_loss      | 1.26     |
|    critic_loss     | 0.0396   |
|    ent_coef        | 0.00707  |
|    ent_coef_loss   | -0.951   |
|    learning_rate   | 0.001    |
|    n_updates       | 8099     |
---------------------------------
---------------------------------
| rollout/           |          |
|    ep_len_mean     | 50       |
|    ep_rew_mean     | -12.9    |
|    success_rate    | 0.77     |
| time/              |          |
|    episodes        | 168      |
|    fps             | 120      |
|    time_elapsed    | 69       |
|    total_timesteps | 8400     |
| train/             |          |
|    actor_loss      | 1.21     |
|    critic_loss     | 0.0408   |
|    ent_coef        | 0.00653  |
|    ent_coef_loss   | -1.05    |
|    learning_rate   | 0.001    |
|    n_updates       | 8299     |
---------------------------------
---------------------------------
| rollout/           |          |
|    ep_len_mean     | 50       |
|    ep_rew_mean     | -11.3    |
|    success_rate    | 0.8      |
| time/              |          |
|    episodes        | 172      |
|    fps             | 120      |
|    time_elapsed    | 71       |
|    total_timesteps | 8600     |
| train/             |          |
|    actor_loss      | 1.19     |
|    critic_loss     | 0.0427   |
|    ent_coef        | 0.0062   |
|    ent_coef_loss   | 0.563    |
|    learning_rate   | 0.001    |
|    n_updates       | 8499     |
---------------------------------
---------------------------------
| rollout/           |          |
|    ep_len_mean     | 50       |
|    ep_rew_mean     | -9.87    |
|    success_rate    | 0.83     |
| time/              |          |
|    episodes        | 176      |
|    fps             | 120      |
|    time_elapsed    | 73       |
|    total_timesteps | 8800     |
| train/             |          |
|    actor_loss      | 1.25     |
|    critic_loss     | 0.0254   |
|    ent_coef        | 0.00574  |
|    ent_coef_loss   | 2.37     |
|    learning_rate   | 0.001    |
|    n_updates       | 8699     |
---------------------------------
---------------------------------
| rollout/           |          |
|    ep_len_mean     | 50       |
|    ep_rew_mean     | -8.35    |
|    success_rate    | 0.87     |
| time/              |          |
|    episodes        | 180      |
|    fps             | 120      |
|    time_elapsed    | 74       |
|    total_timesteps | 9000     |
| train/             |          |
|    actor_loss      | 0.99     |
|    critic_loss     | 0.0371   |
|    ent_coef        | 0.00515  |
|    ent_coef_loss   | -0.256   |
|    learning_rate   | 0.001    |
|    n_updates       | 8899     |
---------------------------------
---------------------------------
| rollout/           |          |
|    ep_len_mean     | 50       |
|    ep_rew_mean     | -7.22    |
|    success_rate    | 0.89     |
| time/              |          |
|    episodes        | 184      |
|    fps             | 120      |
|    time_elapsed    | 76       |
|    total_timesteps | 9200     |
| train/             |          |
|    actor_loss      | 0.905    |
|    critic_loss     | 0.0372   |
|    ent_coef        | 0.00462  |
|    ent_coef_loss   | 0.123    |
|    learning_rate   | 0.001    |
|    n_updates       | 9099     |
---------------------------------
---------------------------------
| rollout/           |          |
|    ep_len_mean     | 50       |
|    ep_rew_mean     | -6.15    |
|    success_rate    | 0.9      |
| time/              |          |
|    episodes        | 188      |
|    fps             | 120      |
|    time_elapsed    | 78       |
|    total_timesteps | 9400     |
| train/             |          |
|    actor_loss      | 0.972    |
|    critic_loss     | 0.0311   |
|    ent_coef        | 0.0043   |
|    ent_coef_loss   | -2.26    |
|    learning_rate   | 0.001    |
|    n_updates       | 9299     |
---------------------------------
---------------------------------
| rollout/           |          |
|    ep_len_mean     | 50       |
|    ep_rew_mean     | -5.05    |
|    success_rate    | 0.93     |
| time/              |          |
|    episodes        | 192      |
|    fps             | 120      |
|    time_elapsed    | 79       |
|    total_timesteps | 9600     |
| train/             |          |
|    actor_loss      | 0.991    |
|    critic_loss     | 0.0345   |
|    ent_coef        | 0.00385  |
|    ent_coef_loss   | -2.34    |
|    learning_rate   | 0.001    |
|    n_updates       | 9499     |
---------------------------------
---------------------------------
| rollout/           |          |
|    ep_len_mean     | 50       |
|    ep_rew_mean     | -3.98    |
|    success_rate    | 0.95     |
| time/              |          |
|    episodes        | 196      |
|    fps             | 120      |
|    time_elapsed    | 81       |
|    total_timesteps | 9800     |
| train/             |          |
|    actor_loss      | 0.873    |
|    critic_loss     | 0.0268   |
|    ent_coef        | 0.00372  |
|    ent_coef_loss   | -2.22    |
|    learning_rate   | 0.001    |
|    n_updates       | 9699     |
---------------------------------
---------------------------------
| rollout/           |          |
|    ep_len_mean     | 50       |
|    ep_rew_mean     | -4.56    |
|    success_rate    | 0.93     |
| time/              |          |
|    episodes        | 200      |
|    fps             | 120      |
|    time_elapsed    | 83       |
|    total_timesteps | 10000    |
| train/             |          |
|    actor_loss      | 1.31     |
|    critic_loss     | 0.102    |
|    ent_coef        | 0.00405  |
|    ent_coef_loss   | -5.47    |
|    learning_rate   | 0.001    |
|    n_updates       | 9899     |
---------------------------------
---------------------------------
| rollout/           |          |
|    ep_len_mean     | 50       |
|    ep_rew_mean     | -3.98    |
|    success_rate    | 0.95     |
| time/              |          |
|    episodes        | 204      |
|    fps             | 120      |
|    time_elapsed    | 84       |
|    total_timesteps | 10200    |
| train/             |          |
|    actor_loss      | 1.13     |
|    critic_loss     | 0.0379   |
|    ent_coef        | 0.00376  |
|    ent_coef_loss   | -0.459   |
|    learning_rate   | 0.001    |
|    n_updates       | 10099    |
---------------------------------
---------------------------------
| rollout/           |          |
|    ep_len_mean     | 50       |
|    ep_rew_mean     | -3.56    |
|    success_rate    | 0.95     |
| time/              |          |
|    episodes        | 208      |
|    fps             | 120      |
|    time_elapsed    | 86       |
|    total_timesteps | 10400    |
| train/             |          |
|    actor_loss      | 0.821    |
|    critic_loss     | 0.0325   |
|    ent_coef        | 0.00364  |
|    ent_coef_loss   | -3.82    |
|    learning_rate   | 0.001    |
|    n_updates       | 10299    |
---------------------------------
---------------------------------
| rollout/           |          |
|    ep_len_mean     | 50       |
|    ep_rew_mean     | -3.35    |
|    success_rate    | 0.96     |
| time/              |          |
|    episodes        | 212      |
|    fps             | 120      |
|    time_elapsed    | 88       |
|    total_timesteps | 10600    |
| train/             |          |
|    actor_loss      | 0.947    |
|    critic_loss     | 0.0286   |
|    ent_coef        | 0.00346  |
|    ent_coef_loss   | -2.23    |
|    learning_rate   | 0.001    |
|    n_updates       | 10499    |
---------------------------------
---------------------------------
| rollout/           |          |
|    ep_len_mean     | 50       |
|    ep_rew_mean     | -2.87    |
|    success_rate    | 0.98     |
| time/              |          |
|    episodes        | 216      |
|    fps             | 120      |
|    time_elapsed    | 89       |
|    total_timesteps | 10800    |
| train/             |          |
|    actor_loss      | 0.883    |
|    critic_loss     | 0.0314   |
|    ent_coef        | 0.00329  |
|    ent_coef_loss   | -2.08    |
|    learning_rate   | 0.001    |
|    n_updates       | 10699    |
---------------------------------
---------------------------------
| rollout/           |          |
|    ep_len_mean     | 50       |
|    ep_rew_mean     | -2.88    |
|    success_rate    | 0.98     |
| time/              |          |
|    episodes        | 220      |
|    fps             | 120      |
|    time_elapsed    | 91       |
|    total_timesteps | 11000    |
| train/             |          |
|    actor_loss      | 0.83     |
|    critic_loss     | 0.0293   |
|    ent_coef        | 0.00319  |
|    ent_coef_loss   | 0.373    |
|    learning_rate   | 0.001    |
|    n_updates       | 10899    |
---------------------------------
---------------------------------
| rollout/           |          |
|    ep_len_mean     | 50       |
|    ep_rew_mean     | -2.9     |
|    success_rate    | 0.98     |
| time/              |          |
|    episodes        | 224      |
|    fps             | 120      |
|    time_elapsed    | 93       |
|    total_timesteps | 11200    |
| train/             |          |
|    actor_loss      | 0.814    |
|    critic_loss     | 0.0283   |
|    ent_coef        | 0.00306  |
|    ent_coef_loss   | -2.02    |
|    learning_rate   | 0.001    |
|    n_updates       | 11099    |
---------------------------------
---------------------------------
| rollout/           |          |
|    ep_len_mean     | 50       |
|    ep_rew_mean     | -2.88    |
|    success_rate    | 0.98     |
| time/              |          |
|    episodes        | 228      |
|    fps             | 120      |
|    time_elapsed    | 94       |
|    total_timesteps | 11400    |
| train/             |          |
|    actor_loss      | 0.789    |
|    critic_loss     | 0.0295   |
|    ent_coef        | 0.00279  |
|    ent_coef_loss   | -1.68    |
|    learning_rate   | 0.001    |
|    n_updates       | 11299    |
---------------------------------
---------------------------------
| rollout/           |          |
|    ep_len_mean     | 50       |
|    ep_rew_mean     | -3.3     |
|    success_rate    | 0.97     |
| time/              |          |
|    episodes        | 232      |
|    fps             | 120      |
|    time_elapsed    | 96       |
|    total_timesteps | 11600    |
| train/             |          |
|    actor_loss      | 1.67     |
|    critic_loss     | 0.244    |
|    ent_coef        | 0.00293  |
|    ent_coef_loss   | -3.3     |
|    learning_rate   | 0.001    |
|    n_updates       | 11499    |
---------------------------------
---------------------------------
| rollout/           |          |
|    ep_len_mean     | 50       |
|    ep_rew_mean     | -4.2     |
|    success_rate    | 0.95     |
| time/              |          |
|    episodes        | 236      |
|    fps             | 120      |
|    time_elapsed    | 98       |
|    total_timesteps | 11800    |
| train/             |          |
|    actor_loss      | 1.09     |
|    critic_loss     | 0.0454   |
|    ent_coef        | 0.0025   |
|    ent_coef_loss   | -1.18    |
|    learning_rate   | 0.001    |
|    n_updates       | 11699    |
---------------------------------
---------------------------------
| rollout/           |          |
|    ep_len_mean     | 50       |
|    ep_rew_mean     | -4.16    |
|    success_rate    | 0.95     |
| time/              |          |
|    episodes        | 240      |
|    fps             | 120      |
|    time_elapsed    | 99       |
|    total_timesteps | 12000    |
| train/             |          |
|    actor_loss      | 0.855    |
|    critic_loss     | 0.0222   |
|    ent_coef        | 0.00262  |
|    ent_coef_loss   | -1.33    |
|    learning_rate   | 0.001    |
|    n_updates       | 11899    |
---------------------------------
---------------------------------
| rollout/           |          |
|    ep_len_mean     | 50       |
|    ep_rew_mean     | -4.19    |
|    success_rate    | 0.95     |
| time/              |          |
|    episodes        | 244      |
|    fps             | 120      |
|    time_elapsed    | 101      |
|    total_timesteps | 12200    |
| train/             |          |
|    actor_loss      | 0.842    |
|    critic_loss     | 0.0321   |
|    ent_coef        | 0.00263  |
|    ent_coef_loss   | -1       |
|    learning_rate   | 0.001    |
|    n_updates       | 12099    |
---------------------------------
---------------------------------
| rollout/           |          |
|    ep_len_mean     | 50       |
|    ep_rew_mean     | -4.18    |
|    success_rate    | 0.95     |
| time/              |          |
|    episodes        | 248      |
|    fps             | 120      |
|    time_elapsed    | 103      |
|    total_timesteps | 12400    |
| train/             |          |
|    actor_loss      | 0.922    |
|    critic_loss     | 0.0307   |
|    ent_coef        | 0.00255  |
|    ent_coef_loss   | 1.05     |
|    learning_rate   | 0.001    |
|    n_updates       | 12299    |
---------------------------------
---------------------------------
| rollout/           |          |
|    ep_len_mean     | 50       |
|    ep_rew_mean     | -4.22    |
|    success_rate    | 0.95     |
| time/              |          |
|    episodes        | 252      |
|    fps             | 119      |
|    time_elapsed    | 105      |
|    total_timesteps | 12600    |
| train/             |          |
|    actor_loss      | 0.754    |
|    critic_loss     | 0.0211   |
|    ent_coef        | 0.00237  |
|    ent_coef_loss   | 0.325    |
|    learning_rate   | 0.001    |
|    n_updates       | 12499    |
---------------------------------
---------------------------------
| rollout/           |          |
|    ep_len_mean     | 50       |
|    ep_rew_mean     | -4.21    |
|    success_rate    | 0.95     |
| time/              |          |
|    episodes        | 256      |
|    fps             | 119      |
|    time_elapsed    | 106      |
|    total_timesteps | 12800    |
| train/             |          |
|    actor_loss      | 0.783    |
|    critic_loss     | 0.0264   |
|    ent_coef        | 0.00229  |
|    ent_coef_loss   | -1.06    |
|    learning_rate   | 0.001    |
|    n_updates       | 12699    |
---------------------------------
---------------------------------
| rollout/           |          |
|    ep_len_mean     | 50       |
|    ep_rew_mean     | -4.25    |
|    success_rate    | 0.95     |
| time/              |          |
|    episodes        | 260      |
|    fps             | 119      |
|    time_elapsed    | 108      |
|    total_timesteps | 13000    |
| train/             |          |
|    actor_loss      | 0.715    |
|    critic_loss     | 0.0232   |
|    ent_coef        | 0.00215  |
|    ent_coef_loss   | -1.84    |
|    learning_rate   | 0.001    |
|    n_updates       | 12899    |
---------------------------------
---------------------------------
| rollout/           |          |
|    ep_len_mean     | 50       |
|    ep_rew_mean     | -4.21    |
|    success_rate    | 0.95     |
| time/              |          |
|    episodes        | 264      |
|    fps             | 119      |
|    time_elapsed    | 110      |
|    total_timesteps | 13200    |
| train/             |          |
|    actor_loss      | 0.662    |
|    critic_loss     | 0.0228   |
|    ent_coef        | 0.00202  |
|    ent_coef_loss   | -1.22    |
|    learning_rate   | 0.001    |
|    n_updates       | 13099    |
---------------------------------
---------------------------------
| rollout/           |          |
|    ep_len_mean     | 50       |
|    ep_rew_mean     | -4.29    |
|    success_rate    | 0.95     |
| time/              |          |
|    episodes        | 268      |
|    fps             | 119      |
|    time_elapsed    | 111      |
|    total_timesteps | 13400    |
| train/             |          |
|    actor_loss      | 0.817    |
|    critic_loss     | 0.119    |
|    ent_coef        | 0.00206  |
|    ent_coef_loss   | 4        |
|    learning_rate   | 0.001    |
|    n_updates       | 13299    |
---------------------------------
---------------------------------
| rollout/           |          |
|    ep_len_mean     | 50       |
|    ep_rew_mean     | -4.66    |
|    success_rate    | 0.94     |
| time/              |          |
|    episodes        | 272      |
|    fps             | 119      |
|    time_elapsed    | 113      |
|    total_timesteps | 13600    |
| train/             |          |
|    actor_loss      | 0.628    |
|    critic_loss     | 0.0314   |
|    ent_coef        | 0.00232  |
|    ent_coef_loss   | -2.55    |
|    learning_rate   | 0.001    |
|    n_updates       | 13499    |
---------------------------------
---------------------------------
| rollout/           |          |
|    ep_len_mean     | 50       |
|    ep_rew_mean     | -4.68    |
|    success_rate    | 0.94     |
| time/              |          |
|    episodes        | 276      |
|    fps             | 119      |
|    time_elapsed    | 115      |
|    total_timesteps | 13800    |
| train/             |          |
|    actor_loss      | 0.608    |
|    critic_loss     | 0.0291   |
|    ent_coef        | 0.00208  |
|    ent_coef_loss   | -5.86    |
|    learning_rate   | 0.001    |
|    n_updates       | 13699    |
---------------------------------
---------------------------------
| rollout/           |          |
|    ep_len_mean     | 50       |
|    ep_rew_mean     | -4.7     |
|    success_rate    | 0.94     |
| time/              |          |
|    episodes        | 280      |
|    fps             | 119      |
|    time_elapsed    | 117      |
|    total_timesteps | 14000    |
| train/             |          |
|    actor_loss      | 0.702    |
|    critic_loss     | 0.0239   |
|    ent_coef        | 0.00179  |
|    ent_coef_loss   | -2.86    |
|    learning_rate   | 0.001    |
|    n_updates       | 13899    |
---------------------------------
---------------------------------
| rollout/           |          |
|    ep_len_mean     | 50       |
|    ep_rew_mean     | -4.72    |
|    success_rate    | 0.94     |
| time/              |          |
|    episodes        | 284      |
|    fps             | 118      |
|    time_elapsed    | 119      |
|    total_timesteps | 14200    |
| train/             |          |
|    actor_loss      | 0.545    |
|    critic_loss     | 0.0157   |
|    ent_coef        | 0.0016   |
|    ent_coef_loss   | -5.45    |
|    learning_rate   | 0.001    |
|    n_updates       | 14099    |
---------------------------------
---------------------------------
| rollout/           |          |
|    ep_len_mean     | 50       |
|    ep_rew_mean     | -4.73    |
|    success_rate    | 0.94     |
| time/              |          |
|    episodes        | 288      |
|    fps             | 118      |
|    time_elapsed    | 121      |
|    total_timesteps | 14400    |
| train/             |          |
|    actor_loss      | 0.754    |
|    critic_loss     | 0.0232   |
|    ent_coef        | 0.00146  |
|    ent_coef_loss   | 1.86     |
|    learning_rate   | 0.001    |
|    n_updates       | 14299    |
---------------------------------
---------------------------------
| rollout/           |          |
|    ep_len_mean     | 50       |
|    ep_rew_mean     | -4.73    |
|    success_rate    | 0.94     |
| time/              |          |
|    episodes        | 292      |
|    fps             | 118      |
|    time_elapsed    | 123      |
|    total_timesteps | 14600    |
| train/             |          |
|    actor_loss      | 0.604    |
|    critic_loss     | 0.0228   |
|    ent_coef        | 0.00137  |
|    ent_coef_loss   | -2.22    |
|    learning_rate   | 0.001    |
|    n_updates       | 14499    |
---------------------------------
---------------------------------
| rollout/           |          |
|    ep_len_mean     | 50       |
|    ep_rew_mean     | -4.72    |
|    success_rate    | 0.94     |
| time/              |          |
|    episodes        | 296      |
|    fps             | 118      |
|    time_elapsed    | 124      |
|    total_timesteps | 14800    |
| train/             |          |
|    actor_loss      | 0.536    |
|    critic_loss     | 0.0165   |
|    ent_coef        | 0.00133  |
|    ent_coef_loss   | -2.34    |
|    learning_rate   | 0.001    |
|    n_updates       | 14699    |
---------------------------------
---------------------------------
| rollout/           |          |
|    ep_len_mean     | 50       |
|    ep_rew_mean     | -3.75    |
|    success_rate    | 0.96     |
| time/              |          |
|    episodes        | 300      |
|    fps             | 118      |
|    time_elapsed    | 126      |
|    total_timesteps | 15000    |
| train/             |          |
|    actor_loss      | 0.595    |
|    critic_loss     | 0.0213   |
|    ent_coef        | 0.00125  |
|    ent_coef_loss   | -0.201   |
|    learning_rate   | 0.001    |
|    n_updates       | 14899    |
---------------------------------
---------------------------------
| rollout/           |          |
|    ep_len_mean     | 50       |
|    ep_rew_mean     | -3.45    |
|    success_rate    | 0.96     |
| time/              |          |
|    episodes        | 304      |
|    fps             | 117      |
|    time_elapsed    | 129      |
|    total_timesteps | 15200    |
| train/             |          |
|    actor_loss      | 0.658    |
|    critic_loss     | 0.0211   |
|    ent_coef        | 0.00127  |
|    ent_coef_loss   | 3.28     |
|    learning_rate   | 0.001    |
|    n_updates       | 15099    |
---------------------------------
---------------------------------
| rollout/           |          |
|    ep_len_mean     | 50       |
|    ep_rew_mean     | -3.4     |
|    success_rate    | 0.96     |
| time/              |          |
|    episodes        | 308      |
|    fps             | 117      |
|    time_elapsed    | 131      |
|    total_timesteps | 15400    |
| train/             |          |
|    actor_loss      | 0.633    |
|    critic_loss     | 0.0204   |
|    ent_coef        | 0.00124  |
|    ent_coef_loss   | 2.82     |
|    learning_rate   | 0.001    |
|    n_updates       | 15299    |
---------------------------------
---------------------------------
| rollout/           |          |
|    ep_len_mean     | 50       |
|    ep_rew_mean     | -3.44    |
|    success_rate    | 0.96     |
| time/              |          |
|    episodes        | 312      |
|    fps             | 116      |
|    time_elapsed    | 133      |
|    total_timesteps | 15600    |
| train/             |          |
|    actor_loss      | 0.542    |
|    critic_loss     | 0.0174   |
|    ent_coef        | 0.00131  |
|    ent_coef_loss   | -1.15    |
|    learning_rate   | 0.001    |
|    n_updates       | 15499    |
---------------------------------
---------------------------------
| rollout/           |          |
|    ep_len_mean     | 50       |
|    ep_rew_mean     | -3.44    |
|    success_rate    | 0.96     |
| time/              |          |
|    episodes        | 316      |
|    fps             | 116      |
|    time_elapsed    | 135      |
|    total_timesteps | 15800    |
| train/             |          |
|    actor_loss      | 0.596    |
|    critic_loss     | 0.0239   |
|    ent_coef        | 0.00138  |
|    ent_coef_loss   | 0.0441   |
|    learning_rate   | 0.001    |
|    n_updates       | 15699    |
---------------------------------
---------------------------------
| rollout/           |          |
|    ep_len_mean     | 50       |
|    ep_rew_mean     | -3.39    |
|    success_rate    | 0.96     |
| time/              |          |
|    episodes        | 320      |
|    fps             | 116      |
|    time_elapsed    | 137      |
|    total_timesteps | 16000    |
| train/             |          |
|    actor_loss      | 0.531    |
|    critic_loss     | 0.0239   |
|    ent_coef        | 0.00125  |
|    ent_coef_loss   | 1.45     |
|    learning_rate   | 0.001    |
|    n_updates       | 15899    |
---------------------------------
---------------------------------
| rollout/           |          |
|    ep_len_mean     | 50       |
|    ep_rew_mean     | -3.6     |
|    success_rate    | 0.96     |
| time/              |          |
|    episodes        | 324      |
|    fps             | 116      |
|    time_elapsed    | 138      |
|    total_timesteps | 16200    |
| train/             |          |
|    actor_loss      | 0.466    |
|    critic_loss     | 0.0157   |
|    ent_coef        | 0.0017   |
|    ent_coef_loss   | 1.81     |
|    learning_rate   | 0.001    |
|    n_updates       | 16099    |
---------------------------------
---------------------------------
| rollout/           |          |
|    ep_len_mean     | 50       |
|    ep_rew_mean     | -3.62    |
|    success_rate    | 0.96     |
| time/              |          |
|    episodes        | 328      |
|    fps             | 116      |
|    time_elapsed    | 141      |
|    total_timesteps | 16400    |
| train/             |          |
|    actor_loss      | 0.678    |
|    critic_loss     | 0.0288   |
|    ent_coef        | 0.00152  |
|    ent_coef_loss   | 3.23     |
|    learning_rate   | 0.001    |
|    n_updates       | 16299    |
---------------------------------
---------------------------------
| rollout/           |          |
|    ep_len_mean     | 50       |
|    ep_rew_mean     | -3.18    |
|    success_rate    | 0.97     |
| time/              |          |
|    episodes        | 332      |
|    fps             | 115      |
|    time_elapsed    | 143      |
|    total_timesteps | 16600    |
| train/             |          |
|    actor_loss      | 0.476    |
|    critic_loss     | 0.0205   |
|    ent_coef        | 0.0013   |
|    ent_coef_loss   | -6.31    |
|    learning_rate   | 0.001    |
|    n_updates       | 16499    |
---------------------------------
---------------------------------
| rollout/           |          |
|    ep_len_mean     | 50       |
|    ep_rew_mean     | -2.29    |
|    success_rate    | 0.99     |
| time/              |          |
|    episodes        | 336      |
|    fps             | 115      |
|    time_elapsed    | 145      |
|    total_timesteps | 16800    |
| train/             |          |
|    actor_loss      | 0.434    |
|    critic_loss     | 0.0283   |
|    ent_coef        | 0.00129  |
|    ent_coef_loss   | -4.28    |
|    learning_rate   | 0.001    |
|    n_updates       | 16699    |
---------------------------------
---------------------------------
| rollout/           |          |
|    ep_len_mean     | 50       |
|    ep_rew_mean     | -2.31    |
|    success_rate    | 0.99     |
| time/              |          |
|    episodes        | 340      |
|    fps             | 115      |
|    time_elapsed    | 147      |
|    total_timesteps | 17000    |
| train/             |          |
|    actor_loss      | 0.427    |
|    critic_loss     | 0.0204   |
|    ent_coef        | 0.00126  |
|    ent_coef_loss   | -3.78    |
|    learning_rate   | 0.001    |
|    n_updates       | 16899    |
---------------------------------
---------------------------------
| rollout/           |          |
|    ep_len_mean     | 50       |
|    ep_rew_mean     | -2.33    |
|    success_rate    | 0.99     |
| time/              |          |
|    episodes        | 344      |
|    fps             | 115      |
|    time_elapsed    | 148      |
|    total_timesteps | 17200    |
| train/             |          |
|    actor_loss      | 0.599    |
|    critic_loss     | 0.0158   |
|    ent_coef        | 0.00116  |
|    ent_coef_loss   | 3.15     |
|    learning_rate   | 0.001    |
|    n_updates       | 17099    |
---------------------------------
---------------------------------
| rollout/           |          |
|    ep_len_mean     | 50       |
|    ep_rew_mean     | -2.41    |
|    success_rate    | 0.99     |
| time/              |          |
|    episodes        | 348      |
|    fps             | 115      |
|    time_elapsed    | 150      |
|    total_timesteps | 17400    |
| train/             |          |
|    actor_loss      | 0.542    |
|    critic_loss     | 0.0192   |
|    ent_coef        | 0.00124  |
|    ent_coef_loss   | 6.2      |
|    learning_rate   | 0.001    |
|    n_updates       | 17299    |
---------------------------------
---------------------------------
| rollout/           |          |
|    ep_len_mean     | 50       |
|    ep_rew_mean     | -2.37    |
|    success_rate    | 0.99     |
| time/              |          |
|    episodes        | 352      |
|    fps             | 115      |
|    time_elapsed    | 152      |
|    total_timesteps | 17600    |
| train/             |          |
|    actor_loss      | 0.368    |
|    critic_loss     | 0.0169   |
|    ent_coef        | 0.00117  |
|    ent_coef_loss   | -1.65    |
|    learning_rate   | 0.001    |
|    n_updates       | 17499    |
---------------------------------
---------------------------------
| rollout/           |          |
|    ep_len_mean     | 50       |
|    ep_rew_mean     | -2.36    |
|    success_rate    | 0.99     |
| time/              |          |
|    episodes        | 356      |
|    fps             | 115      |
|    time_elapsed    | 153      |
|    total_timesteps | 17800    |
| train/             |          |
|    actor_loss      | 0.517    |
|    critic_loss     | 0.0304   |
|    ent_coef        | 0.00108  |
|    ent_coef_loss   | 2.97     |
|    learning_rate   | 0.001    |
|    n_updates       | 17699    |
---------------------------------
---------------------------------
| rollout/           |          |
|    ep_len_mean     | 50       |
|    ep_rew_mean     | -2.42    |
|    success_rate    | 0.99     |
| time/              |          |
|    episodes        | 360      |
|    fps             | 115      |
|    time_elapsed    | 155      |
|    total_timesteps | 18000    |
| train/             |          |
|    actor_loss      | 0.407    |
|    critic_loss     | 0.0167   |
|    ent_coef        | 0.00125  |
|    ent_coef_loss   | -0.346   |
|    learning_rate   | 0.001    |
|    n_updates       | 17899    |
---------------------------------
---------------------------------
| rollout/           |          |
|    ep_len_mean     | 50       |
|    ep_rew_mean     | -2.42    |
|    success_rate    | 0.99     |
| time/              |          |
|    episodes        | 364      |
|    fps             | 115      |
|    time_elapsed    | 157      |
|    total_timesteps | 18200    |
| train/             |          |
|    actor_loss      | 0.385    |
|    critic_loss     | 0.0188   |
|    ent_coef        | 0.00111  |
|    ent_coef_loss   | -1.65    |
|    learning_rate   | 0.001    |
|    n_updates       | 18099    |
---------------------------------
---------------------------------
| rollout/           |          |
|    ep_len_mean     | 50       |
|    ep_rew_mean     | -2.34    |
|    success_rate    | 0.99     |
| time/              |          |
|    episodes        | 368      |
|    fps             | 115      |
|    time_elapsed    | 158      |
|    total_timesteps | 18400    |
| train/             |          |
|    actor_loss      | 0.419    |
|    critic_loss     | 0.0251   |
|    ent_coef        | 0.000984 |
|    ent_coef_loss   | -2.24    |
|    learning_rate   | 0.001    |
|    n_updates       | 18299    |
---------------------------------
---------------------------------
| rollout/           |          |
|    ep_len_mean     | 50       |
|    ep_rew_mean     | -2       |
|    success_rate    | 1        |
| time/              |          |
|    episodes        | 372      |
|    fps             | 115      |
|    time_elapsed    | 160      |
|    total_timesteps | 18600    |
| train/             |          |
|    actor_loss      | 0.546    |
|    critic_loss     | 0.0158   |
|    ent_coef        | 0.000906 |
|    ent_coef_loss   | 5.75     |
|    learning_rate   | 0.001    |
|    n_updates       | 18499    |
---------------------------------
---------------------------------
| rollout/           |          |
|    ep_len_mean     | 50       |
|    ep_rew_mean     | -2.01    |
|    success_rate    | 1        |
| time/              |          |
|    episodes        | 376      |
|    fps             | 115      |
|    time_elapsed    | 162      |
|    total_timesteps | 18800    |
| train/             |          |
|    actor_loss      | 0.431    |
|    critic_loss     | 0.0224   |
|    ent_coef        | 0.000836 |
|    ent_coef_loss   | -1.16    |
|    learning_rate   | 0.001    |
|    n_updates       | 18699    |
---------------------------------
---------------------------------
| rollout/           |          |
|    ep_len_mean     | 50       |
|    ep_rew_mean     | -1.97    |
|    success_rate    | 1        |
| time/              |          |
|    episodes        | 380      |
|    fps             | 115      |
|    time_elapsed    | 164      |
|    total_timesteps | 19000    |
| train/             |          |
|    actor_loss      | 0.401    |
|    critic_loss     | 0.0104   |
|    ent_coef        | 0.000792 |
|    ent_coef_loss   | -3.08    |
|    learning_rate   | 0.001    |
|    n_updates       | 18899    |
---------------------------------
---------------------------------
| rollout/           |          |
|    ep_len_mean     | 50       |
|    ep_rew_mean     | -1.95    |
|    success_rate    | 1        |
| time/              |          |
|    episodes        | 384      |
|    fps             | 115      |
|    time_elapsed    | 165      |
|    total_timesteps | 19200    |
| train/             |          |
|    actor_loss      | 0.399    |
|    critic_loss     | 0.0246   |
|    ent_coef        | 0.000765 |
|    ent_coef_loss   | -1.77    |
|    learning_rate   | 0.001    |
|    n_updates       | 19099    |
---------------------------------
---------------------------------
| rollout/           |          |
|    ep_len_mean     | 50       |
|    ep_rew_mean     | -1.94    |
|    success_rate    | 1        |
| time/              |          |
|    episodes        | 388      |
|    fps             | 115      |
|    time_elapsed    | 167      |
|    total_timesteps | 19400    |
| train/             |          |
|    actor_loss      | 0.405    |
|    critic_loss     | 0.0108   |
|    ent_coef        | 0.000721 |
|    ent_coef_loss   | -0.606   |
|    learning_rate   | 0.001    |
|    n_updates       | 19299    |
---------------------------------
---------------------------------
| rollout/           |          |
|    ep_len_mean     | 50       |
|    ep_rew_mean     | -1.93    |
|    success_rate    | 1        |
| time/              |          |
|    episodes        | 392      |
|    fps             | 115      |
|    time_elapsed    | 169      |
|    total_timesteps | 19600    |
| train/             |          |
|    actor_loss      | 0.45     |
|    critic_loss     | 0.0175   |
|    ent_coef        | 0.000709 |
|    ent_coef_loss   | 1.99     |
|    learning_rate   | 0.001    |
|    n_updates       | 19499    |
---------------------------------
---------------------------------
| rollout/           |          |
|    ep_len_mean     | 50       |
|    ep_rew_mean     | -1.97    |
|    success_rate    | 1        |
| time/              |          |
|    episodes        | 396      |
|    fps             | 115      |
|    time_elapsed    | 170      |
|    total_timesteps | 19800    |
| train/             |          |
|    actor_loss      | 0.458    |
|    critic_loss     | 0.0236   |
|    ent_coef        | 0.000684 |
|    ent_coef_loss   | -1.33    |
|    learning_rate   | 0.001    |
|    n_updates       | 19699    |
---------------------------------
---------------------------------
| rollout/           |          |
|    ep_len_mean     | 50       |
|    ep_rew_mean     | -1.98    |
|    success_rate    | 1        |
| time/              |          |
|    episodes        | 400      |
|    fps             | 116      |
|    time_elapsed    | 172      |
|    total_timesteps | 20000    |
| train/             |          |
|    actor_loss      | 0.43     |
|    critic_loss     | 0.021    |
|    ent_coef        | 0.000664 |
|    ent_coef_loss   | -0.591   |
|    learning_rate   | 0.001    |
|    n_updates       | 19899    |
---------------------------------
success_rate=1.000 over 50 episodes
checkpoint_saved=/Users/eoinmca/Projects/lang-goal-rl/experiments/01_uvfa_her_baseline/checkpoints/seed_1.zip
