AdroitHandRelocateDense-v1, AdroitHandHammerDense-v1, AdroitHandDoorDense-v1 environment's reward functions were updated in v1.2.1 without an environment version update. Therefore, use gymnasium-robotics==1.2.0 for v1 reproducibility or use v2 in gymnasium-robotics>=1.4.3. See https://github.com/Farama-Foundation/Gymnasium-Robotics/pull/220 for more details
Using cpu device
Wrapping the env with a `Monitor` wrapper
Wrapping the env in a DummyVecEnv.
---------------------------------
| rollout/           |          |
|    ep_len_mean     | 50       |
|    ep_rew_mean     | -50      |
|    success_rate    | 0        |
| time/              |          |
|    episodes        | 4        |
|    fps             | 144      |
|    time_elapsed    | 1        |
|    total_timesteps | 200      |
| train/             |          |
|    actor_loss      | -4.52    |
|    critic_loss     | 0.222    |
|    ent_coef        | 0.907    |
|    ent_coef_loss   | -0.662   |
|    learning_rate   | 0.001    |
|    n_updates       | 99       |
---------------------------------
---------------------------------
| rollout/           |          |
|    ep_len_mean     | 50       |
|    ep_rew_mean     | -50      |
|    success_rate    | 0        |
| time/              |          |
|    episodes        | 8        |
|    fps             | 98       |
|    time_elapsed    | 4        |
|    total_timesteps | 400      |
| train/             |          |
|    actor_loss      | -4.55    |
|    critic_loss     | 0.2      |
|    ent_coef        | 0.742    |
|    ent_coef_loss   | -2.01    |
|    learning_rate   | 0.001    |
|    n_updates       | 299      |
---------------------------------
---------------------------------
| rollout/           |          |
|    ep_len_mean     | 50       |
|    ep_rew_mean     | -49.4    |
|    success_rate    | 0        |
| time/              |          |
|    episodes        | 12       |
|    fps             | 88       |
|    time_elapsed    | 6        |
|    total_timesteps | 600      |
| train/             |          |
|    actor_loss      | -4.69    |
|    critic_loss     | 0.189    |
|    ent_coef        | 0.608    |
|    ent_coef_loss   | -3.37    |
|    learning_rate   | 0.001    |
|    n_updates       | 499      |
---------------------------------
---------------------------------
| rollout/           |          |
|    ep_len_mean     | 50       |
|    ep_rew_mean     | -49.4    |
|    success_rate    | 0        |
| time/              |          |
|    episodes        | 16       |
|    fps             | 84       |
|    time_elapsed    | 9        |
|    total_timesteps | 800      |
| train/             |          |
|    actor_loss      | -4.45    |
|    critic_loss     | 0.171    |
|    ent_coef        | 0.497    |
|    ent_coef_loss   | -4.7     |
|    learning_rate   | 0.001    |
|    n_updates       | 699      |
---------------------------------
---------------------------------
| rollout/           |          |
|    ep_len_mean     | 50       |
|    ep_rew_mean     | -49.5    |
|    success_rate    | 0        |
| time/              |          |
|    episodes        | 20       |
|    fps             | 82       |
|    time_elapsed    | 12       |
|    total_timesteps | 1000     |
| train/             |          |
|    actor_loss      | -4.24    |
|    critic_loss     | 0.18     |
|    ent_coef        | 0.407    |
|    ent_coef_loss   | -6.04    |
|    learning_rate   | 0.001    |
|    n_updates       | 899      |
---------------------------------
---------------------------------
| rollout/           |          |
|    ep_len_mean     | 50       |
|    ep_rew_mean     | -49.5    |
|    success_rate    | 0        |
| time/              |          |
|    episodes        | 24       |
|    fps             | 81       |
|    time_elapsed    | 14       |
|    total_timesteps | 1200     |
| train/             |          |
|    actor_loss      | -3.89    |
|    critic_loss     | 0.191    |
|    ent_coef        | 0.333    |
|    ent_coef_loss   | -7.4     |
|    learning_rate   | 0.001    |
|    n_updates       | 1099     |
---------------------------------
---------------------------------
| rollout/           |          |
|    ep_len_mean     | 50       |
|    ep_rew_mean     | -49.4    |
|    success_rate    | 0.0357   |
| time/              |          |
|    episodes        | 28       |
|    fps             | 80       |
|    time_elapsed    | 17       |
|    total_timesteps | 1400     |
| train/             |          |
|    actor_loss      | -3.5     |
|    critic_loss     | 0.193    |
|    ent_coef        | 0.273    |
|    ent_coef_loss   | -8.72    |
|    learning_rate   | 0.001    |
|    n_updates       | 1299     |
---------------------------------
---------------------------------
| rollout/           |          |
|    ep_len_mean     | 50       |
|    ep_rew_mean     | -49.3    |
|    success_rate    | 0.0312   |
| time/              |          |
|    episodes        | 32       |
|    fps             | 80       |
|    time_elapsed    | 19       |
|    total_timesteps | 1600     |
| train/             |          |
|    actor_loss      | -2.83    |
|    critic_loss     | 0.186    |
|    ent_coef        | 0.224    |
|    ent_coef_loss   | -10      |
|    learning_rate   | 0.001    |
|    n_updates       | 1499     |
---------------------------------
---------------------------------
| rollout/           |          |
|    ep_len_mean     | 50       |
|    ep_rew_mean     | -49.2    |
|    success_rate    | 0.0278   |
| time/              |          |
|    episodes        | 36       |
|    fps             | 78       |
|    time_elapsed    | 22       |
|    total_timesteps | 1800     |
| train/             |          |
|    actor_loss      | -2.35    |
|    critic_loss     | 0.174    |
|    ent_coef        | 0.183    |
|    ent_coef_loss   | -11.4    |
|    learning_rate   | 0.001    |
|    n_updates       | 1699     |
---------------------------------
---------------------------------
| rollout/           |          |
|    ep_len_mean     | 50       |
|    ep_rew_mean     | -49      |
|    success_rate    | 0.025    |
| time/              |          |
|    episodes        | 40       |
|    fps             | 78       |
|    time_elapsed    | 25       |
|    total_timesteps | 2000     |
| train/             |          |
|    actor_loss      | -1.69    |
|    critic_loss     | 0.16     |
|    ent_coef        | 0.15     |
|    ent_coef_loss   | -12.7    |
|    learning_rate   | 0.001    |
|    n_updates       | 1899     |
---------------------------------
---------------------------------
| rollout/           |          |
|    ep_len_mean     | 50       |
|    ep_rew_mean     | -49.1    |
|    success_rate    | 0.0227   |
| time/              |          |
|    episodes        | 44       |
|    fps             | 77       |
|    time_elapsed    | 28       |
|    total_timesteps | 2200     |
| train/             |          |
|    actor_loss      | -1.13    |
|    critic_loss     | 0.117    |
|    ent_coef        | 0.123    |
|    ent_coef_loss   | -13.7    |
|    learning_rate   | 0.001    |
|    n_updates       | 2099     |
---------------------------------
---------------------------------
| rollout/           |          |
|    ep_len_mean     | 50       |
|    ep_rew_mean     | -49.2    |
|    success_rate    | 0.0208   |
| time/              |          |
|    episodes        | 48       |
|    fps             | 77       |
|    time_elapsed    | 31       |
|    total_timesteps | 2400     |
| train/             |          |
|    actor_loss      | -0.715   |
|    critic_loss     | 0.104    |
|    ent_coef        | 0.102    |
|    ent_coef_loss   | -14.1    |
|    learning_rate   | 0.001    |
|    n_updates       | 2299     |
---------------------------------
---------------------------------
| rollout/           |          |
|    ep_len_mean     | 50       |
|    ep_rew_mean     | -49.2    |
|    success_rate    | 0.0192   |
| time/              |          |
|    episodes        | 52       |
|    fps             | 76       |
|    time_elapsed    | 34       |
|    total_timesteps | 2600     |
| train/             |          |
|    actor_loss      | -0.12    |
|    critic_loss     | 0.103    |
|    ent_coef        | 0.0848   |
|    ent_coef_loss   | -14.9    |
|    learning_rate   | 0.001    |
|    n_updates       | 2499     |
---------------------------------
---------------------------------
| rollout/           |          |
|    ep_len_mean     | 50       |
|    ep_rew_mean     | -49.2    |
|    success_rate    | 0.0179   |
| time/              |          |
|    episodes        | 56       |
|    fps             | 76       |
|    time_elapsed    | 36       |
|    total_timesteps | 2800     |
| train/             |          |
|    actor_loss      | 0.215    |
|    critic_loss     | 0.116    |
|    ent_coef        | 0.0711   |
|    ent_coef_loss   | -14.8    |
|    learning_rate   | 0.001    |
|    n_updates       | 2699     |
---------------------------------
---------------------------------
| rollout/           |          |
|    ep_len_mean     | 50       |
|    ep_rew_mean     | -49.2    |
|    success_rate    | 0.0167   |
| time/              |          |
|    episodes        | 60       |
|    fps             | 76       |
|    time_elapsed    | 39       |
|    total_timesteps | 3000     |
| train/             |          |
|    actor_loss      | 0.665    |
|    critic_loss     | 0.106    |
|    ent_coef        | 0.0598   |
|    ent_coef_loss   | -14.2    |
|    learning_rate   | 0.001    |
|    n_updates       | 2899     |
---------------------------------
---------------------------------
| rollout/           |          |
|    ep_len_mean     | 50       |
|    ep_rew_mean     | -49.1    |
|    success_rate    | 0.0312   |
| time/              |          |
|    episodes        | 64       |
|    fps             | 76       |
|    time_elapsed    | 41       |
|    total_timesteps | 3200     |
| train/             |          |
|    actor_loss      | 1.12     |
|    critic_loss     | 0.186    |
|    ent_coef        | 0.0507   |
|    ent_coef_loss   | -14.7    |
|    learning_rate   | 0.001    |
|    n_updates       | 3099     |
---------------------------------
---------------------------------
| rollout/           |          |
|    ep_len_mean     | 50       |
|    ep_rew_mean     | -48.7    |
|    success_rate    | 0.0294   |
| time/              |          |
|    episodes        | 68       |
|    fps             | 76       |
|    time_elapsed    | 44       |
|    total_timesteps | 3400     |
| train/             |          |
|    actor_loss      | 1.15     |
|    critic_loss     | 0.167    |
|    ent_coef        | 0.0434   |
|    ent_coef_loss   | -12.9    |
|    learning_rate   | 0.001    |
|    n_updates       | 3299     |
---------------------------------
---------------------------------
| rollout/           |          |
|    ep_len_mean     | 50       |
|    ep_rew_mean     | -47.9    |
|    success_rate    | 0.0278   |
| time/              |          |
|    episodes        | 72       |
|    fps             | 76       |
|    time_elapsed    | 46       |
|    total_timesteps | 3600     |
| train/             |          |
|    actor_loss      | 1.84     |
|    critic_loss     | 0.299    |
|    ent_coef        | 0.0376   |
|    ent_coef_loss   | -12.8    |
|    learning_rate   | 0.001    |
|    n_updates       | 3499     |
---------------------------------
---------------------------------
| rollout/           |          |
|    ep_len_mean     | 50       |
|    ep_rew_mean     | -47.7    |
|    success_rate    | 0.0263   |
| time/              |          |
|    episodes        | 76       |
|    fps             | 76       |
|    time_elapsed    | 49       |
|    total_timesteps | 3800     |
| train/             |          |
|    actor_loss      | 1.75     |
|    critic_loss     | 0.188    |
|    ent_coef        | 0.0329   |
|    ent_coef_loss   | -11.4    |
|    learning_rate   | 0.001    |
|    n_updates       | 3699     |
---------------------------------
---------------------------------
| rollout/           |          |
|    ep_len_mean     | 50       |
|    ep_rew_mean     | -46.9    |
|    success_rate    | 0.0375   |
| time/              |          |
|    episodes        | 80       |
|    fps             | 76       |
|    time_elapsed    | 51       |
|    total_timesteps | 4000     |
| train/             |          |
|    actor_loss      | 1.81     |
|    critic_loss     | 0.136    |
|    ent_coef        | 0.0293   |
|    ent_coef_loss   | -9.54    |
|    learning_rate   | 0.001    |
|    n_updates       | 3899     |
---------------------------------
---------------------------------
| rollout/           |          |
|    ep_len_mean     | 50       |
|    ep_rew_mean     | -45.3    |
|    success_rate    | 0.0595   |
| time/              |          |
|    episodes        | 84       |
|    fps             | 77       |
|    time_elapsed    | 54       |
|    total_timesteps | 4200     |
| train/             |          |
|    actor_loss      | 2.2      |
|    critic_loss     | 0.174    |
|    ent_coef        | 0.0261   |
|    ent_coef_loss   | -9.56    |
|    learning_rate   | 0.001    |
|    n_updates       | 4099     |
---------------------------------
---------------------------------
| rollout/           |          |
|    ep_len_mean     | 50       |
|    ep_rew_mean     | -43.9    |
|    success_rate    | 0.0909   |
| time/              |          |
|    episodes        | 88       |
|    fps             | 77       |
|    time_elapsed    | 57       |
|    total_timesteps | 4400     |
| train/             |          |
|    actor_loss      | 1.79     |
|    critic_loss     | 0.207    |
|    ent_coef        | 0.0233   |
|    ent_coef_loss   | -10.6    |
|    learning_rate   | 0.001    |
|    n_updates       | 4299     |
---------------------------------
---------------------------------
| rollout/           |          |
|    ep_len_mean     | 50       |
|    ep_rew_mean     | -42.8    |
|    success_rate    | 0.12     |
| time/              |          |
|    episodes        | 92       |
|    fps             | 77       |
|    time_elapsed    | 59       |
|    total_timesteps | 4600     |
| train/             |          |
|    actor_loss      | 2.38     |
|    critic_loss     | 0.126    |
|    ent_coef        | 0.021    |
|    ent_coef_loss   | -7.78    |
|    learning_rate   | 0.001    |
|    n_updates       | 4499     |
---------------------------------
---------------------------------
| rollout/           |          |
|    ep_len_mean     | 50       |
|    ep_rew_mean     | -41.6    |
|    success_rate    | 0.135    |
| time/              |          |
|    episodes        | 96       |
|    fps             | 77       |
|    time_elapsed    | 62       |
|    total_timesteps | 4800     |
| train/             |          |
|    actor_loss      | 2.46     |
|    critic_loss     | 0.291    |
|    ent_coef        | 0.0189   |
|    ent_coef_loss   | -7.96    |
|    learning_rate   | 0.001    |
|    n_updates       | 4699     |
---------------------------------
---------------------------------
| rollout/           |          |
|    ep_len_mean     | 50       |
|    ep_rew_mean     | -40.1    |
|    success_rate    | 0.17     |
| time/              |          |
|    episodes        | 100      |
|    fps             | 77       |
|    time_elapsed    | 64       |
|    total_timesteps | 5000     |
| train/             |          |
|    actor_loss      | 1.97     |
|    critic_loss     | 0.12     |
|    ent_coef        | 0.0172   |
|    ent_coef_loss   | -6.63    |
|    learning_rate   | 0.001    |
|    n_updates       | 4899     |
---------------------------------
---------------------------------
| rollout/           |          |
|    ep_len_mean     | 50       |
|    ep_rew_mean     | -38.6    |
|    success_rate    | 0.2      |
| time/              |          |
|    episodes        | 104      |
|    fps             | 77       |
|    time_elapsed    | 67       |
|    total_timesteps | 5200     |
| train/             |          |
|    actor_loss      | 2.67     |
|    critic_loss     | 0.157    |
|    ent_coef        | 0.0156   |
|    ent_coef_loss   | -6.2     |
|    learning_rate   | 0.001    |
|    n_updates       | 5099     |
---------------------------------
---------------------------------
| rollout/           |          |
|    ep_len_mean     | 50       |
|    ep_rew_mean     | -37      |
|    success_rate    | 0.23     |
| time/              |          |
|    episodes        | 108      |
|    fps             | 77       |
|    time_elapsed    | 69       |
|    total_timesteps | 5400     |
| train/             |          |
|    actor_loss      | 1.98     |
|    critic_loss     | 0.0976   |
|    ent_coef        | 0.0143   |
|    ent_coef_loss   | -4.29    |
|    learning_rate   | 0.001    |
|    n_updates       | 5299     |
---------------------------------
---------------------------------
| rollout/           |          |
|    ep_len_mean     | 50       |
|    ep_rew_mean     | -35.2    |
|    success_rate    | 0.27     |
| time/              |          |
|    episodes        | 112      |
|    fps             | 77       |
|    time_elapsed    | 72       |
|    total_timesteps | 5600     |
| train/             |          |
|    actor_loss      | 2.09     |
|    critic_loss     | 0.131    |
|    ent_coef        | 0.0132   |
|    ent_coef_loss   | -6.07    |
|    learning_rate   | 0.001    |
|    n_updates       | 5499     |
---------------------------------
---------------------------------
| rollout/           |          |
|    ep_len_mean     | 50       |
|    ep_rew_mean     | -33.4    |
|    success_rate    | 0.31     |
| time/              |          |
|    episodes        | 116      |
|    fps             | 77       |
|    time_elapsed    | 75       |
|    total_timesteps | 5800     |
| train/             |          |
|    actor_loss      | 2.29     |
|    critic_loss     | 0.0882   |
|    ent_coef        | 0.0123   |
|    ent_coef_loss   | -2.37    |
|    learning_rate   | 0.001    |
|    n_updates       | 5699     |
---------------------------------
---------------------------------
| rollout/           |          |
|    ep_len_mean     | 50       |
|    ep_rew_mean     | -31.6    |
|    success_rate    | 0.35     |
| time/              |          |
|    episodes        | 120      |
|    fps             | 77       |
|    time_elapsed    | 77       |
|    total_timesteps | 6000     |
| train/             |          |
|    actor_loss      | 2.32     |
|    critic_loss     | 0.154    |
|    ent_coef        | 0.0115   |
|    ent_coef_loss   | -1.55    |
|    learning_rate   | 0.001    |
|    n_updates       | 5899     |
---------------------------------
---------------------------------
| rollout/           |          |
|    ep_len_mean     | 50       |
|    ep_rew_mean     | -29.7    |
|    success_rate    | 0.39     |
| time/              |          |
|    episodes        | 124      |
|    fps             | 77       |
|    time_elapsed    | 80       |
|    total_timesteps | 6200     |
| train/             |          |
|    actor_loss      | 1.96     |
|    critic_loss     | 0.107    |
|    ent_coef        | 0.0108   |
|    ent_coef_loss   | -2.04    |
|    learning_rate   | 0.001    |
|    n_updates       | 6099     |
---------------------------------
---------------------------------
| rollout/           |          |
|    ep_len_mean     | 50       |
|    ep_rew_mean     | -28      |
|    success_rate    | 0.41     |
| time/              |          |
|    episodes        | 128      |
|    fps             | 77       |
|    time_elapsed    | 82       |
|    total_timesteps | 6400     |
| train/             |          |
|    actor_loss      | 1.82     |
|    critic_loss     | 0.0924   |
|    ent_coef        | 0.0103   |
|    ent_coef_loss   | -3.4     |
|    learning_rate   | 0.001    |
|    n_updates       | 6299     |
---------------------------------
---------------------------------
| rollout/           |          |
|    ep_len_mean     | 50       |
|    ep_rew_mean     | -26.2    |
|    success_rate    | 0.45     |
| time/              |          |
|    episodes        | 132      |
|    fps             | 77       |
|    time_elapsed    | 85       |
|    total_timesteps | 6600     |
| train/             |          |
|    actor_loss      | 1.74     |
|    critic_loss     | 0.0741   |
|    ent_coef        | 0.00975  |
|    ent_coef_loss   | -2.77    |
|    learning_rate   | 0.001    |
|    n_updates       | 6499     |
---------------------------------
---------------------------------
| rollout/           |          |
|    ep_len_mean     | 50       |
|    ep_rew_mean     | -24.3    |
|    success_rate    | 0.49     |
| time/              |          |
|    episodes        | 136      |
|    fps             | 76       |
|    time_elapsed    | 88       |
|    total_timesteps | 6800     |
| train/             |          |
|    actor_loss      | 1.56     |
|    critic_loss     | 0.0825   |
|    ent_coef        | 0.0093   |
|    ent_coef_loss   | -1.4     |
|    learning_rate   | 0.001    |
|    n_updates       | 6699     |
---------------------------------
---------------------------------
| rollout/           |          |
|    ep_len_mean     | 50       |
|    ep_rew_mean     | -22.5    |
|    success_rate    | 0.53     |
| time/              |          |
|    episodes        | 140      |
|    fps             | 76       |
|    time_elapsed    | 90       |
|    total_timesteps | 7000     |
| train/             |          |
|    actor_loss      | 1.61     |
|    critic_loss     | 0.101    |
|    ent_coef        | 0.00909  |
|    ent_coef_loss   | -1.99    |
|    learning_rate   | 0.001    |
|    n_updates       | 6899     |
---------------------------------
---------------------------------
| rollout/           |          |
|    ep_len_mean     | 50       |
|    ep_rew_mean     | -20.6    |
|    success_rate    | 0.57     |
| time/              |          |
|    episodes        | 144      |
|    fps             | 76       |
|    time_elapsed    | 93       |
|    total_timesteps | 7200     |
| train/             |          |
|    actor_loss      | 1.36     |
|    critic_loss     | 0.0733   |
|    ent_coef        | 0.00873  |
|    ent_coef_loss   | -2.11    |
|    learning_rate   | 0.001    |
|    n_updates       | 7099     |
---------------------------------
---------------------------------
| rollout/           |          |
|    ep_len_mean     | 50       |
|    ep_rew_mean     | -18.6    |
|    success_rate    | 0.61     |
| time/              |          |
|    episodes        | 148      |
|    fps             | 76       |
|    time_elapsed    | 96       |
|    total_timesteps | 7400     |
| train/             |          |
|    actor_loss      | 1.3      |
|    critic_loss     | 0.0999   |
|    ent_coef        | 0.00852  |
|    ent_coef_loss   | -1.44    |
|    learning_rate   | 0.001    |
|    n_updates       | 7299     |
---------------------------------
---------------------------------
| rollout/           |          |
|    ep_len_mean     | 50       |
|    ep_rew_mean     | -16.7    |
|    success_rate    | 0.65     |
| time/              |          |
|    episodes        | 152      |
|    fps             | 76       |
|    time_elapsed    | 98       |
|    total_timesteps | 7600     |
| train/             |          |
|    actor_loss      | 1.22     |
|    critic_loss     | 0.0678   |
|    ent_coef        | 0.0084   |
|    ent_coef_loss   | -1.8     |
|    learning_rate   | 0.001    |
|    n_updates       | 7499     |
---------------------------------
---------------------------------
| rollout/           |          |
|    ep_len_mean     | 50       |
|    ep_rew_mean     | -14.8    |
|    success_rate    | 0.69     |
| time/              |          |
|    episodes        | 156      |
|    fps             | 76       |
|    time_elapsed    | 101      |
|    total_timesteps | 7800     |
| train/             |          |
|    actor_loss      | 1.22     |
|    critic_loss     | 0.0602   |
|    ent_coef        | 0.00805  |
|    ent_coef_loss   | 0.042    |
|    learning_rate   | 0.001    |
|    n_updates       | 7699     |
---------------------------------
---------------------------------
| rollout/           |          |
|    ep_len_mean     | 50       |
|    ep_rew_mean     | -12.9    |
|    success_rate    | 0.73     |
| time/              |          |
|    episodes        | 160      |
|    fps             | 76       |
|    time_elapsed    | 104      |
|    total_timesteps | 8000     |
| train/             |          |
|    actor_loss      | 1.24     |
|    critic_loss     | 0.0568   |
|    ent_coef        | 0.00789  |
|    ent_coef_loss   | -1.73    |
|    learning_rate   | 0.001    |
|    n_updates       | 7899     |
---------------------------------
---------------------------------
| rollout/           |          |
|    ep_len_mean     | 50       |
|    ep_rew_mean     | -11.1    |
|    success_rate    | 0.76     |
| time/              |          |
|    episodes        | 164      |
|    fps             | 76       |
|    time_elapsed    | 106      |
|    total_timesteps | 8200     |
| train/             |          |
|    actor_loss      | 1.03     |
|    critic_loss     | 0.0466   |
|    ent_coef        | 0.00758  |
|    ent_coef_loss   | -0.0856  |
|    learning_rate   | 0.001    |
|    n_updates       | 8099     |
---------------------------------
---------------------------------
| rollout/           |          |
|    ep_len_mean     | 50       |
|    ep_rew_mean     | -9.48    |
|    success_rate    | 0.8      |
| time/              |          |
|    episodes        | 168      |
|    fps             | 76       |
|    time_elapsed    | 109      |
|    total_timesteps | 8400     |
| train/             |          |
|    actor_loss      | 0.986    |
|    critic_loss     | 0.0336   |
|    ent_coef        | 0.00727  |
|    ent_coef_loss   | 0.129    |
|    learning_rate   | 0.001    |
|    n_updates       | 8299     |
---------------------------------
---------------------------------
| rollout/           |          |
|    ep_len_mean     | 50       |
|    ep_rew_mean     | -8.16    |
|    success_rate    | 0.84     |
| time/              |          |
|    episodes        | 172      |
|    fps             | 76       |
|    time_elapsed    | 111      |
|    total_timesteps | 8600     |
| train/             |          |
|    actor_loss      | 0.852    |
|    critic_loss     | 0.0433   |
|    ent_coef        | 0.00676  |
|    ent_coef_loss   | -3.17    |
|    learning_rate   | 0.001    |
|    n_updates       | 8499     |
---------------------------------
---------------------------------
| rollout/           |          |
|    ep_len_mean     | 50       |
|    ep_rew_mean     | -6.51    |
|    success_rate    | 0.88     |
| time/              |          |
|    episodes        | 176      |
|    fps             | 76       |
|    time_elapsed    | 114      |
|    total_timesteps | 8800     |
| train/             |          |
|    actor_loss      | 0.774    |
|    critic_loss     | 0.0356   |
|    ent_coef        | 0.00603  |
|    ent_coef_loss   | -0.991   |
|    learning_rate   | 0.001    |
|    n_updates       | 8699     |
---------------------------------
---------------------------------
| rollout/           |          |
|    ep_len_mean     | 50       |
|    ep_rew_mean     | -5.34    |
|    success_rate    | 0.91     |
| time/              |          |
|    episodes        | 180      |
|    fps             | 76       |
|    time_elapsed    | 117      |
|    total_timesteps | 9000     |
| train/             |          |
|    actor_loss      | 0.839    |
|    critic_loss     | 0.0344   |
|    ent_coef        | 0.00544  |
|    ent_coef_loss   | -0.164   |
|    learning_rate   | 0.001    |
|    n_updates       | 8899     |
---------------------------------
---------------------------------
| rollout/           |          |
|    ep_len_mean     | 50       |
|    ep_rew_mean     | -4.92    |
|    success_rate    | 0.93     |
| time/              |          |
|    episodes        | 184      |
|    fps             | 76       |
|    time_elapsed    | 119      |
|    total_timesteps | 9200     |
| train/             |          |
|    actor_loss      | 0.675    |
|    critic_loss     | 0.0487   |
|    ent_coef        | 0.00496  |
|    ent_coef_loss   | -1.77    |
|    learning_rate   | 0.001    |
|    n_updates       | 9099     |
---------------------------------
---------------------------------
| rollout/           |          |
|    ep_len_mean     | 50       |
|    ep_rew_mean     | -4.33    |
|    success_rate    | 0.94     |
| time/              |          |
|    episodes        | 188      |
|    fps             | 76       |
|    time_elapsed    | 122      |
|    total_timesteps | 9400     |
| train/             |          |
|    actor_loss      | 0.641    |
|    critic_loss     | 0.0376   |
|    ent_coef        | 0.00445  |
|    ent_coef_loss   | -1.75    |
|    learning_rate   | 0.001    |
|    n_updates       | 9299     |
---------------------------------
---------------------------------
| rollout/           |          |
|    ep_len_mean     | 50       |
|    ep_rew_mean     | -3.67    |
|    success_rate    | 0.95     |
| time/              |          |
|    episodes        | 192      |
|    fps             | 76       |
|    time_elapsed    | 124      |
|    total_timesteps | 9600     |
| train/             |          |
|    actor_loss      | 0.751    |
|    critic_loss     | 0.0302   |
|    ent_coef        | 0.00393  |
|    ent_coef_loss   | -0.825   |
|    learning_rate   | 0.001    |
|    n_updates       | 9499     |
---------------------------------
---------------------------------
| rollout/           |          |
|    ep_len_mean     | 50       |
|    ep_rew_mean     | -3.2     |
|    success_rate    | 0.97     |
| time/              |          |
|    episodes        | 196      |
|    fps             | 76       |
|    time_elapsed    | 127      |
|    total_timesteps | 9800     |
| train/             |          |
|    actor_loss      | 0.713    |
|    critic_loss     | 0.0295   |
|    ent_coef        | 0.00358  |
|    ent_coef_loss   | 0.153    |
|    learning_rate   | 0.001    |
|    n_updates       | 9699     |
---------------------------------
---------------------------------
| rollout/           |          |
|    ep_len_mean     | 50       |
|    ep_rew_mean     | -3.06    |
|    success_rate    | 0.97     |
| time/              |          |
|    episodes        | 200      |
|    fps             | 76       |
|    time_elapsed    | 130      |
|    total_timesteps | 10000    |
| train/             |          |
|    actor_loss      | 0.682    |
|    critic_loss     | 0.0262   |
|    ent_coef        | 0.00327  |
|    ent_coef_loss   | 0.266    |
|    learning_rate   | 0.001    |
|    n_updates       | 9899     |
---------------------------------
---------------------------------
| rollout/           |          |
|    ep_len_mean     | 50       |
|    ep_rew_mean     | -2.66    |
|    success_rate    | 0.98     |
| time/              |          |
|    episodes        | 204      |
|    fps             | 76       |
|    time_elapsed    | 133      |
|    total_timesteps | 10200    |
| train/             |          |
|    actor_loss      | 0.522    |
|    critic_loss     | 0.041    |
|    ent_coef        | 0.00299  |
|    ent_coef_loss   | 0.451    |
|    learning_rate   | 0.001    |
|    n_updates       | 10099    |
---------------------------------
---------------------------------
| rollout/           |          |
|    ep_len_mean     | 50       |
|    ep_rew_mean     | -2.4     |
|    success_rate    | 0.99     |
| time/              |          |
|    episodes        | 208      |
|    fps             | 76       |
|    time_elapsed    | 135      |
|    total_timesteps | 10400    |
| train/             |          |
|    actor_loss      | 0.698    |
|    critic_loss     | 0.0253   |
|    ent_coef        | 0.00284  |
|    ent_coef_loss   | -0.291   |
|    learning_rate   | 0.001    |
|    n_updates       | 10299    |
---------------------------------
---------------------------------
| rollout/           |          |
|    ep_len_mean     | 50       |
|    ep_rew_mean     | -2.25    |
|    success_rate    | 0.99     |
| time/              |          |
|    episodes        | 212      |
|    fps             | 76       |
|    time_elapsed    | 138      |
|    total_timesteps | 10600    |
| train/             |          |
|    actor_loss      | 0.532    |
|    critic_loss     | 0.0261   |
|    ent_coef        | 0.00281  |
|    ent_coef_loss   | -4.61    |
|    learning_rate   | 0.001    |
|    n_updates       | 10499    |
---------------------------------
---------------------------------
| rollout/           |          |
|    ep_len_mean     | 50       |
|    ep_rew_mean     | -2.15    |
|    success_rate    | 0.99     |
| time/              |          |
|    episodes        | 216      |
|    fps             | 76       |
|    time_elapsed    | 141      |
|    total_timesteps | 10800    |
| train/             |          |
|    actor_loss      | 0.628    |
|    critic_loss     | 0.0233   |
|    ent_coef        | 0.00254  |
|    ent_coef_loss   | -0.734   |
|    learning_rate   | 0.001    |
|    n_updates       | 10699    |
---------------------------------
---------------------------------
| rollout/           |          |
|    ep_len_mean     | 50       |
|    ep_rew_mean     | -2.1     |
|    success_rate    | 0.99     |
| time/              |          |
|    episodes        | 220      |
|    fps             | 76       |
|    time_elapsed    | 143      |
|    total_timesteps | 11000    |
| train/             |          |
|    actor_loss      | 0.654    |
|    critic_loss     | 0.0176   |
|    ent_coef        | 0.00235  |
|    ent_coef_loss   | -1.56    |
|    learning_rate   | 0.001    |
|    n_updates       | 10899    |
---------------------------------
---------------------------------
| rollout/           |          |
|    ep_len_mean     | 50       |
|    ep_rew_mean     | -2.02    |
|    success_rate    | 0.99     |
| time/              |          |
|    episodes        | 224      |
|    fps             | 76       |
|    time_elapsed    | 146      |
|    total_timesteps | 11200    |
| train/             |          |
|    actor_loss      | 0.597    |
|    critic_loss     | 0.0201   |
|    ent_coef        | 0.0022   |
|    ent_coef_loss   | -1.52    |
|    learning_rate   | 0.001    |
|    n_updates       | 11099    |
---------------------------------
---------------------------------
| rollout/           |          |
|    ep_len_mean     | 50       |
|    ep_rew_mean     | -1.86    |
|    success_rate    | 1        |
| time/              |          |
|    episodes        | 228      |
|    fps             | 76       |
|    time_elapsed    | 149      |
|    total_timesteps | 11400    |
| train/             |          |
|    actor_loss      | 0.779    |
|    critic_loss     | 0.033    |
|    ent_coef        | 0.00187  |
|    ent_coef_loss   | 7.54     |
|    learning_rate   | 0.001    |
|    n_updates       | 11299    |
---------------------------------
---------------------------------
| rollout/           |          |
|    ep_len_mean     | 50       |
|    ep_rew_mean     | -1.83    |
|    success_rate    | 1        |
| time/              |          |
|    episodes        | 232      |
|    fps             | 76       |
|    time_elapsed    | 151      |
|    total_timesteps | 11600    |
| train/             |          |
|    actor_loss      | 0.493    |
|    critic_loss     | 0.0376   |
|    ent_coef        | 0.00187  |
|    ent_coef_loss   | -2.11    |
|    learning_rate   | 0.001    |
|    n_updates       | 11499    |
---------------------------------
---------------------------------
| rollout/           |          |
|    ep_len_mean     | 50       |
|    ep_rew_mean     | -1.84    |
|    success_rate    | 1        |
| time/              |          |
|    episodes        | 236      |
|    fps             | 76       |
|    time_elapsed    | 154      |
|    total_timesteps | 11800    |
| train/             |          |
|    actor_loss      | 0.582    |
|    critic_loss     | 0.0191   |
|    ent_coef        | 0.00184  |
|    ent_coef_loss   | 1.41     |
|    learning_rate   | 0.001    |
|    n_updates       | 11699    |
---------------------------------
---------------------------------
| rollout/           |          |
|    ep_len_mean     | 50       |
|    ep_rew_mean     | -1.82    |
|    success_rate    | 1        |
| time/              |          |
|    episodes        | 240      |
|    fps             | 76       |
|    time_elapsed    | 157      |
|    total_timesteps | 12000    |
| train/             |          |
|    actor_loss      | 0.49     |
|    critic_loss     | 0.0261   |
|    ent_coef        | 0.00167  |
|    ent_coef_loss   | -2.59    |
|    learning_rate   | 0.001    |
|    n_updates       | 11899    |
---------------------------------
---------------------------------
| rollout/           |          |
|    ep_len_mean     | 50       |
|    ep_rew_mean     | -1.79    |
|    success_rate    | 1        |
| time/              |          |
|    episodes        | 244      |
|    fps             | 76       |
|    time_elapsed    | 160      |
|    total_timesteps | 12200    |
| train/             |          |
|    actor_loss      | 0.536    |
|    critic_loss     | 0.0196   |
|    ent_coef        | 0.00172  |
|    ent_coef_loss   | 0.505    |
|    learning_rate   | 0.001    |
|    n_updates       | 12099    |
---------------------------------
---------------------------------
| rollout/           |          |
|    ep_len_mean     | 50       |
|    ep_rew_mean     | -1.84    |
|    success_rate    | 1        |
| time/              |          |
|    episodes        | 248      |
|    fps             | 76       |
|    time_elapsed    | 162      |
|    total_timesteps | 12400    |
| train/             |          |
|    actor_loss      | 0.407    |
|    critic_loss     | 0.0144   |
|    ent_coef        | 0.0016   |
|    ent_coef_loss   | 1.23     |
|    learning_rate   | 0.001    |
|    n_updates       | 12299    |
---------------------------------
---------------------------------
| rollout/           |          |
|    ep_len_mean     | 50       |
|    ep_rew_mean     | -1.8     |
|    success_rate    | 1        |
| time/              |          |
|    episodes        | 252      |
|    fps             | 76       |
|    time_elapsed    | 165      |
|    total_timesteps | 12600    |
| train/             |          |
|    actor_loss      | 0.54     |
|    critic_loss     | 0.029    |
|    ent_coef        | 0.00171  |
|    ent_coef_loss   | 2.09     |
|    learning_rate   | 0.001    |
|    n_updates       | 12499    |
---------------------------------
---------------------------------
| rollout/           |          |
|    ep_len_mean     | 50       |
|    ep_rew_mean     | -2.3     |
|    success_rate    | 1        |
| time/              |          |
|    episodes        | 256      |
|    fps             | 76       |
|    time_elapsed    | 168      |
|    total_timesteps | 12800    |
| train/             |          |
|    actor_loss      | 0.512    |
|    critic_loss     | 0.0232   |
|    ent_coef        | 0.00209  |
|    ent_coef_loss   | 3.57     |
|    learning_rate   | 0.001    |
|    n_updates       | 12699    |
---------------------------------
---------------------------------
| rollout/           |          |
|    ep_len_mean     | 50       |
|    ep_rew_mean     | -2.29    |
|    success_rate    | 1        |
| time/              |          |
|    episodes        | 260      |
|    fps             | 76       |
|    time_elapsed    | 170      |
|    total_timesteps | 13000    |
| train/             |          |
|    actor_loss      | 0.336    |
|    critic_loss     | 0.0207   |
|    ent_coef        | 0.00194  |
|    ent_coef_loss   | -1.52    |
|    learning_rate   | 0.001    |
|    n_updates       | 12899    |
---------------------------------
---------------------------------
| rollout/           |          |
|    ep_len_mean     | 50       |
|    ep_rew_mean     | -2.26    |
|    success_rate    | 1        |
| time/              |          |
|    episodes        | 264      |
|    fps             | 76       |
|    time_elapsed    | 173      |
|    total_timesteps | 13200    |
| train/             |          |
|    actor_loss      | 0.551    |
|    critic_loss     | 0.0197   |
|    ent_coef        | 0.00176  |
|    ent_coef_loss   | 2.4      |
|    learning_rate   | 0.001    |
|    n_updates       | 13099    |
---------------------------------
---------------------------------
| rollout/           |          |
|    ep_len_mean     | 50       |
|    ep_rew_mean     | -2.24    |
|    success_rate    | 1        |
| time/              |          |
|    episodes        | 268      |
|    fps             | 76       |
|    time_elapsed    | 176      |
|    total_timesteps | 13400    |
| train/             |          |
|    actor_loss      | 0.317    |
|    critic_loss     | 0.018    |
|    ent_coef        | 0.00162  |
|    ent_coef_loss   | -0.158   |
|    learning_rate   | 0.001    |
|    n_updates       | 13299    |
---------------------------------
---------------------------------
| rollout/           |          |
|    ep_len_mean     | 50       |
|    ep_rew_mean     | -2.2     |
|    success_rate    | 1        |
| time/              |          |
|    episodes        | 272      |
|    fps             | 75       |
|    time_elapsed    | 178      |
|    total_timesteps | 13600    |
| train/             |          |
|    actor_loss      | 0.348    |
|    critic_loss     | 0.013    |
|    ent_coef        | 0.00158  |
|    ent_coef_loss   | -2.68    |
|    learning_rate   | 0.001    |
|    n_updates       | 13499    |
---------------------------------
---------------------------------
| rollout/           |          |
|    ep_len_mean     | 50       |
|    ep_rew_mean     | -2.21    |
|    success_rate    | 1        |
| time/              |          |
|    episodes        | 276      |
|    fps             | 75       |
|    time_elapsed    | 181      |
|    total_timesteps | 13800    |
| train/             |          |
|    actor_loss      | 0.342    |
|    critic_loss     | 0.0212   |
|    ent_coef        | 0.00149  |
|    ent_coef_loss   | -1.13    |
|    learning_rate   | 0.001    |
|    n_updates       | 13699    |
---------------------------------
---------------------------------
| rollout/           |          |
|    ep_len_mean     | 50       |
|    ep_rew_mean     | -2.17    |
|    success_rate    | 1        |
| time/              |          |
|    episodes        | 280      |
|    fps             | 75       |
|    time_elapsed    | 184      |
|    total_timesteps | 14000    |
| train/             |          |
|    actor_loss      | 0.407    |
|    critic_loss     | 0.0212   |
|    ent_coef        | 0.00133  |
|    ent_coef_loss   | -2.25    |
|    learning_rate   | 0.001    |
|    n_updates       | 13899    |
---------------------------------
---------------------------------
| rollout/           |          |
|    ep_len_mean     | 50       |
|    ep_rew_mean     | -2.15    |
|    success_rate    | 1        |
| time/              |          |
|    episodes        | 284      |
|    fps             | 75       |
|    time_elapsed    | 187      |
|    total_timesteps | 14200    |
| train/             |          |
|    actor_loss      | 0.292    |
|    critic_loss     | 0.019    |
|    ent_coef        | 0.00121  |
|    ent_coef_loss   | -5.17    |
|    learning_rate   | 0.001    |
|    n_updates       | 14099    |
---------------------------------
---------------------------------
| rollout/           |          |
|    ep_len_mean     | 50       |
|    ep_rew_mean     | -2.28    |
|    success_rate    | 0.99     |
| time/              |          |
|    episodes        | 288      |
|    fps             | 75       |
|    time_elapsed    | 189      |
|    total_timesteps | 14400    |
| train/             |          |
|    actor_loss      | 2.4      |
|    critic_loss     | 0.289    |
|    ent_coef        | 0.00118  |
|    ent_coef_loss   | 41       |
|    learning_rate   | 0.001    |
|    n_updates       | 14299    |
---------------------------------
---------------------------------
| rollout/           |          |
|    ep_len_mean     | 50       |
|    ep_rew_mean     | -2.57    |
|    success_rate    | 0.99     |
| time/              |          |
|    episodes        | 292      |
|    fps             | 75       |
|    time_elapsed    | 192      |
|    total_timesteps | 14600    |
| train/             |          |
|    actor_loss      | 0.523    |
|    critic_loss     | 0.02     |
|    ent_coef        | 0.00149  |
|    ent_coef_loss   | 5.2      |
|    learning_rate   | 0.001    |
|    n_updates       | 14499    |
---------------------------------
---------------------------------
| rollout/           |          |
|    ep_len_mean     | 50       |
|    ep_rew_mean     | -2.57    |
|    success_rate    | 0.99     |
| time/              |          |
|    episodes        | 296      |
|    fps             | 75       |
|    time_elapsed    | 195      |
|    total_timesteps | 14800    |
| train/             |          |
|    actor_loss      | 0.496    |
|    critic_loss     | 0.0207   |
|    ent_coef        | 0.00147  |
|    ent_coef_loss   | 2.71     |
|    learning_rate   | 0.001    |
|    n_updates       | 14699    |
---------------------------------
---------------------------------
| rollout/           |          |
|    ep_len_mean     | 50       |
|    ep_rew_mean     | -2.57    |
|    success_rate    | 0.99     |
| time/              |          |
|    episodes        | 300      |
|    fps             | 75       |
|    time_elapsed    | 198      |
|    total_timesteps | 15000    |
| train/             |          |
|    actor_loss      | 0.31     |
|    critic_loss     | 0.0222   |
|    ent_coef        | 0.00133  |
|    ent_coef_loss   | -7.3     |
|    learning_rate   | 0.001    |
|    n_updates       | 14899    |
---------------------------------
---------------------------------
| rollout/           |          |
|    ep_len_mean     | 50       |
|    ep_rew_mean     | -2.6     |
|    success_rate    | 0.99     |
| time/              |          |
|    episodes        | 304      |
|    fps             | 75       |
|    time_elapsed    | 201      |
|    total_timesteps | 15200    |
| train/             |          |
|    actor_loss      | 0.338    |
|    critic_loss     | 0.0188   |
|    ent_coef        | 0.00122  |
|    ent_coef_loss   | 6.05     |
|    learning_rate   | 0.001    |
|    n_updates       | 15099    |
---------------------------------
---------------------------------
| rollout/           |          |
|    ep_len_mean     | 50       |
|    ep_rew_mean     | -2.58    |
|    success_rate    | 0.99     |
| time/              |          |
|    episodes        | 308      |
|    fps             | 75       |
|    time_elapsed    | 204      |
|    total_timesteps | 15400    |
| train/             |          |
|    actor_loss      | 0.459    |
|    critic_loss     | 0.0169   |
|    ent_coef        | 0.00117  |
|    ent_coef_loss   | 0.823    |
|    learning_rate   | 0.001    |
|    n_updates       | 15299    |
---------------------------------
---------------------------------
| rollout/           |          |
|    ep_len_mean     | 50       |
|    ep_rew_mean     | -2.61    |
|    success_rate    | 0.99     |
| time/              |          |
|    episodes        | 312      |
|    fps             | 75       |
|    time_elapsed    | 207      |
|    total_timesteps | 15600    |
| train/             |          |
|    actor_loss      | 0.541    |
|    critic_loss     | 0.0195   |
|    ent_coef        | 0.00108  |
|    ent_coef_loss   | 0.795    |
|    learning_rate   | 0.001    |
|    n_updates       | 15499    |
---------------------------------
---------------------------------
| rollout/           |          |
|    ep_len_mean     | 50       |
|    ep_rew_mean     | -2.6     |
|    success_rate    | 0.99     |
| time/              |          |
|    episodes        | 316      |
|    fps             | 75       |
|    time_elapsed    | 210      |
|    total_timesteps | 15800    |
| train/             |          |
|    actor_loss      | 0.504    |
|    critic_loss     | 0.0178   |
|    ent_coef        | 0.00105  |
|    ent_coef_loss   | 2.11     |
|    learning_rate   | 0.001    |
|    n_updates       | 15699    |
---------------------------------
---------------------------------
| rollout/           |          |
|    ep_len_mean     | 50       |
|    ep_rew_mean     | -2.55    |
|    success_rate    | 0.99     |
| time/              |          |
|    episodes        | 320      |
|    fps             | 74       |
|    time_elapsed    | 213      |
|    total_timesteps | 16000    |
| train/             |          |
|    actor_loss      | 0.492    |
|    critic_loss     | 0.0271   |
|    ent_coef        | 0.00107  |
|    ent_coef_loss   | -2.45    |
|    learning_rate   | 0.001    |
|    n_updates       | 15899    |
---------------------------------
---------------------------------
| rollout/           |          |
|    ep_len_mean     | 50       |
|    ep_rew_mean     | -2.55    |
|    success_rate    | 0.99     |
| time/              |          |
|    episodes        | 324      |
|    fps             | 74       |
|    time_elapsed    | 216      |
|    total_timesteps | 16200    |
| train/             |          |
|    actor_loss      | 0.46     |
|    critic_loss     | 0.0212   |
|    ent_coef        | 0.00116  |
|    ent_coef_loss   | -4.94    |
|    learning_rate   | 0.001    |
|    n_updates       | 16099    |
---------------------------------
---------------------------------
| rollout/           |          |
|    ep_len_mean     | 50       |
|    ep_rew_mean     | -2.54    |
|    success_rate    | 0.99     |
| time/              |          |
|    episodes        | 328      |
|    fps             | 74       |
|    time_elapsed    | 219      |
|    total_timesteps | 16400    |
| train/             |          |
|    actor_loss      | 0.493    |
|    critic_loss     | 0.0264   |
|    ent_coef        | 0.00111  |
|    ent_coef_loss   | -2.27    |
|    learning_rate   | 0.001    |
|    n_updates       | 16299    |
---------------------------------
---------------------------------
| rollout/           |          |
|    ep_len_mean     | 50       |
|    ep_rew_mean     | -2.51    |
|    success_rate    | 0.99     |
| time/              |          |
|    episodes        | 332      |
|    fps             | 74       |
|    time_elapsed    | 221      |
|    total_timesteps | 16600    |
| train/             |          |
|    actor_loss      | 0.413    |
|    critic_loss     | 0.0144   |
|    ent_coef        | 0.00101  |
|    ent_coef_loss   | 0.508    |
|    learning_rate   | 0.001    |
|    n_updates       | 16499    |
---------------------------------
---------------------------------
| rollout/           |          |
|    ep_len_mean     | 50       |
|    ep_rew_mean     | -2.48    |
|    success_rate    | 0.99     |
| time/              |          |
|    episodes        | 336      |
|    fps             | 74       |
|    time_elapsed    | 224      |
|    total_timesteps | 16800    |
| train/             |          |
|    actor_loss      | 0.443    |
|    critic_loss     | 0.0156   |
|    ent_coef        | 0.000971 |
|    ent_coef_loss   | 1.28     |
|    learning_rate   | 0.001    |
|    n_updates       | 16699    |
---------------------------------
---------------------------------
| rollout/           |          |
|    ep_len_mean     | 50       |
|    ep_rew_mean     | -2.52    |
|    success_rate    | 0.99     |
| time/              |          |
|    episodes        | 340      |
|    fps             | 74       |
|    time_elapsed    | 227      |
|    total_timesteps | 17000    |
| train/             |          |
|    actor_loss      | 0.32     |
|    critic_loss     | 0.0173   |
|    ent_coef        | 0.00115  |
|    ent_coef_loss   | -1.17    |
|    learning_rate   | 0.001    |
|    n_updates       | 16899    |
---------------------------------
---------------------------------
| rollout/           |          |
|    ep_len_mean     | 50       |
|    ep_rew_mean     | -2.51    |
|    success_rate    | 0.99     |
| time/              |          |
|    episodes        | 344      |
|    fps             | 74       |
|    time_elapsed    | 230      |
|    total_timesteps | 17200    |
| train/             |          |
|    actor_loss      | 0.448    |
|    critic_loss     | 0.0108   |
|    ent_coef        | 0.00108  |
|    ent_coef_loss   | -0.59    |
|    learning_rate   | 0.001    |
|    n_updates       | 17099    |
---------------------------------
---------------------------------
| rollout/           |          |
|    ep_len_mean     | 50       |
|    ep_rew_mean     | -2.51    |
|    success_rate    | 0.99     |
| time/              |          |
|    episodes        | 348      |
|    fps             | 74       |
|    time_elapsed    | 232      |
|    total_timesteps | 17400    |
| train/             |          |
|    actor_loss      | 0.258    |
|    critic_loss     | 0.0114   |
|    ent_coef        | 0.00101  |
|    ent_coef_loss   | -6.04    |
|    learning_rate   | 0.001    |
|    n_updates       | 17299    |
---------------------------------
---------------------------------
| rollout/           |          |
|    ep_len_mean     | 50       |
|    ep_rew_mean     | -2.53    |
|    success_rate    | 0.99     |
| time/              |          |
|    episodes        | 352      |
|    fps             | 74       |
|    time_elapsed    | 235      |
|    total_timesteps | 17600    |
| train/             |          |
|    actor_loss      | 0.27     |
|    critic_loss     | 0.0142   |
|    ent_coef        | 0.00104  |
|    ent_coef_loss   | -6.29    |
|    learning_rate   | 0.001    |
|    n_updates       | 17499    |
---------------------------------
---------------------------------
| rollout/           |          |
|    ep_len_mean     | 50       |
|    ep_rew_mean     | -2.02    |
|    success_rate    | 0.99     |
| time/              |          |
|    episodes        | 356      |
|    fps             | 74       |
|    time_elapsed    | 238      |
|    total_timesteps | 17800    |
| train/             |          |
|    actor_loss      | 0.407    |
|    critic_loss     | 0.017    |
|    ent_coef        | 0.000997 |
|    ent_coef_loss   | -0.532   |
|    learning_rate   | 0.001    |
|    n_updates       | 17699    |
---------------------------------
---------------------------------
| rollout/           |          |
|    ep_len_mean     | 50       |
|    ep_rew_mean     | -2.01    |
|    success_rate    | 0.99     |
| time/              |          |
|    episodes        | 360      |
|    fps             | 74       |
|    time_elapsed    | 241      |
|    total_timesteps | 18000    |
| train/             |          |
|    actor_loss      | 0.338    |
|    critic_loss     | 0.0153   |
|    ent_coef        | 0.00105  |
|    ent_coef_loss   | -4.98    |
|    learning_rate   | 0.001    |
|    n_updates       | 17899    |
---------------------------------
---------------------------------
| rollout/           |          |
|    ep_len_mean     | 50       |
|    ep_rew_mean     | -2.02    |
|    success_rate    | 0.99     |
| time/              |          |
|    episodes        | 364      |
|    fps             | 74       |
|    time_elapsed    | 243      |
|    total_timesteps | 18200    |
| train/             |          |
|    actor_loss      | 0.301    |
|    critic_loss     | 0.0122   |
|    ent_coef        | 0.000918 |
|    ent_coef_loss   | -8.73    |
|    learning_rate   | 0.001    |
|    n_updates       | 18099    |
---------------------------------
---------------------------------
| rollout/           |          |
|    ep_len_mean     | 50       |
|    ep_rew_mean     | -2.05    |
|    success_rate    | 0.99     |
| time/              |          |
|    episodes        | 368      |
|    fps             | 74       |
|    time_elapsed    | 246      |
|    total_timesteps | 18400    |
| train/             |          |
|    actor_loss      | 0.363    |
|    critic_loss     | 0.0144   |
|    ent_coef        | 0.000814 |
|    ent_coef_loss   | -1.63    |
|    learning_rate   | 0.001    |
|    n_updates       | 18299    |
---------------------------------
---------------------------------
| rollout/           |          |
|    ep_len_mean     | 50       |
|    ep_rew_mean     | -2.66    |
|    success_rate    | 0.97     |
| time/              |          |
|    episodes        | 372      |
|    fps             | 74       |
|    time_elapsed    | 249      |
|    total_timesteps | 18600    |
| train/             |          |
|    actor_loss      | 0.48     |
|    critic_loss     | 0.0409   |
|    ent_coef        | 0.000937 |
|    ent_coef_loss   | 1.57     |
|    learning_rate   | 0.001    |
|    n_updates       | 18499    |
---------------------------------
---------------------------------
| rollout/           |          |
|    ep_len_mean     | 50       |
|    ep_rew_mean     | -2.66    |
|    success_rate    | 0.97     |
| time/              |          |
|    episodes        | 376      |
|    fps             | 74       |
|    time_elapsed    | 252      |
|    total_timesteps | 18800    |
| train/             |          |
|    actor_loss      | 0.449    |
|    critic_loss     | 0.0197   |
|    ent_coef        | 0.00105  |
|    ent_coef_loss   | 0.307    |
|    learning_rate   | 0.001    |
|    n_updates       | 18699    |
---------------------------------
---------------------------------
| rollout/           |          |
|    ep_len_mean     | 50       |
|    ep_rew_mean     | -2.67    |
|    success_rate    | 0.97     |
| time/              |          |
|    episodes        | 380      |
|    fps             | 74       |
|    time_elapsed    | 254      |
|    total_timesteps | 19000    |
| train/             |          |
|    actor_loss      | 0.433    |
|    critic_loss     | 0.0108   |
|    ent_coef        | 0.00094  |
|    ent_coef_loss   | -8.15    |
|    learning_rate   | 0.001    |
|    n_updates       | 18899    |
---------------------------------
---------------------------------
| rollout/           |          |
|    ep_len_mean     | 50       |
|    ep_rew_mean     | -2.66    |
|    success_rate    | 0.97     |
| time/              |          |
|    episodes        | 384      |
|    fps             | 74       |
|    time_elapsed    | 257      |
|    total_timesteps | 19200    |
| train/             |          |
|    actor_loss      | 0.323    |
|    critic_loss     | 0.0151   |
|    ent_coef        | 0.000866 |
|    ent_coef_loss   | -2.19    |
|    learning_rate   | 0.001    |
|    n_updates       | 19099    |
---------------------------------
---------------------------------
| rollout/           |          |
|    ep_len_mean     | 50       |
|    ep_rew_mean     | -2.56    |
|    success_rate    | 0.98     |
| time/              |          |
|    episodes        | 388      |
|    fps             | 74       |
|    time_elapsed    | 260      |
|    total_timesteps | 19400    |
| train/             |          |
|    actor_loss      | 0.286    |
|    critic_loss     | 0.0186   |
|    ent_coef        | 0.000776 |
|    ent_coef_loss   | -4.48    |
|    learning_rate   | 0.001    |
|    n_updates       | 19299    |
---------------------------------
---------------------------------
| rollout/           |          |
|    ep_len_mean     | 50       |
|    ep_rew_mean     | -2.27    |
|    success_rate    | 0.98     |
| time/              |          |
|    episodes        | 392      |
|    fps             | 74       |
|    time_elapsed    | 263      |
|    total_timesteps | 19600    |
| train/             |          |
|    actor_loss      | 0.369    |
|    critic_loss     | 0.0183   |
|    ent_coef        | 0.000777 |
|    ent_coef_loss   | 0.651    |
|    learning_rate   | 0.001    |
|    n_updates       | 19499    |
---------------------------------
---------------------------------
| rollout/           |          |
|    ep_len_mean     | 50       |
|    ep_rew_mean     | -2.3     |
|    success_rate    | 0.98     |
| time/              |          |
|    episodes        | 396      |
|    fps             | 74       |
|    time_elapsed    | 265      |
|    total_timesteps | 19800    |
| train/             |          |
|    actor_loss      | 0.457    |
|    critic_loss     | 0.0122   |
|    ent_coef        | 0.000715 |
|    ent_coef_loss   | -2.06    |
|    learning_rate   | 0.001    |
|    n_updates       | 19699    |
---------------------------------
---------------------------------
| rollout/           |          |
|    ep_len_mean     | 50       |
|    ep_rew_mean     | -2.3     |
|    success_rate    | 0.98     |
| time/              |          |
|    episodes        | 400      |
|    fps             | 74       |
|    time_elapsed    | 268      |
|    total_timesteps | 20000    |
| train/             |          |
|    actor_loss      | 0.311    |
|    critic_loss     | 0.013    |
|    ent_coef        | 0.000659 |
|    ent_coef_loss   | -0.361   |
|    learning_rate   | 0.001    |
|    n_updates       | 19899    |
---------------------------------
success_rate=1.000 over 50 episodes
checkpoint_saved=/Users/eoinmca/Projects/lang-goal-rl/experiments/01_uvfa_her_baseline/checkpoints/seed_3.zip
